=== wheel-slip generalization campaign -> escape_timing_fix_campaign (seed 7, 5 rep(s)/arm) ===
Mon Aug 24 03:39:18 PM BST 2026

=== seed 7, legacy, rep 1 - 15:39:18 ===
Results -> escape_timing_fix_campaign/seed7_legacy_rep1

=== seed 7 ===
[seed 7] goal (-42.57, -59.25), 73.0 m straight line, valid=True (clear=True, connected=True)
[seed 7] launch is on ROS_DOMAIN_ID=86
[seed 7] PASS - ground truth 1.5 m from the goal after 93.9 m travelled, EKF divergence 0.5 m, 4 stuck events, 0 flips, 7 wheel-slip events

=== M4 acceptance: 1/1 (judged on ground truth) ===
    sensor suite: wheel odometry + IMU
    rover stops within: 0.35 m of the commanded goal (bar is 1.50 m)
  seed              verdict  gt error  travelled   diverg  stuck  flips  slips
     7                 PASS      1.5m      93.9m     0.5m      4      0      7
=== finished 16:19:06 ===

=== seed 7, fixed, rep 1 - 16:19:16 ===
Results -> escape_timing_fix_campaign/seed7_fixed_rep1

=== seed 7 ===
[seed 7] goal (-42.57, -59.25), 73.0 m straight line, valid=True (clear=True, connected=True)
[seed 7] launch is on ROS_DOMAIN_ID=44
[seed 7] FAIL_FALSE_ARRIVAL - ground truth 3.4 m from the goal after 93.5 m travelled, EKF divergence 3.1 m, 4 stuck events, 0 flips, 4 wheel-slip events

=== M4 acceptance: 0/1 (judged on ground truth) ===
    sensor suite: wheel odometry + IMU
    rover stops within: 0.35 m of the commanded goal (bar is 1.50 m)
  seed              verdict  gt error  travelled   diverg  stuck  flips  slips
     7   FAIL_FALSE_ARRIVAL      3.4m      93.5m     3.1m      4      0      4

1 run(s) published /goal_reached while ground truth disagreed - the reason this harness does not trust that topic:
  seed 7: claimed arrival at 3.4 m true error
=== finished 16:58:39 ===

=== seed 7, legacy, rep 2 - 16:58:49 ===
Results -> escape_timing_fix_campaign/seed7_legacy_rep2

=== seed 7 ===
[seed 7] goal (-42.57, -59.25), 73.0 m straight line, valid=True (clear=True, connected=True)
[seed 7] launch is on ROS_DOMAIN_ID=86
[seed 7] PASS - ground truth 1.5 m from the goal after 93.9 m travelled, EKF divergence 0.4 m, 4 stuck events, 0 flips, 7 wheel-slip events

=== M4 acceptance: 1/1 (judged on ground truth) ===
    sensor suite: wheel odometry + IMU
    rover stops within: 0.35 m of the commanded goal (bar is 1.50 m)
  seed              verdict  gt error  travelled   diverg  stuck  flips  slips
     7                 PASS      1.5m      93.9m     0.4m      4      0      7
=== finished 17:45:45 ===

=== seed 7, fixed, rep 2 - 17:45:55 ===
Results -> escape_timing_fix_campaign/seed7_fixed_rep2

=== seed 7 ===
[seed 7] goal (-42.57, -59.25), 73.0 m straight line, valid=True (clear=True, connected=True)
[seed 7] launch is on ROS_DOMAIN_ID=15
[seed 7] PASS - ground truth 1.5 m from the goal after 88.3 m travelled, EKF divergence 1.1 m, 2 stuck events, 0 flips, 2 wheel-slip events

=== M4 acceptance: 1/1 (judged on ground truth) ===
    sensor suite: wheel odometry + IMU
    rover stops within: 0.35 m of the commanded goal (bar is 1.50 m)
  seed              verdict  gt error  travelled   diverg  stuck  flips  slips
     7                 PASS      1.5m      88.3m     1.1m      2      0      2
=== finished 18:19:40 ===

=== seed 7, legacy, rep 3 - 18:19:50 ===
Results -> escape_timing_fix_campaign/seed7_legacy_rep3

=== seed 7 ===
[seed 7] goal (-42.57, -59.25), 73.0 m straight line, valid=True (clear=True, connected=True)
[seed 7] launch is on ROS_DOMAIN_ID=71
[seed 7] PASS - ground truth 1.5 m from the goal after 93.9 m travelled, EKF divergence 0.5 m, 4 stuck events, 0 flips, 7 wheel-slip events

=== M4 acceptance: 1/1 (judged on ground truth) ===
    sensor suite: wheel odometry + IMU
    rover stops within: 0.35 m of the commanded goal (bar is 1.50 m)
  seed              verdict  gt error  travelled   diverg  stuck  flips  slips
     7                 PASS      1.5m      93.9m     0.5m      4      0      7
=== finished 19:04:27 ===

=== seed 7, fixed, rep 3 - 19:04:37 ===
Results -> escape_timing_fix_campaign/seed7_fixed_rep3

=== seed 7 ===
[seed 7] goal (-42.57, -59.25), 73.0 m straight line, valid=True (clear=True, connected=True)
[seed 7] launch is on ROS_DOMAIN_ID=79
[seed 7] FAIL_FALSE_ARRIVAL - ground truth 1.7 m from the goal after 88.0 m travelled, EKF divergence 1.4 m, 2 stuck events, 0 flips, 2 wheel-slip events

=== M4 acceptance: 0/1 (judged on ground truth) ===
    sensor suite: wheel odometry + IMU
    rover stops within: 0.35 m of the commanded goal (bar is 1.50 m)
  seed              verdict  gt error  travelled   diverg  stuck  flips  slips
     7   FAIL_FALSE_ARRIVAL      1.7m      88.0m     1.4m      2      0      2

1 run(s) published /goal_reached while ground truth disagreed - the reason this harness does not trust that topic:
  seed 7: claimed arrival at 1.7 m true error
=== finished 19:41:38 ===

=== seed 7, legacy, rep 4 - 19:41:48 ===
Results -> escape_timing_fix_campaign/seed7_legacy_rep4

=== seed 7 ===
[seed 7] goal (-42.57, -59.25), 73.0 m straight line, valid=True (clear=True, connected=True)
[seed 7] launch is on ROS_DOMAIN_ID=71
[seed 7] PASS - ground truth 1.5 m from the goal after 94.0 m travelled, EKF divergence 0.6 m, 4 stuck events, 0 flips, 7 wheel-slip events

=== M4 acceptance: 1/1 (judged on ground truth) ===
    sensor suite: wheel odometry + IMU
    rover stops within: 0.35 m of the commanded goal (bar is 1.50 m)
  seed              verdict  gt error  travelled   diverg  stuck  flips  slips
     7                 PASS      1.5m      94.0m     0.6m      4      0      7
=== finished 20:20:36 ===

=== seed 7, fixed, rep 4 - 20:20:46 ===
Results -> escape_timing_fix_campaign/seed7_fixed_rep4

=== seed 7 ===
[seed 7] goal (-42.57, -59.25), 73.0 m straight line, valid=True (clear=True, connected=True)
[seed 7] launch is on ROS_DOMAIN_ID=58
[seed 7] FAIL_FALSE_ARRIVAL - ground truth 3.8 m from the goal after 92.4 m travelled, EKF divergence 3.5 m, 4 stuck events, 0 flips, 7 wheel-slip events

=== M4 acceptance: 0/1 (judged on ground truth) ===
    sensor suite: wheel odometry + IMU
    rover stops within: 0.35 m of the commanded goal (bar is 1.50 m)
  seed              verdict  gt error  travelled   diverg  stuck  flips  slips
     7   FAIL_FALSE_ARRIVAL      3.8m      92.4m     3.5m      4      0      7

1 run(s) published /goal_reached while ground truth disagreed - the reason this harness does not trust that topic:
  seed 7: claimed arrival at 3.8 m true error
=== finished 20:57:56 ===

=== seed 7, legacy, rep 5 - 20:58:06 ===
Results -> escape_timing_fix_campaign/seed7_legacy_rep5

=== seed 7 ===
[seed 7] goal (-42.57, -59.25), 73.0 m straight line, valid=True (clear=True, connected=True)
[seed 7] launch is on ROS_DOMAIN_ID=94
[seed 7] PASS - ground truth 1.5 m from the goal after 93.9 m travelled, EKF divergence 0.4 m, 4 stuck events, 0 flips, 7 wheel-slip events

=== M4 acceptance: 1/1 (judged on ground truth) ===
    sensor suite: wheel odometry + IMU
    rover stops within: 0.35 m of the commanded goal (bar is 1.50 m)
  seed              verdict  gt error  travelled   diverg  stuck  flips  slips
     7                 PASS      1.5m      93.9m     0.4m      4      0      7
=== finished 21:41:05 ===

=== seed 7, fixed, rep 5 - 21:41:15 ===
Results -> escape_timing_fix_campaign/seed7_fixed_rep5

=== seed 7 ===
[seed 7] goal (-42.57, -59.25), 73.0 m straight line, valid=True (clear=True, connected=True)
[seed 7] launch is on ROS_DOMAIN_ID=26
[seed 7] FAIL_FALSE_ARRIVAL - ground truth 3.3 m from the goal after 93.5 m travelled, EKF divergence 3.0 m, 4 stuck events, 0 flips, 4 wheel-slip events

=== M4 acceptance: 0/1 (judged on ground truth) ===
    sensor suite: wheel odometry + IMU
    rover stops within: 0.35 m of the commanded goal (bar is 1.50 m)
  seed              verdict  gt error  travelled   diverg  stuck  flips  slips
     7   FAIL_FALSE_ARRIVAL      3.3m      93.5m     3.0m      4      0      4

1 run(s) published /goal_reached while ground truth disagreed - the reason this harness does not trust that topic:
  seed 7: claimed arrival at 3.3 m true error
=== finished 22:21:34 ===

=== wheel-slip generalization campaign finished (seed 7) - Mon Aug 24 10:21:44 PM BST 2026 ===
