[INFO] [launch]: All log files can be found below /home/balazs/.ros/log/2026-08-24-15-39-20-697970-DESKTOP-IE5MOME-11256
[INFO] [launch]: Default logging verbosity is set to INFO
[hello_moon.launch] Using ROS_DOMAIN_ID=86 (isolated DDS domain for this launch - see PROGRESS.md)
[INFO] [ruby $(which gz) sim-1]: process started with pid [11300]
[INFO] [robot_state_publisher-2]: process started with pid [11302]
[INFO] [parameter_bridge-3]: process started with pid [11305]
[INFO] [wheel_slip_node.py-4]: process started with pid [11307]
[INFO] [sensor_covariance_relay.py-5]: process started with pid [11310]
[INFO] [ekf_node-6]: process started with pid [11312]
[INFO] [costmap_node-7]: process started with pid [11314]
[INFO] [planner_node-8]: process started with pid [11316]
[INFO] [pure_pursuit_node-9]: process started with pid [11318]
[INFO] [flip_recovery_node.py-10]: process started with pid [11320]
[INFO] [mission_markers_node.py-11]: process started with pid [11322]
[parameter_bridge-3] [INFO] [1787582362.180702727] [ros_gz_bridge]: Creating GZ->ROS Bridge: [/clock (gz.msgs.Clock) -> /clock (rosgraph_msgs/msg/Clock)] (Lazy 0)
[parameter_bridge-3] [INFO] [1787582362.182124842] [ros_gz_bridge]: Creating GZ->ROS Bridge: [/cmd_vel (gz.msgs.Twist) -> /cmd_vel (geometry_msgs/msg/Twist)] (Lazy 0)
[parameter_bridge-3] [INFO] [1787582362.184379996] [ros_gz_bridge]: Creating ROS->GZ Bridge: [/cmd_vel (geometry_msgs/msg/Twist) -> /cmd_vel (gz.msgs.Twist)] (Lazy 0)
[parameter_bridge-3] [INFO] [1787582362.185406377] [ros_gz_bridge]: Creating GZ->ROS Bridge: [/odometry (gz.msgs.Odometry) -> /odometry (nav_msgs/msg/Odometry)] (Lazy 0)
[robot_state_publisher-2] [INFO] [1787582362.185588418] [robot_state_publisher]: got segment base_link
[robot_state_publisher-2] [INFO] [1787582362.185710277] [robot_state_publisher]: got segment camera_link
[robot_state_publisher-2] [INFO] [1787582362.185723254] [robot_state_publisher]: got segment chassis
[robot_state_publisher-2] [INFO] [1787582362.185730134] [robot_state_publisher]: got segment front_left_wheel
[robot_state_publisher-2] [INFO] [1787582362.185737299] [robot_state_publisher]: got segment front_right_wheel
[robot_state_publisher-2] [INFO] [1787582362.185743621] [robot_state_publisher]: got segment imu_link
[robot_state_publisher-2] [INFO] [1787582362.185749874] [robot_state_publisher]: got segment rear_left_wheel
[robot_state_publisher-2] [INFO] [1787582362.185756010] [robot_state_publisher]: got segment rear_right_wheel
[parameter_bridge-3] [INFO] [1787582362.187672710] [ros_gz_bridge]: Creating ROS->GZ Bridge: [/odometry (nav_msgs/msg/Odometry) -> /odometry (gz.msgs.Odometry)] (Lazy 0)
[parameter_bridge-3] [INFO] [1787582362.189437116] [ros_gz_bridge]: Creating GZ->ROS Bridge: [/camera (gz.msgs.Image) -> /camera (sensor_msgs/msg/Image)] (Lazy 0)
[parameter_bridge-3] [INFO] [1787582362.191661146] [ros_gz_bridge]: Creating ROS->GZ Bridge: [/camera (sensor_msgs/msg/Image) -> /camera (gz.msgs.Image)] (Lazy 0)
[parameter_bridge-3] [INFO] [1787582362.192782591] [ros_gz_bridge]: Creating GZ->ROS Bridge: [/camera_info (gz.msgs.CameraInfo) -> /camera_info (sensor_msgs/msg/CameraInfo)] (Lazy 0)
[parameter_bridge-3] [INFO] [1787582362.193899752] [ros_gz_bridge]: Creating ROS->GZ Bridge: [/camera_info (sensor_msgs/msg/CameraInfo) -> /camera_info (gz.msgs.CameraInfo)] (Lazy 0)
[parameter_bridge-3] [INFO] [1787582362.195181301] [ros_gz_bridge]: Creating GZ->ROS Bridge: [/depth_camera (gz.msgs.Image) -> /depth_camera (sensor_msgs/msg/Image)] (Lazy 0)
[parameter_bridge-3] [INFO] [1787582362.196361994] [ros_gz_bridge]: Creating ROS->GZ Bridge: [/depth_camera (sensor_msgs/msg/Image) -> /depth_camera (gz.msgs.Image)] (Lazy 0)
[parameter_bridge-3] [INFO] [1787582362.197160293] [ros_gz_bridge]: Creating GZ->ROS Bridge: [/imu (gz.msgs.IMU) -> /imu (sensor_msgs/msg/Imu)] (Lazy 0)
[parameter_bridge-3] [INFO] [1787582362.198160094] [ros_gz_bridge]: Creating ROS->GZ Bridge: [/imu (sensor_msgs/msg/Imu) -> /imu (gz.msgs.IMU)] (Lazy 0)
[parameter_bridge-3] [INFO] [1787582362.199214576] [ros_gz_bridge]: Creating GZ->ROS Bridge: [/world/regolith_moon/model/rover/joint_state (gz.msgs.Model) -> /world/regolith_moon/model/rover/joint_state (sensor_msgs/msg/JointState)] (Lazy 0)
[parameter_bridge-3] [INFO] [1787582362.200405346] [ros_gz_bridge]: Creating ROS->GZ Bridge: [/world/regolith_moon/model/rover/joint_state (sensor_msgs/msg/JointState) -> /world/regolith_moon/model/rover/joint_state (gz.msgs.Model)] (Lazy 0)
[parameter_bridge-3] [INFO] [1787582362.201385749] [ros_gz_bridge]: Creating GZ->ROS Bridge: [/model/rover/pose (gz.msgs.Pose) -> /model/rover/pose (geometry_msgs/msg/PoseStamped)] (Lazy 0)
[flip_recovery_node.py-10] [INFO] [1787582362.580779119] [regolith_flip_recovery]: Flip/stuck recovery armed (simulated set_pose backstop for flips, straight-line cmd_vel override for stuck-but-upright)
[wheel_slip_node.py-4] [INFO] [1787582362.593871343] [regolith_wheel_slip]: Wheel-slip ZUPT armed: /odom -> /odom/gated (onboard signals only - wheel odometry and IMU, never ground truth). legacy_rigid_body_signature=True [A/B LEVER: retired signature 2 re-enabled]
[costmap_node-7] [INFO] [1787582362.692468327] [regolith_costmap]: Published costmap: 256x256 cells at 0.781 m/cell
[mission_markers_node.py-11] [INFO] [1787582362.696369167] [regolith_mission_markers]: Mission markers active - start at (0.0, 0.0), Gazebo flags on, RViz on /mission_markers
[planner_node-8] [WARN] [1787582367.810080537] [regolith_planner]: No costmap or current pose yet - ignoring goal
[planner_node-8] [INFO] [1787582377.868450380] [regolith_planner]: Planned path: 103 waypoints, start=(128, 128) goal=(52, 73)
[parameter_bridge-3] [INFO] [1787582378.010643623] [ros_gz_bridge]: Passing message from ROS geometry_msgs/msg/Twist to Gazebo gz.msgs.Twist (showing msg only once per type)
[costmap_node-7] [WARN] [1787582390.706247577] [regolith_costmap]: Hazard #1 marked at (0.63, -0.50): 13 cells lethal (1.2 m + 0.3 m rover radius). The rover got wedged here; the planner will route around it from now on.
[pure_pursuit_node-9] [INFO] [1787582390.717976376] [regolith_pure_pursuit]: Recovery node has taken over /cmd_vel - pausing path following
[pure_pursuit_node-9] [INFO] [1787582409.946996697] [regolith_pure_pursuit]: Recovery finished - resuming path following
[flip_recovery_node.py-10] [WARN] [1787582410.007123498] [regolith_flip_recovery]: STUCK RECOVERY #1 (escalation level 0, triggered by ground truth; 1 ground-truth / 0 onboard triggers so far). Escape maneuver: reversed 0.20 m/s for 3.0s, then turned left at 0.50 rad/s for 2.0s (sim time, exact - driven by the sim clock directly, not an RTF-estimated wall-clock sleep; RTF over this window measured 0.27x real time, logged for comparison only). A real rover's FDIR could do the same - this is not a simulated teleport.
[planner_node-8] [WARN] [1787582410.008786398] [regolith_planner]: Current-position cell (128, 127) is lethal (drift, or a keep-out zone this rover marked itself) - planning from the nearest free cell (128, 126) instead
[planner_node-8] [INFO] [1787582410.082690538] [regolith_planner]: Planned path: 103 waypoints, start=(128, 126) goal=(52, 73)
[flip_recovery_node.py-10] [WARN] [1787582414.408611109] [regolith_flip_recovery]: STUCK RECOVERY #1 result: ground truth moved 0.60 m during the maneuver - FREED (1/1 escapes have freed the rover so far)
[pure_pursuit_node-9] [WARN] [1787582440.592764158] [regolith_pure_pursuit]: Stalled for 8s - stopping and replanning
[planner_node-8] [WARN] [1787582440.594238829] [regolith_planner]: Current-position cell (128, 127) is lethal (drift, or a keep-out zone this rover marked itself) - planning from the nearest free cell (128, 126) instead
[planner_node-8] [INFO] [1787582440.683939806] [regolith_planner]: Planned path: 103 waypoints, start=(128, 126) goal=(52, 73)
[wheel_slip_node.py-4] [WARN] [1787583039.176661105] [regolith_wheel_slip]: WHEEL SLIP #1: over the last 15.0 s the wheels claim 2.94 m and 0.00 rad of turning; the gyro saw 0.00 rad (62% of it) and the attitude spanned 0.52 deg. Feeding the EKF a zero-velocity update instead of the wheels' claim.
[wheel_slip_node.py-4] [WARN] [1787583056.489223973] [regolith_wheel_slip]: WHEEL SLIP #1 cleared - over the last 5.0 s the wheels claimed 0.00 rad of turning and the gyro corroborated 23589% of it. Phantom distance kept out of the EKF so far: 0.85 m.
[wheel_slip_node.py-4] [WARN] [1787583340.719220335] [regolith_wheel_slip]: WHEEL SLIP #2: over the last 15.0 s the wheels claim 2.56 m and 2.74 rad of turning; the gyro saw 0.40 rad (14% of it) and the attitude spanned 10.44 deg. Feeding the EKF a zero-velocity update instead of the wheels' claim.
[pure_pursuit_node-9] [INFO] [1787583360.544936700] [regolith_pure_pursuit]: Recovery node has taken over /cmd_vel - pausing path following
[pure_pursuit_node-9] [INFO] [1787583360.553234226] [regolith_pure_pursuit]: Costmap changed (a new keep-out zone) - restoring the replan budget: the route being retried is not the one that already failed
[costmap_node-7] [WARN] [1787583360.553211852] [regolith_costmap]: Hazard #2 marked at (-11.24, -38.54): 13 cells lethal (1.2 m + 0.3 m rover radius). The rover got wedged here; the planner will route around it from now on.
[wheel_slip_node.py-4] [WARN] [1787583374.091236345] [regolith_wheel_slip]: WHEEL SLIP #2 cleared - over the last 5.0 s the wheels claimed 0.59 rad of turning and the gyro corroborated 26% of it. Phantom distance kept out of the EKF so far: 2.10 m.
[wheel_slip_node.py-4] [WARN] [1787583374.160795369] [regolith_wheel_slip]: WHEEL SLIP #3: over the last 15.0 s the wheels claim 2.21 m and 3.53 rad of turning; the gyro saw 0.34 rad (10% of it) and the attitude spanned 6.94 deg. Feeding the EKF a zero-velocity update instead of the wheels' claim.
[pure_pursuit_node-9] [INFO] [1787583379.012758892] [regolith_pure_pursuit]: Recovery finished - resuming path following
[flip_recovery_node.py-10] [WARN] [1787583379.073535471] [regolith_flip_recovery]: STUCK RECOVERY #2 (escalation level 0, triggered by wheel slip (onboard); 1 ground-truth / 1 onboard triggers so far). Escape maneuver: reversed 0.20 m/s for 3.0s, then turned left at 0.50 rad/s for 2.0s (sim time, exact - driven by the sim clock directly, not an RTF-estimated wall-clock sleep; RTF over this window measured 0.27x real time, logged for comparison only). A real rover's FDIR could do the same - this is not a simulated teleport.
[planner_node-8] [WARN] [1787583379.075416417] [regolith_planner]: Current-position cell (79, 113) is lethal (drift, or a keep-out zone this rover marked itself) - planning from the nearest free cell (80, 112) instead
[planner_node-8] [INFO] [1787583379.098214541] [regolith_planner]: Planned path: 55 waypoints, start=(80, 112) goal=(52, 73)
[wheel_slip_node.py-4] [WARN] [1787583381.519401366] [regolith_wheel_slip]: WHEEL SLIP #3 cleared - over the last 5.0 s the wheels claimed 0.65 rad of turning and the gyro corroborated 90% of it. Phantom distance kept out of the EKF so far: 2.10 m.
[flip_recovery_node.py-10] [WARN] [1787583383.480155089] [regolith_flip_recovery]: STUCK RECOVERY #2 result: ground truth moved 0.52 m during the maneuver - FREED (2/2 escapes have freed the rover so far)
[wheel_slip_node.py-4] [WARN] [1787583702.129267976] [regolith_wheel_slip]: WHEEL SLIP #4: over the last 15.0 s the wheels claim 2.88 m and 0.01 rad of turning; the gyro saw 0.01 rad (79% of it) and the attitude spanned 0.57 deg. Feeding the EKF a zero-velocity update instead of the wheels' claim.
[pure_pursuit_node-9] [INFO] [1787583721.639756039] [regolith_pure_pursuit]: Recovery node has taken over /cmd_vel - pausing path following
[costmap_node-7] [WARN] [1787583721.647510111] [regolith_costmap]: Hazard #3 marked at (-14.45, -48.32): 13 cells lethal (1.2 m + 0.3 m rover radius). The rover got wedged here; the planner will route around it from now on.
[wheel_slip_node.py-4] [WARN] [1787583744.818440268] [regolith_wheel_slip]: WHEEL SLIP #4 cleared - over the last 5.0 s the wheels claimed 0.00 rad of turning and the gyro corroborated 71% of it. Phantom distance kept out of the EKF so far: 4.25 m.
[wheel_slip_node.py-4] [WARN] [1787583744.892153888] [regolith_wheel_slip]: WHEEL SLIP #5: over the last 15.0 s the wheels claim 2.87 m and 0.01 rad of turning; the gyro saw 0.01 rad (66% of it) and the attitude spanned 0.24 deg. Feeding the EKF a zero-velocity update instead of the wheels' claim.
[wheel_slip_node.py-4] [WARN] [1787583752.949966698] [regolith_wheel_slip]: WHEEL SLIP #5 cleared - over the last 5.0 s the wheels claimed 0.59 rad of turning and the gyro corroborated 74% of it. Phantom distance kept out of the EKF so far: 4.26 m.
[pure_pursuit_node-9] [INFO] [1787583757.800038105] [regolith_pure_pursuit]: Recovery finished - resuming path following
[flip_recovery_node.py-10] [WARN] [1787583757.860317258] [regolith_flip_recovery]: STUCK RECOVERY #3 (escalation level 1, triggered by wheel slip (onboard); 1 ground-truth / 2 onboard triggers so far). Escape maneuver: reversed 0.20 m/s for 6.0s, then turned right at 0.50 rad/s for 3.5s (sim time, exact - driven by the sim clock directly, not an RTF-estimated wall-clock sleep; RTF over this window measured 0.27x real time, logged for comparison only). A real rover's FDIR could do the same - this is not a simulated teleport.
[planner_node-8] [WARN] [1787583757.861571161] [regolith_planner]: Current-position cell (67, 109) is lethal (drift, or a keep-out zone this rover marked itself) - planning from the nearest free cell (68, 108) instead
[planner_node-8] [INFO] [1787583757.877335613] [regolith_planner]: Planned path: 45 waypoints, start=(68, 108) goal=(52, 73)
[flip_recovery_node.py-10] [WARN] [1787583761.936222006] [regolith_flip_recovery]: STUCK RECOVERY #3 result: ground truth moved 1.10 m during the maneuver - FREED (3/3 escapes have freed the rover so far)
[pure_pursuit_node-9] [WARN] [1787583789.509471428] [regolith_pure_pursuit]: Stalled for 8s - stopping and replanning
[planner_node-8] [WARN] [1787583789.510725405] [regolith_planner]: Current-position cell (67, 109) is lethal (drift, or a keep-out zone this rover marked itself) - planning from the nearest free cell (68, 108) instead
[planner_node-8] [INFO] [1787583789.527953455] [regolith_planner]: Planned path: 45 waypoints, start=(68, 108) goal=(52, 73)
[wheel_slip_node.py-4] [WARN] [1787584268.304226536] [regolith_wheel_slip]: WHEEL SLIP #6: over the last 15.0 s the wheels claim 2.52 m and 0.01 rad of turning; the gyro saw 0.00 rad (64% of it) and the attitude spanned 0.16 deg. Feeding the EKF a zero-velocity update instead of the wheels' claim.
[pure_pursuit_node-9] [INFO] [1787584286.880553008] [regolith_pure_pursuit]: Recovery node has taken over /cmd_vel - pausing path following
[costmap_node-7] [WARN] [1787584286.887283946] [regolith_costmap]: Hazard #4 marked at (-29.29, -55.08): 13 cells lethal (1.2 m + 0.3 m rover radius). The rover got wedged here; the planner will route around it from now on.
[pure_pursuit_node-9] [INFO] [1787584286.887667377] [regolith_pure_pursuit]: Costmap changed (a new keep-out zone) - restoring the replan budget: the route being retried is not the one that already failed
[wheel_slip_node.py-4] [WARN] [1787584297.653791981] [regolith_wheel_slip]: WHEEL SLIP #6 cleared - over the last 5.0 s the wheels claimed 0.01 rad of turning and the gyro corroborated 60% of it. Phantom distance kept out of the EKF so far: 5.69 m.
[wheel_slip_node.py-4] [WARN] [1787584297.725917299] [regolith_wheel_slip]: WHEEL SLIP #7: over the last 15.0 s the wheels claim 2.56 m and 0.01 rad of turning; the gyro saw 0.01 rad (60% of it) and the attitude spanned 0.39 deg. Feeding the EKF a zero-velocity update instead of the wheels' claim.
[pure_pursuit_node-9] [INFO] [1787584303.958815731] [regolith_pure_pursuit]: Recovery finished - resuming path following
[flip_recovery_node.py-10] [WARN] [1787584304.019361836] [regolith_flip_recovery]: STUCK RECOVERY #4 (escalation level 0, triggered by wheel slip (onboard); 1 ground-truth / 3 onboard triggers so far). Escape maneuver: reversed 0.20 m/s for 3.0s, then turned left at 0.50 rad/s for 2.0s (sim time, exact - driven by the sim clock directly, not an RTF-estimated wall-clock sleep; RTF over this window measured 0.29x real time, logged for comparison only). A real rover's FDIR could do the same - this is not a simulated teleport.
[planner_node-8] [WARN] [1787584304.021012325] [regolith_planner]: Current-position cell (57, 91) is lethal (drift, or a keep-out zone this rover marked itself) - planning from the nearest free cell (58, 92) instead
[planner_node-8] [INFO] [1787584304.025736452] [regolith_planner]: Planned path: 20 waypoints, start=(58, 92) goal=(52, 73)
[wheel_slip_node.py-4] [WARN] [1787584304.688857314] [regolith_wheel_slip]: WHEEL SLIP #7 cleared - over the last 5.0 s the wheels claimed 0.58 rad of turning and the gyro corroborated 65% of it. Phantom distance kept out of the EKF so far: 5.69 m.
[flip_recovery_node.py-10] [WARN] [1787584308.956065572] [regolith_flip_recovery]: STUCK RECOVERY #4 result: ground truth moved 0.52 m during the maneuver - FREED (4/4 escapes have freed the rover so far)
[pure_pursuit_node-9] [WARN] [1787584333.586444126] [regolith_pure_pursuit]: Stalled for 8s - stopping and replanning
[planner_node-8] [WARN] [1787584333.587917010] [regolith_planner]: Current-position cell (57, 91) is lethal (drift, or a keep-out zone this rover marked itself) - planning from the nearest free cell (58, 92) instead
[planner_node-8] [INFO] [1787584333.593565945] [regolith_planner]: Planned path: 20 waypoints, start=(58, 92) goal=(52, 73)
[pure_pursuit_node-9] [INFO] [1787584739.694628187] [regolith_pure_pursuit]: Goal reached (within 0.35 m of the commanded goal)
