[INFO] [launch]: All log files can be found below /home/balazs/.ros/log/2026-08-31-02-24-12-521465-DESKTOP-IE5MOME-27486
[INFO] [launch]: Default logging verbosity is set to INFO
[hello_moon.launch] Using ROS_DOMAIN_ID=88 (isolated DDS domain for this launch - see PROGRESS.md)
[hello_moon.launch] TERRAIN-RELATIVE NAVIGATION ENABLED - the EKF is fused with an absolute position fix matched from IMU attitude against the a-priori DEM. No ground truth is read, so runs with this on ARE milestone results. Replayed through 25 recorded runs it cuts final EKF error from 2.97 m to 0.71 m median, but a replay is not a run - see PROGRESS.md before reading anything into a single result.
[INFO] [ruby $(which gz) sim-1]: process started with pid [27530]
[INFO] [robot_state_publisher-2]: process started with pid [27532]
[INFO] [parameter_bridge-3]: process started with pid [27535]
[INFO] [wheel_slip_node.py-4]: process started with pid [27537]
[INFO] [terrain_relative_node.py-5]: process started with pid [27540]
[INFO] [sensor_covariance_relay.py-6]: process started with pid [27542]
[INFO] [ekf_node-7]: process started with pid [27544]
[INFO] [costmap_node-8]: process started with pid [27546]
[INFO] [planner_node-9]: process started with pid [27548]
[INFO] [pure_pursuit_node-10]: process started with pid [27550]
[INFO] [flip_recovery_node.py-11]: process started with pid [27552]
[INFO] [mission_markers_node.py-12]: process started with pid [27554]
[parameter_bridge-3] [INFO] [1788139454.195286460] [ros_gz_bridge]: Creating GZ->ROS Bridge: [/clock (gz.msgs.Clock) -> /clock (rosgraph_msgs/msg/Clock)] (Lazy 0)
[parameter_bridge-3] [INFO] [1788139454.197121091] [ros_gz_bridge]: Creating GZ->ROS Bridge: [/cmd_vel (gz.msgs.Twist) -> /cmd_vel (geometry_msgs/msg/Twist)] (Lazy 0)
[parameter_bridge-3] [INFO] [1788139454.199329200] [ros_gz_bridge]: Creating ROS->GZ Bridge: [/cmd_vel (geometry_msgs/msg/Twist) -> /cmd_vel (gz.msgs.Twist)] (Lazy 0)
[parameter_bridge-3] [INFO] [1788139454.200452095] [ros_gz_bridge]: Creating GZ->ROS Bridge: [/odometry (gz.msgs.Odometry) -> /odometry (nav_msgs/msg/Odometry)] (Lazy 0)
[parameter_bridge-3] [INFO] [1788139454.203770485] [ros_gz_bridge]: Creating ROS->GZ Bridge: [/odometry (nav_msgs/msg/Odometry) -> /odometry (gz.msgs.Odometry)] (Lazy 0)
[robot_state_publisher-2] [INFO] [1788139454.203938712] [robot_state_publisher]: got segment base_link
[robot_state_publisher-2] [INFO] [1788139454.204140908] [robot_state_publisher]: got segment camera_link
[robot_state_publisher-2] [INFO] [1788139454.204157129] [robot_state_publisher]: got segment chassis
[robot_state_publisher-2] [INFO] [1788139454.204164278] [robot_state_publisher]: got segment front_left_wheel
[robot_state_publisher-2] [INFO] [1788139454.204171265] [robot_state_publisher]: got segment front_right_wheel
[robot_state_publisher-2] [INFO] [1788139454.204179721] [robot_state_publisher]: got segment imu_link
[robot_state_publisher-2] [INFO] [1788139454.204191956] [robot_state_publisher]: got segment rear_left_wheel
[robot_state_publisher-2] [INFO] [1788139454.204199613] [robot_state_publisher]: got segment rear_right_wheel
[parameter_bridge-3] [INFO] [1788139454.205537346] [ros_gz_bridge]: Creating GZ->ROS Bridge: [/camera (gz.msgs.Image) -> /camera (sensor_msgs/msg/Image)] (Lazy 0)
[parameter_bridge-3] [INFO] [1788139454.208628847] [ros_gz_bridge]: Creating ROS->GZ Bridge: [/camera (sensor_msgs/msg/Image) -> /camera (gz.msgs.Image)] (Lazy 0)
[parameter_bridge-3] [INFO] [1788139454.210049943] [ros_gz_bridge]: Creating GZ->ROS Bridge: [/camera_info (gz.msgs.CameraInfo) -> /camera_info (sensor_msgs/msg/CameraInfo)] (Lazy 0)
[parameter_bridge-3] [INFO] [1788139454.211504313] [ros_gz_bridge]: Creating ROS->GZ Bridge: [/camera_info (sensor_msgs/msg/CameraInfo) -> /camera_info (gz.msgs.CameraInfo)] (Lazy 0)
[parameter_bridge-3] [INFO] [1788139454.212651214] [ros_gz_bridge]: Creating GZ->ROS Bridge: [/depth_camera (gz.msgs.Image) -> /depth_camera (sensor_msgs/msg/Image)] (Lazy 0)
[parameter_bridge-3] [INFO] [1788139454.213688566] [ros_gz_bridge]: Creating ROS->GZ Bridge: [/depth_camera (sensor_msgs/msg/Image) -> /depth_camera (gz.msgs.Image)] (Lazy 0)
[parameter_bridge-3] [INFO] [1788139454.214750455] [ros_gz_bridge]: Creating GZ->ROS Bridge: [/imu (gz.msgs.IMU) -> /imu (sensor_msgs/msg/Imu)] (Lazy 0)
[parameter_bridge-3] [INFO] [1788139454.216185116] [ros_gz_bridge]: Creating ROS->GZ Bridge: [/imu (sensor_msgs/msg/Imu) -> /imu (gz.msgs.IMU)] (Lazy 0)
[parameter_bridge-3] [INFO] [1788139454.217420226] [ros_gz_bridge]: Creating GZ->ROS Bridge: [/world/regolith_moon/model/rover/joint_state (gz.msgs.Model) -> /world/regolith_moon/model/rover/joint_state (sensor_msgs/msg/JointState)] (Lazy 0)
[parameter_bridge-3] [INFO] [1788139454.219083876] [ros_gz_bridge]: Creating ROS->GZ Bridge: [/world/regolith_moon/model/rover/joint_state (sensor_msgs/msg/JointState) -> /world/regolith_moon/model/rover/joint_state (gz.msgs.Model)] (Lazy 0)
[parameter_bridge-3] [INFO] [1788139454.220777170] [ros_gz_bridge]: Creating GZ->ROS Bridge: [/model/rover/pose (gz.msgs.Pose) -> /model/rover/pose (geometry_msgs/msg/PoseStamped)] (Lazy 0)
[flip_recovery_node.py-11] [INFO] [1788139454.638288845] [regolith_flip_recovery]: Flip/stuck recovery armed (simulated set_pose backstop for flips, straight-line cmd_vel override for stuck-but-upright)
[wheel_slip_node.py-4] [INFO] [1788139454.822975980] [regolith_wheel_slip]: Wheel-slip ZUPT armed: /odom -> /odom/gated (onboard signals only - wheel odometry and IMU, never ground truth). legacy_rigid_body_signature=False
[costmap_node-8] [INFO] [1788139454.886169077] [regolith_costmap]: Published costmap: 256x256 cells at 0.781 m/cell
[terrain_relative_node.py-5] [INFO] [1788139454.906468278] [regolith_terrain_relative]: Terrain-relative navigation active: 15 m window, fixing at 1.0 Hz, +-6 m search at 0.25 m, DEM 0.391 m/px from /home/balazs/.cache/regolith/worlds/seed_7/manifest.json. Onboard sensors only - no ground truth is read by this node.
[mission_markers_node.py-12] [INFO] [1788139454.909802422] [regolith_mission_markers]: Mission markers active - start at (0.0, 0.0), Gazebo flags on, RViz on /mission_markers
[planner_node-9] [WARN] [1788139458.703099589] [regolith_planner]: No costmap or current pose yet - ignoring goal
[planner_node-9] [INFO] [1788139468.763923364] [regolith_planner]: Planned path: 103 waypoints, start=(128, 128) goal=(52, 73)
[parameter_bridge-3] [INFO] [1788139468.865607956] [ros_gz_bridge]: Passing message from ROS geometry_msgs/msg/Twist to Gazebo gz.msgs.Twist (showing msg only once per type)
[costmap_node-8] [WARN] [1788139480.284717084] [regolith_costmap]: Hazard #1 marked at (0.64, -0.48): 13 cells lethal (1.2 m + 0.3 m rover radius). The rover got wedged here; the planner will route around it from now on.
[pure_pursuit_node-10] [INFO] [1788139480.298325742] [regolith_pure_pursuit]: Recovery node has taken over /cmd_vel - pausing path following
[pure_pursuit_node-10] [INFO] [1788139502.738961131] [regolith_pure_pursuit]: Recovery finished - resuming path following
[flip_recovery_node.py-11] [WARN] [1788139502.799992262] [regolith_flip_recovery]: STUCK RECOVERY #1 (escalation level 0, triggered by ground truth; 1 ground-truth / 0 onboard triggers so far). Escape maneuver: reversed 0.20 m/s for 3.0s, then turned left at 0.50 rad/s for 2.0s (sim time, exact - driven by the sim clock directly, not an RTF-estimated wall-clock sleep; RTF over this window measured 0.23x real time, logged for comparison only). A real rover's FDIR could do the same - this is not a simulated teleport.
[planner_node-9] [WARN] [1788139502.801468454] [regolith_planner]: Current-position cell (128, 127) is lethal (drift, or a keep-out zone this rover marked itself) - planning from the nearest free cell (128, 126) instead
[planner_node-9] [INFO] [1788139502.892338822] [regolith_planner]: Planned path: 103 waypoints, start=(128, 126) goal=(52, 73)
[flip_recovery_node.py-11] [WARN] [1788139505.538869012] [regolith_flip_recovery]: STUCK RECOVERY #1 result: ground truth moved 0.61 m during the maneuver - FREED (1/1 escapes have freed the rover so far)
[pure_pursuit_node-10] [WARN] [1788139536.837698037] [regolith_pure_pursuit]: Stalled for 8s - stopping and replanning
[planner_node-9] [WARN] [1788139536.839094523] [regolith_planner]: Current-position cell (128, 127) is lethal (drift, or a keep-out zone this rover marked itself) - planning from the nearest free cell (128, 126) instead
[planner_node-9] [INFO] [1788139536.939106610] [regolith_planner]: Planned path: 103 waypoints, start=(128, 126) goal=(52, 73)
[terrain_relative_node.py-5] [INFO] [1788139725.232060732] [regolith_terrain_relative]: Terrain fix held: first window, offset (+0.18, +0.22), margin 3.51 - waiting for an independent window to confirm
[terrain_relative_node.py-5] [INFO] [1788139729.674109398] [regolith_terrain_relative]: Terrain correction #1 at 7.8 m travelled: (+0.16, +0.21) m, margin 3.58, 39 samples, 2 poses published (rejected so far: 0 ambiguous, 0 inconsistent)
[terrain_relative_node.py-5] [INFO] [1788139852.991446027] [regolith_terrain_relative]: Terrain correction #6 at 13.4 m travelled: (+0.07, +0.09) m, margin 2.95, 66 samples, 32 poses published (rejected so far: 0 ambiguous, 0 inconsistent)
[terrain_relative_node.py-5] [INFO] [1788139994.686831424] [regolith_terrain_relative]: Terrain correction #11 at 19.1 m travelled: (-0.02, -0.02) m, margin 2.34, 74 samples, 67 poses published (rejected so far: 0 ambiguous, 0 inconsistent)
[terrain_relative_node.py-5] [INFO] [1788140117.443106581] [regolith_terrain_relative]: Terrain correction #16 at 24.9 m travelled: (+0.02, -0.06) m, margin 3.08, 74 samples, 97 poses published (rejected so far: 0 ambiguous, 0 inconsistent)
[terrain_relative_node.py-5] [INFO] [1788140240.261535313] [regolith_terrain_relative]: Terrain fix rejected: margin 1.44 < 2.00 - this stretch of terrain does not determine position (74 samples over 15 m)
[terrain_relative_node.py-5] [INFO] [1788140273.119138291] [regolith_terrain_relative]: Terrain fix rejected: margin 1.68 < 2.00 - this stretch of terrain does not determine position (74 samples over 15 m)
[terrain_relative_node.py-5] [INFO] [1788140305.880637461] [regolith_terrain_relative]: Terrain fix rejected: margin 1.89 < 2.00 - this stretch of terrain does not determine position (74 samples over 15 m)
[terrain_relative_node.py-5] [INFO] [1788140336.048020996] [regolith_terrain_relative]: Terrain fix rejected: margin 1.60 < 2.00 - this stretch of terrain does not determine position (74 samples over 15 m)
[terrain_relative_node.py-5] [INFO] [1788140368.876649988] [regolith_terrain_relative]: Terrain fix rejected: margin 1.68 < 2.00 - this stretch of terrain does not determine position (74 samples over 15 m)
[terrain_relative_node.py-5] [INFO] [1788140401.855866575] [regolith_terrain_relative]: Terrain fix rejected: margin 1.88 < 2.00 - this stretch of terrain does not determine position (74 samples over 15 m)
[terrain_relative_node.py-5] [INFO] [1788140434.677405063] [regolith_terrain_relative]: Terrain fix rejected: margin 1.90 < 2.00 - this stretch of terrain does not determine position (74 samples over 15 m)
[terrain_relative_node.py-5] [INFO] [1788140452.556290141] [regolith_terrain_relative]: Terrain correction #21 at 40.7 m travelled: (-0.50, -0.01) m, margin 2.03, 74 samples, 179 poses published (rejected so far: 52 ambiguous, 0 inconsistent)
[wheel_slip_node.py-4] [WARN] [1788140547.498464831] [regolith_wheel_slip]: WHEEL SLIP #1: over the last 15.0 s the wheels claim 2.36 m and 3.13 rad of turning; the gyro saw 0.45 rad (14% of it) and the attitude spanned 17.47 deg. Feeding the EKF a zero-velocity update instead of the wheels' claim.
[pure_pursuit_node-10] [INFO] [1788140570.441181687] [regolith_pure_pursuit]: Recovery node has taken over /cmd_vel - pausing path following
[costmap_node-8] [WARN] [1788140570.448177869] [regolith_costmap]: Hazard #2 marked at (-12.39, -40.80): 13 cells lethal (1.2 m + 0.3 m rover radius). The rover got wedged here; the planner will route around it from now on.
[pure_pursuit_node-10] [INFO] [1788140570.448492894] [regolith_pure_pursuit]: Costmap changed (a new keep-out zone) - restoring the replan budget: the route being retried is not the one that already failed
[wheel_slip_node.py-4] [WARN] [1788140584.037239561] [regolith_wheel_slip]: WHEEL SLIP #1 cleared - over the last 5.0 s the wheels claimed 0.59 rad of turning and the gyro corroborated 25% of it. Phantom distance kept out of the EKF so far: 1.06 m.
[wheel_slip_node.py-4] [WARN] [1788140584.124809874] [regolith_wheel_slip]: WHEEL SLIP #2: over the last 15.0 s the wheels claim 1.85 m and 3.58 rad of turning; the gyro saw 0.41 rad (12% of it) and the attitude spanned 8.66 deg. Feeding the EKF a zero-velocity update instead of the wheels' claim.
[pure_pursuit_node-10] [INFO] [1788140589.741693957] [regolith_pure_pursuit]: Recovery finished - resuming path following
[flip_recovery_node.py-11] [WARN] [1788140589.802611209] [regolith_flip_recovery]: STUCK RECOVERY #2 (escalation level 0, triggered by wheel slip (onboard); 1 ground-truth / 1 onboard triggers so far). Escape maneuver: reversed 0.20 m/s for 3.0s, then turned left at 0.50 rad/s for 2.0s (sim time, exact - driven by the sim clock directly, not an RTF-estimated wall-clock sleep; RTF over this window measured 0.23x real time, logged for comparison only). A real rover's FDIR could do the same - this is not a simulated teleport.
[planner_node-9] [WARN] [1788140589.804391444] [regolith_planner]: Current-position cell (76, 112) is lethal (drift, or a keep-out zone this rover marked itself) - planning from the nearest free cell (77, 111) instead
[planner_node-9] [INFO] [1788140589.825662152] [regolith_planner]: Planned path: 52 waypoints, start=(77, 111) goal=(52, 73)
[wheel_slip_node.py-4] [WARN] [1788140593.150809050] [regolith_wheel_slip]: WHEEL SLIP #2 cleared - over the last 5.0 s the wheels claimed 0.67 rad of turning and the gyro corroborated 77% of it. Phantom distance kept out of the EKF so far: 1.06 m.
[flip_recovery_node.py-11] [WARN] [1788140595.177020826] [regolith_flip_recovery]: STUCK RECOVERY #2 result: ground truth moved 0.59 m during the maneuver - FREED (2/2 escapes have freed the rover so far)
[terrain_relative_node.py-5] [INFO] [1788140627.084688703] [regolith_terrain_relative]: Terrain fix rejected: margin 1.91 < 2.00 - this stretch of terrain does not determine position (74 samples over 15 m)
[terrain_relative_node.py-5] [INFO] [1788140660.300596906] [regolith_terrain_relative]: Terrain fix rejected: margin 1.71 < 2.00 - this stretch of terrain does not determine position (74 samples over 15 m)
[terrain_relative_node.py-5] [INFO] [1788140690.588064506] [regolith_terrain_relative]: Terrain fix rejected: margin 1.67 < 2.00 - this stretch of terrain does not determine position (74 samples over 15 m)
[terrain_relative_node.py-5] [INFO] [1788140723.395999434] [regolith_terrain_relative]: Terrain fix rejected: margin 1.62 < 2.00 - this stretch of terrain does not determine position (74 samples over 15 m)
[terrain_relative_node.py-5] [INFO] [1788140756.314560040] [regolith_terrain_relative]: Terrain fix rejected: margin 1.67 < 2.00 - this stretch of terrain does not determine position (74 samples over 15 m)
[terrain_relative_node.py-5] [INFO] [1788140789.247610654] [regolith_terrain_relative]: Terrain fix rejected: margin 1.76 < 2.00 - this stretch of terrain does not determine position (74 samples over 15 m)
[terrain_relative_node.py-5] [INFO] [1788140822.137274283] [regolith_terrain_relative]: Terrain fix rejected: margin 1.63 < 2.00 - this stretch of terrain does not determine position (74 samples over 15 m)
[terrain_relative_node.py-5] [INFO] [1788140855.322849163] [regolith_terrain_relative]: Terrain fix rejected: margin 1.68 < 2.00 - this stretch of terrain does not determine position (74 samples over 15 m)
[terrain_relative_node.py-5] [INFO] [1788140888.262506156] [regolith_terrain_relative]: Terrain fix rejected: margin 1.82 < 2.00 - this stretch of terrain does not determine position (74 samples over 15 m)
[terrain_relative_node.py-5] [INFO] [1788140921.160013776] [regolith_terrain_relative]: Terrain fix rejected: margin 1.93 < 2.00 - this stretch of terrain does not determine position (74 samples over 15 m)
[terrain_relative_node.py-5] [INFO] [1788140936.072662430] [regolith_terrain_relative]: Terrain correction #26 at 58.0 m travelled: (+0.23, +0.45) m, margin 2.03, 74 samples, 298 poses published (rejected so far: 128 ambiguous, 0 inconsistent)
[pure_pursuit_node-10] [INFO] [1788141080.663074870] [regolith_pure_pursuit]: Recovery node has taken over /cmd_vel - pausing path following
[costmap_node-8] [WARN] [1788141080.671300073] [regolith_costmap]: Hazard #3 marked at (-17.34, -52.94): 13 cells lethal (1.2 m + 0.3 m rover radius). The rover got wedged here; the planner will route around it from now on.
[pure_pursuit_node-10] [INFO] [1788141102.842851177] [regolith_pure_pursuit]: Recovery finished - resuming path following
[flip_recovery_node.py-11] [WARN] [1788141102.904297041] [regolith_flip_recovery]: STUCK RECOVERY #3 (escalation level 0, triggered by ground truth; 2 ground-truth / 1 onboard triggers so far). Escape maneuver: reversed 0.20 m/s for 3.0s, then turned left at 0.50 rad/s for 2.0s (sim time, exact - driven by the sim clock directly, not an RTF-estimated wall-clock sleep; RTF over this window measured 0.23x real time, logged for comparison only). A real rover's FDIR could do the same - this is not a simulated teleport.
[planner_node-9] [WARN] [1788141102.905631463] [regolith_planner]: Current-position cell (61, 107) is lethal (drift, or a keep-out zone this rover marked itself) - planning from the nearest free cell (61, 108) instead
[planner_node-9] [INFO] [1788141102.919394462] [regolith_planner]: Planned path: 37 waypoints, start=(61, 108) goal=(52, 73)
[flip_recovery_node.py-11] [WARN] [1788141105.357675818] [regolith_flip_recovery]: STUCK RECOVERY #3 result: ground truth moved 0.57 m during the maneuver - FREED (3/3 escapes have freed the rover so far)
[terrain_relative_node.py-5] [INFO] [1788141186.230103712] [regolith_terrain_relative]: Terrain fix rejected: margin 1.93 < 2.00 - this stretch of terrain does not determine position (74 samples over 15 m)
[terrain_relative_node.py-5] [INFO] [1788141205.534900520] [regolith_terrain_relative]: Terrain correction #31 at 63.5 m travelled: (+0.30, +0.19) m, margin 2.01, 74 samples, 364 poses published (rejected so far: 133 ambiguous, 0 inconsistent)
[pure_pursuit_node-10] [INFO] [1788141250.738081435] [regolith_pure_pursuit]: Recovery node has taken over /cmd_vel - pausing path following
[costmap_node-8] [WARN] [1788141250.745655787] [regolith_costmap]: Hazard #4 marked at (-16.92, -54.23): 13 cells lethal (1.2 m + 0.3 m rover radius). The rover got wedged here; the planner will route around it from now on.
[terrain_relative_node.py-5] [INFO] [1788141253.427101233] [regolith_terrain_relative]: Terrain fix rejected: margin 1.93 < 2.00 - this stretch of terrain does not determine position (74 samples over 15 m)
[wheel_slip_node.py-4] [WARN] [1788141270.622443414] [regolith_wheel_slip]: WHEEL SLIP #3: over the last 15.0 s the wheels claim 1.78 m and 1.93 rad of turning; the gyro saw 0.28 rad (14% of it) and the attitude spanned 9.32 deg. Feeding the EKF a zero-velocity update instead of the wheels' claim.
[wheel_slip_node.py-4] [WARN] [1788141279.547125206] [regolith_wheel_slip]: WHEEL SLIP #3 cleared - over the last 5.0 s the wheels claimed 0.08 rad of turning and the gyro corroborated 72% of it. Phantom distance kept out of the EKF so far: 1.40 m.
[terrain_relative_node.py-5] [INFO] [1788141286.298843123] [regolith_terrain_relative]: Terrain fix rejected: margin 1.79 < 2.00 - this stretch of terrain does not determine position (74 samples over 15 m)
[pure_pursuit_node-10] [INFO] [1788141290.224921667] [regolith_pure_pursuit]: Recovery finished - resuming path following
[flip_recovery_node.py-11] [WARN] [1788141290.286266407] [regolith_flip_recovery]: STUCK RECOVERY #4 (escalation level 1, triggered by ground truth; 3 ground-truth / 1 onboard triggers so far). Escape maneuver: reversed 0.20 m/s for 6.0s, then turned right at 0.50 rad/s for 3.5s (sim time, exact - driven by the sim clock directly, not an RTF-estimated wall-clock sleep; RTF over this window measured 0.23x real time, logged for comparison only). A real rover's FDIR could do the same - this is not a simulated teleport.
[planner_node-9] [WARN] [1788141290.287922235] [regolith_planner]: Current-position cell (60, 107) is lethal (drift, or a keep-out zone this rover marked itself) - planning from the nearest free cell (60, 108) instead
[planner_node-9] [INFO] [1788141290.301064692] [regolith_planner]: Planned path: 39 waypoints, start=(60, 108) goal=(52, 73)
[flip_recovery_node.py-11] [WARN] [1788141295.200527100] [regolith_flip_recovery]: STUCK RECOVERY #4 result: ground truth moved 1.19 m during the maneuver - FREED (4/4 escapes have freed the rover so far)
[terrain_relative_node.py-5] [INFO] [1788141319.356185131] [regolith_terrain_relative]: Terrain fix rejected: margin 1.82 < 2.00 - this stretch of terrain does not determine position (74 samples over 15 m)
[terrain_relative_node.py-5] [INFO] [1788141352.301106614] [regolith_terrain_relative]: Terrain fix rejected: margin 1.77 < 2.00 - this stretch of terrain does not determine position (75 samples over 15 m)
[terrain_relative_node.py-5] [INFO] [1788141385.109153276] [regolith_terrain_relative]: Terrain fix rejected: margin 1.83 < 2.00 - this stretch of terrain does not determine position (75 samples over 15 m)
[terrain_relative_node.py-5] [INFO] [1788141418.106608810] [regolith_terrain_relative]: Terrain fix rejected: margin 1.78 < 2.00 - this stretch of terrain does not determine position (75 samples over 15 m)
[terrain_relative_node.py-5] [INFO] [1788141451.088689762] [regolith_terrain_relative]: Terrain fix rejected: margin 1.74 < 2.00 - this stretch of terrain does not determine position (75 samples over 15 m)
[terrain_relative_node.py-5] [INFO] [1788141483.911022412] [regolith_terrain_relative]: Terrain fix rejected: margin 1.68 < 2.00 - this stretch of terrain does not determine position (75 samples over 15 m)
[ruby $(which gz) sim-1] NodeShared::Publish() Error: Interrupted system call
[terrain_relative_node.py-5] [INFO] [1788141516.818205832] [regolith_terrain_relative]: Terrain fix rejected: margin 1.67 < 2.00 - this stretch of terrain does not determine position (75 samples over 15 m)
[terrain_relative_node.py-5] [INFO] [1788141547.079938129] [regolith_terrain_relative]: Terrain fix rejected: margin 1.67 < 2.00 - this stretch of terrain does not determine position (75 samples over 15 m)
[terrain_relative_node.py-5] [INFO] [1788141580.704085787] [regolith_terrain_relative]: Terrain fix rejected: margin 1.64 < 2.00 - this stretch of terrain does not determine position (75 samples over 15 m)
[terrain_relative_node.py-5] [INFO] [1788141613.781635921] [regolith_terrain_relative]: Terrain fix rejected: margin 1.57 < 2.00 - this stretch of terrain does not determine position (75 samples over 15 m)
[terrain_relative_node.py-5] [INFO] [1788141646.728961469] [regolith_terrain_relative]: Terrain fix rejected: margin 1.77 < 2.00 - this stretch of terrain does not determine position (75 samples over 15 m)
[terrain_relative_node.py-5] [INFO] [1788141679.831612860] [regolith_terrain_relative]: Terrain fix rejected: margin 1.97 < 2.00 - this stretch of terrain does not determine position (74 samples over 15 m)
[terrain_relative_node.py-5] [INFO] [1788141688.814912242] [regolith_terrain_relative]: Terrain correction #32 at 77.7 m travelled: (+0.46, +0.20) m, margin 2.01, 74 samples, 482 poses published (rejected so far: 239 ambiguous, 0 inconsistent)
[terrain_relative_node.py-5] [INFO] [1788141846.284274147] [regolith_terrain_relative]: Terrain correction #37 at 83.1 m travelled: (+0.01, -0.11) m, margin 3.56, 74 samples, 521 poses published (rejected so far: 239 ambiguous, 0 inconsistent)
[terrain_relative_node.py-5] [INFO] [1788141925.007366531] [regolith_terrain_relative]: Terrain fix rejected: disagrees with the previous window by 1.74 m (> 1.50); offset now (+0.54, +1.98), was (+0.58, +0.24)
[terrain_relative_node.py-5] [INFO] [1788142020.904323545] [regolith_terrain_relative]: Terrain correction #42 at 88.5 m travelled: (+0.17, +0.47) m, margin 2.24, 74 samples, 564 poses published (rejected so far: 239 ambiguous, 1 inconsistent)
[terrain_relative_node.py-5] [INFO] [1788142134.439781328] [regolith_terrain_relative]: Terrain fix rejected: disagrees with the previous window by 1.97 m (> 1.50); offset now (+0.08, +0.07), was (+0.54, +1.98)
[terrain_relative_node.py-5] [INFO] [1788142167.759317619] [regolith_terrain_relative]: Terrain correction #47 at 94.0 m travelled: (+0.04, +0.05) m, margin 2.47, 74 samples, 600 poses published (rejected so far: 239 ambiguous, 2 inconsistent)
[pure_pursuit_node-10] [INFO] [1788142281.731463504] [regolith_pure_pursuit]: Goal reached (within 0.34 m of the commanded goal)
