[INFO] [launch]: All log files can be found below /home/balazs/.ros/log/2026-08-22-13-10-48-283869-DESKTOP-IE5MOME-93710
[INFO] [launch]: Default logging verbosity is set to INFO
[hello_moon.launch] Using ROS_DOMAIN_ID=43 (isolated DDS domain for this launch - see PROGRESS.md)
[INFO] [ruby $(which gz) sim-1]: process started with pid [93754]
[INFO] [robot_state_publisher-2]: process started with pid [93756]
[INFO] [parameter_bridge-3]: process started with pid [93759]
[INFO] [wheel_slip_node.py-4]: process started with pid [93761]
[INFO] [sensor_covariance_relay.py-5]: process started with pid [93764]
[INFO] [ekf_node-6]: process started with pid [93766]
[INFO] [costmap_node-7]: process started with pid [93768]
[INFO] [planner_node-8]: process started with pid [93770]
[INFO] [pure_pursuit_node-9]: process started with pid [93772]
[INFO] [flip_recovery_node.py-10]: process started with pid [93774]
[INFO] [mission_markers_node.py-11]: process started with pid [93776]
[parameter_bridge-3] [INFO] [1787400649.862326678] [ros_gz_bridge]: Creating GZ->ROS Bridge: [/clock (gz.msgs.Clock) -> /clock (rosgraph_msgs/msg/Clock)] (Lazy 0)
[parameter_bridge-3] [INFO] [1787400649.863838924] [ros_gz_bridge]: Creating GZ->ROS Bridge: [/cmd_vel (gz.msgs.Twist) -> /cmd_vel (geometry_msgs/msg/Twist)] (Lazy 0)
[parameter_bridge-3] [INFO] [1787400649.865939997] [ros_gz_bridge]: Creating ROS->GZ Bridge: [/cmd_vel (geometry_msgs/msg/Twist) -> /cmd_vel (gz.msgs.Twist)] (Lazy 0)
[parameter_bridge-3] [INFO] [1787400649.867150707] [ros_gz_bridge]: Creating GZ->ROS Bridge: [/odometry (gz.msgs.Odometry) -> /odometry (nav_msgs/msg/Odometry)] (Lazy 0)
[parameter_bridge-3] [INFO] [1787400649.868984812] [ros_gz_bridge]: Creating ROS->GZ Bridge: [/odometry (nav_msgs/msg/Odometry) -> /odometry (gz.msgs.Odometry)] (Lazy 0)
[parameter_bridge-3] [INFO] [1787400649.869792303] [ros_gz_bridge]: Creating GZ->ROS Bridge: [/camera (gz.msgs.Image) -> /camera (sensor_msgs/msg/Image)] (Lazy 0)
[parameter_bridge-3] [INFO] [1787400649.871464107] [ros_gz_bridge]: Creating ROS->GZ Bridge: [/camera (sensor_msgs/msg/Image) -> /camera (gz.msgs.Image)] (Lazy 0)
[parameter_bridge-3] [INFO] [1787400649.872286565] [ros_gz_bridge]: Creating GZ->ROS Bridge: [/camera_info (gz.msgs.CameraInfo) -> /camera_info (sensor_msgs/msg/CameraInfo)] (Lazy 0)
[parameter_bridge-3] [INFO] [1787400649.873326429] [ros_gz_bridge]: Creating ROS->GZ Bridge: [/camera_info (sensor_msgs/msg/CameraInfo) -> /camera_info (gz.msgs.CameraInfo)] (Lazy 0)
[parameter_bridge-3] [INFO] [1787400649.874028542] [ros_gz_bridge]: Creating GZ->ROS Bridge: [/depth_camera (gz.msgs.Image) -> /depth_camera (sensor_msgs/msg/Image)] (Lazy 0)
[parameter_bridge-3] [INFO] [1787400649.875105848] [ros_gz_bridge]: Creating ROS->GZ Bridge: [/depth_camera (sensor_msgs/msg/Image) -> /depth_camera (gz.msgs.Image)] (Lazy 0)
[parameter_bridge-3] [INFO] [1787400649.876634418] [ros_gz_bridge]: Creating GZ->ROS Bridge: [/imu (gz.msgs.IMU) -> /imu (sensor_msgs/msg/Imu)] (Lazy 0)
[parameter_bridge-3] [INFO] [1787400649.878167677] [ros_gz_bridge]: Creating ROS->GZ Bridge: [/imu (sensor_msgs/msg/Imu) -> /imu (gz.msgs.IMU)] (Lazy 0)
[parameter_bridge-3] [INFO] [1787400649.879574808] [ros_gz_bridge]: Creating GZ->ROS Bridge: [/world/regolith_moon/model/rover/joint_state (gz.msgs.Model) -> /world/regolith_moon/model/rover/joint_state (sensor_msgs/msg/JointState)] (Lazy 0)
[robot_state_publisher-2] [INFO] [1787400649.880185331] [robot_state_publisher]: got segment base_link
[robot_state_publisher-2] [INFO] [1787400649.880353493] [robot_state_publisher]: got segment camera_link
[robot_state_publisher-2] [INFO] [1787400649.880371627] [robot_state_publisher]: got segment chassis
[robot_state_publisher-2] [INFO] [1787400649.880379510] [robot_state_publisher]: got segment front_left_wheel
[robot_state_publisher-2] [INFO] [1787400649.880387498] [robot_state_publisher]: got segment front_right_wheel
[robot_state_publisher-2] [INFO] [1787400649.880413241] [robot_state_publisher]: got segment imu_link
[robot_state_publisher-2] [INFO] [1787400649.880421945] [robot_state_publisher]: got segment rear_left_wheel
[robot_state_publisher-2] [INFO] [1787400649.880428818] [robot_state_publisher]: got segment rear_right_wheel
[parameter_bridge-3] [INFO] [1787400649.880970215] [ros_gz_bridge]: Creating ROS->GZ Bridge: [/world/regolith_moon/model/rover/joint_state (sensor_msgs/msg/JointState) -> /world/regolith_moon/model/rover/joint_state (gz.msgs.Model)] (Lazy 0)
[parameter_bridge-3] [INFO] [1787400649.882391481] [ros_gz_bridge]: Creating GZ->ROS Bridge: [/model/rover/pose (gz.msgs.Pose) -> /model/rover/pose (geometry_msgs/msg/PoseStamped)] (Lazy 0)
[flip_recovery_node.py-10] [INFO] [1787400650.266591743] [regolith_flip_recovery]: Flip/stuck recovery armed (simulated set_pose backstop for flips, straight-line cmd_vel override for stuck-but-upright)
[wheel_slip_node.py-4] [INFO] [1787400650.304102649] [regolith_wheel_slip]: Wheel-slip ZUPT armed: /odom -> /odom/gated (onboard signals only - wheel odometry and IMU, never ground truth). legacy_rigid_body_signature=True [A/B LEVER: retired signature 2 re-enabled]
[costmap_node-7] [INFO] [1787400650.332520076] [regolith_costmap]: Published costmap: 256x256 cells at 0.781 m/cell
[mission_markers_node.py-11] [INFO] [1787400650.362116882] [regolith_mission_markers]: Mission markers active - start at (0.0, 0.0), Gazebo flags on, RViz on /mission_markers
[planner_node-8] [WARN] [1787400654.406486485] [regolith_planner]: No costmap or current pose yet - ignoring goal
[planner_node-8] [INFO] [1787400664.475165472] [regolith_planner]: Planned path: 103 waypoints, start=(128, 128) goal=(52, 73)
[parameter_bridge-3] [INFO] [1787400664.747821008] [ros_gz_bridge]: Passing message from ROS geometry_msgs/msg/Twist to Gazebo gz.msgs.Twist (showing msg only once per type)
[costmap_node-7] [WARN] [1787400676.998120389] [regolith_costmap]: Hazard #1 marked at (0.63, -0.50): 13 cells lethal (1.2 m + 0.3 m rover radius). The rover got wedged here; the planner will route around it from now on.
[pure_pursuit_node-9] [INFO] [1787400677.010291598] [regolith_pure_pursuit]: Recovery node has taken over /cmd_vel - pausing path following
[pure_pursuit_node-9] [INFO] [1787400691.767553727] [regolith_pure_pursuit]: Recovery finished - resuming path following
[flip_recovery_node.py-10] [WARN] [1787400691.827837776] [regolith_flip_recovery]: STUCK RECOVERY #1 (escalation level 0, triggered by ground truth; 1 ground-truth / 0 onboard triggers so far). Escape maneuver: reversed 0.20 m/s for 3.0s, then turned left at 0.50 rad/s for 2.0s (sim time, at a measured 0.31x real time). A real rover's FDIR could do the same - this is not a simulated teleport.
[planner_node-8] [WARN] [1787400691.829197873] [regolith_planner]: Current-position cell (128, 127) is lethal (drift, or a keep-out zone this rover marked itself) - planning from the nearest free cell (128, 126) instead
[flip_recovery_node.py-10] [WARN] [1787400691.834560687] [regolith_flip_recovery]: STUCK RECOVERY #1 result: ground truth moved 0.08 m during the maneuver - STILL WEDGED (0/1 escapes have freed the rover so far)
[planner_node-8] [INFO] [1787400691.904520759] [regolith_planner]: Planned path: 103 waypoints, start=(128, 126) goal=(52, 73)
[pure_pursuit_node-9] [INFO] [1787400706.150391390] [regolith_pure_pursuit]: Recovery node has taken over /cmd_vel - pausing path following
[costmap_node-7] [WARN] [1787400706.157190638] [regolith_costmap]: Hazard #2 marked at (-0.05, -0.37): 13 cells lethal (1.2 m + 0.3 m rover radius). The rover got wedged here; the planner will route around it from now on.
[pure_pursuit_node-9] [INFO] [1787400739.805724659] [regolith_pure_pursuit]: Recovery finished - resuming path following
[flip_recovery_node.py-10] [WARN] [1787400739.866201978] [regolith_flip_recovery]: STUCK RECOVERY #2 (escalation level 1, triggered by ground truth; 2 ground-truth / 0 onboard triggers so far). Escape maneuver: reversed 0.20 m/s for 6.0s, then turned right at 0.50 rad/s for 3.5s (sim time, at a measured 0.26x real time). A real rover's FDIR could do the same - this is not a simulated teleport.
[planner_node-8] [INFO] [1787400739.963245234] [regolith_planner]: Planned path: 104 waypoints, start=(129, 126) goal=(52, 73)
[flip_recovery_node.py-10] [WARN] [1787400743.869690166] [regolith_flip_recovery]: STUCK RECOVERY #2 result: ground truth moved 1.20 m during the maneuver - FREED (1/2 escapes have freed the rover so far)
[wheel_slip_node.py-4] [WARN] [1787401298.260676299] [regolith_wheel_slip]: WHEEL SLIP #1: over the last 15.0 s the wheels claim 2.94 m and 0.00 rad of turning; the gyro saw 0.00 rad (62% of it) and the attitude spanned 0.52 deg. Feeding the EKF a zero-velocity update instead of the wheels' claim.
[wheel_slip_node.py-4] [WARN] [1787401315.195599712] [regolith_wheel_slip]: WHEEL SLIP #1 cleared - over the last 5.0 s the wheels claimed 0.00 rad of turning and the gyro corroborated 100689% of it. Phantom distance kept out of the EKF so far: 0.85 m.
[wheel_slip_node.py-4] [WARN] [1787401590.834873579] [regolith_wheel_slip]: WHEEL SLIP #2: over the last 15.0 s the wheels claim 2.51 m and 2.95 rad of turning; the gyro saw 0.43 rad (14% of it) and the attitude spanned 8.38 deg. Feeding the EKF a zero-velocity update instead of the wheels' claim.
[pure_pursuit_node-9] [INFO] [1787401608.439588571] [regolith_pure_pursuit]: Recovery node has taken over /cmd_vel - pausing path following
[costmap_node-7] [WARN] [1787401608.446529331] [regolith_costmap]: Hazard #3 marked at (-11.29, -38.69): 13 cells lethal (1.2 m + 0.3 m rover radius). The rover got wedged here; the planner will route around it from now on.
[wheel_slip_node.py-4] [WARN] [1787401622.114928379] [regolith_wheel_slip]: WHEEL SLIP #2 cleared - over the last 5.0 s the wheels claimed 0.63 rad of turning and the gyro corroborated 25% of it. Phantom distance kept out of the EKF so far: 2.08 m.
[wheel_slip_node.py-4] [WARN] [1787401622.186279870] [regolith_wheel_slip]: WHEEL SLIP #3: over the last 15.0 s the wheels claim 2.15 m and 3.62 rad of turning; the gyro saw 0.34 rad (9% of it) and the attitude spanned 7.15 deg. Feeding the EKF a zero-velocity update instead of the wheels' claim.
[pure_pursuit_node-9] [INFO] [1787401625.565752951] [regolith_pure_pursuit]: Recovery finished - resuming path following
[flip_recovery_node.py-10] [WARN] [1787401625.626539332] [regolith_flip_recovery]: STUCK RECOVERY #3 (escalation level 0, triggered by wheel slip (onboard); 2 ground-truth / 1 onboard triggers so far). Escape maneuver: reversed 0.20 m/s for 3.0s, then turned left at 0.50 rad/s for 2.0s (sim time, at a measured 0.27x real time). A real rover's FDIR could do the same - this is not a simulated teleport.
[planner_node-8] [WARN] [1787401625.627987299] [regolith_planner]: Current-position cell (79, 113) is lethal (drift, or a keep-out zone this rover marked itself) - planning from the nearest free cell (80, 112) instead
[planner_node-8] [INFO] [1787401625.653108367] [regolith_planner]: Planned path: 55 waypoints, start=(80, 112) goal=(52, 73)
[wheel_slip_node.py-4] [WARN] [1787401628.098449254] [regolith_wheel_slip]: WHEEL SLIP #3 cleared - over the last 5.0 s the wheels claimed 0.65 rad of turning and the gyro corroborated 90% of it. Phantom distance kept out of the EKF so far: 2.08 m.
[flip_recovery_node.py-10] [WARN] [1787401629.827387299] [regolith_flip_recovery]: STUCK RECOVERY #3 result: ground truth moved 0.50 m during the maneuver - FREED (2/3 escapes have freed the rover so far)
[pure_pursuit_node-9] [WARN] [1787401658.201041285] [regolith_pure_pursuit]: Stalled for 8s - stopping and replanning
[planner_node-8] [WARN] [1787401658.203018858] [regolith_planner]: Current-position cell (79, 113) is lethal (drift, or a keep-out zone this rover marked itself) - planning from the nearest free cell (80, 112) instead
[planner_node-8] [INFO] [1787401658.231067932] [regolith_planner]: Planned path: 55 waypoints, start=(80, 112) goal=(52, 73)
[wheel_slip_node.py-4] [WARN] [1787401935.065783001] [regolith_wheel_slip]: WHEEL SLIP #4: over the last 15.0 s the wheels claim 2.88 m and 0.01 rad of turning; the gyro saw 0.01 rad (80% of it) and the attitude spanned 0.57 deg. Feeding the EKF a zero-velocity update instead of the wheels' claim.
[pure_pursuit_node-9] [INFO] [1787401954.474398995] [regolith_pure_pursuit]: Recovery node has taken over /cmd_vel - pausing path following
[costmap_node-7] [WARN] [1787401954.481801999] [regolith_costmap]: Hazard #4 marked at (-14.45, -48.38): 13 cells lethal (1.2 m + 0.3 m rover radius). The rover got wedged here; the planner will route around it from now on.
[pure_pursuit_node-9] [INFO] [1787401954.482113023] [regolith_pure_pursuit]: Costmap changed (a new keep-out zone) - restoring the replan budget: the route being retried is not the one that already failed
[wheel_slip_node.py-4] [WARN] [1787401976.294677391] [regolith_wheel_slip]: WHEEL SLIP #4 cleared - over the last 5.0 s the wheels claimed 0.01 rad of turning and the gyro corroborated 73% of it. Phantom distance kept out of the EKF so far: 4.25 m.
[wheel_slip_node.py-4] [WARN] [1787401976.378979733] [regolith_wheel_slip]: WHEEL SLIP #5: over the last 15.0 s the wheels claim 2.87 m and 0.01 rad of turning; the gyro saw 0.01 rad (73% of it) and the attitude spanned 0.33 deg. Feeding the EKF a zero-velocity update instead of the wheels' claim.
[wheel_slip_node.py-4] [WARN] [1787401984.599993844] [regolith_wheel_slip]: WHEEL SLIP #5 cleared - over the last 5.0 s the wheels claimed 0.59 rad of turning and the gyro corroborated 65% of it. Phantom distance kept out of the EKF so far: 4.25 m.
[pure_pursuit_node-9] [INFO] [1787401989.243489565] [regolith_pure_pursuit]: Recovery finished - resuming path following
[flip_recovery_node.py-10] [WARN] [1787401989.304377357] [regolith_flip_recovery]: STUCK RECOVERY #4 (escalation level 1, triggered by wheel slip (onboard); 2 ground-truth / 2 onboard triggers so far). Escape maneuver: reversed 0.20 m/s for 6.0s, then turned right at 0.50 rad/s for 3.5s (sim time, at a measured 0.26x real time). A real rover's FDIR could do the same - this is not a simulated teleport.
[planner_node-8] [WARN] [1787401989.306210001] [regolith_planner]: Current-position cell (67, 109) is lethal (drift, or a keep-out zone this rover marked itself) - planning from the nearest free cell (68, 108) instead
[planner_node-8] [INFO] [1787401989.322842738] [regolith_planner]: Planned path: 45 waypoints, start=(68, 108) goal=(52, 73)
[flip_recovery_node.py-10] [WARN] [1787401992.220959704] [regolith_flip_recovery]: STUCK RECOVERY #4 result: ground truth moved 1.15 m during the maneuver - FREED (3/4 escapes have freed the rover so far)
[pure_pursuit_node-9] [INFO] [1787402000.647438310] [regolith_pure_pursuit]: Recovery node has taken over /cmd_vel - pausing path following
[costmap_node-7] [WARN] [1787402000.654304278] [regolith_costmap]: Hazard #5 marked at (-14.51, -48.37): 13 cells lethal (1.2 m + 0.3 m rover radius). The rover got wedged here; the planner will route around it from now on.
[pure_pursuit_node-9] [INFO] [1787402054.822244805] [regolith_pure_pursuit]: Recovery finished - resuming path following
[flip_recovery_node.py-10] [WARN] [1787402054.883052179] [regolith_flip_recovery]: STUCK RECOVERY #5 (escalation level 2, triggered by ground truth; 3 ground-truth / 2 onboard triggers so far). Escape maneuver: reversed 0.20 m/s for 10.0s, then turned left at 0.50 rad/s for 5.0s (sim time, at a measured 0.26x real time). A real rover's FDIR could do the same - this is not a simulated teleport.
[planner_node-8] [INFO] [1787402054.901224739] [regolith_planner]: Planned path: 44 waypoints, start=(69, 109) goal=(52, 73)
[flip_recovery_node.py-10] [WARN] [1787402059.194667069] [regolith_flip_recovery]: STUCK RECOVERY #5 result: ground truth moved 1.99 m during the maneuver - FREED (4/5 escapes have freed the rover so far)
[wheel_slip_node.py-4] [WARN] [1787402568.788660088] [regolith_wheel_slip]: WHEEL SLIP #6: over the last 15.0 s the wheels claim 2.52 m and 0.01 rad of turning; the gyro saw 0.00 rad (65% of it) and the attitude spanned 0.54 deg. Feeding the EKF a zero-velocity update instead of the wheels' claim.
[pure_pursuit_node-9] [INFO] [1787402586.937948491] [regolith_pure_pursuit]: Recovery node has taken over /cmd_vel - pausing path following
[costmap_node-7] [WARN] [1787402586.945674185] [regolith_costmap]: Hazard #6 marked at (-29.43, -55.08): 13 cells lethal (1.2 m + 0.3 m rover radius). The rover got wedged here; the planner will route around it from now on.
[wheel_slip_node.py-4] [WARN] [1787402599.469445677] [regolith_wheel_slip]: WHEEL SLIP #6 cleared - over the last 5.0 s the wheels claimed 0.01 rad of turning and the gyro corroborated 65% of it. Phantom distance kept out of the EKF so far: 5.73 m.
[wheel_slip_node.py-4] [WARN] [1787402599.544381947] [regolith_wheel_slip]: WHEEL SLIP #7: over the last 15.0 s the wheels claim 2.57 m and 0.01 rad of turning; the gyro saw 0.01 rad (64% of it) and the attitude spanned 0.41 deg. Feeding the EKF a zero-velocity update instead of the wheels' claim.
[pure_pursuit_node-9] [INFO] [1787402605.263276541] [regolith_pure_pursuit]: Recovery finished - resuming path following
[flip_recovery_node.py-10] [WARN] [1787402605.324398181] [regolith_flip_recovery]: STUCK RECOVERY #6 (escalation level 0, triggered by wheel slip (onboard); 3 ground-truth / 3 onboard triggers so far). Escape maneuver: reversed 0.20 m/s for 3.0s, then turned left at 0.50 rad/s for 2.0s (sim time, at a measured 0.25x real time). A real rover's FDIR could do the same - this is not a simulated teleport.
[planner_node-8] [WARN] [1787402605.326031568] [regolith_planner]: Current-position cell (57, 91) is lethal (drift, or a keep-out zone this rover marked itself) - planning from the nearest free cell (58, 92) instead
[wheel_slip_node.py-4] [WARN] [1787402605.330299635] [regolith_wheel_slip]: WHEEL SLIP #7 cleared - over the last 5.0 s the wheels claimed 0.60 rad of turning and the gyro corroborated 69% of it. Phantom distance kept out of the EKF so far: 5.73 m.
[planner_node-8] [INFO] [1787402605.332154525] [regolith_planner]: Planned path: 20 waypoints, start=(58, 92) goal=(52, 73)
[flip_recovery_node.py-10] [WARN] [1787402609.322504840] [regolith_flip_recovery]: STUCK RECOVERY #6 result: ground truth moved 0.54 m during the maneuver - FREED (5/6 escapes have freed the rover so far)
[pure_pursuit_node-9] [INFO] [1787402620.746745763] [regolith_pure_pursuit]: Recovery node has taken over /cmd_vel - pausing path following
[costmap_node-7] [WARN] [1787402620.755005445] [regolith_costmap]: Hazard #7 marked at (-29.38, -54.83): 13 cells lethal (1.2 m + 0.3 m rover radius). The rover got wedged here; the planner will route around it from now on.
[pure_pursuit_node-9] [INFO] [1787402655.468353829] [regolith_pure_pursuit]: Recovery finished - resuming path following
[flip_recovery_node.py-10] [WARN] [1787402655.528718649] [regolith_flip_recovery]: STUCK RECOVERY #7 (escalation level 1, triggered by ground truth; 4 ground-truth / 3 onboard triggers so far). Escape maneuver: reversed 0.20 m/s for 6.0s, then turned right at 0.50 rad/s for 3.5s (sim time, at a measured 0.26x real time). A real rover's FDIR could do the same - this is not a simulated teleport.
[planner_node-8] [WARN] [1787402655.529866019] [regolith_planner]: Current-position cell (56, 92) is lethal (drift, or a keep-out zone this rover marked itself) - planning from the nearest free cell (57, 93) instead
[planner_node-8] [INFO] [1787402655.535217506] [regolith_planner]: Planned path: 21 waypoints, start=(57, 93) goal=(52, 73)
[flip_recovery_node.py-10] [WARN] [1787402660.003350055] [regolith_flip_recovery]: STUCK RECOVERY #7 result: ground truth moved 1.19 m during the maneuver - FREED (6/7 escapes have freed the rover so far)
[ruby $(which gz) sim-1] NodeShared::Publish() Error: Interrupted system call
[pure_pursuit_node-9] [INFO] [1787403124.874875534] [regolith_pure_pursuit]: Goal reached (within 0.35 m of the commanded goal)
