[INFO] [launch]: All log files can be found below /home/balazs/.ros/log/2026-08-24-18-19-52-337955-DESKTOP-IE5MOME-13277
[INFO] [launch]: Default logging verbosity is set to INFO
[hello_moon.launch] Using ROS_DOMAIN_ID=71 (isolated DDS domain for this launch - see PROGRESS.md)
[INFO] [ruby $(which gz) sim-1]: process started with pid [13321]
[INFO] [robot_state_publisher-2]: process started with pid [13323]
[INFO] [parameter_bridge-3]: process started with pid [13326]
[INFO] [wheel_slip_node.py-4]: process started with pid [13328]
[INFO] [sensor_covariance_relay.py-5]: process started with pid [13331]
[INFO] [ekf_node-6]: process started with pid [13333]
[INFO] [costmap_node-7]: process started with pid [13335]
[INFO] [planner_node-8]: process started with pid [13337]
[INFO] [pure_pursuit_node-9]: process started with pid [13339]
[INFO] [flip_recovery_node.py-10]: process started with pid [13341]
[INFO] [mission_markers_node.py-11]: process started with pid [13343]
[parameter_bridge-3] [INFO] [1787591993.778459139] [ros_gz_bridge]: Creating GZ->ROS Bridge: [/clock (gz.msgs.Clock) -> /clock (rosgraph_msgs/msg/Clock)] (Lazy 0)
[parameter_bridge-3] [INFO] [1787591993.779494995] [ros_gz_bridge]: Creating GZ->ROS Bridge: [/cmd_vel (gz.msgs.Twist) -> /cmd_vel (geometry_msgs/msg/Twist)] (Lazy 0)
[parameter_bridge-3] [INFO] [1787591993.781159896] [ros_gz_bridge]: Creating ROS->GZ Bridge: [/cmd_vel (geometry_msgs/msg/Twist) -> /cmd_vel (gz.msgs.Twist)] (Lazy 0)
[parameter_bridge-3] [INFO] [1787591993.781981242] [ros_gz_bridge]: Creating GZ->ROS Bridge: [/odometry (gz.msgs.Odometry) -> /odometry (nav_msgs/msg/Odometry)] (Lazy 0)
[parameter_bridge-3] [INFO] [1787591993.783125642] [ros_gz_bridge]: Creating ROS->GZ Bridge: [/odometry (nav_msgs/msg/Odometry) -> /odometry (gz.msgs.Odometry)] (Lazy 0)
[parameter_bridge-3] [INFO] [1787591993.783663608] [ros_gz_bridge]: Creating GZ->ROS Bridge: [/camera (gz.msgs.Image) -> /camera (sensor_msgs/msg/Image)] (Lazy 0)
[parameter_bridge-3] [INFO] [1787591993.784737167] [ros_gz_bridge]: Creating ROS->GZ Bridge: [/camera (sensor_msgs/msg/Image) -> /camera (gz.msgs.Image)] (Lazy 0)
[parameter_bridge-3] [INFO] [1787591993.785312896] [ros_gz_bridge]: Creating GZ->ROS Bridge: [/camera_info (gz.msgs.CameraInfo) -> /camera_info (sensor_msgs/msg/CameraInfo)] (Lazy 0)
[parameter_bridge-3] [INFO] [1787591993.785900881] [ros_gz_bridge]: Creating ROS->GZ Bridge: [/camera_info (sensor_msgs/msg/CameraInfo) -> /camera_info (gz.msgs.CameraInfo)] (Lazy 0)
[parameter_bridge-3] [INFO] [1787591993.786413035] [ros_gz_bridge]: Creating GZ->ROS Bridge: [/depth_camera (gz.msgs.Image) -> /depth_camera (sensor_msgs/msg/Image)] (Lazy 0)
[parameter_bridge-3] [INFO] [1787591993.786745638] [ros_gz_bridge]: Creating ROS->GZ Bridge: [/depth_camera (sensor_msgs/msg/Image) -> /depth_camera (gz.msgs.Image)] (Lazy 0)
[parameter_bridge-3] [INFO] [1787591993.787085466] [ros_gz_bridge]: Creating GZ->ROS Bridge: [/imu (gz.msgs.IMU) -> /imu (sensor_msgs/msg/Imu)] (Lazy 0)
[parameter_bridge-3] [INFO] [1787591993.787654107] [ros_gz_bridge]: Creating ROS->GZ Bridge: [/imu (sensor_msgs/msg/Imu) -> /imu (gz.msgs.IMU)] (Lazy 0)
[robot_state_publisher-2] [INFO] [1787591993.787678298] [robot_state_publisher]: got segment base_link
[robot_state_publisher-2] [INFO] [1787591993.787811581] [robot_state_publisher]: got segment camera_link
[robot_state_publisher-2] [INFO] [1787591993.787828247] [robot_state_publisher]: got segment chassis
[robot_state_publisher-2] [INFO] [1787591993.787837156] [robot_state_publisher]: got segment front_left_wheel
[robot_state_publisher-2] [INFO] [1787591993.787847621] [robot_state_publisher]: got segment front_right_wheel
[robot_state_publisher-2] [INFO] [1787591993.787852090] [robot_state_publisher]: got segment imu_link
[robot_state_publisher-2] [INFO] [1787591993.787856205] [robot_state_publisher]: got segment rear_left_wheel
[robot_state_publisher-2] [INFO] [1787591993.787860005] [robot_state_publisher]: got segment rear_right_wheel
[parameter_bridge-3] [INFO] [1787591993.788682495] [ros_gz_bridge]: Creating GZ->ROS Bridge: [/world/regolith_moon/model/rover/joint_state (gz.msgs.Model) -> /world/regolith_moon/model/rover/joint_state (sensor_msgs/msg/JointState)] (Lazy 0)
[parameter_bridge-3] [INFO] [1787591993.789403783] [ros_gz_bridge]: Creating ROS->GZ Bridge: [/world/regolith_moon/model/rover/joint_state (sensor_msgs/msg/JointState) -> /world/regolith_moon/model/rover/joint_state (gz.msgs.Model)] (Lazy 0)
[parameter_bridge-3] [INFO] [1787591993.790056062] [ros_gz_bridge]: Creating GZ->ROS Bridge: [/model/rover/pose (gz.msgs.Pose) -> /model/rover/pose (geometry_msgs/msg/PoseStamped)] (Lazy 0)
[flip_recovery_node.py-10] [INFO] [1787591994.147979818] [regolith_flip_recovery]: Flip/stuck recovery armed (simulated set_pose backstop for flips, straight-line cmd_vel override for stuck-but-upright)
[wheel_slip_node.py-4] [INFO] [1787591994.167439799] [regolith_wheel_slip]: Wheel-slip ZUPT armed: /odom -> /odom/gated (onboard signals only - wheel odometry and IMU, never ground truth). legacy_rigid_body_signature=True [A/B LEVER: retired signature 2 re-enabled]
[mission_markers_node.py-11] [INFO] [1787591994.224341378] [regolith_mission_markers]: Mission markers active - start at (0.0, 0.0), Gazebo flags on, RViz on /mission_markers
[costmap_node-7] [INFO] [1787591994.235153831] [regolith_costmap]: Published costmap: 256x256 cells at 0.781 m/cell
[planner_node-8] [WARN] [1787591999.432796087] [regolith_planner]: No costmap or current pose yet - ignoring goal
[planner_node-8] [INFO] [1787592009.499298770] [regolith_planner]: Planned path: 103 waypoints, start=(128, 128) goal=(52, 73)
[parameter_bridge-3] [INFO] [1787592009.838980482] [ros_gz_bridge]: Passing message from ROS geometry_msgs/msg/Twist to Gazebo gz.msgs.Twist (showing msg only once per type)
[costmap_node-7] [WARN] [1787592021.192205180] [regolith_costmap]: Hazard #1 marked at (0.63, -0.50): 13 cells lethal (1.2 m + 0.3 m rover radius). The rover got wedged here; the planner will route around it from now on.
[pure_pursuit_node-9] [INFO] [1787592021.202678811] [regolith_pure_pursuit]: Recovery node has taken over /cmd_vel - pausing path following
[pure_pursuit_node-9] [INFO] [1787592038.804924608] [regolith_pure_pursuit]: Recovery finished - resuming path following
[flip_recovery_node.py-10] [WARN] [1787592038.865608198] [regolith_flip_recovery]: STUCK RECOVERY #1 (escalation level 0, triggered by ground truth; 1 ground-truth / 0 onboard triggers so far). Escape maneuver: reversed 0.20 m/s for 3.0s, then turned left at 0.50 rad/s for 2.0s (sim time, exact - driven by the sim clock directly, not an RTF-estimated wall-clock sleep; RTF over this window measured 0.30x real time, logged for comparison only). A real rover's FDIR could do the same - this is not a simulated teleport.
[planner_node-8] [WARN] [1787592038.867108202] [regolith_planner]: Current-position cell (128, 127) is lethal (drift, or a keep-out zone this rover marked itself) - planning from the nearest free cell (128, 126) instead
[planner_node-8] [INFO] [1787592038.938494550] [regolith_planner]: Planned path: 103 waypoints, start=(128, 126) goal=(52, 73)
[flip_recovery_node.py-10] [WARN] [1787592043.091191312] [regolith_flip_recovery]: STUCK RECOVERY #1 result: ground truth moved 0.60 m during the maneuver - FREED (1/1 escapes have freed the rover so far)
[pure_pursuit_node-9] [WARN] [1787592071.438143365] [regolith_pure_pursuit]: Stalled for 8s - stopping and replanning
[planner_node-8] [WARN] [1787592071.439421530] [regolith_planner]: Current-position cell (128, 127) is lethal (drift, or a keep-out zone this rover marked itself) - planning from the nearest free cell (128, 126) instead
[planner_node-8] [INFO] [1787592071.532114370] [regolith_planner]: Planned path: 103 waypoints, start=(128, 126) goal=(52, 73)
[wheel_slip_node.py-4] [WARN] [1787592720.363746903] [regolith_wheel_slip]: WHEEL SLIP #1: over the last 15.0 s the wheels claim 2.94 m and 0.00 rad of turning; the gyro saw 0.00 rad (66% of it) and the attitude spanned 0.52 deg. Feeding the EKF a zero-velocity update instead of the wheels' claim.
[wheel_slip_node.py-4] [WARN] [1787592740.861581563] [regolith_wheel_slip]: WHEEL SLIP #1 cleared - over the last 5.0 s the wheels claimed 0.00 rad of turning and the gyro corroborated 62895% of it. Phantom distance kept out of the EKF so far: 0.85 m.
[wheel_slip_node.py-4] [WARN] [1787593067.420840177] [regolith_wheel_slip]: WHEEL SLIP #2: over the last 15.0 s the wheels claim 2.57 m and 2.71 rad of turning; the gyro saw 0.39 rad (14% of it) and the attitude spanned 10.55 deg. Feeding the EKF a zero-velocity update instead of the wheels' claim.
[pure_pursuit_node-9] [INFO] [1787593088.016623288] [regolith_pure_pursuit]: Recovery node has taken over /cmd_vel - pausing path following
[pure_pursuit_node-9] [INFO] [1787593088.024208704] [regolith_pure_pursuit]: Costmap changed (a new keep-out zone) - restoring the replan budget: the route being retried is not the one that already failed
[costmap_node-7] [WARN] [1787593088.024232897] [regolith_costmap]: Hazard #2 marked at (-11.23, -38.54): 13 cells lethal (1.2 m + 0.3 m rover radius). The rover got wedged here; the planner will route around it from now on.
[wheel_slip_node.py-4] [WARN] [1787593102.406900100] [regolith_wheel_slip]: WHEEL SLIP #2 cleared - over the last 5.0 s the wheels claimed 0.59 rad of turning and the gyro corroborated 25% of it. Phantom distance kept out of the EKF so far: 2.11 m.
[wheel_slip_node.py-4] [WARN] [1787593102.473126227] [regolith_wheel_slip]: WHEEL SLIP #3: over the last 15.0 s the wheels claim 2.21 m and 3.51 rad of turning; the gyro saw 0.32 rad (9% of it) and the attitude spanned 7.30 deg. Feeding the EKF a zero-velocity update instead of the wheels' claim.
[pure_pursuit_node-9] [INFO] [1787593107.096997634] [regolith_pure_pursuit]: Recovery finished - resuming path following
[flip_recovery_node.py-10] [WARN] [1787593107.157464816] [regolith_flip_recovery]: STUCK RECOVERY #2 (escalation level 0, triggered by wheel slip (onboard); 1 ground-truth / 1 onboard triggers so far). Escape maneuver: reversed 0.20 m/s for 3.0s, then turned left at 0.50 rad/s for 2.0s (sim time, exact - driven by the sim clock directly, not an RTF-estimated wall-clock sleep; RTF over this window measured 0.28x real time, logged for comparison only). A real rover's FDIR could do the same - this is not a simulated teleport.
[planner_node-8] [WARN] [1787593107.159014706] [regolith_planner]: Current-position cell (79, 113) is lethal (drift, or a keep-out zone this rover marked itself) - planning from the nearest free cell (80, 112) instead
[planner_node-8] [INFO] [1787593107.181780673] [regolith_planner]: Planned path: 55 waypoints, start=(80, 112) goal=(52, 73)
[wheel_slip_node.py-4] [WARN] [1787593109.574784388] [regolith_wheel_slip]: WHEEL SLIP #3 cleared - over the last 5.0 s the wheels claimed 0.65 rad of turning and the gyro corroborated 90% of it. Phantom distance kept out of the EKF so far: 2.11 m.
[flip_recovery_node.py-10] [WARN] [1787593111.324954431] [regolith_flip_recovery]: STUCK RECOVERY #2 result: ground truth moved 0.52 m during the maneuver - FREED (2/2 escapes have freed the rover so far)
[wheel_slip_node.py-4] [WARN] [1787593467.168037194] [regolith_wheel_slip]: WHEEL SLIP #4: over the last 15.0 s the wheels claim 2.88 m and 0.01 rad of turning; the gyro saw 0.01 rad (79% of it) and the attitude spanned 0.57 deg. Feeding the EKF a zero-velocity update instead of the wheels' claim.
[pure_pursuit_node-9] [INFO] [1787593489.269004174] [regolith_pure_pursuit]: Recovery node has taken over /cmd_vel - pausing path following
[costmap_node-7] [WARN] [1787593489.276380758] [regolith_costmap]: Hazard #3 marked at (-14.45, -48.32): 13 cells lethal (1.2 m + 0.3 m rover radius). The rover got wedged here; the planner will route around it from now on.
[wheel_slip_node.py-4] [WARN] [1787593519.142208295] [regolith_wheel_slip]: WHEEL SLIP #4 cleared - over the last 5.0 s the wheels claimed 0.00 rad of turning and the gyro corroborated 76% of it. Phantom distance kept out of the EKF so far: 4.27 m.
[wheel_slip_node.py-4] [WARN] [1787593519.234611948] [regolith_wheel_slip]: WHEEL SLIP #5: over the last 15.0 s the wheels claim 2.87 m and 0.01 rad of turning; the gyro saw 0.01 rad (79% of it) and the attitude spanned 0.36 deg. Feeding the EKF a zero-velocity update instead of the wheels' claim.
[wheel_slip_node.py-4] [WARN] [1787593528.105791953] [regolith_wheel_slip]: WHEEL SLIP #5 cleared - over the last 5.0 s the wheels claimed 0.59 rad of turning and the gyro corroborated 75% of it. Phantom distance kept out of the EKF so far: 4.28 m.
[pure_pursuit_node-9] [INFO] [1787593534.122588094] [regolith_pure_pursuit]: Recovery finished - resuming path following
[flip_recovery_node.py-10] [WARN] [1787593534.183390747] [regolith_flip_recovery]: STUCK RECOVERY #3 (escalation level 1, triggered by wheel slip (onboard); 1 ground-truth / 2 onboard triggers so far). Escape maneuver: reversed 0.20 m/s for 6.0s, then turned right at 0.50 rad/s for 3.5s (sim time, exact - driven by the sim clock directly, not an RTF-estimated wall-clock sleep; RTF over this window measured 0.22x real time, logged for comparison only). A real rover's FDIR could do the same - this is not a simulated teleport.
[planner_node-8] [WARN] [1787593534.184809398] [regolith_planner]: Current-position cell (67, 109) is lethal (drift, or a keep-out zone this rover marked itself) - planning from the nearest free cell (68, 108) instead
[planner_node-8] [INFO] [1787593534.200214969] [regolith_planner]: Planned path: 45 waypoints, start=(68, 108) goal=(52, 73)
[flip_recovery_node.py-10] [WARN] [1787593538.162882675] [regolith_flip_recovery]: STUCK RECOVERY #3 result: ground truth moved 1.10 m during the maneuver - FREED (3/3 escapes have freed the rover so far)
[pure_pursuit_node-9] [WARN] [1787593564.779805659] [regolith_pure_pursuit]: Stalled for 8s - stopping and replanning
[planner_node-8] [WARN] [1787593564.781236547] [regolith_planner]: Current-position cell (67, 109) is lethal (drift, or a keep-out zone this rover marked itself) - planning from the nearest free cell (68, 108) instead
[planner_node-8] [INFO] [1787593564.798269192] [regolith_planner]: Planned path: 45 waypoints, start=(68, 108) goal=(52, 73)
[wheel_slip_node.py-4] [WARN] [1787594088.464517734] [regolith_wheel_slip]: WHEEL SLIP #6: over the last 15.0 s the wheels claim 2.52 m and 0.01 rad of turning; the gyro saw 0.00 rad (65% of it) and the attitude spanned 0.50 deg. Feeding the EKF a zero-velocity update instead of the wheels' claim.
[pure_pursuit_node-9] [INFO] [1787594109.094630436] [regolith_pure_pursuit]: Recovery node has taken over /cmd_vel - pausing path following
[costmap_node-7] [WARN] [1787594109.102127423] [regolith_costmap]: Hazard #4 marked at (-29.29, -55.08): 13 cells lethal (1.2 m + 0.3 m rover radius). The rover got wedged here; the planner will route around it from now on.
[pure_pursuit_node-9] [INFO] [1787594109.102314341] [regolith_pure_pursuit]: Costmap changed (a new keep-out zone) - restoring the replan budget: the route being retried is not the one that already failed
[wheel_slip_node.py-4] [WARN] [1787594123.355796498] [regolith_wheel_slip]: WHEEL SLIP #6 cleared - over the last 5.0 s the wheels claimed 0.01 rad of turning and the gyro corroborated 65% of it. Phantom distance kept out of the EKF so far: 5.71 m.
[wheel_slip_node.py-4] [WARN] [1787594123.443646518] [regolith_wheel_slip]: WHEEL SLIP #7: over the last 15.0 s the wheels claim 2.56 m and 0.01 rad of turning; the gyro saw 0.01 rad (65% of it) and the attitude spanned 0.34 deg. Feeding the EKF a zero-velocity update instead of the wheels' claim.
[pure_pursuit_node-9] [INFO] [1787594132.040913033] [regolith_pure_pursuit]: Recovery finished - resuming path following
[flip_recovery_node.py-10] [WARN] [1787594132.101495099] [regolith_flip_recovery]: STUCK RECOVERY #4 (escalation level 0, triggered by wheel slip (onboard); 1 ground-truth / 3 onboard triggers so far). Escape maneuver: reversed 0.20 m/s for 3.0s, then turned left at 0.50 rad/s for 2.0s (sim time, exact - driven by the sim clock directly, not an RTF-estimated wall-clock sleep; RTF over this window measured 0.23x real time, logged for comparison only). A real rover's FDIR could do the same - this is not a simulated teleport.
[planner_node-8] [WARN] [1787594132.102880584] [regolith_planner]: Current-position cell (57, 91) is lethal (drift, or a keep-out zone this rover marked itself) - planning from the nearest free cell (58, 92) instead
[planner_node-8] [INFO] [1787594132.108148767] [regolith_planner]: Planned path: 20 waypoints, start=(58, 92) goal=(52, 73)
[wheel_slip_node.py-4] [WARN] [1787594132.867725016] [regolith_wheel_slip]: WHEEL SLIP #7 cleared - over the last 5.0 s the wheels claimed 0.58 rad of turning and the gyro corroborated 65% of it. Phantom distance kept out of the EKF so far: 5.71 m.
[flip_recovery_node.py-10] [WARN] [1787594137.012593290] [regolith_flip_recovery]: STUCK RECOVERY #4 result: ground truth moved 0.52 m during the maneuver - FREED (4/4 escapes have freed the rover so far)
[pure_pursuit_node-9] [WARN] [1787594168.746835872] [regolith_pure_pursuit]: Stalled for 8s - stopping and replanning
[planner_node-8] [WARN] [1787594168.748421305] [regolith_planner]: Current-position cell (57, 91) is lethal (drift, or a keep-out zone this rover marked itself) - planning from the nearest free cell (58, 92) instead
[planner_node-8] [INFO] [1787594168.755770473] [regolith_planner]: Planned path: 20 waypoints, start=(58, 92) goal=(52, 73)
[pure_pursuit_node-9] [INFO] [1787594660.490081496] [regolith_pure_pursuit]: Goal reached (within 0.35 m of the commanded goal)
