[INFO] [launch]: All log files can be found below /home/balazs/.ros/log/2026-08-25-00-34-53-338531-DESKTOP-IE5MOME-20177
[INFO] [launch]: Default logging verbosity is set to INFO
[hello_moon.launch] Using ROS_DOMAIN_ID=36 (isolated DDS domain for this launch - see PROGRESS.md)
[INFO] [ruby $(which gz) sim-1]: process started with pid [20221]
[INFO] [robot_state_publisher-2]: process started with pid [20224]
[INFO] [parameter_bridge-3]: process started with pid [20226]
[INFO] [wheel_slip_node.py-4]: process started with pid [20229]
[INFO] [sensor_covariance_relay.py-5]: process started with pid [20231]
[INFO] [ekf_node-6]: process started with pid [20233]
[INFO] [costmap_node-7]: process started with pid [20235]
[INFO] [planner_node-8]: process started with pid [20237]
[INFO] [pure_pursuit_node-9]: process started with pid [20239]
[INFO] [flip_recovery_node.py-10]: process started with pid [20241]
[INFO] [mission_markers_node.py-11]: process started with pid [20243]
[parameter_bridge-3] [INFO] [1787614494.771553422] [ros_gz_bridge]: Creating GZ->ROS Bridge: [/clock (gz.msgs.Clock) -> /clock (rosgraph_msgs/msg/Clock)] (Lazy 0)
[parameter_bridge-3] [INFO] [1787614494.772330233] [ros_gz_bridge]: Creating GZ->ROS Bridge: [/cmd_vel (gz.msgs.Twist) -> /cmd_vel (geometry_msgs/msg/Twist)] (Lazy 0)
[parameter_bridge-3] [INFO] [1787614494.773900284] [ros_gz_bridge]: Creating ROS->GZ Bridge: [/cmd_vel (geometry_msgs/msg/Twist) -> /cmd_vel (gz.msgs.Twist)] (Lazy 0)
[parameter_bridge-3] [INFO] [1787614494.774591519] [ros_gz_bridge]: Creating GZ->ROS Bridge: [/odometry (gz.msgs.Odometry) -> /odometry (nav_msgs/msg/Odometry)] (Lazy 0)
[parameter_bridge-3] [INFO] [1787614494.775850968] [ros_gz_bridge]: Creating ROS->GZ Bridge: [/odometry (nav_msgs/msg/Odometry) -> /odometry (gz.msgs.Odometry)] (Lazy 0)
[parameter_bridge-3] [INFO] [1787614494.776303242] [ros_gz_bridge]: Creating GZ->ROS Bridge: [/camera (gz.msgs.Image) -> /camera (sensor_msgs/msg/Image)] (Lazy 0)
[parameter_bridge-3] [INFO] [1787614494.777399476] [ros_gz_bridge]: Creating ROS->GZ Bridge: [/camera (sensor_msgs/msg/Image) -> /camera (gz.msgs.Image)] (Lazy 0)
[parameter_bridge-3] [INFO] [1787614494.778039499] [ros_gz_bridge]: Creating GZ->ROS Bridge: [/camera_info (gz.msgs.CameraInfo) -> /camera_info (sensor_msgs/msg/CameraInfo)] (Lazy 0)
[parameter_bridge-3] [INFO] [1787614494.778731842] [ros_gz_bridge]: Creating ROS->GZ Bridge: [/camera_info (sensor_msgs/msg/CameraInfo) -> /camera_info (gz.msgs.CameraInfo)] (Lazy 0)
[parameter_bridge-3] [INFO] [1787614494.779185661] [ros_gz_bridge]: Creating GZ->ROS Bridge: [/depth_camera (gz.msgs.Image) -> /depth_camera (sensor_msgs/msg/Image)] (Lazy 0)
[parameter_bridge-3] [INFO] [1787614494.779525461] [ros_gz_bridge]: Creating ROS->GZ Bridge: [/depth_camera (sensor_msgs/msg/Image) -> /depth_camera (gz.msgs.Image)] (Lazy 0)
[parameter_bridge-3] [INFO] [1787614494.779864424] [ros_gz_bridge]: Creating GZ->ROS Bridge: [/imu (gz.msgs.IMU) -> /imu (sensor_msgs/msg/Imu)] (Lazy 0)
[parameter_bridge-3] [INFO] [1787614494.780256842] [ros_gz_bridge]: Creating ROS->GZ Bridge: [/imu (sensor_msgs/msg/Imu) -> /imu (gz.msgs.IMU)] (Lazy 0)
[parameter_bridge-3] [INFO] [1787614494.780632562] [ros_gz_bridge]: Creating GZ->ROS Bridge: [/world/regolith_moon/model/rover/joint_state (gz.msgs.Model) -> /world/regolith_moon/model/rover/joint_state (sensor_msgs/msg/JointState)] (Lazy 0)
[parameter_bridge-3] [INFO] [1787614494.780990467] [ros_gz_bridge]: Creating ROS->GZ Bridge: [/world/regolith_moon/model/rover/joint_state (sensor_msgs/msg/JointState) -> /world/regolith_moon/model/rover/joint_state (gz.msgs.Model)] (Lazy 0)
[parameter_bridge-3] [INFO] [1787614494.781470673] [ros_gz_bridge]: Creating GZ->ROS Bridge: [/model/rover/pose (gz.msgs.Pose) -> /model/rover/pose (geometry_msgs/msg/PoseStamped)] (Lazy 0)
[robot_state_publisher-2] [INFO] [1787614494.782576477] [robot_state_publisher]: got segment base_link
[robot_state_publisher-2] [INFO] [1787614494.782733183] [robot_state_publisher]: got segment camera_link
[robot_state_publisher-2] [INFO] [1787614494.782746392] [robot_state_publisher]: got segment chassis
[robot_state_publisher-2] [INFO] [1787614494.782751168] [robot_state_publisher]: got segment front_left_wheel
[robot_state_publisher-2] [INFO] [1787614494.782767338] [robot_state_publisher]: got segment front_right_wheel
[robot_state_publisher-2] [INFO] [1787614494.782774007] [robot_state_publisher]: got segment imu_link
[robot_state_publisher-2] [INFO] [1787614494.782778274] [robot_state_publisher]: got segment rear_left_wheel
[robot_state_publisher-2] [INFO] [1787614494.782782272] [robot_state_publisher]: got segment rear_right_wheel
[wheel_slip_node.py-4] [INFO] [1787614495.147416485] [regolith_wheel_slip]: Wheel-slip ZUPT armed: /odom -> /odom/gated (onboard signals only - wheel odometry and IMU, never ground truth). legacy_rigid_body_signature=False
[flip_recovery_node.py-10] [INFO] [1787614495.160543704] [regolith_flip_recovery]: Flip/stuck recovery armed (simulated set_pose backstop for flips, straight-line cmd_vel override for stuck-but-upright)
[mission_markers_node.py-11] [INFO] [1787614495.258504977] [regolith_mission_markers]: Mission markers active - start at (0.0, 0.0), Gazebo flags on, RViz on /mission_markers
[costmap_node-7] [INFO] [1787614495.268379012] [regolith_costmap]: Published costmap: 256x256 cells at 0.781 m/cell
[planner_node-8] [WARN] [1787614499.441281095] [regolith_planner]: No costmap or current pose yet - ignoring goal
[planner_node-8] [INFO] [1787614509.490584515] [regolith_planner]: Planned path: 103 waypoints, start=(128, 128) goal=(52, 73)
[parameter_bridge-3] [INFO] [1787614509.600768469] [ros_gz_bridge]: Passing message from ROS geometry_msgs/msg/Twist to Gazebo gz.msgs.Twist (showing msg only once per type)
[costmap_node-7] [WARN] [1787614519.808621812] [regolith_costmap]: Hazard #1 marked at (0.64, -0.48): 13 cells lethal (1.2 m + 0.3 m rover radius). The rover got wedged here; the planner will route around it from now on.
[pure_pursuit_node-9] [INFO] [1787614519.819982520] [regolith_pure_pursuit]: Recovery node has taken over /cmd_vel - pausing path following
[pure_pursuit_node-9] [INFO] [1787614536.427423919] [regolith_pure_pursuit]: Recovery finished - resuming path following
[flip_recovery_node.py-10] [WARN] [1787614536.488082003] [regolith_flip_recovery]: STUCK RECOVERY #1 (escalation level 0, triggered by ground truth; 1 ground-truth / 0 onboard triggers so far). Escape maneuver: reversed 0.20 m/s for 3.0s, then turned left at 0.50 rad/s for 2.0s (sim time, exact - driven by the sim clock directly, not an RTF-estimated wall-clock sleep; RTF over this window measured 0.30x real time, logged for comparison only). A real rover's FDIR could do the same - this is not a simulated teleport.
[planner_node-8] [WARN] [1787614536.489648588] [regolith_planner]: Current-position cell (128, 127) is lethal (drift, or a keep-out zone this rover marked itself) - planning from the nearest free cell (128, 126) instead
[planner_node-8] [INFO] [1787614536.563820856] [regolith_planner]: Planned path: 103 waypoints, start=(128, 126) goal=(52, 73)
[flip_recovery_node.py-10] [WARN] [1787614540.473587949] [regolith_flip_recovery]: STUCK RECOVERY #1 result: ground truth moved 0.60 m during the maneuver - FREED (1/1 escapes have freed the rover so far)
[pure_pursuit_node-9] [WARN] [1787614563.704812588] [regolith_pure_pursuit]: Stalled for 8s - stopping and replanning
[planner_node-8] [WARN] [1787614563.705980999] [regolith_planner]: Current-position cell (128, 127) is lethal (drift, or a keep-out zone this rover marked itself) - planning from the nearest free cell (128, 126) instead
[planner_node-8] [INFO] [1787614563.793333660] [regolith_planner]: Planned path: 103 waypoints, start=(128, 126) goal=(52, 73)
[wheel_slip_node.py-4] [WARN] [1787615322.260950776] [regolith_wheel_slip]: WHEEL SLIP #1: over the last 15.0 s the wheels claim 2.64 m and 2.27 rad of turning; the gyro saw 0.33 rad (14% of it) and the attitude spanned 10.65 deg. Feeding the EKF a zero-velocity update instead of the wheels' claim.
[pure_pursuit_node-9] [INFO] [1787615338.808620159] [regolith_pure_pursuit]: Recovery node has taken over /cmd_vel - pausing path following
[costmap_node-7] [WARN] [1787615338.815150180] [regolith_costmap]: Hazard #2 marked at (-11.12, -38.27): 13 cells lethal (1.2 m + 0.3 m rover radius). The rover got wedged here; the planner will route around it from now on.
[pure_pursuit_node-9] [INFO] [1787615338.815432524] [regolith_pure_pursuit]: Costmap changed (a new keep-out zone) - restoring the replan budget: the route being retried is not the one that already failed
[wheel_slip_node.py-4] [WARN] [1787615350.830078929] [regolith_wheel_slip]: WHEEL SLIP #1 cleared - over the last 5.0 s the wheels claimed 0.59 rad of turning and the gyro corroborated 25% of it. Phantom distance kept out of the EKF so far: 1.31 m.
[wheel_slip_node.py-4] [WARN] [1787615350.897121505] [regolith_wheel_slip]: WHEEL SLIP #2: over the last 15.0 s the wheels claim 2.31 m and 3.42 rad of turning; the gyro saw 0.35 rad (10% of it) and the attitude spanned 6.55 deg. Feeding the EKF a zero-velocity update instead of the wheels' claim.
[pure_pursuit_node-9] [INFO] [1787615355.281339857] [regolith_pure_pursuit]: Recovery finished - resuming path following
[flip_recovery_node.py-10] [WARN] [1787615355.341939650] [regolith_flip_recovery]: STUCK RECOVERY #2 (escalation level 0, triggered by wheel slip (onboard); 1 ground-truth / 1 onboard triggers so far). Escape maneuver: reversed 0.20 m/s for 3.0s, then turned left at 0.50 rad/s for 2.0s (sim time, exact - driven by the sim clock directly, not an RTF-estimated wall-clock sleep; RTF over this window measured 0.31x real time, logged for comparison only). A real rover's FDIR could do the same - this is not a simulated teleport.
[planner_node-8] [WARN] [1787615355.343713241] [regolith_planner]: Current-position cell (80, 113) is lethal (drift, or a keep-out zone this rover marked itself) - planning from the nearest free cell (81, 112) instead
[planner_node-8] [INFO] [1787615355.368532688] [regolith_planner]: Planned path: 56 waypoints, start=(81, 112) goal=(52, 73)
[wheel_slip_node.py-4] [WARN] [1787615357.487384809] [regolith_wheel_slip]: WHEEL SLIP #2 cleared - over the last 5.0 s the wheels claimed 0.64 rad of turning and the gyro corroborated 88% of it. Phantom distance kept out of the EKF so far: 1.31 m.
[flip_recovery_node.py-10] [WARN] [1787615359.295704004] [regolith_flip_recovery]: STUCK RECOVERY #2 result: ground truth moved 0.52 m during the maneuver - FREED (2/2 escapes have freed the rover so far)
[pure_pursuit_node-9] [WARN] [1787615382.143385331] [regolith_pure_pursuit]: Stalled for 8s - stopping and replanning
[planner_node-8] [WARN] [1787615382.144701667] [regolith_planner]: Current-position cell (79, 113) is lethal (drift, or a keep-out zone this rover marked itself) - planning from the nearest free cell (77, 112) instead
[planner_node-8] [INFO] [1787615382.166288474] [regolith_planner]: Planned path: 52 waypoints, start=(77, 112) goal=(52, 73)
[pure_pursuit_node-9] [INFO] [1787616305.751345318] [regolith_pure_pursuit]: Goal reached (within 0.35 m of the commanded goal)
