
=== seed 123, map=degraded (--dem-post-m 2.0 --dem-noise-m 0.02 --dem-shift-m 0.5), rep 1 - 11:22:44 ===
Results -> /home/balazs/regolith/dem_quality_campaign/seed123_degraded_rep1

=== seed 123 ===
[seed 123] goal (-53.01, -32.34), 62.1 m straight line, valid=True (clear=True, connected=True)
[seed 123] launch is on ROS_DOMAIN_ID=74
[seed 123] PASS - ground truth 1.5 m from the goal after 73.0 m travelled, EKF divergence 0.9 m, 3 stuck events, 0 flips, 5 wheel-slip events

=== M4 acceptance: 1/1 (judged on ground truth) [TERRAIN-RELATIVE FIX ON - onboard sensors, a milestone result] [DEGRADED A-PRIORI DEM: 2.0 m posts, 0.02 m noise, 0.5 m registration shift] ===
    sensor suite: wheel odometry + IMU + terrain-relative fix
    rover stops within: 0.35 m of the commanded goal (bar is 1.50 m)
  seed              verdict  gt error  travelled   diverg  stuck  flips  slips
   123                 PASS      1.5m      73.0m     0.9m      3      0      5
=== finished 12:01:33 ===

=== seed 123, map=perfect (--dem-post-m 0 --dem-noise-m 0 --dem-shift-m 0), rep 1 - 12:01:43 ===
Results -> /home/balazs/regolith/dem_quality_campaign/seed123_perfect_rep1

=== seed 123 ===
[seed 123] goal (-53.01, -32.34), 62.1 m straight line, valid=True (clear=True, connected=True)
[seed 123] launch is on ROS_DOMAIN_ID=11
[seed 123] PASS - ground truth 1.5 m from the goal after 89.6 m travelled, EKF divergence 0.3 m, 7 stuck events, 0 flips, 7 wheel-slip events

=== M4 acceptance: 1/1 (judged on ground truth) [TERRAIN-RELATIVE FIX ON - onboard sensors, a milestone result] ===
    sensor suite: wheel odometry + IMU + terrain-relative fix
    rover stops within: 0.35 m of the commanded goal (bar is 1.50 m)
  seed              verdict  gt error  travelled   diverg  stuck  flips  slips
   123                 PASS      1.5m      89.6m     0.3m      7      0      7
=== finished 12:57:19 ===

=== seed 123, map=noisy (--dem-post-m 2.0 --dem-noise-m 0.10 --dem-shift-m 0), rep 1 - 12:57:29 ===
Results -> /home/balazs/regolith/dem_quality_campaign/seed123_noisy_rep1

=== seed 123 ===
[seed 123] goal (-53.01, -32.34), 62.1 m straight line, valid=True (clear=True, connected=True)
[seed 123] launch is on ROS_DOMAIN_ID=79
[seed 123] PASS - ground truth 1.5 m from the goal after 105.1 m travelled, EKF divergence 1.1 m, 10 stuck events, 0 flips, 12 wheel-slip events

=== M4 acceptance: 1/1 (judged on ground truth) [TERRAIN-RELATIVE FIX ON - onboard sensors, a milestone result] [DEGRADED A-PRIORI DEM: 2.0 m posts, 0.1 m noise, 0.0 m registration shift] ===
    sensor suite: wheel odometry + IMU + terrain-relative fix
    rover stops within: 0.35 m of the commanded goal (bar is 1.50 m)
  seed              verdict  gt error  travelled   diverg  stuck  flips  slips
   123                 PASS      1.5m     105.1m     1.1m     10      0     12
=== finished 14:13:08 ===

=== seed 123, map=degraded (--dem-post-m 2.0 --dem-noise-m 0.02 --dem-shift-m 0.5), rep 2 - 14:13:17 ===
Results -> /home/balazs/regolith/dem_quality_campaign/seed123_degraded_rep2

=== seed 123 ===
[seed 123] goal (-53.01, -32.34), 62.1 m straight line, valid=True (clear=True, connected=True)
[seed 123] launch is on ROS_DOMAIN_ID=54
[seed 123] PASS - ground truth 1.5 m from the goal after 79.7 m travelled, EKF divergence 0.6 m, 4 stuck events, 0 flips, 11 wheel-slip events

=== M4 acceptance: 1/1 (judged on ground truth) [TERRAIN-RELATIVE FIX ON - onboard sensors, a milestone result] [DEGRADED A-PRIORI DEM: 2.0 m posts, 0.02 m noise, 0.5 m registration shift] ===
    sensor suite: wheel odometry + IMU + terrain-relative fix
    rover stops within: 0.35 m of the commanded goal (bar is 1.50 m)
  seed              verdict  gt error  travelled   diverg  stuck  flips  slips
   123                 PASS      1.5m      79.7m     0.6m      4      0     11
=== finished 14:55:25 ===

=== seed 123, map=perfect (--dem-post-m 0 --dem-noise-m 0 --dem-shift-m 0), rep 2 - 14:55:35 ===
Results -> /home/balazs/regolith/dem_quality_campaign/seed123_perfect_rep2

=== seed 123 ===
[seed 123] goal (-53.01, -32.34), 62.1 m straight line, valid=True (clear=True, connected=True)
[seed 123] launch is on ROS_DOMAIN_ID=35
[seed 123] PASS - ground truth 1.5 m from the goal after 98.4 m travelled, EKF divergence 0.2 m, 8 stuck events, 0 flips, 17 wheel-slip events

=== M4 acceptance: 1/1 (judged on ground truth) [TERRAIN-RELATIVE FIX ON - onboard sensors, a milestone result] ===
    sensor suite: wheel odometry + IMU + terrain-relative fix
    rover stops within: 0.35 m of the commanded goal (bar is 1.50 m)
  seed              verdict  gt error  travelled   diverg  stuck  flips  slips
   123                 PASS      1.5m      98.4m     0.2m      8      0     17
=== finished 16:03:23 ===

=== seed 123, map=noisy (--dem-post-m 2.0 --dem-noise-m 0.10 --dem-shift-m 0), rep 2 - 16:03:32 ===
Results -> /home/balazs/regolith/dem_quality_campaign/seed123_noisy_rep2

=== seed 123 ===
[seed 123] goal (-53.01, -32.34), 62.1 m straight line, valid=True (clear=True, connected=True)
[seed 123] launch is on ROS_DOMAIN_ID=54
[seed 123] PASS - ground truth 1.5 m from the goal after 75.3 m travelled, EKF divergence 1.1 m, 0 stuck events, 0 flips, 0 wheel-slip events

=== M4 acceptance: 1/1 (judged on ground truth) [TERRAIN-RELATIVE FIX ON - onboard sensors, a milestone result] [DEGRADED A-PRIORI DEM: 2.0 m posts, 0.1 m noise, 0.0 m registration shift] ===
    sensor suite: wheel odometry + IMU + terrain-relative fix
    rover stops within: 0.35 m of the commanded goal (bar is 1.50 m)
  seed              verdict  gt error  travelled   diverg  stuck  flips  slips
   123                 PASS      1.5m      75.3m     1.1m      0      0      0
=== finished 16:53:15 ===
campaign complete - 16:53:23
