[INFO] [launch]: All log files can be found below /home/balazs/.ros/log/2026-08-22-16-20-59-022699-DESKTOP-IE5MOME-98682
[INFO] [launch]: Default logging verbosity is set to INFO
[hello_moon.launch] Using ROS_DOMAIN_ID=94 (isolated DDS domain for this launch - see PROGRESS.md)
[INFO] [ruby $(which gz) sim-1]: process started with pid [98726]
[INFO] [robot_state_publisher-2]: process started with pid [98728]
[INFO] [parameter_bridge-3]: process started with pid [98731]
[INFO] [wheel_slip_node.py-4]: process started with pid [98733]
[INFO] [sensor_covariance_relay.py-5]: process started with pid [98736]
[INFO] [ekf_node-6]: process started with pid [98738]
[INFO] [costmap_node-7]: process started with pid [98740]
[INFO] [planner_node-8]: process started with pid [98742]
[INFO] [pure_pursuit_node-9]: process started with pid [98744]
[INFO] [flip_recovery_node.py-10]: process started with pid [98746]
[INFO] [mission_markers_node.py-11]: process started with pid [98748]
[parameter_bridge-3] [INFO] [1787412060.656930509] [ros_gz_bridge]: Creating GZ->ROS Bridge: [/clock (gz.msgs.Clock) -> /clock (rosgraph_msgs/msg/Clock)] (Lazy 0)
[parameter_bridge-3] [INFO] [1787412060.658445845] [ros_gz_bridge]: Creating GZ->ROS Bridge: [/cmd_vel (gz.msgs.Twist) -> /cmd_vel (geometry_msgs/msg/Twist)] (Lazy 0)
[parameter_bridge-3] [INFO] [1787412060.660832913] [ros_gz_bridge]: Creating ROS->GZ Bridge: [/cmd_vel (geometry_msgs/msg/Twist) -> /cmd_vel (gz.msgs.Twist)] (Lazy 0)
[parameter_bridge-3] [INFO] [1787412060.662514208] [ros_gz_bridge]: Creating GZ->ROS Bridge: [/odometry (gz.msgs.Odometry) -> /odometry (nav_msgs/msg/Odometry)] (Lazy 0)
[robot_state_publisher-2] [INFO] [1787412060.663069292] [robot_state_publisher]: got segment base_link
[robot_state_publisher-2] [INFO] [1787412060.663233261] [robot_state_publisher]: got segment camera_link
[robot_state_publisher-2] [INFO] [1787412060.663255475] [robot_state_publisher]: got segment chassis
[robot_state_publisher-2] [INFO] [1787412060.663261229] [robot_state_publisher]: got segment front_left_wheel
[robot_state_publisher-2] [INFO] [1787412060.663266309] [robot_state_publisher]: got segment front_right_wheel
[robot_state_publisher-2] [INFO] [1787412060.663273699] [robot_state_publisher]: got segment imu_link
[robot_state_publisher-2] [INFO] [1787412060.663279079] [robot_state_publisher]: got segment rear_left_wheel
[robot_state_publisher-2] [INFO] [1787412060.663286159] [robot_state_publisher]: got segment rear_right_wheel
[parameter_bridge-3] [INFO] [1787412060.665349359] [ros_gz_bridge]: Creating ROS->GZ Bridge: [/odometry (nav_msgs/msg/Odometry) -> /odometry (gz.msgs.Odometry)] (Lazy 0)
[parameter_bridge-3] [INFO] [1787412060.666385270] [ros_gz_bridge]: Creating GZ->ROS Bridge: [/camera (gz.msgs.Image) -> /camera (sensor_msgs/msg/Image)] (Lazy 0)
[parameter_bridge-3] [INFO] [1787412060.668292116] [ros_gz_bridge]: Creating ROS->GZ Bridge: [/camera (sensor_msgs/msg/Image) -> /camera (gz.msgs.Image)] (Lazy 0)
[parameter_bridge-3] [INFO] [1787412060.669386241] [ros_gz_bridge]: Creating GZ->ROS Bridge: [/camera_info (gz.msgs.CameraInfo) -> /camera_info (sensor_msgs/msg/CameraInfo)] (Lazy 0)
[parameter_bridge-3] [INFO] [1787412060.670876935] [ros_gz_bridge]: Creating ROS->GZ Bridge: [/camera_info (sensor_msgs/msg/CameraInfo) -> /camera_info (gz.msgs.CameraInfo)] (Lazy 0)
[parameter_bridge-3] [INFO] [1787412060.672170365] [ros_gz_bridge]: Creating GZ->ROS Bridge: [/depth_camera (gz.msgs.Image) -> /depth_camera (sensor_msgs/msg/Image)] (Lazy 0)
[parameter_bridge-3] [INFO] [1787412060.672986060] [ros_gz_bridge]: Creating ROS->GZ Bridge: [/depth_camera (sensor_msgs/msg/Image) -> /depth_camera (gz.msgs.Image)] (Lazy 0)
[parameter_bridge-3] [INFO] [1787412060.673915125] [ros_gz_bridge]: Creating GZ->ROS Bridge: [/imu (gz.msgs.IMU) -> /imu (sensor_msgs/msg/Imu)] (Lazy 0)
[parameter_bridge-3] [INFO] [1787412060.675119571] [ros_gz_bridge]: Creating ROS->GZ Bridge: [/imu (sensor_msgs/msg/Imu) -> /imu (gz.msgs.IMU)] (Lazy 0)
[parameter_bridge-3] [INFO] [1787412060.676135824] [ros_gz_bridge]: Creating GZ->ROS Bridge: [/world/regolith_moon/model/rover/joint_state (gz.msgs.Model) -> /world/regolith_moon/model/rover/joint_state (sensor_msgs/msg/JointState)] (Lazy 0)
[parameter_bridge-3] [INFO] [1787412060.677156440] [ros_gz_bridge]: Creating ROS->GZ Bridge: [/world/regolith_moon/model/rover/joint_state (sensor_msgs/msg/JointState) -> /world/regolith_moon/model/rover/joint_state (gz.msgs.Model)] (Lazy 0)
[parameter_bridge-3] [INFO] [1787412060.678304886] [ros_gz_bridge]: Creating GZ->ROS Bridge: [/model/rover/pose (gz.msgs.Pose) -> /model/rover/pose (geometry_msgs/msg/PoseStamped)] (Lazy 0)
[flip_recovery_node.py-10] [INFO] [1787412061.163112295] [regolith_flip_recovery]: Flip/stuck recovery armed (simulated set_pose backstop for flips, straight-line cmd_vel override for stuck-but-upright)
[wheel_slip_node.py-4] [INFO] [1787412061.189056097] [regolith_wheel_slip]: Wheel-slip ZUPT armed: /odom -> /odom/gated (onboard signals only - wheel odometry and IMU, never ground truth). legacy_rigid_body_signature=False
[mission_markers_node.py-11] [INFO] [1787412061.276719088] [regolith_mission_markers]: Mission markers active - start at (0.0, 0.0), Gazebo flags on, RViz on /mission_markers
[costmap_node-7] [INFO] [1787412061.284918441] [regolith_costmap]: Published costmap: 256x256 cells at 0.781 m/cell
[planner_node-8] [WARN] [1787412065.158776695] [regolith_planner]: No costmap or current pose yet - ignoring goal
[planner_node-8] [INFO] [1787412075.194994573] [regolith_planner]: Planned path: 82 waypoints, start=(128, 127) goal=(152, 50)
[parameter_bridge-3] [INFO] [1787412075.476631941] [ros_gz_bridge]: Passing message from ROS geometry_msgs/msg/Twist to Gazebo gz.msgs.Twist (showing msg only once per type)
[costmap_node-7] [WARN] [1787412086.485575626] [regolith_costmap]: Hazard #1 marked at (0.57, 0.56): 13 cells lethal (1.2 m + 0.3 m rover radius). The rover got wedged here; the planner will route around it from now on.
[pure_pursuit_node-9] [INFO] [1787412086.499762511] [regolith_pure_pursuit]: Recovery node has taken over /cmd_vel - pausing path following
[pure_pursuit_node-9] [INFO] [1787412103.568867648] [regolith_pure_pursuit]: Recovery finished - resuming path following
[flip_recovery_node.py-10] [WARN] [1787412103.629879341] [regolith_flip_recovery]: STUCK RECOVERY #1 (escalation level 0, triggered by ground truth; 1 ground-truth / 0 onboard triggers so far). Escape maneuver: reversed 0.20 m/s for 3.0s, then turned left at 0.50 rad/s for 2.0s (sim time, at a measured 0.29x real time). A real rover's FDIR could do the same - this is not a simulated teleport.
[planner_node-8] [WARN] [1787412103.631541543] [regolith_planner]: Current-position cell (127, 127) is lethal (drift, or a keep-out zone this rover marked itself) - planning from the nearest free cell (126, 127) instead
[planner_node-8] [INFO] [1787412103.703311746] [regolith_planner]: Planned path: 82 waypoints, start=(126, 127) goal=(152, 50)
[flip_recovery_node.py-10] [WARN] [1787412106.582891644] [regolith_flip_recovery]: STUCK RECOVERY #1 result: ground truth moved 0.50 m during the maneuver - FREED (1/1 escapes have freed the rover so far)
[pure_pursuit_node-9] [WARN] [1787412135.506856167] [regolith_pure_pursuit]: Stalled for 8s - stopping and replanning
[planner_node-8] [WARN] [1787412135.508051256] [regolith_planner]: Current-position cell (127, 127) is lethal (drift, or a keep-out zone this rover marked itself) - planning from the nearest free cell (126, 127) instead
[pure_pursuit_node-9] [INFO] [1787412135.508422707] [regolith_pure_pursuit]: Recovery node has taken over /cmd_vel - pausing path following
[costmap_node-7] [WARN] [1787412135.516145751] [regolith_costmap]: Hazard #2 marked at (-1.15, -0.31): 13 cells lethal (1.2 m + 0.3 m rover radius). The rover got wedged here; the planner will route around it from now on.
[pure_pursuit_node-9] [INFO] [1787412135.516531120] [regolith_pure_pursuit]: Costmap changed (a new keep-out zone) - restoring the replan budget: the route being retried is not the one that already failed
[planner_node-8] [INFO] [1787412135.564137063] [regolith_planner]: Planned path: 82 waypoints, start=(126, 127) goal=(152, 50)
[pure_pursuit_node-9] [INFO] [1787412170.190834327] [regolith_pure_pursuit]: Recovery finished - resuming path following
[flip_recovery_node.py-10] [WARN] [1787412170.251932358] [regolith_flip_recovery]: STUCK RECOVERY #2 (escalation level 1, triggered by ground truth; 2 ground-truth / 0 onboard triggers so far). Escape maneuver: reversed 0.20 m/s for 6.0s, then turned right at 0.50 rad/s for 3.5s (sim time, at a measured 0.25x real time). A real rover's FDIR could do the same - this is not a simulated teleport.
[planner_node-8] [WARN] [1787412170.254093838] [regolith_planner]: Current-position cell (127, 129) is lethal (drift, or a keep-out zone this rover marked itself) - planning from the nearest free cell (126, 129) instead
[flip_recovery_node.py-10] [WARN] [1787412170.257065490] [regolith_flip_recovery]: STUCK RECOVERY #2 result: ground truth moved 0.05 m during the maneuver - STILL WEDGED (1/2 escapes have freed the rover so far)
[planner_node-8] [INFO] [1787412170.346587491] [regolith_planner]: Planned path: 84 waypoints, start=(126, 129) goal=(152, 50)
[pure_pursuit_node-9] [INFO] [1787412183.727475722] [regolith_pure_pursuit]: Recovery node has taken over /cmd_vel - pausing path following
[costmap_node-7] [WARN] [1787412183.733749616] [regolith_costmap]: Hazard #3 marked at (0.10, -0.27): 13 cells lethal (1.2 m + 0.3 m rover radius). The rover got wedged here; the planner will route around it from now on.
[pure_pursuit_node-9] [INFO] [1787412241.865606265] [regolith_pure_pursuit]: Recovery finished - resuming path following
[flip_recovery_node.py-10] [WARN] [1787412241.926347522] [regolith_flip_recovery]: STUCK RECOVERY #3 (escalation level 2, triggered by ground truth; 3 ground-truth / 0 onboard triggers so far). Escape maneuver: reversed 0.20 m/s for 10.0s, then turned left at 0.50 rad/s for 5.0s (sim time, at a measured 0.24x real time). A real rover's FDIR could do the same - this is not a simulated teleport.
[planner_node-8] [INFO] [1787412241.992242085] [regolith_planner]: Planned path: 86 waypoints, start=(126, 131) goal=(152, 50)
[flip_recovery_node.py-10] [WARN] [1787412246.452670225] [regolith_flip_recovery]: STUCK RECOVERY #3 result: ground truth moved 2.09 m during the maneuver - FREED (2/3 escapes have freed the rover so far)
[wheel_slip_node.py-4] [WARN] [1787413030.267408699] [regolith_wheel_slip]: WHEEL SLIP #1: over the last 15.0 s the wheels claim 2.70 m and 1.64 rad of turning; the gyro saw 0.24 rad (14% of it) and the attitude spanned 4.85 deg. Feeding the EKF a zero-velocity update instead of the wheels' claim.
[pure_pursuit_node-9] [INFO] [1787413048.634936406] [regolith_pure_pursuit]: Recovery node has taken over /cmd_vel - pausing path following
[costmap_node-7] [WARN] [1787413048.643082162] [regolith_costmap]: Hazard #4 marked at (-34.93, -1.07): 13 cells lethal (1.2 m + 0.3 m rover radius). The rover got wedged here; the planner will route around it from now on.
[wheel_slip_node.py-4] [WARN] [1787413052.122760010] [regolith_wheel_slip]: WHEEL SLIP #1 cleared - over the last 5.0 s the wheels claimed 0.50 rad of turning and the gyro corroborated 25% of it. Phantom distance kept out of the EKF so far: 1.02 m.
[pure_pursuit_node-9] [INFO] [1787413066.809154816] [regolith_pure_pursuit]: Recovery finished - resuming path following
[flip_recovery_node.py-10] [WARN] [1787413066.869777049] [regolith_flip_recovery]: STUCK RECOVERY #4 (escalation level 0, triggered by wheel slip (onboard); 3 ground-truth / 1 onboard triggers so far). Escape maneuver: reversed 0.20 m/s for 3.0s, then turned left at 0.50 rad/s for 2.0s (sim time, at a measured 0.26x real time). A real rover's FDIR could do the same - this is not a simulated teleport.
[planner_node-8] [WARN] [1787413066.871187309] [regolith_planner]: Current-position cell (126, 84) is lethal (drift, or a keep-out zone this rover marked itself) - planning from the nearest free cell (125, 85) instead
[planner_node-8] [INFO] [1787413066.893376485] [regolith_planner]: Planned path: 40 waypoints, start=(125, 85) goal=(152, 50)
[flip_recovery_node.py-10] [WARN] [1787413071.734710288] [regolith_flip_recovery]: STUCK RECOVERY #4 result: ground truth moved 0.54 m during the maneuver - FREED (3/4 escapes have freed the rover so far)
[pure_pursuit_node-9] [INFO] [1787413987.268731711] [regolith_pure_pursuit]: Goal reached (within 0.34 m of the commanded goal)
