[INFO] [launch]: All log files can be found below /home/balazs/.ros/log/2026-08-29-21-38-40-278648-DESKTOP-IE5MOME-7371
[INFO] [launch]: Default logging verbosity is set to INFO
[hello_moon.launch] Using ROS_DOMAIN_ID=71 (isolated DDS domain for this launch - see PROGRESS.md)
[INFO] [ruby $(which gz) sim-1]: process started with pid [7415]
[INFO] [robot_state_publisher-2]: process started with pid [7417]
[INFO] [parameter_bridge-3]: process started with pid [7420]
[INFO] [wheel_slip_node.py-4]: process started with pid [7423]
[INFO] [sensor_covariance_relay.py-5]: process started with pid [7425]
[INFO] [ekf_node-6]: process started with pid [7427]
[INFO] [costmap_node-7]: process started with pid [7429]
[INFO] [planner_node-8]: process started with pid [7431]
[INFO] [pure_pursuit_node-9]: process started with pid [7433]
[INFO] [flip_recovery_node.py-10]: process started with pid [7435]
[INFO] [mission_markers_node.py-11]: process started with pid [7437]
[parameter_bridge-3] [INFO] [1788035921.834597052] [ros_gz_bridge]: Creating GZ->ROS Bridge: [/clock (gz.msgs.Clock) -> /clock (rosgraph_msgs/msg/Clock)] (Lazy 0)
[parameter_bridge-3] [INFO] [1788035921.836511686] [ros_gz_bridge]: Creating GZ->ROS Bridge: [/cmd_vel (gz.msgs.Twist) -> /cmd_vel (geometry_msgs/msg/Twist)] (Lazy 0)
[parameter_bridge-3] [INFO] [1788035921.838874064] [ros_gz_bridge]: Creating ROS->GZ Bridge: [/cmd_vel (geometry_msgs/msg/Twist) -> /cmd_vel (gz.msgs.Twist)] (Lazy 0)
[parameter_bridge-3] [INFO] [1788035921.839970154] [ros_gz_bridge]: Creating GZ->ROS Bridge: [/odometry (gz.msgs.Odometry) -> /odometry (nav_msgs/msg/Odometry)] (Lazy 0)
[parameter_bridge-3] [INFO] [1788035921.842503817] [ros_gz_bridge]: Creating ROS->GZ Bridge: [/odometry (nav_msgs/msg/Odometry) -> /odometry (gz.msgs.Odometry)] (Lazy 0)
[parameter_bridge-3] [INFO] [1788035921.844515913] [ros_gz_bridge]: Creating GZ->ROS Bridge: [/camera (gz.msgs.Image) -> /camera (sensor_msgs/msg/Image)] (Lazy 0)
[parameter_bridge-3] [INFO] [1788035921.847164312] [ros_gz_bridge]: Creating ROS->GZ Bridge: [/camera (sensor_msgs/msg/Image) -> /camera (gz.msgs.Image)] (Lazy 0)
[parameter_bridge-3] [INFO] [1788035921.848247772] [ros_gz_bridge]: Creating GZ->ROS Bridge: [/camera_info (gz.msgs.CameraInfo) -> /camera_info (sensor_msgs/msg/CameraInfo)] (Lazy 0)
[parameter_bridge-3] [INFO] [1788035921.849638702] [ros_gz_bridge]: Creating ROS->GZ Bridge: [/camera_info (sensor_msgs/msg/CameraInfo) -> /camera_info (gz.msgs.CameraInfo)] (Lazy 0)
[parameter_bridge-3] [INFO] [1788035921.850798819] [ros_gz_bridge]: Creating GZ->ROS Bridge: [/depth_camera (gz.msgs.Image) -> /depth_camera (sensor_msgs/msg/Image)] (Lazy 0)
[parameter_bridge-3] [INFO] [1788035921.851817408] [ros_gz_bridge]: Creating ROS->GZ Bridge: [/depth_camera (sensor_msgs/msg/Image) -> /depth_camera (gz.msgs.Image)] (Lazy 0)
[robot_state_publisher-2] [INFO] [1788035921.851853739] [robot_state_publisher]: got segment base_link
[robot_state_publisher-2] [INFO] [1788035921.852010698] [robot_state_publisher]: got segment camera_link
[robot_state_publisher-2] [INFO] [1788035921.852027089] [robot_state_publisher]: got segment chassis
[robot_state_publisher-2] [INFO] [1788035921.852035763] [robot_state_publisher]: got segment front_left_wheel
[robot_state_publisher-2] [INFO] [1788035921.852043520] [robot_state_publisher]: got segment front_right_wheel
[robot_state_publisher-2] [INFO] [1788035921.852050608] [robot_state_publisher]: got segment imu_link
[robot_state_publisher-2] [INFO] [1788035921.852058159] [robot_state_publisher]: got segment rear_left_wheel
[robot_state_publisher-2] [INFO] [1788035921.852065432] [robot_state_publisher]: got segment rear_right_wheel
[parameter_bridge-3] [INFO] [1788035921.852958486] [ros_gz_bridge]: Creating GZ->ROS Bridge: [/imu (gz.msgs.IMU) -> /imu (sensor_msgs/msg/Imu)] (Lazy 0)
[parameter_bridge-3] [INFO] [1788035921.854376716] [ros_gz_bridge]: Creating ROS->GZ Bridge: [/imu (sensor_msgs/msg/Imu) -> /imu (gz.msgs.IMU)] (Lazy 0)
[parameter_bridge-3] [INFO] [1788035921.855419009] [ros_gz_bridge]: Creating GZ->ROS Bridge: [/world/regolith_moon/model/rover/joint_state (gz.msgs.Model) -> /world/regolith_moon/model/rover/joint_state (sensor_msgs/msg/JointState)] (Lazy 0)
[parameter_bridge-3] [INFO] [1788035921.856572503] [ros_gz_bridge]: Creating ROS->GZ Bridge: [/world/regolith_moon/model/rover/joint_state (sensor_msgs/msg/JointState) -> /world/regolith_moon/model/rover/joint_state (gz.msgs.Model)] (Lazy 0)
[parameter_bridge-3] [INFO] [1788035921.857469798] [ros_gz_bridge]: Creating GZ->ROS Bridge: [/model/rover/pose (gz.msgs.Pose) -> /model/rover/pose (geometry_msgs/msg/PoseStamped)] (Lazy 0)
[wheel_slip_node.py-4] [INFO] [1788035922.249376775] [regolith_wheel_slip]: Wheel-slip ZUPT armed: /odom -> /odom/gated (onboard signals only - wheel odometry and IMU, never ground truth). legacy_rigid_body_signature=False
[flip_recovery_node.py-10] [INFO] [1788035922.253377601] [regolith_flip_recovery]: Flip/stuck recovery armed (simulated set_pose backstop for flips, straight-line cmd_vel override for stuck-but-upright)
[costmap_node-7] [INFO] [1788035922.318626624] [regolith_costmap]: Published costmap: 256x256 cells at 0.781 m/cell
[mission_markers_node.py-11] [INFO] [1788035922.345750403] [regolith_mission_markers]: Mission markers active - start at (0.0, 0.0), Gazebo flags on, RViz on /mission_markers
[planner_node-8] [WARN] [1788035926.381765385] [regolith_planner]: No costmap or current pose yet - ignoring goal
[planner_node-8] [INFO] [1788035936.435318485] [regolith_planner]: Planned path: 103 waypoints, start=(128, 128) goal=(52, 73)
[parameter_bridge-3] [INFO] [1788035936.722999656] [ros_gz_bridge]: Passing message from ROS geometry_msgs/msg/Twist to Gazebo gz.msgs.Twist (showing msg only once per type)
[flip_recovery_node.py-10] [INFO] [1788035937.218064118] [regolith_flip_recovery]: [stuck_debug] shadow streak START (gt_speed=0.0004 commanded=0.0690 t=2.20)
[flip_recovery_node.py-10] [INFO] [1788035937.218498098] [regolith_flip_recovery]: [stuck_debug] streak START (gt_speed=0.0004 commanded=0.0690 dt=0.200 t=2.20)
[flip_recovery_node.py-10] [INFO] [1788035948.926309391] [regolith_flip_recovery]: [stuck_debug] shadow streak PASSED the 3.00s bar (started t=2.20, t=5.20)
[flip_recovery_node.py-10] [INFO] [1788035948.926785014] [regolith_flip_recovery]: [stuck_debug] streak FIRED after 3.00s (t=5.20)
[costmap_node-7] [WARN] [1788035948.936107533] [regolith_costmap]: Hazard #1 marked at (0.64, -0.48): 13 cells lethal (1.2 m + 0.3 m rover radius). The rover got wedged here; the planner will route around it from now on.
[pure_pursuit_node-9] [INFO] [1788035948.948683074] [regolith_pure_pursuit]: Recovery node has taken over /cmd_vel - pausing path following
[pure_pursuit_node-9] [INFO] [1788035969.147994697] [regolith_pure_pursuit]: Recovery finished - resuming path following
[flip_recovery_node.py-10] [WARN] [1788035969.208540232] [regolith_flip_recovery]: STUCK RECOVERY #1 (escalation level 0, triggered by ground truth; 1 ground-truth / 0 onboard triggers so far). Escape maneuver: reversed 0.20 m/s for 3.0s, then turned left at 0.50 rad/s for 2.0s (sim time, exact - driven by the sim clock directly, not an RTF-estimated wall-clock sleep; RTF over this window measured 0.24x real time, logged for comparison only). A real rover's FDIR could do the same - this is not a simulated teleport.
[flip_recovery_node.py-10] [INFO] [1788035969.209011798] [regolith_flip_recovery]: [stuck_debug] shadow streak tally at recovery #1: 0 cuts, longest 3.00s (bar 3.00s)
[planner_node-8] [WARN] [1788035969.210385771] [regolith_planner]: Current-position cell (128, 127) is lethal (drift, or a keep-out zone this rover marked itself) - planning from the nearest free cell (128, 126) instead
[planner_node-8] [INFO] [1788035969.291685649] [regolith_planner]: Planned path: 103 waypoints, start=(128, 126) goal=(52, 73)
[flip_recovery_node.py-10] [INFO] [1788035970.922645836] [regolith_flip_recovery]: [stuck_debug] shadow streak DROPPED at 8.40s (tick gap of 5.40s, t=10.60)
[flip_recovery_node.py-10] [INFO] [1788035970.923065671] [regolith_flip_recovery]: [stuck_debug] shadow streak START (gt_speed=0.0014 commanded=0.0690 t=10.60)
[flip_recovery_node.py-10] [WARN] [1788035974.297269469] [regolith_flip_recovery]: STUCK RECOVERY #1 result: ground truth moved 0.61 m during the maneuver - FREED (1/1 escapes have freed the rover so far)
[flip_recovery_node.py-10] [INFO] [1788035983.629550104] [regolith_flip_recovery]: [stuck_debug] shadow streak PASSED the 3.00s bar (started t=10.60, t=13.60)
[flip_recovery_node.py-10] [INFO] [1788035990.286302637] [regolith_flip_recovery]: [stuck_debug] streak START (gt_speed=0.0011 commanded=0.0690 dt=0.200 t=15.20)
[flip_recovery_node.py-10] [INFO] [1788036002.034246752] [regolith_flip_recovery]: [stuck_debug] shadow streak CUT at 7.60s (gt_speed>=min: gt_speed=0.0221 commanded=0.0690 t=18.20; 1 cuts so far, longest 7.60s)
[flip_recovery_node.py-10] [INFO] [1788036002.034713182] [regolith_flip_recovery]: [stuck_debug] streak RESET after 3.00s (gt_speed>=min: gt_speed=0.0221 commanded=0.0690 dt=0.200 t=18.20)
[pure_pursuit_node-9] [WARN] [1788036002.879109355] [regolith_pure_pursuit]: Stalled for 8s - stopping and replanning
[planner_node-8] [WARN] [1788036002.880540764] [regolith_planner]: Current-position cell (128, 127) is lethal (drift, or a keep-out zone this rover marked itself) - planning from the nearest free cell (128, 126) instead
[planner_node-8] [INFO] [1788036002.977404780] [regolith_planner]: Planned path: 103 waypoints, start=(128, 126) goal=(52, 73)
[flip_recovery_node.py-10] [INFO] [1788036915.035564003] [regolith_flip_recovery]: [stuck_debug] slip ASSERTED (t=249.08)
[wheel_slip_node.py-4] [WARN] [1788036915.035887750] [regolith_wheel_slip]: WHEEL SLIP #1: over the last 15.0 s the wheels claim 2.62 m and 2.37 rad of turning; the gyro saw 0.34 rad (14% of it) and the attitude spanned 10.96 deg. Feeding the EKF a zero-velocity update instead of the wheels' claim.
[flip_recovery_node.py-10] [INFO] [1788036933.753905466] [regolith_flip_recovery]: [stuck_debug] slip PREEMPTED the ground-truth path after 5.12s asserted (live streak=none shadow streak=none gt_speed=0.0670 commanded=0.1999 t=254.20)
[pure_pursuit_node-9] [INFO] [1788036933.755145240] [regolith_pure_pursuit]: Recovery node has taken over /cmd_vel - pausing path following
[pure_pursuit_node-9] [INFO] [1788036933.762828477] [regolith_pure_pursuit]: Costmap changed (a new keep-out zone) - restoring the replan budget: the route being retried is not the one that already failed
[costmap_node-7] [WARN] [1788036933.763065858] [regolith_costmap]: Hazard #2 marked at (-11.13, -38.32): 13 cells lethal (1.2 m + 0.3 m rover radius). The rover got wedged here; the planner will route around it from now on.
[flip_recovery_node.py-10] [INFO] [1788036946.514372988] [regolith_flip_recovery]: [stuck_debug] slip CLEARED after already consumed by a trigger (trigger bar: 5.00s, t=257.88)
[wheel_slip_node.py-4] [WARN] [1788036946.514888537] [regolith_wheel_slip]: WHEEL SLIP #1 cleared - over the last 5.0 s the wheels claimed 0.59 rad of turning and the gyro corroborated 26% of it. Phantom distance kept out of the EKF so far: 1.26 m.
[flip_recovery_node.py-10] [INFO] [1788036946.585841507] [regolith_flip_recovery]: [stuck_debug] slip ASSERTED (t=257.90)
[wheel_slip_node.py-4] [WARN] [1788036946.586132612] [regolith_wheel_slip]: WHEEL SLIP #2: over the last 15.0 s the wheels claim 2.23 m and 3.47 rad of turning; the gyro saw 0.36 rad (10% of it) and the attitude spanned 7.55 deg. Feeding the EKF a zero-velocity update instead of the wheels' claim.
[pure_pursuit_node-9] [INFO] [1788036951.445680861] [regolith_pure_pursuit]: Recovery finished - resuming path following
[flip_recovery_node.py-10] [WARN] [1788036951.506348488] [regolith_flip_recovery]: STUCK RECOVERY #2 (escalation level 0, triggered by wheel slip (onboard); 1 ground-truth / 1 onboard triggers so far). Escape maneuver: reversed 0.20 m/s for 3.0s, then turned left at 0.50 rad/s for 2.0s (sim time, exact - driven by the sim clock directly, not an RTF-estimated wall-clock sleep; RTF over this window measured 0.27x real time, logged for comparison only). A real rover's FDIR could do the same - this is not a simulated teleport.
[flip_recovery_node.py-10] [INFO] [1788036951.506901586] [regolith_flip_recovery]: [stuck_debug] shadow streak tally at recovery #2: 1 cuts, longest 7.60s (bar 3.00s)
[planner_node-8] [WARN] [1788036951.508936780] [regolith_planner]: Current-position cell (79, 113) is lethal (drift, or a keep-out zone this rover marked itself) - planning from the nearest free cell (80, 112) instead
[planner_node-8] [INFO] [1788036951.532335438] [regolith_planner]: Planned path: 55 waypoints, start=(80, 112) goal=(52, 73)
[flip_recovery_node.py-10] [INFO] [1788036953.028764419] [regolith_flip_recovery]: [stuck_debug] shadow streak START (gt_speed=0.0014 commanded=0.0690 t=259.60)
[flip_recovery_node.py-10] [INFO] [1788036954.122846814] [regolith_flip_recovery]: [stuck_debug] slip CLEARED after 2.00s (trigger bar: 5.00s, t=259.90)
[wheel_slip_node.py-4] [WARN] [1788036954.123324327] [regolith_wheel_slip]: WHEEL SLIP #2 cleared - over the last 5.0 s the wheels claimed 0.66 rad of turning and the gyro corroborated 88% of it. Phantom distance kept out of the EKF so far: 1.26 m.
[flip_recovery_node.py-10] [INFO] [1788036954.488549763] [regolith_flip_recovery]: [stuck_debug] shadow streak CUT at 0.40s (gt_speed>=min: gt_speed=0.0209 commanded=0.0690 t=260.00; 2 cuts so far, longest 7.60s)
[flip_recovery_node.py-10] [WARN] [1788036956.024468264] [regolith_flip_recovery]: STUCK RECOVERY #2 result: ground truth moved 0.53 m during the maneuver - FREED (2/2 escapes have freed the rover so far)
[flip_recovery_node.py-10] [INFO] [1788036972.444930125] [regolith_flip_recovery]: [stuck_debug] shadow streak START (gt_speed=0.0191 commanded=0.1225 t=264.80)
[flip_recovery_node.py-10] [INFO] [1788036972.445372182] [regolith_flip_recovery]: [stuck_debug] streak START (gt_speed=0.0191 commanded=0.1225 dt=0.200 t=264.80)
[flip_recovery_node.py-10] [INFO] [1788036972.215845836] [regolith_flip_recovery]: [stuck_debug] shadow streak CUT at 0.20s (gt_speed>=min: gt_speed=0.0336 commanded=0.1251 t=265.00; 3 cuts so far, longest 7.60s)
[flip_recovery_node.py-10] [INFO] [1788036972.216362014] [regolith_flip_recovery]: [stuck_debug] streak RESET after 0.20s (gt_speed>=min: gt_speed=0.0336 commanded=0.1251 dt=0.200 t=265.00)
[pure_pursuit_node-9] [INFO] [1788038014.368035159] [regolith_pure_pursuit]: Goal reached (within 0.34 m of the commanded goal)
