[INFO] [launch]: All log files can be found below /home/balazs/.ros/log/2026-08-24-20-20-48-216578-DESKTOP-IE5MOME-15079
[INFO] [launch]: Default logging verbosity is set to INFO
[hello_moon.launch] Using ROS_DOMAIN_ID=58 (isolated DDS domain for this launch - see PROGRESS.md)
[INFO] [ruby $(which gz) sim-1]: process started with pid [15123]
[INFO] [robot_state_publisher-2]: process started with pid [15125]
[INFO] [parameter_bridge-3]: process started with pid [15128]
[INFO] [wheel_slip_node.py-4]: process started with pid [15131]
[INFO] [sensor_covariance_relay.py-5]: process started with pid [15133]
[INFO] [ekf_node-6]: process started with pid [15135]
[INFO] [costmap_node-7]: process started with pid [15137]
[INFO] [planner_node-8]: process started with pid [15139]
[INFO] [pure_pursuit_node-9]: process started with pid [15141]
[INFO] [flip_recovery_node.py-10]: process started with pid [15143]
[INFO] [mission_markers_node.py-11]: process started with pid [15145]
[robot_state_publisher-2] [INFO] [1787599249.714049504] [robot_state_publisher]: got segment base_link
[robot_state_publisher-2] [INFO] [1787599249.714657017] [robot_state_publisher]: got segment camera_link
[robot_state_publisher-2] [INFO] [1787599249.714687651] [robot_state_publisher]: got segment chassis
[robot_state_publisher-2] [INFO] [1787599249.714696997] [robot_state_publisher]: got segment front_left_wheel
[robot_state_publisher-2] [INFO] [1787599249.714704665] [robot_state_publisher]: got segment front_right_wheel
[robot_state_publisher-2] [INFO] [1787599249.714711298] [robot_state_publisher]: got segment imu_link
[robot_state_publisher-2] [INFO] [1787599249.714718295] [robot_state_publisher]: got segment rear_left_wheel
[robot_state_publisher-2] [INFO] [1787599249.714725223] [robot_state_publisher]: got segment rear_right_wheel
[parameter_bridge-3] [INFO] [1787599249.717504386] [ros_gz_bridge]: Creating GZ->ROS Bridge: [/clock (gz.msgs.Clock) -> /clock (rosgraph_msgs/msg/Clock)] (Lazy 0)
[parameter_bridge-3] [INFO] [1787599249.719159043] [ros_gz_bridge]: Creating GZ->ROS Bridge: [/cmd_vel (gz.msgs.Twist) -> /cmd_vel (geometry_msgs/msg/Twist)] (Lazy 0)
[parameter_bridge-3] [INFO] [1787599249.722915703] [ros_gz_bridge]: Creating ROS->GZ Bridge: [/cmd_vel (geometry_msgs/msg/Twist) -> /cmd_vel (gz.msgs.Twist)] (Lazy 0)
[parameter_bridge-3] [INFO] [1787599249.724152550] [ros_gz_bridge]: Creating GZ->ROS Bridge: [/odometry (gz.msgs.Odometry) -> /odometry (nav_msgs/msg/Odometry)] (Lazy 0)
[parameter_bridge-3] [INFO] [1787599249.726746263] [ros_gz_bridge]: Creating ROS->GZ Bridge: [/odometry (nav_msgs/msg/Odometry) -> /odometry (gz.msgs.Odometry)] (Lazy 0)
[parameter_bridge-3] [INFO] [1787599249.727997648] [ros_gz_bridge]: Creating GZ->ROS Bridge: [/camera (gz.msgs.Image) -> /camera (sensor_msgs/msg/Image)] (Lazy 0)
[parameter_bridge-3] [INFO] [1787599249.730574928] [ros_gz_bridge]: Creating ROS->GZ Bridge: [/camera (sensor_msgs/msg/Image) -> /camera (gz.msgs.Image)] (Lazy 0)
[parameter_bridge-3] [INFO] [1787599249.732173005] [ros_gz_bridge]: Creating GZ->ROS Bridge: [/camera_info (gz.msgs.CameraInfo) -> /camera_info (sensor_msgs/msg/CameraInfo)] (Lazy 0)
[parameter_bridge-3] [INFO] [1787599249.734108695] [ros_gz_bridge]: Creating ROS->GZ Bridge: [/camera_info (sensor_msgs/msg/CameraInfo) -> /camera_info (gz.msgs.CameraInfo)] (Lazy 0)
[parameter_bridge-3] [INFO] [1787599249.735535205] [ros_gz_bridge]: Creating GZ->ROS Bridge: [/depth_camera (gz.msgs.Image) -> /depth_camera (sensor_msgs/msg/Image)] (Lazy 0)
[parameter_bridge-3] [INFO] [1787599249.736597951] [ros_gz_bridge]: Creating ROS->GZ Bridge: [/depth_camera (sensor_msgs/msg/Image) -> /depth_camera (gz.msgs.Image)] (Lazy 0)
[parameter_bridge-3] [INFO] [1787599249.737755867] [ros_gz_bridge]: Creating GZ->ROS Bridge: [/imu (gz.msgs.IMU) -> /imu (sensor_msgs/msg/Imu)] (Lazy 0)
[parameter_bridge-3] [INFO] [1787599249.739170416] [ros_gz_bridge]: Creating ROS->GZ Bridge: [/imu (sensor_msgs/msg/Imu) -> /imu (gz.msgs.IMU)] (Lazy 0)
[parameter_bridge-3] [INFO] [1787599249.740328438] [ros_gz_bridge]: Creating GZ->ROS Bridge: [/world/regolith_moon/model/rover/joint_state (gz.msgs.Model) -> /world/regolith_moon/model/rover/joint_state (sensor_msgs/msg/JointState)] (Lazy 0)
[parameter_bridge-3] [INFO] [1787599249.741714602] [ros_gz_bridge]: Creating ROS->GZ Bridge: [/world/regolith_moon/model/rover/joint_state (sensor_msgs/msg/JointState) -> /world/regolith_moon/model/rover/joint_state (gz.msgs.Model)] (Lazy 0)
[parameter_bridge-3] [INFO] [1787599249.742862040] [ros_gz_bridge]: Creating GZ->ROS Bridge: [/model/rover/pose (gz.msgs.Pose) -> /model/rover/pose (geometry_msgs/msg/PoseStamped)] (Lazy 0)
[flip_recovery_node.py-10] [INFO] [1787599250.127285693] [regolith_flip_recovery]: Flip/stuck recovery armed (simulated set_pose backstop for flips, straight-line cmd_vel override for stuck-but-upright)
[wheel_slip_node.py-4] [INFO] [1787599250.148292475] [regolith_wheel_slip]: Wheel-slip ZUPT armed: /odom -> /odom/gated (onboard signals only - wheel odometry and IMU, never ground truth). legacy_rigid_body_signature=False
[costmap_node-7] [INFO] [1787599250.191118684] [regolith_costmap]: Published costmap: 256x256 cells at 0.781 m/cell
[mission_markers_node.py-11] [INFO] [1787599250.240107712] [regolith_mission_markers]: Mission markers active - start at (0.0, 0.0), Gazebo flags on, RViz on /mission_markers
[planner_node-8] [WARN] [1787599254.279961046] [regolith_planner]: No costmap or current pose yet - ignoring goal
[planner_node-8] [INFO] [1787599264.335329575] [regolith_planner]: Planned path: 103 waypoints, start=(128, 128) goal=(52, 73)
[parameter_bridge-3] [INFO] [1787599264.628237713] [ros_gz_bridge]: Passing message from ROS geometry_msgs/msg/Twist to Gazebo gz.msgs.Twist (showing msg only once per type)
[costmap_node-7] [WARN] [1787599275.897447738] [regolith_costmap]: Hazard #1 marked at (0.64, -0.49): 13 cells lethal (1.2 m + 0.3 m rover radius). The rover got wedged here; the planner will route around it from now on.
[pure_pursuit_node-9] [INFO] [1787599275.909400375] [regolith_pure_pursuit]: Recovery node has taken over /cmd_vel - pausing path following
[pure_pursuit_node-9] [INFO] [1787599293.184276994] [regolith_pure_pursuit]: Recovery finished - resuming path following
[flip_recovery_node.py-10] [WARN] [1787599293.244958874] [regolith_flip_recovery]: STUCK RECOVERY #1 (escalation level 0, triggered by ground truth; 1 ground-truth / 0 onboard triggers so far). Escape maneuver: reversed 0.20 m/s for 3.0s, then turned left at 0.50 rad/s for 2.0s (sim time, exact - driven by the sim clock directly, not an RTF-estimated wall-clock sleep; RTF over this window measured 0.29x real time, logged for comparison only). A real rover's FDIR could do the same - this is not a simulated teleport.
[planner_node-8] [WARN] [1787599293.246387171] [regolith_planner]: Current-position cell (128, 127) is lethal (drift, or a keep-out zone this rover marked itself) - planning from the nearest free cell (128, 126) instead
[planner_node-8] [INFO] [1787599293.317511589] [regolith_planner]: Planned path: 103 waypoints, start=(128, 126) goal=(52, 73)
[flip_recovery_node.py-10] [WARN] [1787599297.320987476] [regolith_flip_recovery]: STUCK RECOVERY #1 result: ground truth moved 0.60 m during the maneuver - FREED (1/1 escapes have freed the rover so far)
[pure_pursuit_node-9] [WARN] [1787599321.812415428] [regolith_pure_pursuit]: Stalled for 8s - stopping and replanning
[planner_node-8] [WARN] [1787599321.813961163] [regolith_planner]: Current-position cell (128, 127) is lethal (drift, or a keep-out zone this rover marked itself) - planning from the nearest free cell (128, 126) instead
[planner_node-8] [INFO] [1787599321.905133603] [regolith_planner]: Planned path: 103 waypoints, start=(128, 126) goal=(52, 73)
[wheel_slip_node.py-4] [WARN] [1787600124.676298533] [regolith_wheel_slip]: WHEEL SLIP #1: over the last 15.0 s the wheels claim 2.65 m and 2.20 rad of turning; the gyro saw 0.32 rad (14% of it) and the attitude spanned 10.03 deg. Feeding the EKF a zero-velocity update instead of the wheels' claim.
[pure_pursuit_node-9] [INFO] [1787600142.043660250] [regolith_pure_pursuit]: Recovery node has taken over /cmd_vel - pausing path following
[costmap_node-7] [WARN] [1787600142.052756963] [regolith_costmap]: Hazard #2 marked at (-11.10, -38.22): 13 cells lethal (1.2 m + 0.3 m rover radius). The rover got wedged here; the planner will route around it from now on.
[pure_pursuit_node-9] [INFO] [1787600142.052815635] [regolith_pure_pursuit]: Costmap changed (a new keep-out zone) - restoring the replan budget: the route being retried is not the one that already failed
[wheel_slip_node.py-4] [WARN] [1787600155.417488624] [regolith_wheel_slip]: WHEEL SLIP #1 cleared - over the last 5.0 s the wheels claimed 0.59 rad of turning and the gyro corroborated 25% of it. Phantom distance kept out of the EKF so far: 1.34 m.
[wheel_slip_node.py-4] [WARN] [1787600155.488464898] [regolith_wheel_slip]: WHEEL SLIP #2: over the last 15.0 s the wheels claim 2.31 m and 3.43 rad of turning; the gyro saw 0.34 rad (10% of it) and the attitude spanned 7.37 deg. Feeding the EKF a zero-velocity update instead of the wheels' claim.
[pure_pursuit_node-9] [INFO] [1787600159.837365253] [regolith_pure_pursuit]: Recovery finished - resuming path following
[flip_recovery_node.py-10] [WARN] [1787600159.897702857] [regolith_flip_recovery]: STUCK RECOVERY #2 (escalation level 0, triggered by wheel slip (onboard); 1 ground-truth / 1 onboard triggers so far). Escape maneuver: reversed 0.20 m/s for 3.0s, then turned left at 0.50 rad/s for 2.0s (sim time, exact - driven by the sim clock directly, not an RTF-estimated wall-clock sleep; RTF over this window measured 0.30x real time, logged for comparison only). A real rover's FDIR could do the same - this is not a simulated teleport.
[planner_node-8] [WARN] [1787600159.899448817] [regolith_planner]: Current-position cell (80, 114) is lethal (drift, or a keep-out zone this rover marked itself) - planning from the nearest free cell (80, 115) instead
[planner_node-8] [INFO] [1787600159.924779203] [regolith_planner]: Planned path: 55 waypoints, start=(80, 115) goal=(52, 73)
[wheel_slip_node.py-4] [WARN] [1787600162.288887669] [regolith_wheel_slip]: WHEEL SLIP #2 cleared - over the last 5.0 s the wheels claimed 0.74 rad of turning and the gyro corroborated 86% of it. Phantom distance kept out of the EKF so far: 1.37 m.
[flip_recovery_node.py-10] [WARN] [1787600163.960308714] [regolith_flip_recovery]: STUCK RECOVERY #2 result: ground truth moved 0.50 m during the maneuver - FREED (2/2 escapes have freed the rover so far)
[pure_pursuit_node-9] [INFO] [1787600286.613061849] [regolith_pure_pursuit]: Recovery node has taken over /cmd_vel - pausing path following
[costmap_node-7] [WARN] [1787600286.619197307] [regolith_costmap]: Hazard #3 marked at (-11.76, -40.51): 13 cells lethal (1.2 m + 0.3 m rover radius). The rover got wedged here; the planner will route around it from now on.
[pure_pursuit_node-9] [INFO] [1787600319.252480749] [regolith_pure_pursuit]: Recovery finished - resuming path following
[flip_recovery_node.py-10] [WARN] [1787600319.313084074] [regolith_flip_recovery]: STUCK RECOVERY #3 (escalation level 1, triggered by ground truth; 2 ground-truth / 1 onboard triggers so far). Escape maneuver: reversed 0.20 m/s for 6.0s, then turned right at 0.50 rad/s for 3.5s (sim time, exact - driven by the sim clock directly, not an RTF-estimated wall-clock sleep; RTF over this window measured 0.29x real time, logged for comparison only). A real rover's FDIR could do the same - this is not a simulated teleport.
[planner_node-8] [WARN] [1787600319.314613941] [regolith_planner]: Current-position cell (78, 114) is lethal (drift, or a keep-out zone this rover marked itself) - planning from the nearest free cell (77, 114) instead
[planner_node-8] [INFO] [1787600319.340090426] [regolith_planner]: Planned path: 52 waypoints, start=(77, 114) goal=(52, 73)
[flip_recovery_node.py-10] [WARN] [1787600323.091429248] [regolith_flip_recovery]: STUCK RECOVERY #3 result: ground truth moved 1.20 m during the maneuver - FREED (3/3 escapes have freed the rover so far)
[wheel_slip_node.py-4] [WARN] [1787600472.640884764] [regolith_wheel_slip]: WHEEL SLIP #3: over the last 15.0 s the wheels claim 1.68 m and 2.61 rad of turning; the gyro saw 0.38 rad (14% of it) and the attitude spanned 17.96 deg. Feeding the EKF a zero-velocity update instead of the wheels' claim.
[pure_pursuit_node-9] [INFO] [1787600490.294485219] [regolith_pure_pursuit]: Recovery node has taken over /cmd_vel - pausing path following
[costmap_node-7] [WARN] [1787600490.301210758] [regolith_costmap]: Hazard #4 marked at (-11.93, -43.36): 13 cells lethal (1.2 m + 0.3 m rover radius). The rover got wedged here; the planner will route around it from now on.
[wheel_slip_node.py-4] [WARN] [1787600506.074651338] [regolith_wheel_slip]: WHEEL SLIP #3 cleared - over the last 5.0 s the wheels claimed 0.16 rad of turning and the gyro corroborated 16% of it. Phantom distance kept out of the EKF so far: 2.87 m.
[wheel_slip_node.py-4] [WARN] [1787600506.144105752] [regolith_wheel_slip]: WHEEL SLIP #4: over the last 15.0 s the wheels claim 2.15 m and 3.16 rad of turning; the gyro saw 0.11 rad (3% of it) and the attitude spanned 1.80 deg. Feeding the EKF a zero-velocity update instead of the wheels' claim.
[wheel_slip_node.py-4] [WARN] [1787600514.052495693] [regolith_wheel_slip]: WHEEL SLIP #4 cleared - over the last 5.0 s the wheels claimed 0.00 rad of turning and the gyro corroborated nan% of it. Phantom distance kept out of the EKF so far: 3.27 m.
[wheel_slip_node.py-4] [WARN] [1787600514.115723888] [regolith_wheel_slip]: WHEEL SLIP #5: over the last 15.0 s the wheels claim 2.31 m and 2.55 rad of turning; the gyro saw 0.09 rad (3% of it) and the attitude spanned 1.78 deg. Feeding the EKF a zero-velocity update instead of the wheels' claim.
[wheel_slip_node.py-4] [WARN] [1787600520.857277937] [regolith_wheel_slip]: WHEEL SLIP #5 cleared - over the last 5.0 s the wheels claimed 0.00 rad of turning and the gyro corroborated nan% of it. Phantom distance kept out of the EKF so far: 3.67 m.
[wheel_slip_node.py-4] [WARN] [1787600520.919929579] [regolith_wheel_slip]: WHEEL SLIP #6: over the last 15.0 s the wheels claim 2.46 m and 1.95 rad of turning; the gyro saw 0.07 rad (3% of it) and the attitude spanned 4.35 deg. Feeding the EKF a zero-velocity update instead of the wheels' claim.
[wheel_slip_node.py-4] [WARN] [1787600527.622733395] [regolith_wheel_slip]: WHEEL SLIP #6 cleared - over the last 5.0 s the wheels claimed 0.15 rad of turning and the gyro corroborated 71% of it. Phantom distance kept out of the EKF so far: 3.96 m.
[wheel_slip_node.py-4] [WARN] [1787600527.695512797] [regolith_wheel_slip]: WHEEL SLIP #7: over the last 15.0 s the wheels claim 2.51 m and 1.50 rad of turning; the gyro saw 0.16 rad (11% of it) and the attitude spanned 6.50 deg. Feeding the EKF a zero-velocity update instead of the wheels' claim.
[wheel_slip_node.py-4] [WARN] [1787600534.444619933] [regolith_wheel_slip]: WHEEL SLIP #7 cleared - over the last 5.0 s the wheels claimed 0.76 rad of turning and the gyro corroborated 58% of it. Phantom distance kept out of the EKF so far: 3.96 m.
[pure_pursuit_node-9] [INFO] [1787600542.113452313] [regolith_pure_pursuit]: Recovery finished - resuming path following
[flip_recovery_node.py-10] [WARN] [1787600542.654129027] [regolith_flip_recovery]: STUCK RECOVERY #4 (escalation level 2, triggered by wheel slip (onboard); 2 ground-truth / 2 onboard triggers so far). Escape maneuver: reversed 0.20 m/s for 10.0s, then turned left at 0.50 rad/s for 5.0s (sim time, exact - driven by the sim clock directly, not an RTF-estimated wall-clock sleep; RTF over this window measured 0.30x real time, logged for comparison only). A real rover's FDIR could do the same - this is not a simulated teleport.
[planner_node-8] [WARN] [1787600542.655518698] [regolith_planner]: Current-position cell (73, 112) is lethal (drift, or a keep-out zone this rover marked itself) - planning from the nearest free cell (74, 111) instead
[planner_node-8] [INFO] [1787600542.671680725] [regolith_planner]: Planned path: 49 waypoints, start=(74, 111) goal=(52, 73)
[flip_recovery_node.py-10] [WARN] [1787600546.784768577] [regolith_flip_recovery]: STUCK RECOVERY #4 result: ground truth moved 1.99 m during the maneuver - FREED (4/4 escapes have freed the rover so far)
[pure_pursuit_node-9] [WARN] [1787600571.101439676] [regolith_pure_pursuit]: Stalled for 8s - stopping and replanning
[planner_node-8] [WARN] [1787600571.102814400] [regolith_planner]: Current-position cell (73, 112) is lethal (drift, or a keep-out zone this rover marked itself) - planning from the nearest free cell (74, 111) instead
[planner_node-8] [INFO] [1787600571.123501974] [regolith_planner]: Planned path: 49 waypoints, start=(74, 111) goal=(52, 73)
[pure_pursuit_node-9] [INFO] [1787601468.692860017] [regolith_pure_pursuit]: Goal reached (within 0.34 m of the commanded goal)
