[INFO] [launch]: All log files can be found below /home/balazs/.ros/log/2026-08-21-01-35-40-126650-DESKTOP-IE5MOME-40062
[INFO] [launch]: Default logging verbosity is set to INFO
[hello_moon.launch] Using ROS_DOMAIN_ID=42 (isolated DDS domain for this launch - see PROGRESS.md)
[INFO] [ruby $(which gz) sim-1]: process started with pid [40127]
[INFO] [robot_state_publisher-2]: process started with pid [40129]
[INFO] [parameter_bridge-3]: process started with pid [40132]
[INFO] [wheel_slip_node.py-4]: process started with pid [40135]
[INFO] [sensor_covariance_relay.py-5]: process started with pid [40137]
[INFO] [ekf_node-6]: process started with pid [40139]
[INFO] [costmap_node-7]: process started with pid [40141]
[INFO] [planner_node-8]: process started with pid [40143]
[INFO] [pure_pursuit_node-9]: process started with pid [40145]
[INFO] [flip_recovery_node.py-10]: process started with pid [40147]
[INFO] [mission_markers_node.py-11]: process started with pid [40149]
[parameter_bridge-3] [INFO] [1787272541.597289207] [ros_gz_bridge]: Creating GZ->ROS Bridge: [/clock (gz.msgs.Clock) -> /clock (rosgraph_msgs/msg/Clock)] (Lazy 0)
[parameter_bridge-3] [INFO] [1787272541.598727070] [ros_gz_bridge]: Creating GZ->ROS Bridge: [/cmd_vel (gz.msgs.Twist) -> /cmd_vel (geometry_msgs/msg/Twist)] (Lazy 0)
[parameter_bridge-3] [INFO] [1787272541.600821108] [ros_gz_bridge]: Creating ROS->GZ Bridge: [/cmd_vel (geometry_msgs/msg/Twist) -> /cmd_vel (gz.msgs.Twist)] (Lazy 0)
[parameter_bridge-3] [INFO] [1787272541.602221498] [ros_gz_bridge]: Creating GZ->ROS Bridge: [/odometry (gz.msgs.Odometry) -> /odometry (nav_msgs/msg/Odometry)] (Lazy 0)
[parameter_bridge-3] [INFO] [1787272541.604518785] [ros_gz_bridge]: Creating ROS->GZ Bridge: [/odometry (nav_msgs/msg/Odometry) -> /odometry (gz.msgs.Odometry)] (Lazy 0)
[parameter_bridge-3] [INFO] [1787272541.605827447] [ros_gz_bridge]: Creating GZ->ROS Bridge: [/camera (gz.msgs.Image) -> /camera (sensor_msgs/msg/Image)] (Lazy 0)
[parameter_bridge-3] [INFO] [1787272541.608272126] [ros_gz_bridge]: Creating ROS->GZ Bridge: [/camera (sensor_msgs/msg/Image) -> /camera (gz.msgs.Image)] (Lazy 0)
[parameter_bridge-3] [INFO] [1787272541.610064872] [ros_gz_bridge]: Creating GZ->ROS Bridge: [/camera_info (gz.msgs.CameraInfo) -> /camera_info (sensor_msgs/msg/CameraInfo)] (Lazy 0)
[robot_state_publisher-2] [INFO] [1787272541.611176408] [robot_state_publisher]: got segment base_link
[robot_state_publisher-2] [INFO] [1787272541.611326375] [robot_state_publisher]: got segment camera_link
[robot_state_publisher-2] [INFO] [1787272541.611340940] [robot_state_publisher]: got segment chassis
[robot_state_publisher-2] [INFO] [1787272541.611348684] [robot_state_publisher]: got segment front_left_wheel
[robot_state_publisher-2] [INFO] [1787272541.611354784] [robot_state_publisher]: got segment front_right_wheel
[robot_state_publisher-2] [INFO] [1787272541.611360844] [robot_state_publisher]: got segment imu_link
[robot_state_publisher-2] [INFO] [1787272541.611366514] [robot_state_publisher]: got segment rear_left_wheel
[robot_state_publisher-2] [INFO] [1787272541.611372885] [robot_state_publisher]: got segment rear_right_wheel
[parameter_bridge-3] [INFO] [1787272541.611770600] [ros_gz_bridge]: Creating ROS->GZ Bridge: [/camera_info (sensor_msgs/msg/CameraInfo) -> /camera_info (gz.msgs.CameraInfo)] (Lazy 0)
[parameter_bridge-3] [INFO] [1787272541.613463961] [ros_gz_bridge]: Creating GZ->ROS Bridge: [/depth_camera (gz.msgs.Image) -> /depth_camera (sensor_msgs/msg/Image)] (Lazy 0)
[parameter_bridge-3] [INFO] [1787272541.614228501] [ros_gz_bridge]: Creating ROS->GZ Bridge: [/depth_camera (sensor_msgs/msg/Image) -> /depth_camera (gz.msgs.Image)] (Lazy 0)
[parameter_bridge-3] [INFO] [1787272541.614821678] [ros_gz_bridge]: Creating GZ->ROS Bridge: [/imu (gz.msgs.IMU) -> /imu (sensor_msgs/msg/Imu)] (Lazy 0)
[parameter_bridge-3] [INFO] [1787272541.616125301] [ros_gz_bridge]: Creating ROS->GZ Bridge: [/imu (sensor_msgs/msg/Imu) -> /imu (gz.msgs.IMU)] (Lazy 0)
[parameter_bridge-3] [INFO] [1787272541.617416433] [ros_gz_bridge]: Creating GZ->ROS Bridge: [/world/regolith_moon/model/rover/joint_state (gz.msgs.Model) -> /world/regolith_moon/model/rover/joint_state (sensor_msgs/msg/JointState)] (Lazy 0)
[parameter_bridge-3] [INFO] [1787272541.618655326] [ros_gz_bridge]: Creating ROS->GZ Bridge: [/world/regolith_moon/model/rover/joint_state (sensor_msgs/msg/JointState) -> /world/regolith_moon/model/rover/joint_state (gz.msgs.Model)] (Lazy 0)
[parameter_bridge-3] [INFO] [1787272541.620121949] [ros_gz_bridge]: Creating GZ->ROS Bridge: [/model/rover/pose (gz.msgs.Pose) -> /model/rover/pose (geometry_msgs/msg/PoseStamped)] (Lazy 0)
[flip_recovery_node.py-10] [INFO] [1787272541.974553747] [regolith_flip_recovery]: Flip/stuck recovery armed (simulated set_pose backstop for flips, straight-line cmd_vel override for stuck-but-upright)
[wheel_slip_node.py-4] [INFO] [1787272542.010474086] [regolith_wheel_slip]: Wheel-slip ZUPT armed: /odom -> /odom/gated (onboard signals only - wheel odometry and IMU, never ground truth). legacy_rigid_body_signature=False
[costmap_node-7] [INFO] [1787272542.033253134] [regolith_costmap]: Published costmap: 256x256 cells at 0.781 m/cell
[mission_markers_node.py-11] [INFO] [1787272542.063196613] [regolith_mission_markers]: Mission markers active - start at (0.0, 0.0), Gazebo flags on, RViz on /mission_markers
[planner_node-8] [WARN] [1787272546.235207149] [regolith_planner]: No costmap or current pose yet - ignoring goal
[planner_node-8] [INFO] [1787272556.262065475] [regolith_planner]: Planned path: 109 waypoints, start=(127, 127) goal=(110, 19)
[parameter_bridge-3] [INFO] [1787272556.627219491] [ros_gz_bridge]: Passing message from ROS geometry_msgs/msg/Twist to Gazebo gz.msgs.Twist (showing msg only once per type)
[pure_pursuit_node-9] [WARN] [1787272589.057972846] [regolith_pure_pursuit]: Stalled for 8s - stopping and replanning
[planner_node-8] [INFO] [1787272589.105514644] [regolith_planner]: Planned path: 109 waypoints, start=(127, 127) goal=(110, 19)
[pure_pursuit_node-9] [INFO] [1787272591.540615863] [regolith_pure_pursuit]: Recovery node has taken over /cmd_vel - pausing path following
[costmap_node-7] [WARN] [1787272591.546967547] [regolith_costmap]: Hazard #1 marked at (-0.29, 0.75): 13 cells lethal (1.2 m + 0.3 m rover radius). The rover got wedged here; the planner will route around it from now on.
[pure_pursuit_node-9] [INFO] [1787272591.547489413] [regolith_pure_pursuit]: Costmap changed (a new keep-out zone) - restoring the replan budget: the route being retried is not the one that already failed
[pure_pursuit_node-9] [INFO] [1787272611.593181229] [regolith_pure_pursuit]: Recovery finished - resuming path following
[flip_recovery_node.py-10] [WARN] [1787272611.654086248] [regolith_flip_recovery]: STUCK RECOVERY #1 (escalation level 0, triggered by ground truth; 1 ground-truth / 0 onboard triggers so far). Escape maneuver: reversed 0.20 m/s for 3.0s, then turned left at 0.50 rad/s for 2.0s (sim time, at a measured 0.25x real time). A real rover's FDIR could do the same - this is not a simulated teleport.
[planner_node-8] [WARN] [1787272611.656304752] [regolith_planner]: Current-position cell (127, 128) is lethal (drift, or a keep-out zone this rover marked itself) - planning from the nearest free cell (126, 128) instead
[planner_node-8] [INFO] [1787272611.706970465] [regolith_planner]: Planned path: 110 waypoints, start=(126, 128) goal=(110, 19)
[flip_recovery_node.py-10] [WARN] [1787272615.967019469] [regolith_flip_recovery]: STUCK RECOVERY #1 result: ground truth moved 0.62 m during the maneuver - FREED (1/1 escapes have freed the rover so far)
[pure_pursuit_node-9] [INFO] [1787272624.876420288] [regolith_pure_pursuit]: Recovery node has taken over /cmd_vel - pausing path following
[costmap_node-7] [WARN] [1787272624.883594707] [regolith_costmap]: Hazard #2 marked at (-0.55, -0.60): 13 cells lethal (1.2 m + 0.3 m rover radius). The rover got wedged here; the planner will route around it from now on.
[pure_pursuit_node-9] [INFO] [1787272663.212825634] [regolith_pure_pursuit]: Recovery finished - resuming path following
[flip_recovery_node.py-10] [WARN] [1787272663.273030563] [regolith_flip_recovery]: STUCK RECOVERY #2 (escalation level 1, triggered by ground truth; 2 ground-truth / 0 onboard triggers so far). Escape maneuver: reversed 0.20 m/s for 6.0s, then turned right at 0.50 rad/s for 3.5s (sim time, at a measured 0.25x real time). A real rover's FDIR could do the same - this is not a simulated teleport.
[planner_node-8] [WARN] [1787272663.274977214] [regolith_planner]: Current-position cell (127, 129) is lethal (drift, or a keep-out zone this rover marked itself) - planning from the nearest free cell (126, 129) instead
[planner_node-8] [INFO] [1787272663.321853037] [regolith_planner]: Planned path: 111 waypoints, start=(126, 129) goal=(110, 19)
[flip_recovery_node.py-10] [WARN] [1787272667.714735101] [regolith_flip_recovery]: STUCK RECOVERY #2 result: ground truth moved 1.22 m during the maneuver - FREED (2/2 escapes have freed the rover so far)
[pure_pursuit_node-9] [INFO] [1787272676.375560113] [regolith_pure_pursuit]: Recovery node has taken over /cmd_vel - pausing path following
[costmap_node-7] [WARN] [1787272676.382724751] [regolith_costmap]: Hazard #3 marked at (0.67, -0.40): 13 cells lethal (1.2 m + 0.3 m rover radius). The rover got wedged here; the planner will route around it from now on.
[pure_pursuit_node-9] [INFO] [1787272736.123198745] [regolith_pure_pursuit]: Recovery finished - resuming path following
[flip_recovery_node.py-10] [WARN] [1787272736.183662531] [regolith_flip_recovery]: STUCK RECOVERY #3 (escalation level 2, triggered by ground truth; 3 ground-truth / 0 onboard triggers so far). Escape maneuver: reversed 0.20 m/s for 10.0s, then turned left at 0.50 rad/s for 5.0s (sim time, at a measured 0.25x real time). A real rover's FDIR could do the same - this is not a simulated teleport.
[planner_node-8] [INFO] [1787272736.241852598] [regolith_planner]: Planned path: 114 waypoints, start=(127, 132) goal=(110, 19)
[flip_recovery_node.py-10] [WARN] [1787272740.841987057] [regolith_flip_recovery]: STUCK RECOVERY #3 result: ground truth moved 2.03 m during the maneuver - FREED (3/3 escapes have freed the rover so far)
[pure_pursuit_node-9] [INFO] [1787274792.776652719] [regolith_pure_pursuit]: Goal reached (within 0.34 m of the commanded goal)
