[INFO] [launch]: All log files can be found below /home/balazs/.ros/log/2026-08-22-17-27-18-225641-DESKTOP-IE5MOME-100717
[INFO] [launch]: Default logging verbosity is set to INFO
[hello_moon.launch] Using ROS_DOMAIN_ID=30 (isolated DDS domain for this launch - see PROGRESS.md)
[INFO] [ruby $(which gz) sim-1]: process started with pid [100761]
[INFO] [robot_state_publisher-2]: process started with pid [100763]
[INFO] [parameter_bridge-3]: process started with pid [100766]
[INFO] [wheel_slip_node.py-4]: process started with pid [100768]
[INFO] [sensor_covariance_relay.py-5]: process started with pid [100771]
[INFO] [ekf_node-6]: process started with pid [100773]
[INFO] [costmap_node-7]: process started with pid [100775]
[INFO] [planner_node-8]: process started with pid [100777]
[INFO] [pure_pursuit_node-9]: process started with pid [100779]
[INFO] [flip_recovery_node.py-10]: process started with pid [100781]
[INFO] [mission_markers_node.py-11]: process started with pid [100783]
[parameter_bridge-3] [INFO] [1787416039.882844888] [ros_gz_bridge]: Creating GZ->ROS Bridge: [/clock (gz.msgs.Clock) -> /clock (rosgraph_msgs/msg/Clock)] (Lazy 0)
[parameter_bridge-3] [INFO] [1787416039.884695460] [ros_gz_bridge]: Creating GZ->ROS Bridge: [/cmd_vel (gz.msgs.Twist) -> /cmd_vel (geometry_msgs/msg/Twist)] (Lazy 0)
[parameter_bridge-3] [INFO] [1787416039.887081680] [ros_gz_bridge]: Creating ROS->GZ Bridge: [/cmd_vel (geometry_msgs/msg/Twist) -> /cmd_vel (gz.msgs.Twist)] (Lazy 0)
[parameter_bridge-3] [INFO] [1787416039.888186781] [ros_gz_bridge]: Creating GZ->ROS Bridge: [/odometry (gz.msgs.Odometry) -> /odometry (nav_msgs/msg/Odometry)] (Lazy 0)
[parameter_bridge-3] [INFO] [1787416039.891178347] [ros_gz_bridge]: Creating ROS->GZ Bridge: [/odometry (nav_msgs/msg/Odometry) -> /odometry (gz.msgs.Odometry)] (Lazy 0)
[parameter_bridge-3] [INFO] [1787416039.892283056] [ros_gz_bridge]: Creating GZ->ROS Bridge: [/camera (gz.msgs.Image) -> /camera (sensor_msgs/msg/Image)] (Lazy 0)
[parameter_bridge-3] [INFO] [1787416039.895072930] [ros_gz_bridge]: Creating ROS->GZ Bridge: [/camera (sensor_msgs/msg/Image) -> /camera (gz.msgs.Image)] (Lazy 0)
[parameter_bridge-3] [INFO] [1787416039.896774267] [ros_gz_bridge]: Creating GZ->ROS Bridge: [/camera_info (gz.msgs.CameraInfo) -> /camera_info (sensor_msgs/msg/CameraInfo)] (Lazy 0)
[parameter_bridge-3] [INFO] [1787416039.898383254] [ros_gz_bridge]: Creating ROS->GZ Bridge: [/camera_info (sensor_msgs/msg/CameraInfo) -> /camera_info (gz.msgs.CameraInfo)] (Lazy 0)
[parameter_bridge-3] [INFO] [1787416039.899546340] [ros_gz_bridge]: Creating GZ->ROS Bridge: [/depth_camera (gz.msgs.Image) -> /depth_camera (sensor_msgs/msg/Image)] (Lazy 0)
[parameter_bridge-3] [INFO] [1787416039.900762703] [ros_gz_bridge]: Creating ROS->GZ Bridge: [/depth_camera (sensor_msgs/msg/Image) -> /depth_camera (gz.msgs.Image)] (Lazy 0)
[parameter_bridge-3] [INFO] [1787416039.901926821] [ros_gz_bridge]: Creating GZ->ROS Bridge: [/imu (gz.msgs.IMU) -> /imu (sensor_msgs/msg/Imu)] (Lazy 0)
[parameter_bridge-3] [INFO] [1787416039.903026822] [ros_gz_bridge]: Creating ROS->GZ Bridge: [/imu (sensor_msgs/msg/Imu) -> /imu (gz.msgs.IMU)] (Lazy 0)
[parameter_bridge-3] [INFO] [1787416039.903970361] [ros_gz_bridge]: Creating GZ->ROS Bridge: [/world/regolith_moon/model/rover/joint_state (gz.msgs.Model) -> /world/regolith_moon/model/rover/joint_state (sensor_msgs/msg/JointState)] (Lazy 0)
[parameter_bridge-3] [INFO] [1787416039.904606882] [ros_gz_bridge]: Creating ROS->GZ Bridge: [/world/regolith_moon/model/rover/joint_state (sensor_msgs/msg/JointState) -> /world/regolith_moon/model/rover/joint_state (gz.msgs.Model)] (Lazy 0)
[parameter_bridge-3] [INFO] [1787416039.905372683] [ros_gz_bridge]: Creating GZ->ROS Bridge: [/model/rover/pose (gz.msgs.Pose) -> /model/rover/pose (geometry_msgs/msg/PoseStamped)] (Lazy 0)
[robot_state_publisher-2] [INFO] [1787416039.934222306] [robot_state_publisher]: got segment base_link
[robot_state_publisher-2] [INFO] [1787416039.934397199] [robot_state_publisher]: got segment camera_link
[robot_state_publisher-2] [INFO] [1787416039.934413344] [robot_state_publisher]: got segment chassis
[robot_state_publisher-2] [INFO] [1787416039.934421724] [robot_state_publisher]: got segment front_left_wheel
[robot_state_publisher-2] [INFO] [1787416039.934433351] [robot_state_publisher]: got segment front_right_wheel
[robot_state_publisher-2] [INFO] [1787416039.934442376] [robot_state_publisher]: got segment imu_link
[robot_state_publisher-2] [INFO] [1787416039.934446841] [robot_state_publisher]: got segment rear_left_wheel
[robot_state_publisher-2] [INFO] [1787416039.934451073] [robot_state_publisher]: got segment rear_right_wheel
[flip_recovery_node.py-10] [INFO] [1787416038.678645574] [regolith_flip_recovery]: Flip/stuck recovery armed (simulated set_pose backstop for flips, straight-line cmd_vel override for stuck-but-upright)
[wheel_slip_node.py-4] [INFO] [1787416038.692660427] [regolith_wheel_slip]: Wheel-slip ZUPT armed: /odom -> /odom/gated (onboard signals only - wheel odometry and IMU, never ground truth). legacy_rigid_body_signature=False
[costmap_node-7] [INFO] [1787416038.765751856] [regolith_costmap]: Published costmap: 256x256 cells at 0.781 m/cell
[mission_markers_node.py-11] [INFO] [1787416038.782214098] [regolith_mission_markers]: Mission markers active - start at (0.0, 0.0), Gazebo flags on, RViz on /mission_markers
[planner_node-8] [WARN] [1787416043.420430782] [regolith_planner]: No costmap or current pose yet - ignoring goal
[planner_node-8] [INFO] [1787416053.454311687] [regolith_planner]: Planned path: 82 waypoints, start=(128, 127) goal=(152, 50)
[parameter_bridge-3] [INFO] [1787416053.683881623] [ros_gz_bridge]: Passing message from ROS geometry_msgs/msg/Twist to Gazebo gz.msgs.Twist (showing msg only once per type)
[costmap_node-7] [WARN] [1787416067.735334523] [regolith_costmap]: Hazard #1 marked at (0.58, 0.55): 13 cells lethal (1.2 m + 0.3 m rover radius). The rover got wedged here; the planner will route around it from now on.
[pure_pursuit_node-9] [INFO] [1787416067.748915689] [regolith_pure_pursuit]: Recovery node has taken over /cmd_vel - pausing path following
[pure_pursuit_node-9] [INFO] [1787416083.795233490] [regolith_pure_pursuit]: Recovery finished - resuming path following
[flip_recovery_node.py-10] [WARN] [1787416083.856199854] [regolith_flip_recovery]: STUCK RECOVERY #1 (escalation level 0, triggered by ground truth; 1 ground-truth / 0 onboard triggers so far). Escape maneuver: reversed 0.20 m/s for 3.0s, then turned left at 0.50 rad/s for 2.0s (sim time, at a measured 0.28x real time). A real rover's FDIR could do the same - this is not a simulated teleport.
[planner_node-8] [WARN] [1787416083.857801013] [regolith_planner]: Current-position cell (127, 127) is lethal (drift, or a keep-out zone this rover marked itself) - planning from the nearest free cell (126, 127) instead
[flip_recovery_node.py-10] [WARN] [1787416083.862982289] [regolith_flip_recovery]: STUCK RECOVERY #1 result: ground truth moved 0.12 m during the maneuver - STILL WEDGED (0/1 escapes have freed the rover so far)
[planner_node-8] [INFO] [1787416083.911922220] [regolith_planner]: Planned path: 82 waypoints, start=(126, 127) goal=(152, 50)
[pure_pursuit_node-9] [INFO] [1787416112.542608201] [regolith_pure_pursuit]: Recovery node has taken over /cmd_vel - pausing path following
[costmap_node-7] [WARN] [1787416112.549913186] [regolith_costmap]: Hazard #2 marked at (-1.19, -0.31): 13 cells lethal (1.2 m + 0.3 m rover radius). The rover got wedged here; the planner will route around it from now on.
[pure_pursuit_node-9] [INFO] [1787416147.180327204] [regolith_pure_pursuit]: Recovery finished - resuming path following
[flip_recovery_node.py-10] [WARN] [1787416147.241064834] [regolith_flip_recovery]: STUCK RECOVERY #2 (escalation level 1, triggered by ground truth; 2 ground-truth / 0 onboard triggers so far). Escape maneuver: reversed 0.20 m/s for 6.0s, then turned right at 0.50 rad/s for 3.5s (sim time, at a measured 0.26x real time). A real rover's FDIR could do the same - this is not a simulated teleport.
[planner_node-8] [WARN] [1787416147.242704493] [regolith_planner]: Current-position cell (127, 129) is lethal (drift, or a keep-out zone this rover marked itself) - planning from the nearest free cell (126, 129) instead
[planner_node-8] [INFO] [1787416147.310723572] [regolith_planner]: Planned path: 84 waypoints, start=(126, 129) goal=(152, 50)
[flip_recovery_node.py-10] [WARN] [1787416151.685296199] [regolith_flip_recovery]: STUCK RECOVERY #2 result: ground truth moved 1.24 m during the maneuver - FREED (1/2 escapes have freed the rover so far)
[pure_pursuit_node-9] [INFO] [1787416159.944437834] [regolith_pure_pursuit]: Recovery node has taken over /cmd_vel - pausing path following
[costmap_node-7] [WARN] [1787416159.950852468] [regolith_costmap]: Hazard #3 marked at (0.04, -0.31): 13 cells lethal (1.2 m + 0.3 m rover radius). The rover got wedged here; the planner will route around it from now on.
[pure_pursuit_node-9] [INFO] [1787416213.525066126] [regolith_pure_pursuit]: Recovery finished - resuming path following
[flip_recovery_node.py-10] [WARN] [1787416213.586187273] [regolith_flip_recovery]: STUCK RECOVERY #3 (escalation level 2, triggered by ground truth; 3 ground-truth / 0 onboard triggers so far). Escape maneuver: reversed 0.20 m/s for 10.0s, then turned left at 0.50 rad/s for 5.0s (sim time, at a measured 0.26x real time). A real rover's FDIR could do the same - this is not a simulated teleport.
[planner_node-8] [INFO] [1787416213.656767710] [regolith_planner]: Planned path: 86 waypoints, start=(126, 131) goal=(152, 50)
[flip_recovery_node.py-10] [WARN] [1787416217.632246873] [regolith_flip_recovery]: STUCK RECOVERY #3 result: ground truth moved 2.03 m during the maneuver - FREED (2/3 escapes have freed the rover so far)
[wheel_slip_node.py-4] [WARN] [1787416947.759446155] [regolith_wheel_slip]: WHEEL SLIP #1: over the last 15.0 s the wheels claim 2.69 m and 1.67 rad of turning; the gyro saw 0.24 rad (14% of it) and the attitude spanned 5.06 deg. Feeding the EKF a zero-velocity update instead of the wheels' claim.
[pure_pursuit_node-9] [INFO] [1787416964.467849349] [regolith_pure_pursuit]: Recovery node has taken over /cmd_vel - pausing path following
[costmap_node-7] [WARN] [1787416964.475648564] [regolith_costmap]: Hazard #4 marked at (-34.98, -1.06): 13 cells lethal (1.2 m + 0.3 m rover radius). The rover got wedged here; the planner will route around it from now on.
[wheel_slip_node.py-4] [WARN] [1787416966.606198673] [regolith_wheel_slip]: WHEEL SLIP #1 cleared - over the last 5.0 s the wheels claimed 0.53 rad of turning and the gyro corroborated 25% of it. Phantom distance kept out of the EKF so far: 0.95 m.
[pure_pursuit_node-9] [INFO] [1787416982.956822676] [regolith_pure_pursuit]: Recovery finished - resuming path following
[flip_recovery_node.py-10] [WARN] [1787416983.017652443] [regolith_flip_recovery]: STUCK RECOVERY #4 (escalation level 0, triggered by wheel slip (onboard); 3 ground-truth / 1 onboard triggers so far). Escape maneuver: reversed 0.20 m/s for 3.0s, then turned left at 0.50 rad/s for 2.0s (sim time, at a measured 0.27x real time). A real rover's FDIR could do the same - this is not a simulated teleport.
[planner_node-8] [WARN] [1787416983.019360738] [regolith_planner]: Current-position cell (126, 84) is lethal (drift, or a keep-out zone this rover marked itself) - planning from the nearest free cell (125, 85) instead
[planner_node-8] [INFO] [1787416983.051770769] [regolith_planner]: Planned path: 40 waypoints, start=(125, 85) goal=(152, 50)
[flip_recovery_node.py-10] [WARN] [1787416985.486865866] [regolith_flip_recovery]: STUCK RECOVERY #4 result: ground truth moved 0.54 m during the maneuver - FREED (3/4 escapes have freed the rover so far)
[pure_pursuit_node-9] [INFO] [1787417876.540448759] [regolith_pure_pursuit]: Goal reached (within 0.35 m of the commanded goal)
