[INFO] [launch]: All log files can be found below ~/.ros/log/<launch-log-dir>
[INFO] [launch]: Default logging verbosity is set to INFO
[hello_moon.launch] Using ROS_DOMAIN_ID=52 (isolated DDS domain for this launch - see PROGRESS.md)
[INFO] [ruby $(which gz) sim-1]: process started with pid [18579]
[INFO] [robot_state_publisher-2]: process started with pid [18581]
[INFO] [parameter_bridge-3]: process started with pid [18584]
[INFO] [wheel_slip_node.py-4]: process started with pid [18586]
[INFO] [sensor_covariance_relay.py-5]: process started with pid [18589]
[INFO] [ekf_node-6]: process started with pid [18591]
[INFO] [costmap_node-7]: process started with pid [18593]
[INFO] [planner_node-8]: process started with pid [18595]
[INFO] [pure_pursuit_node-9]: process started with pid [18597]
[INFO] [flip_recovery_node.py-10]: process started with pid [18599]
[INFO] [mission_markers_node.py-11]: process started with pid [18601]
[robot_state_publisher-2] [INFO] [1787064093.522138188] [robot_state_publisher]: got segment base_link
[robot_state_publisher-2] [INFO] [1787064093.522321615] [robot_state_publisher]: got segment camera_link
[robot_state_publisher-2] [INFO] [1787064093.522346548] [robot_state_publisher]: got segment chassis
[robot_state_publisher-2] [INFO] [1787064093.522355772] [robot_state_publisher]: got segment front_left_wheel
[robot_state_publisher-2] [INFO] [1787064093.522361399] [robot_state_publisher]: got segment front_right_wheel
[robot_state_publisher-2] [INFO] [1787064093.522367197] [robot_state_publisher]: got segment imu_link
[robot_state_publisher-2] [INFO] [1787064093.522373852] [robot_state_publisher]: got segment rear_left_wheel
[robot_state_publisher-2] [INFO] [1787064093.522380822] [robot_state_publisher]: got segment rear_right_wheel
[parameter_bridge-3] [INFO] [1787064093.541990632] [ros_gz_bridge]: Creating GZ->ROS Bridge: [/clock (gz.msgs.Clock) -> /clock (rosgraph_msgs/msg/Clock)] (Lazy 0)
[parameter_bridge-3] [INFO] [1787064093.544046569] [ros_gz_bridge]: Creating GZ->ROS Bridge: [/cmd_vel (gz.msgs.Twist) -> /cmd_vel (geometry_msgs/msg/Twist)] (Lazy 0)
[parameter_bridge-3] [INFO] [1787064093.546120694] [ros_gz_bridge]: Creating ROS->GZ Bridge: [/cmd_vel (geometry_msgs/msg/Twist) -> /cmd_vel (gz.msgs.Twist)] (Lazy 0)
[parameter_bridge-3] [INFO] [1787064093.547824466] [ros_gz_bridge]: Creating GZ->ROS Bridge: [/odometry (gz.msgs.Odometry) -> /odometry (nav_msgs/msg/Odometry)] (Lazy 0)
[parameter_bridge-3] [INFO] [1787064093.550501135] [ros_gz_bridge]: Creating ROS->GZ Bridge: [/odometry (nav_msgs/msg/Odometry) -> /odometry (gz.msgs.Odometry)] (Lazy 0)
[parameter_bridge-3] [INFO] [1787064093.552161787] [ros_gz_bridge]: Creating GZ->ROS Bridge: [/camera (gz.msgs.Image) -> /camera (sensor_msgs/msg/Image)] (Lazy 0)
[parameter_bridge-3] [INFO] [1787064093.554534830] [ros_gz_bridge]: Creating ROS->GZ Bridge: [/camera (sensor_msgs/msg/Image) -> /camera (gz.msgs.Image)] (Lazy 0)
[parameter_bridge-3] [INFO] [1787064093.556356131] [ros_gz_bridge]: Creating GZ->ROS Bridge: [/camera_info (gz.msgs.CameraInfo) -> /camera_info (sensor_msgs/msg/CameraInfo)] (Lazy 0)
[parameter_bridge-3] [INFO] [1787064093.557987577] [ros_gz_bridge]: Creating ROS->GZ Bridge: [/camera_info (sensor_msgs/msg/CameraInfo) -> /camera_info (gz.msgs.CameraInfo)] (Lazy 0)
[parameter_bridge-3] [INFO] [1787064093.559577914] [ros_gz_bridge]: Creating GZ->ROS Bridge: [/depth_camera (gz.msgs.Image) -> /depth_camera (sensor_msgs/msg/Image)] (Lazy 0)
[parameter_bridge-3] [INFO] [1787064093.560678718] [ros_gz_bridge]: Creating ROS->GZ Bridge: [/depth_camera (sensor_msgs/msg/Image) -> /depth_camera (gz.msgs.Image)] (Lazy 0)
[parameter_bridge-3] [INFO] [1787064093.561836998] [ros_gz_bridge]: Creating GZ->ROS Bridge: [/imu (gz.msgs.IMU) -> /imu (sensor_msgs/msg/Imu)] (Lazy 0)
[parameter_bridge-3] [INFO] [1787064093.563340085] [ros_gz_bridge]: Creating ROS->GZ Bridge: [/imu (sensor_msgs/msg/Imu) -> /imu (gz.msgs.IMU)] (Lazy 0)
[parameter_bridge-3] [INFO] [1787064093.565006233] [ros_gz_bridge]: Creating GZ->ROS Bridge: [/world/regolith_moon/model/rover/joint_state (gz.msgs.Model) -> /world/regolith_moon/model/rover/joint_state (sensor_msgs/msg/JointState)] (Lazy 0)
[parameter_bridge-3] [INFO] [1787064093.566228345] [ros_gz_bridge]: Creating ROS->GZ Bridge: [/world/regolith_moon/model/rover/joint_state (sensor_msgs/msg/JointState) -> /world/regolith_moon/model/rover/joint_state (gz.msgs.Model)] (Lazy 0)
[parameter_bridge-3] [INFO] [1787064093.567652978] [ros_gz_bridge]: Creating GZ->ROS Bridge: [/model/rover/pose (gz.msgs.Pose) -> /model/rover/pose (geometry_msgs/msg/PoseStamped)] (Lazy 0)
[flip_recovery_node.py-10] [INFO] [1787064093.917612954] [regolith_flip_recovery]: Flip/stuck recovery armed (simulated set_pose backstop for flips, straight-line cmd_vel override for stuck-but-upright)
[wheel_slip_node.py-4] [INFO] [1787064093.954968445] [regolith_wheel_slip]: Wheel-slip ZUPT armed: /odom -> /odom/gated (onboard signals only - wheel odometry and IMU, never ground truth)
[costmap_node-7] [INFO] [1787064094.004875715] [regolith_costmap]: Published costmap: 256x256 cells at 0.781 m/cell
[mission_markers_node.py-11] [INFO] [1787064094.009571918] [regolith_mission_markers]: Mission markers active - start at (0.0, 0.0), Gazebo flags on, RViz on /mission_markers
[planner_node-8] [WARN] [1787064098.002139720] [regolith_planner]: No costmap or current pose yet - ignoring goal
[planner_node-8] [INFO] [1787064108.041382595] [regolith_planner]: Planned path: 73 waypoints, start=(127, 128) goal=(86, 60)
[parameter_bridge-3] [INFO] [1787064108.606586007] [ros_gz_bridge]: Passing message from ROS geometry_msgs/msg/Twist to Gazebo gz.msgs.Twist (showing msg only once per type)
[pure_pursuit_node-9] [WARN] [1787064146.351007913] [regolith_pure_pursuit]: Stalled for 8s - stopping and replanning
[planner_node-8] [INFO] [1787064146.423350506] [regolith_planner]: Planned path: 73 waypoints, start=(127, 128) goal=(86, 60)
[pure_pursuit_node-9] [INFO] [1787064150.153789733] [regolith_pure_pursuit]: Recovery node has taken over /cmd_vel - pausing path following
[pure_pursuit_node-9] [INFO] [1787064150.161468186] [regolith_pure_pursuit]: Costmap changed (a new keep-out zone) - restoring the replan budget: the route being retried is not the one that already failed
[costmap_node-7] [WARN] [1787064150.162083851] [regolith_costmap]: Hazard #1 marked at (-0.31, -0.74): 13 cells lethal (1.2 m + 0.3 m rover radius). The rover got wedged here; the planner will route around it from now on.
[pure_pursuit_node-9] [INFO] [1787064175.289245084] [regolith_pure_pursuit]: Recovery finished - resuming path following
[flip_recovery_node.py-10] [WARN] [1787064175.349926268] [regolith_flip_recovery]: STUCK RECOVERY #1 (escalation level 0, triggered by ground truth; 1 ground-truth / 0 onboard triggers so far). Escape maneuver: reversed 0.20 m/s for 3.0s, then turned left at 0.50 rad/s for 2.0s (sim time, at a measured 0.23x real time). A real rover's FDIR could do the same - this is not a simulated teleport.
[planner_node-8] [WARN] [1787064175.352163089] [regolith_planner]: Current-position cell (128, 128) is lethal (drift, or a keep-out zone this rover marked itself) - planning from the nearest free cell (128, 129) instead
[planner_node-8] [INFO] [1787064175.443094197] [regolith_planner]: Planned path: 74 waypoints, start=(128, 129) goal=(86, 60)
[flip_recovery_node.py-10] [WARN] [1787064179.802635595] [regolith_flip_recovery]: STUCK RECOVERY #1 result: ground truth moved 0.65 m during the maneuver - FREED (1/1 escapes have freed the rover so far)
[pure_pursuit_node-9] [INFO] [1787064189.163314131] [regolith_pure_pursuit]: Recovery node has taken over /cmd_vel - pausing path following
[costmap_node-7] [WARN] [1787064189.171332022] [regolith_costmap]: Hazard #2 marked at (-0.19, -0.07): 13 cells lethal (1.2 m + 0.3 m rover radius). The rover got wedged here; the planner will route around it from now on.
[pure_pursuit_node-9] [INFO] [1787064236.560721024] [regolith_pure_pursuit]: Recovery finished - resuming path following
[flip_recovery_node.py-10] [WARN] [1787064236.621573046] [regolith_flip_recovery]: STUCK RECOVERY #2 (escalation level 1, triggered by ground truth; 2 ground-truth / 0 onboard triggers so far). Escape maneuver: reversed 0.20 m/s for 6.0s, then turned right at 0.50 rad/s for 3.5s (sim time, at a measured 0.24x real time). A real rover's FDIR could do the same - this is not a simulated teleport.
[planner_node-8] [INFO] [1787064236.704921315] [regolith_planner]: Planned path: 74 waypoints, start=(129, 129) goal=(86, 60)
[flip_recovery_node.py-10] [WARN] [1787064241.510383394] [regolith_flip_recovery]: STUCK RECOVERY #2 result: ground truth moved 1.11 m during the maneuver - FREED (2/2 escapes have freed the rover so far)
