[INFO] [launch]: All log files can be found below /home/balazs/.ros/log/2026-08-31-05-25-47-565400-DESKTOP-IE5MOME-29902
[INFO] [launch]: Default logging verbosity is set to INFO
[hello_moon.launch] Using ROS_DOMAIN_ID=30 (isolated DDS domain for this launch - see PROGRESS.md)
[hello_moon.launch] TERRAIN-RELATIVE NAVIGATION ENABLED - the EKF is fused with an absolute position fix matched from IMU attitude against the a-priori DEM. No ground truth is read, so runs with this on ARE milestone results. Replayed through 25 recorded runs it cuts final EKF error from 2.97 m to 0.71 m median, but a replay is not a run - see PROGRESS.md before reading anything into a single result.
[INFO] [ruby $(which gz) sim-1]: process started with pid [29946]
[INFO] [robot_state_publisher-2]: process started with pid [29948]
[INFO] [parameter_bridge-3]: process started with pid [29951]
[INFO] [wheel_slip_node.py-4]: process started with pid [29953]
[INFO] [terrain_relative_node.py-5]: process started with pid [29956]
[INFO] [sensor_covariance_relay.py-6]: process started with pid [29958]
[INFO] [ekf_node-7]: process started with pid [29960]
[INFO] [costmap_node-8]: process started with pid [29962]
[INFO] [planner_node-9]: process started with pid [29964]
[INFO] [pure_pursuit_node-10]: process started with pid [29966]
[INFO] [flip_recovery_node.py-11]: process started with pid [29968]
[INFO] [mission_markers_node.py-12]: process started with pid [29970]
[parameter_bridge-3] [INFO] [1788150349.094675440] [ros_gz_bridge]: Creating GZ->ROS Bridge: [/clock (gz.msgs.Clock) -> /clock (rosgraph_msgs/msg/Clock)] (Lazy 0)
[parameter_bridge-3] [INFO] [1788150349.096917573] [ros_gz_bridge]: Creating GZ->ROS Bridge: [/cmd_vel (gz.msgs.Twist) -> /cmd_vel (geometry_msgs/msg/Twist)] (Lazy 0)
[parameter_bridge-3] [INFO] [1788150349.099649109] [ros_gz_bridge]: Creating ROS->GZ Bridge: [/cmd_vel (geometry_msgs/msg/Twist) -> /cmd_vel (gz.msgs.Twist)] (Lazy 0)
[robot_state_publisher-2] [INFO] [1788150349.099714595] [robot_state_publisher]: got segment base_link
[robot_state_publisher-2] [INFO] [1788150349.099865963] [robot_state_publisher]: got segment camera_link
[robot_state_publisher-2] [INFO] [1788150349.099876613] [robot_state_publisher]: got segment chassis
[robot_state_publisher-2] [INFO] [1788150349.099881392] [robot_state_publisher]: got segment front_left_wheel
[robot_state_publisher-2] [INFO] [1788150349.099885841] [robot_state_publisher]: got segment front_right_wheel
[robot_state_publisher-2] [INFO] [1788150349.099889959] [robot_state_publisher]: got segment imu_link
[robot_state_publisher-2] [INFO] [1788150349.099893936] [robot_state_publisher]: got segment rear_left_wheel
[robot_state_publisher-2] [INFO] [1788150349.099897974] [robot_state_publisher]: got segment rear_right_wheel
[parameter_bridge-3] [INFO] [1788150349.100613837] [ros_gz_bridge]: Creating GZ->ROS Bridge: [/odometry (gz.msgs.Odometry) -> /odometry (nav_msgs/msg/Odometry)] (Lazy 0)
[parameter_bridge-3] [INFO] [1788150349.103527531] [ros_gz_bridge]: Creating ROS->GZ Bridge: [/odometry (nav_msgs/msg/Odometry) -> /odometry (gz.msgs.Odometry)] (Lazy 0)
[parameter_bridge-3] [INFO] [1788150349.105344083] [ros_gz_bridge]: Creating GZ->ROS Bridge: [/camera (gz.msgs.Image) -> /camera (sensor_msgs/msg/Image)] (Lazy 0)
[parameter_bridge-3] [INFO] [1788150349.108303173] [ros_gz_bridge]: Creating ROS->GZ Bridge: [/camera (sensor_msgs/msg/Image) -> /camera (gz.msgs.Image)] (Lazy 0)
[parameter_bridge-3] [INFO] [1788150349.109998053] [ros_gz_bridge]: Creating GZ->ROS Bridge: [/camera_info (gz.msgs.CameraInfo) -> /camera_info (sensor_msgs/msg/CameraInfo)] (Lazy 0)
[parameter_bridge-3] [INFO] [1788150349.111583925] [ros_gz_bridge]: Creating ROS->GZ Bridge: [/camera_info (sensor_msgs/msg/CameraInfo) -> /camera_info (gz.msgs.CameraInfo)] (Lazy 0)
[parameter_bridge-3] [INFO] [1788150349.112710201] [ros_gz_bridge]: Creating GZ->ROS Bridge: [/depth_camera (gz.msgs.Image) -> /depth_camera (sensor_msgs/msg/Image)] (Lazy 0)
[parameter_bridge-3] [INFO] [1788150349.113492382] [ros_gz_bridge]: Creating ROS->GZ Bridge: [/depth_camera (sensor_msgs/msg/Image) -> /depth_camera (gz.msgs.Image)] (Lazy 0)
[parameter_bridge-3] [INFO] [1788150349.114514190] [ros_gz_bridge]: Creating GZ->ROS Bridge: [/imu (gz.msgs.IMU) -> /imu (sensor_msgs/msg/Imu)] (Lazy 0)
[parameter_bridge-3] [INFO] [1788150349.115861723] [ros_gz_bridge]: Creating ROS->GZ Bridge: [/imu (sensor_msgs/msg/Imu) -> /imu (gz.msgs.IMU)] (Lazy 0)
[parameter_bridge-3] [INFO] [1788150349.117130502] [ros_gz_bridge]: Creating GZ->ROS Bridge: [/world/regolith_moon/model/rover/joint_state (gz.msgs.Model) -> /world/regolith_moon/model/rover/joint_state (sensor_msgs/msg/JointState)] (Lazy 0)
[parameter_bridge-3] [INFO] [1788150349.118594492] [ros_gz_bridge]: Creating ROS->GZ Bridge: [/world/regolith_moon/model/rover/joint_state (sensor_msgs/msg/JointState) -> /world/regolith_moon/model/rover/joint_state (gz.msgs.Model)] (Lazy 0)
[parameter_bridge-3] [INFO] [1788150349.119417240] [ros_gz_bridge]: Creating GZ->ROS Bridge: [/model/rover/pose (gz.msgs.Pose) -> /model/rover/pose (geometry_msgs/msg/PoseStamped)] (Lazy 0)
[flip_recovery_node.py-11] [INFO] [1788150349.517598727] [regolith_flip_recovery]: Flip/stuck recovery armed (simulated set_pose backstop for flips, straight-line cmd_vel override for stuck-but-upright)
[wheel_slip_node.py-4] [INFO] [1788150349.554928623] [regolith_wheel_slip]: Wheel-slip ZUPT armed: /odom -> /odom/gated (onboard signals only - wheel odometry and IMU, never ground truth). legacy_rigid_body_signature=False
[costmap_node-8] [INFO] [1788150349.604272289] [regolith_costmap]: Published costmap: 256x256 cells at 0.781 m/cell
[mission_markers_node.py-12] [INFO] [1788150349.605516596] [regolith_mission_markers]: Mission markers active - start at (0.0, 0.0), Gazebo flags on, RViz on /mission_markers
[terrain_relative_node.py-5] [INFO] [1788150349.609205655] [regolith_terrain_relative]: Terrain-relative navigation active: 15 m window, fixing at 1.0 Hz, +-6 m search at 0.25 m, DEM 0.391 m/px from /home/balazs/.cache/regolith/worlds/seed_42/manifest.json. Onboard sensors only - no ground truth is read by this node.
[planner_node-9] [WARN] [1788150353.700466341] [regolith_planner]: No costmap or current pose yet - ignoring goal
[planner_node-9] [INFO] [1788150363.726725003] [regolith_planner]: Planned path: 109 waypoints, start=(127, 127) goal=(110, 19)
[parameter_bridge-3] [INFO] [1788150363.848584990] [ros_gz_bridge]: Passing message from ROS geometry_msgs/msg/Twist to Gazebo gz.msgs.Twist (showing msg only once per type)
[pure_pursuit_node-10] [WARN] [1788150395.712095760] [regolith_pure_pursuit]: Stalled for 8s - stopping and replanning
[planner_node-9] [INFO] [1788150395.760304176] [regolith_planner]: Planned path: 109 waypoints, start=(127, 127) goal=(110, 19)
[ruby $(which gz) sim-1] NodeShared::Publish() Error: Interrupted system call
[terrain_relative_node.py-5] [INFO] [1788150566.350955644] [regolith_terrain_relative]: Terrain fix held: first window, offset (+0.41, +0.01), margin 5.54 - waiting for an independent window to confirm
[terrain_relative_node.py-5] [INFO] [1788150570.214441443] [regolith_terrain_relative]: Terrain correction #1 at 7.9 m travelled: (+0.49, -0.01) m, margin 4.82, 39 samples, 2 poses published (rejected so far: 0 ambiguous, 0 inconsistent)
[terrain_relative_node.py-5] [INFO] [1788150688.424380426] [regolith_terrain_relative]: Terrain correction #6 at 13.6 m travelled: (-0.14, -0.04) m, margin 3.85, 68 samples, 32 poses published (rejected so far: 0 ambiguous, 0 inconsistent)
[terrain_relative_node.py-5] [INFO] [1788150805.658583785] [regolith_terrain_relative]: Terrain correction #11 at 19.4 m travelled: (-0.02, -0.01) m, margin 5.04, 74 samples, 62 poses published (rejected so far: 0 ambiguous, 0 inconsistent)
[terrain_relative_node.py-5] [INFO] [1788150922.917035718] [regolith_terrain_relative]: Terrain correction #16 at 25.1 m travelled: (-0.07, +0.12) m, margin 7.53, 74 samples, 92 poses published (rejected so far: 0 ambiguous, 0 inconsistent)
[terrain_relative_node.py-5] [INFO] [1788151040.269364107] [regolith_terrain_relative]: Terrain correction #21 at 30.8 m travelled: (-0.06, -0.10) m, margin 7.58, 74 samples, 122 poses published (rejected so far: 0 ambiguous, 0 inconsistent)
[terrain_relative_node.py-5] [INFO] [1788151173.476489387] [regolith_terrain_relative]: Terrain correction #26 at 36.0 m travelled: (+0.24, +0.44) m, margin 6.35, 74 samples, 156 poses published (rejected so far: 0 ambiguous, 0 inconsistent)
[pure_pursuit_node-10] [INFO] [1788151204.560078953] [regolith_pure_pursuit]: Recovery node has taken over /cmd_vel - pausing path following
[costmap_node-8] [WARN] [1788151204.569184669] [regolith_costmap]: Hazard #1 marked at (-35.84, 2.85): 13 cells lethal (1.2 m + 0.3 m rover radius). The rover got wedged here; the planner will route around it from now on.
[pure_pursuit_node-10] [INFO] [1788151204.569484501] [regolith_pure_pursuit]: Costmap changed (a new keep-out zone) - restoring the replan budget: the route being retried is not the one that already failed
[pure_pursuit_node-10] [INFO] [1788151224.052752129] [regolith_pure_pursuit]: Recovery finished - resuming path following
[flip_recovery_node.py-11] [WARN] [1788151224.114094491] [regolith_flip_recovery]: STUCK RECOVERY #1 (escalation level 0, triggered by ground truth; 1 ground-truth / 0 onboard triggers so far). Escape maneuver: reversed 0.20 m/s for 3.0s, then turned left at 0.50 rad/s for 2.0s (sim time, exact - driven by the sim clock directly, not an RTF-estimated wall-clock sleep; RTF over this window measured 0.26x real time, logged for comparison only). A real rover's FDIR could do the same - this is not a simulated teleport.
[planner_node-9] [WARN] [1788151224.116235140] [regolith_planner]: Current-position cell (132, 83) is lethal (drift, or a keep-out zone this rover marked itself) - planning from the nearest free cell (132, 84) instead
[planner_node-9] [INFO] [1788151224.129913607] [regolith_planner]: Planned path: 68 waypoints, start=(132, 84) goal=(110, 19)
[flip_recovery_node.py-11] [WARN] [1788151228.783739892] [regolith_flip_recovery]: STUCK RECOVERY #1 result: ground truth moved 0.56 m during the maneuver - FREED (1/1 escapes have freed the rover so far)
[terrain_relative_node.py-5] [INFO] [1788151396.060756935] [regolith_terrain_relative]: Terrain correction #31 at 41.3 m travelled: (-0.04, +0.02) m, margin 7.37, 75 samples, 213 poses published (rejected so far: 0 ambiguous, 0 inconsistent)
[terrain_relative_node.py-5] [INFO] [1788151517.571264432] [regolith_terrain_relative]: Terrain correction #36 at 46.9 m travelled: (-0.09, +0.03) m, margin 12.13, 75 samples, 244 poses published (rejected so far: 0 ambiguous, 0 inconsistent)
[terrain_relative_node.py-5] [INFO] [1788151636.150379194] [regolith_terrain_relative]: Terrain correction #41 at 52.4 m travelled: (-0.20, -0.03) m, margin 13.60, 74 samples, 274 poses published (rejected so far: 0 ambiguous, 0 inconsistent)
[terrain_relative_node.py-5] [INFO] [1788151753.692914479] [regolith_terrain_relative]: Terrain correction #46 at 58.0 m travelled: (+0.09, +0.01) m, margin 5.84, 74 samples, 304 poses published (rejected so far: 0 ambiguous, 0 inconsistent)
[terrain_relative_node.py-5] [INFO] [1788151871.694723089] [regolith_terrain_relative]: Terrain fix rejected: disagrees with the previous window by 5.18 m (> 1.50); offset now (+4.21, +3.23), was (+0.10, +0.07)
[terrain_relative_node.py-5] [INFO] [1788151875.584171930] [regolith_terrain_relative]: Terrain correction #51 at 63.7 m travelled: (+0.39, +0.31) m, margin 2.93, 74 samples, 335 poses published (rejected so far: 0 ambiguous, 1 inconsistent)
[terrain_relative_node.py-5] [INFO] [1788151993.509444282] [regolith_terrain_relative]: Terrain correction #56 at 69.2 m travelled: (+0.05, -0.50) m, margin 2.93, 74 samples, 365 poses published (rejected so far: 0 ambiguous, 1 inconsistent)
[terrain_relative_node.py-5] [INFO] [1788152044.743622907] [regolith_terrain_relative]: Terrain fix rejected: disagrees with the previous window by 5.49 m (> 1.50); offset now (+1.28, -1.41), was (+4.21, +3.23)
[terrain_relative_node.py-5] [INFO] [1788152119.375997882] [regolith_terrain_relative]: Terrain correction #61 at 74.7 m travelled: (+0.33, -0.38) m, margin 4.55, 74 samples, 397 poses published (rejected so far: 0 ambiguous, 2 inconsistent)
[terrain_relative_node.py-5] [INFO] [1788152225.328190611] [regolith_terrain_relative]: Terrain fix rejected: disagrees with the previous window by 2.16 m (> 1.50); offset now (-0.50, -0.19), was (+1.28, -1.41)
[terrain_relative_node.py-5] [INFO] [1788152252.687071169] [regolith_terrain_relative]: Terrain correction #66 at 80.3 m travelled: (+0.09, +0.09) m, margin 2.12, 74 samples, 431 poses published (rejected so far: 0 ambiguous, 3 inconsistent)
[terrain_relative_node.py-5] [INFO] [1788152300.114710581] [regolith_terrain_relative]: Terrain fix rejected: margin 1.96 < 2.00 - this stretch of terrain does not determine position (74 samples over 15 m)
[terrain_relative_node.py-5] [INFO] [1788152331.669734760] [regolith_terrain_relative]: Terrain fix rejected: margin 1.93 < 2.00 - this stretch of terrain does not determine position (74 samples over 15 m)
[terrain_relative_node.py-5] [INFO] [1788152363.458740992] [regolith_terrain_relative]: Terrain fix rejected: margin 1.85 < 2.00 - this stretch of terrain does not determine position (74 samples over 15 m)
[terrain_relative_node.py-5] [INFO] [1788152395.005060060] [regolith_terrain_relative]: Terrain fix rejected: margin 1.80 < 2.00 - this stretch of terrain does not determine position (74 samples over 15 m)
[terrain_relative_node.py-5] [INFO] [1788152426.955246416] [regolith_terrain_relative]: Terrain fix rejected: margin 1.76 < 2.00 - this stretch of terrain does not determine position (74 samples over 15 m)
[terrain_relative_node.py-5] [INFO] [1788152458.687380493] [regolith_terrain_relative]: Terrain fix rejected: margin 1.76 < 2.00 - this stretch of terrain does not determine position (74 samples over 15 m)
[terrain_relative_node.py-5] [INFO] [1788152490.129894153] [regolith_terrain_relative]: Terrain fix rejected: margin 1.76 < 2.00 - this stretch of terrain does not determine position (74 samples over 15 m)
[terrain_relative_node.py-5] [INFO] [1788152521.365791804] [regolith_terrain_relative]: Terrain fix rejected: margin 1.72 < 2.00 - this stretch of terrain does not determine position (74 samples over 15 m)
[terrain_relative_node.py-5] [INFO] [1788152533.222081359] [regolith_terrain_relative]: Terrain correction #68 at 92.5 m travelled: (+0.03, +0.05) m, margin 2.00, 74 samples, 502 poses published (rejected so far: 59 ambiguous, 3 inconsistent)
[pure_pursuit_node-10] [INFO] [1788152561.856733931] [regolith_pure_pursuit]: Goal reached (within 0.34 m of the commanded goal)
