[INFO] [launch]: All log files can be found below /home/balazs/.ros/log/2026-08-21-00-00-17-728338-DESKTOP-IE5MOME-37693
[INFO] [launch]: Default logging verbosity is set to INFO
[hello_moon.launch] Using ROS_DOMAIN_ID=34 (isolated DDS domain for this launch - see PROGRESS.md)
[INFO] [ruby $(which gz) sim-1]: process started with pid [37737]
[INFO] [robot_state_publisher-2]: process started with pid [37739]
[INFO] [parameter_bridge-3]: process started with pid [37742]
[INFO] [wheel_slip_node.py-4]: process started with pid [37745]
[INFO] [sensor_covariance_relay.py-5]: process started with pid [37747]
[INFO] [ekf_node-6]: process started with pid [37749]
[INFO] [costmap_node-7]: process started with pid [37751]
[INFO] [planner_node-8]: process started with pid [37753]
[INFO] [pure_pursuit_node-9]: process started with pid [37755]
[INFO] [flip_recovery_node.py-10]: process started with pid [37757]
[INFO] [mission_markers_node.py-11]: process started with pid [37759]
[parameter_bridge-3] [INFO] [1787266819.240106125] [ros_gz_bridge]: Creating GZ->ROS Bridge: [/clock (gz.msgs.Clock) -> /clock (rosgraph_msgs/msg/Clock)] (Lazy 0)
[parameter_bridge-3] [INFO] [1787266819.241690085] [ros_gz_bridge]: Creating GZ->ROS Bridge: [/cmd_vel (gz.msgs.Twist) -> /cmd_vel (geometry_msgs/msg/Twist)] (Lazy 0)
[parameter_bridge-3] [INFO] [1787266819.243994583] [ros_gz_bridge]: Creating ROS->GZ Bridge: [/cmd_vel (geometry_msgs/msg/Twist) -> /cmd_vel (gz.msgs.Twist)] (Lazy 0)
[parameter_bridge-3] [INFO] [1787266819.246167130] [ros_gz_bridge]: Creating GZ->ROS Bridge: [/odometry (gz.msgs.Odometry) -> /odometry (nav_msgs/msg/Odometry)] (Lazy 0)
[parameter_bridge-3] [INFO] [1787266819.248888009] [ros_gz_bridge]: Creating ROS->GZ Bridge: [/odometry (nav_msgs/msg/Odometry) -> /odometry (gz.msgs.Odometry)] (Lazy 0)
[parameter_bridge-3] [INFO] [1787266819.251113356] [ros_gz_bridge]: Creating GZ->ROS Bridge: [/camera (gz.msgs.Image) -> /camera (sensor_msgs/msg/Image)] (Lazy 0)
[parameter_bridge-3] [INFO] [1787266819.253973867] [ros_gz_bridge]: Creating ROS->GZ Bridge: [/camera (sensor_msgs/msg/Image) -> /camera (gz.msgs.Image)] (Lazy 0)
[parameter_bridge-3] [INFO] [1787266819.256097862] [ros_gz_bridge]: Creating GZ->ROS Bridge: [/camera_info (gz.msgs.CameraInfo) -> /camera_info (sensor_msgs/msg/CameraInfo)] (Lazy 0)
[robot_state_publisher-2] [INFO] [1787266819.256178815] [robot_state_publisher]: got segment base_link
[robot_state_publisher-2] [INFO] [1787266819.256349700] [robot_state_publisher]: got segment camera_link
[robot_state_publisher-2] [INFO] [1787266819.256368546] [robot_state_publisher]: got segment chassis
[robot_state_publisher-2] [INFO] [1787266819.256376972] [robot_state_publisher]: got segment front_left_wheel
[robot_state_publisher-2] [INFO] [1787266819.256383955] [robot_state_publisher]: got segment front_right_wheel
[robot_state_publisher-2] [INFO] [1787266819.256391088] [robot_state_publisher]: got segment imu_link
[robot_state_publisher-2] [INFO] [1787266819.256398793] [robot_state_publisher]: got segment rear_left_wheel
[robot_state_publisher-2] [INFO] [1787266819.256405836] [robot_state_publisher]: got segment rear_right_wheel
[parameter_bridge-3] [INFO] [1787266819.259133398] [ros_gz_bridge]: Creating ROS->GZ Bridge: [/camera_info (sensor_msgs/msg/CameraInfo) -> /camera_info (gz.msgs.CameraInfo)] (Lazy 0)
[parameter_bridge-3] [INFO] [1787266819.260596102] [ros_gz_bridge]: Creating GZ->ROS Bridge: [/depth_camera (gz.msgs.Image) -> /depth_camera (sensor_msgs/msg/Image)] (Lazy 0)
[parameter_bridge-3] [INFO] [1787266819.261709077] [ros_gz_bridge]: Creating ROS->GZ Bridge: [/depth_camera (sensor_msgs/msg/Image) -> /depth_camera (gz.msgs.Image)] (Lazy 0)
[parameter_bridge-3] [INFO] [1787266819.263043433] [ros_gz_bridge]: Creating GZ->ROS Bridge: [/imu (gz.msgs.IMU) -> /imu (sensor_msgs/msg/Imu)] (Lazy 0)
[parameter_bridge-3] [INFO] [1787266819.264110390] [ros_gz_bridge]: Creating ROS->GZ Bridge: [/imu (sensor_msgs/msg/Imu) -> /imu (gz.msgs.IMU)] (Lazy 0)
[parameter_bridge-3] [INFO] [1787266819.265752723] [ros_gz_bridge]: Creating GZ->ROS Bridge: [/world/regolith_moon/model/rover/joint_state (gz.msgs.Model) -> /world/regolith_moon/model/rover/joint_state (sensor_msgs/msg/JointState)] (Lazy 0)
[parameter_bridge-3] [INFO] [1787266819.267249297] [ros_gz_bridge]: Creating ROS->GZ Bridge: [/world/regolith_moon/model/rover/joint_state (sensor_msgs/msg/JointState) -> /world/regolith_moon/model/rover/joint_state (gz.msgs.Model)] (Lazy 0)
[parameter_bridge-3] [INFO] [1787266819.269138136] [ros_gz_bridge]: Creating GZ->ROS Bridge: [/model/rover/pose (gz.msgs.Pose) -> /model/rover/pose (geometry_msgs/msg/PoseStamped)] (Lazy 0)
[flip_recovery_node.py-10] [INFO] [1787266819.608741065] [regolith_flip_recovery]: Flip/stuck recovery armed (simulated set_pose backstop for flips, straight-line cmd_vel override for stuck-but-upright)
[wheel_slip_node.py-4] [INFO] [1787266819.658290239] [regolith_wheel_slip]: Wheel-slip ZUPT armed: /odom -> /odom/gated (onboard signals only - wheel odometry and IMU, never ground truth). legacy_rigid_body_signature=True [A/B LEVER: retired signature 2 re-enabled]
[costmap_node-7] [INFO] [1787266819.729741302] [regolith_costmap]: Published costmap: 256x256 cells at 0.781 m/cell
[mission_markers_node.py-11] [INFO] [1787266819.752121520] [regolith_mission_markers]: Mission markers active - start at (0.0, 0.0), Gazebo flags on, RViz on /mission_markers
[planner_node-8] [WARN] [1787266823.827991523] [regolith_planner]: No costmap or current pose yet - ignoring goal
[planner_node-8] [INFO] [1787266833.863448336] [regolith_planner]: Planned path: 109 waypoints, start=(127, 127) goal=(110, 19)
[parameter_bridge-3] [INFO] [1787266834.264130469] [ros_gz_bridge]: Passing message from ROS geometry_msgs/msg/Twist to Gazebo gz.msgs.Twist (showing msg only once per type)
[pure_pursuit_node-9] [WARN] [1787266866.688469814] [regolith_pure_pursuit]: Stalled for 8s - stopping and replanning
[planner_node-8] [INFO] [1787266866.735369589] [regolith_planner]: Planned path: 109 waypoints, start=(127, 127) goal=(110, 19)
[pure_pursuit_node-9] [INFO] [1787266869.152943547] [regolith_pure_pursuit]: Recovery node has taken over /cmd_vel - pausing path following
[costmap_node-7] [WARN] [1787266869.160416892] [regolith_costmap]: Hazard #1 marked at (-0.29, 0.74): 13 cells lethal (1.2 m + 0.3 m rover radius). The rover got wedged here; the planner will route around it from now on.
[pure_pursuit_node-9] [INFO] [1787266869.160914184] [regolith_pure_pursuit]: Costmap changed (a new keep-out zone) - restoring the replan budget: the route being retried is not the one that already failed
[pure_pursuit_node-9] [INFO] [1787266889.442193460] [regolith_pure_pursuit]: Recovery finished - resuming path following
[flip_recovery_node.py-10] [WARN] [1787266889.502528728] [regolith_flip_recovery]: STUCK RECOVERY #1 (escalation level 0, triggered by ground truth; 1 ground-truth / 0 onboard triggers so far). Escape maneuver: reversed 0.20 m/s for 3.0s, then turned left at 0.50 rad/s for 2.0s (sim time, at a measured 0.25x real time). A real rover's FDIR could do the same - this is not a simulated teleport.
[planner_node-8] [WARN] [1787266889.503677192] [regolith_planner]: Current-position cell (127, 128) is lethal (drift, or a keep-out zone this rover marked itself) - planning from the nearest free cell (126, 128) instead
[planner_node-8] [INFO] [1787266889.550003717] [regolith_planner]: Planned path: 110 waypoints, start=(126, 128) goal=(110, 19)
[flip_recovery_node.py-10] [WARN] [1787266894.070801846] [regolith_flip_recovery]: STUCK RECOVERY #1 result: ground truth moved 0.63 m during the maneuver - FREED (1/1 escapes have freed the rover so far)
[pure_pursuit_node-9] [INFO] [1787266901.955143893] [regolith_pure_pursuit]: Recovery node has taken over /cmd_vel - pausing path following
[costmap_node-7] [WARN] [1787266901.963174437] [regolith_costmap]: Hazard #2 marked at (-0.55, -0.60): 13 cells lethal (1.2 m + 0.3 m rover radius). The rover got wedged here; the planner will route around it from now on.
[pure_pursuit_node-9] [INFO] [1787266939.818790847] [regolith_pure_pursuit]: Recovery finished - resuming path following
[flip_recovery_node.py-10] [WARN] [1787266939.879129644] [regolith_flip_recovery]: STUCK RECOVERY #2 (escalation level 1, triggered by ground truth; 2 ground-truth / 0 onboard triggers so far). Escape maneuver: reversed 0.20 m/s for 6.0s, then turned right at 0.50 rad/s for 3.5s (sim time, at a measured 0.25x real time). A real rover's FDIR could do the same - this is not a simulated teleport.
[planner_node-8] [WARN] [1787266939.880350373] [regolith_planner]: Current-position cell (127, 129) is lethal (drift, or a keep-out zone this rover marked itself) - planning from the nearest free cell (126, 129) instead
[planner_node-8] [INFO] [1787266939.928294255] [regolith_planner]: Planned path: 111 waypoints, start=(126, 129) goal=(110, 19)
[flip_recovery_node.py-10] [WARN] [1787266944.257391131] [regolith_flip_recovery]: STUCK RECOVERY #2 result: ground truth moved 1.22 m during the maneuver - FREED (2/2 escapes have freed the rover so far)
[pure_pursuit_node-9] [INFO] [1787266952.939031047] [regolith_pure_pursuit]: Recovery node has taken over /cmd_vel - pausing path following
[costmap_node-7] [WARN] [1787266952.946429316] [regolith_costmap]: Hazard #3 marked at (0.67, -0.42): 13 cells lethal (1.2 m + 0.3 m rover radius). The rover got wedged here; the planner will route around it from now on.
[pure_pursuit_node-9] [INFO] [1787267012.645871702] [regolith_pure_pursuit]: Recovery finished - resuming path following
[flip_recovery_node.py-10] [WARN] [1787267012.706121619] [regolith_flip_recovery]: STUCK RECOVERY #3 (escalation level 2, triggered by ground truth; 3 ground-truth / 0 onboard triggers so far). Escape maneuver: reversed 0.20 m/s for 10.0s, then turned left at 0.50 rad/s for 5.0s (sim time, at a measured 0.25x real time). A real rover's FDIR could do the same - this is not a simulated teleport.
[planner_node-8] [INFO] [1787267012.767130466] [regolith_planner]: Planned path: 114 waypoints, start=(127, 132) goal=(110, 19)
[flip_recovery_node.py-10] [WARN] [1787267017.461853461] [regolith_flip_recovery]: STUCK RECOVERY #3 result: ground truth moved 2.12 m during the maneuver - FREED (3/3 escapes have freed the rover so far)
[pure_pursuit_node-9] [INFO] [1787267038.054818485] [regolith_pure_pursuit]: Recovery node has taken over /cmd_vel - pausing path following
[costmap_node-7] [WARN] [1787267038.061874445] [regolith_costmap]: Hazard #4 marked at (2.71, -0.52): 13 cells lethal (1.2 m + 0.3 m rover radius). The rover got wedged here; the planner will route around it from now on.
[pure_pursuit_node-9] [INFO] [1787267103.647046369] [regolith_pure_pursuit]: Recovery finished - resuming path following
[flip_recovery_node.py-10] [WARN] [1787267103.707680497] [regolith_flip_recovery]: STUCK RECOVERY #4 (escalation level 3, triggered by ground truth; 4 ground-truth / 0 onboard triggers so far). Escape maneuver: reversed 0.20 m/s for 10.0s, then turned right at 0.50 rad/s for 6.5s (sim time, at a measured 0.25x real time). A real rover's FDIR could do the same - this is not a simulated teleport.
[planner_node-8] [INFO] [1787267103.784468569] [regolith_planner]: Planned path: 117 waypoints, start=(126, 135) goal=(110, 19)
[flip_recovery_node.py-10] [WARN] [1787267108.126683515] [regolith_flip_recovery]: STUCK RECOVERY #4 result: ground truth moved 1.97 m during the maneuver - FREED (4/4 escapes have freed the rover so far)
[wheel_slip_node.py-4] [WARN] [1787267500.116525896] [regolith_wheel_slip]: WHEEL SLIP #1: over the last 15.0 s the wheels claim 2.91 m and 0.01 rad of turning; the gyro saw 0.01 rad (90% of it) and the attitude spanned 0.50 deg. Feeding the EKF a zero-velocity update instead of the wheels' claim.
[pure_pursuit_node-9] [INFO] [1787267520.495639749] [regolith_pure_pursuit]: Recovery node has taken over /cmd_vel - pausing path following
[costmap_node-7] [WARN] [1787267520.502031530] [regolith_costmap]: Hazard #5 marked at (-10.60, 4.30): 13 cells lethal (1.2 m + 0.3 m rover radius). The rover got wedged here; the planner will route around it from now on.
[ruby $(which gz) sim-1] NodeShared::Publish() Error: Interrupted system call
[wheel_slip_node.py-4] [WARN] [1787267533.106421757] [regolith_wheel_slip]: WHEEL SLIP #1 cleared - over the last 5.0 s the wheels claimed 0.01 rad of turning and the gyro corroborated 53% of it. Phantom distance kept out of the EKF so far: 1.58 m.
[pure_pursuit_node-9] [INFO] [1787267540.551314083] [regolith_pure_pursuit]: Recovery finished - resuming path following
[flip_recovery_node.py-10] [WARN] [1787267540.611621243] [regolith_flip_recovery]: STUCK RECOVERY #5 (escalation level 0, triggered by wheel slip (onboard); 4 ground-truth / 1 onboard triggers so far). Escape maneuver: reversed 0.20 m/s for 3.0s, then turned left at 0.50 rad/s for 2.0s (sim time, at a measured 0.25x real time). A real rover's FDIR could do the same - this is not a simulated teleport.
[planner_node-8] [WARN] [1787267540.613230352] [regolith_planner]: Current-position cell (133, 115) is lethal (drift, or a keep-out zone this rover marked itself) - planning from the nearest free cell (132, 116) instead
[planner_node-8] [INFO] [1787267540.650910999] [regolith_planner]: Planned path: 98 waypoints, start=(132, 116) goal=(110, 19)
[flip_recovery_node.py-10] [WARN] [1787267545.080701463] [regolith_flip_recovery]: STUCK RECOVERY #5 result: ground truth moved 0.55 m during the maneuver - FREED (5/5 escapes have freed the rover so far)
[wheel_slip_node.py-4] [WARN] [1787267906.168771209] [regolith_wheel_slip]: WHEEL SLIP #2: over the last 15.0 s the wheels claim 2.91 m and 0.00 rad of turning; the gyro saw 0.00 rad (93% of it) and the attitude spanned 0.45 deg. Feeding the EKF a zero-velocity update instead of the wheels' claim.
[pure_pursuit_node-9] [INFO] [1787267926.742763163] [regolith_pure_pursuit]: Recovery node has taken over /cmd_vel - pausing path following
[costmap_node-7] [WARN] [1787267926.750061999] [regolith_costmap]: Hazard #6 marked at (-23.62, 4.30): 13 cells lethal (1.2 m + 0.3 m rover radius). The rover got wedged here; the planner will route around it from now on.
[wheel_slip_node.py-4] [WARN] [1787267951.868216295] [regolith_wheel_slip]: WHEEL SLIP #2 cleared - over the last 5.0 s the wheels claimed 0.04 rad of turning and the gyro corroborated 10% of it. Phantom distance kept out of the EKF so far: 3.79 m.
[pure_pursuit_node-9] [INFO] [1787267964.542272815] [regolith_pure_pursuit]: Recovery finished - resuming path following
[flip_recovery_node.py-10] [WARN] [1787267964.602465063] [regolith_flip_recovery]: STUCK RECOVERY #6 (escalation level 1, triggered by wheel slip (onboard); 4 ground-truth / 2 onboard triggers so far). Escape maneuver: reversed 0.20 m/s for 6.0s, then turned right at 0.50 rad/s for 3.5s (sim time, at a measured 0.25x real time). A real rover's FDIR could do the same - this is not a simulated teleport.
[planner_node-8] [WARN] [1787267964.603991640] [regolith_planner]: Current-position cell (133, 98) is lethal (drift, or a keep-out zone this rover marked itself) - planning from the nearest free cell (132, 99) instead
[planner_node-8] [INFO] [1787267964.625743137] [regolith_planner]: Planned path: 81 waypoints, start=(132, 99) goal=(110, 19)
[flip_recovery_node.py-10] [WARN] [1787267969.136572650] [regolith_flip_recovery]: STUCK RECOVERY #6 result: ground truth moved 1.17 m during the maneuver - FREED (6/6 escapes have freed the rover so far)
[pure_pursuit_node-9] [WARN] [1787267997.586869560] [regolith_pure_pursuit]: Stalled for 8s - stopping and replanning
[planner_node-8] [WARN] [1787267997.588070950] [regolith_planner]: Current-position cell (133, 98) is lethal (drift, or a keep-out zone this rover marked itself) - planning from the nearest free cell (132, 99) instead
[planner_node-8] [INFO] [1787267997.611959514] [regolith_planner]: Planned path: 81 waypoints, start=(132, 99) goal=(110, 19)
[wheel_slip_node.py-4] [WARN] [1787268746.804923412] [regolith_wheel_slip]: WHEEL SLIP #3: over the last 15.0 s the wheels claim 2.82 m and 0.01 rad of turning; the gyro saw 0.01 rad (99% of it) and the attitude spanned 0.57 deg. Feeding the EKF a zero-velocity update instead of the wheels' claim.
[wheel_slip_node.py-4] [WARN] [1787268766.833230891] [regolith_wheel_slip]: WHEEL SLIP #3 cleared - over the last 5.0 s the wheels claimed 0.00 rad of turning and the gyro corroborated 1966% of it. Phantom distance kept out of the EKF so far: 4.73 m.
[wheel_slip_node.py-4] [WARN] [1787268836.374227497] [regolith_wheel_slip]: WHEEL SLIP #4: over the last 15.0 s the wheels claim 2.79 m and 0.00 rad of turning; the gyro saw 0.00 rad (95% of it) and the attitude spanned 0.47 deg. Feeding the EKF a zero-velocity update instead of the wheels' claim.
[pure_pursuit_node-9] [INFO] [1787268856.626563387] [regolith_pure_pursuit]: Recovery node has taken over /cmd_vel - pausing path following
[pure_pursuit_node-9] [INFO] [1787268856.633631878] [regolith_pure_pursuit]: Costmap changed (a new keep-out zone) - restoring the replan budget: the route being retried is not the one that already failed
[costmap_node-7] [WARN] [1787268856.633667783] [regolith_costmap]: Hazard #7 marked at (-56.22, -1.17): 13 cells lethal (1.2 m + 0.3 m rover radius). The rover got wedged here; the planner will route around it from now on.
[wheel_slip_node.py-4] [WARN] [1787268869.696330056] [regolith_wheel_slip]: WHEEL SLIP #4 cleared - over the last 5.0 s the wheels claimed 0.03 rad of turning and the gyro corroborated 26% of it. Phantom distance kept out of the EKF so far: 6.28 m.
[wheel_slip_node.py-4] [WARN] [1787268869.772024804] [regolith_wheel_slip]: WHEEL SLIP #5: over the last 15.0 s the wheels claim 2.80 m and 0.03 rad of turning; the gyro saw 0.01 rad (27% of it) and the attitude spanned 0.48 deg. Feeding the EKF a zero-velocity update instead of the wheels' claim.
[pure_pursuit_node-9] [INFO] [1787268876.750080192] [regolith_pure_pursuit]: Recovery finished - resuming path following
[flip_recovery_node.py-10] [WARN] [1787268876.810530398] [regolith_flip_recovery]: STUCK RECOVERY #7 (escalation level 0, triggered by wheel slip (onboard); 4 ground-truth / 3 onboard triggers so far). Escape maneuver: reversed 0.20 m/s for 3.0s, then turned left at 0.50 rad/s for 2.0s (sim time, at a measured 0.25x real time). A real rover's FDIR could do the same - this is not a simulated teleport.
[planner_node-8] [WARN] [1787268876.812303910] [regolith_planner]: Current-position cell (126, 57) is lethal (drift, or a keep-out zone this rover marked itself) - planning from the nearest free cell (125, 58) instead
[planner_node-8] [INFO] [1787268876.822524564] [regolith_planner]: Planned path: 40 waypoints, start=(125, 58) goal=(110, 19)
[wheel_slip_node.py-4] [WARN] [1787268877.761472152] [regolith_wheel_slip]: WHEEL SLIP #5 cleared - over the last 5.0 s the wheels claimed 0.64 rad of turning and the gyro corroborated 50% of it. Phantom distance kept out of the EKF so far: 6.28 m.
[flip_recovery_node.py-10] [WARN] [1787268880.925254408] [regolith_flip_recovery]: STUCK RECOVERY #7 result: ground truth moved 0.48 m during the maneuver - FREED (7/7 escapes have freed the rover so far)
[wheel_slip_node.py-4] [WARN] [1787269376.696334142] [regolith_wheel_slip]: WHEEL SLIP #6: over the last 15.0 s the wheels claim 2.13 m and 3.78 rad of turning; the gyro saw 0.55 rad (14% of it) and the attitude spanned 22.38 deg. Feeding the EKF a zero-velocity update instead of the wheels' claim.
[wheel_slip_node.py-4] [WARN] [1787269386.581394645] [regolith_wheel_slip]: WHEEL SLIP #6 cleared - over the last 5.0 s the wheels claimed 1.50 rad of turning and the gyro corroborated 25% of it. Phantom distance kept out of the EKF so far: 6.59 m.
[wheel_slip_node.py-4] [WARN] [1787269386.661214871] [regolith_wheel_slip]: WHEEL SLIP #7: over the last 15.0 s the wheels claim 2.01 m and 4.37 rad of turning; the gyro saw 0.63 rad (14% of it) and the attitude spanned 18.63 deg. Feeding the EKF a zero-velocity update instead of the wheels' claim.
[wheel_slip_node.py-4] [WARN] [1787269394.782548800] [regolith_wheel_slip]: WHEEL SLIP #7 cleared - over the last 5.0 s the wheels claimed 1.20 rad of turning and the gyro corroborated 39% of it. Phantom distance kept out of the EKF so far: 6.94 m.
[ruby $(which gz) sim-1] NodeShared::Publish() Error: Interrupted system call
[pure_pursuit_node-9] [INFO] [1787269758.668740794] [regolith_pure_pursuit]: Goal reached (within 0.35 m of the commanded goal)
