[INFO] [launch]: All log files can be found below ~/.ros/log/<launch-log-dir>
[INFO] [launch]: Default logging verbosity is set to INFO
[hello_moon.launch] Using ROS_DOMAIN_ID=84 (isolated DDS domain for this launch - see PROGRESS.md)
[INFO] [ruby $(which gz) sim-1]: process started with pid [11669]
[INFO] [robot_state_publisher-2]: process started with pid [11671]
[INFO] [parameter_bridge-3]: process started with pid [11674]
[INFO] [wheel_slip_node.py-4]: process started with pid [11676]
[INFO] [sensor_covariance_relay.py-5]: process started with pid [11679]
[INFO] [ekf_node-6]: process started with pid [11681]
[INFO] [costmap_node-7]: process started with pid [11683]
[INFO] [planner_node-8]: process started with pid [11685]
[INFO] [pure_pursuit_node-9]: process started with pid [11687]
[INFO] [flip_recovery_node.py-10]: process started with pid [11689]
[INFO] [mission_markers_node.py-11]: process started with pid [11691]
[parameter_bridge-3] [INFO] [1787056873.409950760] [ros_gz_bridge]: Creating GZ->ROS Bridge: [/clock (gz.msgs.Clock) -> /clock (rosgraph_msgs/msg/Clock)] (Lazy 0)
[parameter_bridge-3] [INFO] [1787056873.411707631] [ros_gz_bridge]: Creating GZ->ROS Bridge: [/cmd_vel (gz.msgs.Twist) -> /cmd_vel (geometry_msgs/msg/Twist)] (Lazy 0)
[parameter_bridge-3] [INFO] [1787056873.413994941] [ros_gz_bridge]: Creating ROS->GZ Bridge: [/cmd_vel (geometry_msgs/msg/Twist) -> /cmd_vel (gz.msgs.Twist)] (Lazy 0)
[robot_state_publisher-2] [INFO] [1787056873.414349095] [robot_state_publisher]: got segment base_link
[robot_state_publisher-2] [INFO] [1787056873.414566566] [robot_state_publisher]: got segment camera_link
[robot_state_publisher-2] [INFO] [1787056873.414582593] [robot_state_publisher]: got segment chassis
[robot_state_publisher-2] [INFO] [1787056873.414586918] [robot_state_publisher]: got segment front_left_wheel
[robot_state_publisher-2] [INFO] [1787056873.414590858] [robot_state_publisher]: got segment front_right_wheel
[robot_state_publisher-2] [INFO] [1787056873.414594651] [robot_state_publisher]: got segment imu_link
[robot_state_publisher-2] [INFO] [1787056873.414605627] [robot_state_publisher]: got segment rear_left_wheel
[robot_state_publisher-2] [INFO] [1787056873.414609429] [robot_state_publisher]: got segment rear_right_wheel
[parameter_bridge-3] [INFO] [1787056873.415892733] [ros_gz_bridge]: Creating GZ->ROS Bridge: [/odometry (gz.msgs.Odometry) -> /odometry (nav_msgs/msg/Odometry)] (Lazy 0)
[parameter_bridge-3] [INFO] [1787056873.418299896] [ros_gz_bridge]: Creating ROS->GZ Bridge: [/odometry (nav_msgs/msg/Odometry) -> /odometry (gz.msgs.Odometry)] (Lazy 0)
[parameter_bridge-3] [INFO] [1787056873.419300949] [ros_gz_bridge]: Creating GZ->ROS Bridge: [/camera (gz.msgs.Image) -> /camera (sensor_msgs/msg/Image)] (Lazy 0)
[parameter_bridge-3] [INFO] [1787056873.421531042] [ros_gz_bridge]: Creating ROS->GZ Bridge: [/camera (sensor_msgs/msg/Image) -> /camera (gz.msgs.Image)] (Lazy 0)
[parameter_bridge-3] [INFO] [1787056873.423285511] [ros_gz_bridge]: Creating GZ->ROS Bridge: [/camera_info (gz.msgs.CameraInfo) -> /camera_info (sensor_msgs/msg/CameraInfo)] (Lazy 0)
[parameter_bridge-3] [INFO] [1787056873.424688498] [ros_gz_bridge]: Creating ROS->GZ Bridge: [/camera_info (sensor_msgs/msg/CameraInfo) -> /camera_info (gz.msgs.CameraInfo)] (Lazy 0)
[parameter_bridge-3] [INFO] [1787056873.426080663] [ros_gz_bridge]: Creating GZ->ROS Bridge: [/depth_camera (gz.msgs.Image) -> /depth_camera (sensor_msgs/msg/Image)] (Lazy 0)
[parameter_bridge-3] [INFO] [1787056873.426882668] [ros_gz_bridge]: Creating ROS->GZ Bridge: [/depth_camera (sensor_msgs/msg/Image) -> /depth_camera (gz.msgs.Image)] (Lazy 0)
[parameter_bridge-3] [INFO] [1787056873.427585916] [ros_gz_bridge]: Creating GZ->ROS Bridge: [/imu (gz.msgs.IMU) -> /imu (sensor_msgs/msg/Imu)] (Lazy 0)
[parameter_bridge-3] [INFO] [1787056873.428569032] [ros_gz_bridge]: Creating ROS->GZ Bridge: [/imu (sensor_msgs/msg/Imu) -> /imu (gz.msgs.IMU)] (Lazy 0)
[parameter_bridge-3] [INFO] [1787056873.429782908] [ros_gz_bridge]: Creating GZ->ROS Bridge: [/world/regolith_moon/model/rover/joint_state (gz.msgs.Model) -> /world/regolith_moon/model/rover/joint_state (sensor_msgs/msg/JointState)] (Lazy 0)
[parameter_bridge-3] [INFO] [1787056873.430996785] [ros_gz_bridge]: Creating ROS->GZ Bridge: [/world/regolith_moon/model/rover/joint_state (sensor_msgs/msg/JointState) -> /world/regolith_moon/model/rover/joint_state (gz.msgs.Model)] (Lazy 0)
[parameter_bridge-3] [INFO] [1787056873.432004560] [ros_gz_bridge]: Creating GZ->ROS Bridge: [/model/rover/pose (gz.msgs.Pose) -> /model/rover/pose (geometry_msgs/msg/PoseStamped)] (Lazy 0)
[wheel_slip_node.py-4] [INFO] [1787056873.764539536] [regolith_wheel_slip]: Wheel-slip ZUPT armed: /odom -> /odom/gated (onboard signals only - wheel odometry and IMU, never ground truth)
[flip_recovery_node.py-10] [INFO] [1787056873.770778754] [regolith_flip_recovery]: Flip/stuck recovery armed (simulated set_pose backstop for flips, straight-line cmd_vel override for stuck-but-upright)
[costmap_node-7] [INFO] [1787056873.810893007] [regolith_costmap]: Published costmap: 256x256 cells at 0.781 m/cell
[mission_markers_node.py-11] [INFO] [1787056873.842521705] [regolith_mission_markers]: Mission markers active - start at (0.0, 0.0), Gazebo flags on, RViz on /mission_markers
[planner_node-8] [WARN] [1787056878.001488627] [regolith_planner]: No costmap or current pose yet - ignoring goal
[planner_node-8] [INFO] [1787056891.057919959] [regolith_planner]: Planned path: 103 waypoints, start=(128, 128) goal=(52, 73)
[parameter_bridge-3] [INFO] [1787056891.086526910] [ros_gz_bridge]: Passing message from ROS geometry_msgs/msg/Twist to Gazebo gz.msgs.Twist (showing msg only once per type)
[costmap_node-7] [WARN] [1787056903.963024148] [regolith_costmap]: Hazard #1 marked at (0.61, -0.52): 13 cells lethal (1.2 m + 0.3 m rover radius). The rover got wedged here; the planner will route around it from now on.
[pure_pursuit_node-9] [INFO] [1787056903.975184830] [regolith_pure_pursuit]: Recovery node has taken over /cmd_vel - pausing path following
[pure_pursuit_node-9] [INFO] [1787056923.969543643] [regolith_pure_pursuit]: Recovery finished - resuming path following
[flip_recovery_node.py-10] [WARN] [1787056924.030034426] [regolith_flip_recovery]: STUCK RECOVERY #1 (escalation level 0, triggered by ground truth; 1 ground-truth / 0 onboard triggers so far). Escape maneuver: reversed 0.20 m/s for 3.0s, then turned left at 0.50 rad/s for 2.0s (sim time, at a measured 0.29x real time). A real rover's FDIR could do the same - this is not a simulated teleport.
[planner_node-8] [WARN] [1787056924.031442732] [regolith_planner]: Current-position cell (128, 127) is lethal (drift, or a keep-out zone this rover marked itself) - planning from the nearest free cell (128, 126) instead
[planner_node-8] [INFO] [1787056924.114746558] [regolith_planner]: Planned path: 103 waypoints, start=(128, 126) goal=(52, 73)
[flip_recovery_node.py-10] [WARN] [1787056927.998230268] [regolith_flip_recovery]: STUCK RECOVERY #1 result: ground truth moved 0.52 m during the maneuver - FREED (1/1 escapes have freed the rover so far)
[pure_pursuit_node-9] [INFO] [1787056938.136399409] [regolith_pure_pursuit]: Recovery node has taken over /cmd_vel - pausing path following
[costmap_node-7] [WARN] [1787056938.142743518] [regolith_costmap]: Hazard #2 marked at (-0.05, -0.37): 13 cells lethal (1.2 m + 0.3 m rover radius). The rover got wedged here; the planner will route around it from now on.
[pure_pursuit_node-9] [INFO] [1787056977.557399012] [regolith_pure_pursuit]: Recovery finished - resuming path following
[flip_recovery_node.py-10] [WARN] [1787056977.617694981] [regolith_flip_recovery]: STUCK RECOVERY #2 (escalation level 1, triggered by ground truth; 2 ground-truth / 0 onboard triggers so far). Escape maneuver: reversed 0.20 m/s for 6.0s, then turned right at 0.50 rad/s for 3.5s (sim time, at a measured 0.26x real time). A real rover's FDIR could do the same - this is not a simulated teleport.
[planner_node-8] [INFO] [1787056977.709494145] [regolith_planner]: Planned path: 104 waypoints, start=(129, 126) goal=(52, 73)
[flip_recovery_node.py-10] [WARN] [1787056982.527841342] [regolith_flip_recovery]: STUCK RECOVERY #2 result: ground truth moved 1.16 m during the maneuver - FREED (2/2 escapes have freed the rover so far)
[wheel_slip_node.py-4] [WARN] [1787057673.095413624] [regolith_wheel_slip]: WHEEL SLIP #1: over the last 15.0 s the wheels claim 2.94 m and 0.00 rad of turning; the gyro saw 0.00 rad (68% of it) and the attitude spanned 0.52 deg. Feeding the EKF a zero-velocity update instead of the wheels' claim.
[wheel_slip_node.py-4] [WARN] [1787057692.770820899] [regolith_wheel_slip]: WHEEL SLIP #1 cleared - over the last 5.0 s the wheels claimed 0.00 rad of turning and the gyro corroborated 25852% of it. Phantom distance kept out of the EKF so far: 0.85 m.
[wheel_slip_node.py-4] [WARN] [1787058107.317093596] [regolith_wheel_slip]: WHEEL SLIP #2: over the last 15.0 s the wheels claim 2.54 m and 2.81 rad of turning; the gyro saw 0.41 rad (14% of it) and the attitude spanned 8.68 deg. Feeding the EKF a zero-velocity update instead of the wheels' claim.
[pure_pursuit_node-9] [INFO] [1787058136.343755812] [regolith_pure_pursuit]: Recovery node has taken over /cmd_vel - pausing path following
[costmap_node-7] [WARN] [1787058136.352854328] [regolith_costmap]: Hazard #3 marked at (-11.29, -38.64): 13 cells lethal (1.2 m + 0.3 m rover radius). The rover got wedged here; the planner will route around it from now on.
[wheel_slip_node.py-4] [WARN] [1787058157.454337447] [regolith_wheel_slip]: WHEEL SLIP #2 cleared - over the last 5.0 s the wheels claimed 0.56 rad of turning and the gyro corroborated 25% of it. Phantom distance kept out of the EKF so far: 2.13 m.
[wheel_slip_node.py-4] [WARN] [1787058157.550328556] [regolith_wheel_slip]: WHEEL SLIP #3: over the last 15.0 s the wheels claim 2.19 m and 3.53 rad of turning; the gyro saw 0.31 rad (9% of it) and the attitude spanned 6.54 deg. Feeding the EKF a zero-velocity update instead of the wheels' claim.
[pure_pursuit_node-9] [INFO] [1787058164.733990002] [regolith_pure_pursuit]: Recovery finished - resuming path following
[flip_recovery_node.py-10] [WARN] [1787058164.795143649] [regolith_flip_recovery]: STUCK RECOVERY #3 (escalation level 0, triggered by wheel slip (onboard); 2 ground-truth / 1 onboard triggers so far). Escape maneuver: reversed 0.20 m/s for 3.0s, then turned left at 0.50 rad/s for 2.0s (sim time, at a measured 0.20x real time). A real rover's FDIR could do the same - this is not a simulated teleport.
[planner_node-8] [WARN] [1787058164.797060829] [regolith_planner]: Current-position cell (79, 113) is lethal (drift, or a keep-out zone this rover marked itself) - planning from the nearest free cell (80, 112) instead
[planner_node-8] [INFO] [1787058164.827194422] [regolith_planner]: Planned path: 55 waypoints, start=(80, 112) goal=(52, 73)
[wheel_slip_node.py-4] [WARN] [1787058167.776842523] [regolith_wheel_slip]: WHEEL SLIP #3 cleared - over the last 5.0 s the wheels claimed 0.64 rad of turning and the gyro corroborated 90% of it. Phantom distance kept out of the EKF so far: 2.13 m.
[flip_recovery_node.py-10] [WARN] [1787058170.030648922] [regolith_flip_recovery]: STUCK RECOVERY #3 result: ground truth moved 0.54 m during the maneuver - FREED (3/3 escapes have freed the rover so far)
[pure_pursuit_node-9] [WARN] [1787058209.196303051] [regolith_pure_pursuit]: Stalled for 8s - stopping and replanning
[planner_node-8] [WARN] [1787058209.198123219] [regolith_planner]: Current-position cell (79, 113) is lethal (drift, or a keep-out zone this rover marked itself) - planning from the nearest free cell (80, 112) instead
[planner_node-8] [INFO] [1787058209.228387484] [regolith_planner]: Planned path: 55 waypoints, start=(80, 112) goal=(52, 73)
[wheel_slip_node.py-4] [WARN] [1787058653.536439211] [regolith_wheel_slip]: WHEEL SLIP #4: over the last 15.0 s the wheels claim 2.88 m and 0.01 rad of turning; the gyro saw 0.01 rad (79% of it) and the attitude spanned 0.57 deg. Feeding the EKF a zero-velocity update instead of the wheels' claim.
[pure_pursuit_node-9] [INFO] [1787058696.530884681] [regolith_pure_pursuit]: Recovery node has taken over /cmd_vel - pausing path following
[pure_pursuit_node-9] [INFO] [1787058696.550096808] [regolith_pure_pursuit]: Costmap changed (a new keep-out zone) - restoring the replan budget: the route being retried is not the one that already failed
[costmap_node-7] [WARN] [1787058696.550235893] [regolith_costmap]: Hazard #4 marked at (-14.45, -48.34): 13 cells lethal (1.2 m + 0.3 m rover radius). The rover got wedged here; the planner will route around it from now on.
[wheel_slip_node.py-4] [WARN] [1787058747.629788228] [regolith_wheel_slip]: WHEEL SLIP #4 cleared - over the last 5.0 s the wheels claimed 0.00 rad of turning and the gyro corroborated 77% of it. Phantom distance kept out of the EKF so far: 4.23 m.
[wheel_slip_node.py-4] [WARN] [1787058747.784740387] [regolith_wheel_slip]: WHEEL SLIP #5: over the last 15.0 s the wheels claim 2.87 m and 0.01 rad of turning; the gyro saw 0.01 rad (78% of it) and the attitude spanned 0.41 deg. Feeding the EKF a zero-velocity update instead of the wheels' claim.
[wheel_slip_node.py-4] [WARN] [1787058767.269374634] [regolith_wheel_slip]: WHEEL SLIP #5 cleared - over the last 5.0 s the wheels claimed 0.59 rad of turning and the gyro corroborated 66% of it. Phantom distance kept out of the EKF so far: 4.24 m.
[pure_pursuit_node-9] [INFO] [1787058777.069577545] [regolith_pure_pursuit]: Recovery finished - resuming path following
[flip_recovery_node.py-10] [WARN] [1787058777.130277633] [regolith_flip_recovery]: STUCK RECOVERY #4 (escalation level 1, triggered by wheel slip (onboard); 2 ground-truth / 2 onboard triggers so far). Escape maneuver: reversed 0.20 m/s for 6.0s, then turned right at 0.50 rad/s for 3.5s (sim time, at a measured 0.13x real time). A real rover's FDIR could do the same - this is not a simulated teleport.
[planner_node-8] [WARN] [1787058777.133915961] [regolith_planner]: Current-position cell (67, 109) is lethal (drift, or a keep-out zone this rover marked itself) - planning from the nearest free cell (68, 108) instead
[planner_node-8] [INFO] [1787058777.177823229] [regolith_planner]: Planned path: 45 waypoints, start=(68, 108) goal=(52, 73)
[flip_recovery_node.py-10] [WARN] [1787058789.213566396] [regolith_flip_recovery]: STUCK RECOVERY #4 result: ground truth moved 1.08 m during the maneuver - FREED (4/4 escapes have freed the rover so far)
[pure_pursuit_node-9] [INFO] [1787058807.398506144] [regolith_pure_pursuit]: Recovery node has taken over /cmd_vel - pausing path following
[costmap_node-7] [WARN] [1787058807.413738806] [regolith_costmap]: Hazard #5 marked at (-14.53, -48.34): 13 cells lethal (1.2 m + 0.3 m rover radius). The rover got wedged here; the planner will route around it from now on.
[pure_pursuit_node-9] [INFO] [1787058941.697558593] [regolith_pure_pursuit]: Recovery finished - resuming path following
[flip_recovery_node.py-10] [WARN] [1787058941.758702552] [regolith_flip_recovery]: STUCK RECOVERY #5 (escalation level 2, triggered by ground truth; 3 ground-truth / 2 onboard triggers so far). Escape maneuver: reversed 0.20 m/s for 10.0s, then turned left at 0.50 rad/s for 5.0s (sim time, at a measured 0.12x real time). A real rover's FDIR could do the same - this is not a simulated teleport.
[planner_node-8] [INFO] [1787058941.777249214] [regolith_planner]: Planned path: 45 waypoints, start=(70, 109) goal=(52, 73)
[flip_recovery_node.py-10] [WARN] [1787058947.129673651] [regolith_flip_recovery]: STUCK RECOVERY #5 result: ground truth moved 2.34 m during the maneuver - FREED (5/5 escapes have freed the rover so far)
[wheel_slip_node.py-4] [WARN] [1787059662.903630213] [regolith_wheel_slip]: WHEEL SLIP #6: over the last 15.0 s the wheels claim 2.52 m and 0.01 rad of turning; the gyro saw 0.00 rad (64% of it) and the attitude spanned 0.51 deg. Feeding the EKF a zero-velocity update instead of the wheels' claim.
[pure_pursuit_node-9] [INFO] [1787059687.972575860] [regolith_pure_pursuit]: Recovery node has taken over /cmd_vel - pausing path following
[costmap_node-7] [WARN] [1787059687.980339768] [regolith_costmap]: Hazard #6 marked at (-29.49, -55.08): 13 cells lethal (1.2 m + 0.3 m rover radius). The rover got wedged here; the planner will route around it from now on.
[wheel_slip_node.py-4] [WARN] [1787059704.532802487] [regolith_wheel_slip]: WHEEL SLIP #6 cleared - over the last 5.0 s the wheels claimed 0.01 rad of turning and the gyro corroborated 61% of it. Phantom distance kept out of the EKF so far: 5.69 m.
[wheel_slip_node.py-4] [WARN] [1787059704.618068194] [regolith_wheel_slip]: WHEEL SLIP #7: over the last 15.0 s the wheels claim 2.57 m and 0.01 rad of turning; the gyro saw 0.01 rad (62% of it) and the attitude spanned 0.34 deg. Feeding the EKF a zero-velocity update instead of the wheels' claim.
[pure_pursuit_node-9] [INFO] [1787059712.637424195] [regolith_pure_pursuit]: Recovery finished - resuming path following
[flip_recovery_node.py-10] [WARN] [1787059712.698350232] [regolith_flip_recovery]: STUCK RECOVERY #6 (escalation level 0, triggered by wheel slip (onboard); 3 ground-truth / 3 onboard triggers so far). Escape maneuver: reversed 0.20 m/s for 3.0s, then turned left at 0.50 rad/s for 2.0s (sim time, at a measured 0.23x real time). A real rover's FDIR could do the same - this is not a simulated teleport.
[planner_node-8] [WARN] [1787059712.701210201] [regolith_planner]: Current-position cell (57, 91) is lethal (drift, or a keep-out zone this rover marked itself) - planning from the nearest free cell (58, 92) instead
[planner_node-8] [INFO] [1787059712.707136184] [regolith_planner]: Planned path: 20 waypoints, start=(58, 92) goal=(52, 73)
[wheel_slip_node.py-4] [WARN] [1787059713.141039941] [regolith_wheel_slip]: WHEEL SLIP #7 cleared - over the last 5.0 s the wheels claimed 0.59 rad of turning and the gyro corroborated 77% of it. Phantom distance kept out of the EKF so far: 5.70 m.
[flip_recovery_node.py-10] [WARN] [1787059717.362269439] [regolith_flip_recovery]: STUCK RECOVERY #6 result: ground truth moved 0.51 m during the maneuver - FREED (6/6 escapes have freed the rover so far)
[pure_pursuit_node-9] [INFO] [1787059730.925850144] [regolith_pure_pursuit]: Recovery node has taken over /cmd_vel - pausing path following
[costmap_node-7] [WARN] [1787059730.934101041] [regolith_costmap]: Hazard #7 marked at (-29.43, -54.79): 13 cells lethal (1.2 m + 0.3 m rover radius). The rover got wedged here; the planner will route around it from now on.
[pure_pursuit_node-9] [INFO] [1787059777.192553719] [regolith_pure_pursuit]: Recovery finished - resuming path following
[flip_recovery_node.py-10] [WARN] [1787059777.253460093] [regolith_flip_recovery]: STUCK RECOVERY #7 (escalation level 1, triggered by ground truth; 4 ground-truth / 3 onboard triggers so far). Escape maneuver: reversed 0.20 m/s for 6.0s, then turned right at 0.50 rad/s for 3.5s (sim time, at a measured 0.24x real time). A real rover's FDIR could do the same - this is not a simulated teleport.
[planner_node-8] [WARN] [1787059777.254939153] [regolith_planner]: Current-position cell (56, 92) is lethal (drift, or a keep-out zone this rover marked itself) - planning from the nearest free cell (57, 93) instead
[planner_node-8] [INFO] [1787059777.260520023] [regolith_planner]: Planned path: 21 waypoints, start=(57, 93) goal=(52, 73)
[flip_recovery_node.py-10] [WARN] [1787059781.734393038] [regolith_flip_recovery]: STUCK RECOVERY #7 result: ground truth moved 1.20 m during the maneuver - FREED (7/7 escapes have freed the rover so far)
[pure_pursuit_node-9] [INFO] [1787060394.595180249] [regolith_pure_pursuit]: Goal reached (within 0.98 m of the commanded goal)
