[INFO] [launch]: All log files can be found below /home/balazs/.ros/log/2026-09-14-18-53-06-262488-DESKTOP-IE5MOME-9879
[INFO] [launch]: Default logging verbosity is set to INFO
[hello_moon.launch] Using ROS_DOMAIN_ID=95 (isolated DDS domain for this launch - see PROGRESS.md)
[hello_moon.launch] TERRAIN-RELATIVE NAVIGATION ENABLED - the EKF is fused with an absolute position fix matched from IMU attitude against the a-priori DEM. No ground truth is read, so runs with this on ARE milestone results. Replayed through 25 recorded runs it cuts final EKF error from 2.97 m to 0.71 m median, but a replay is not a run - see PROGRESS.md before reading anything into a single result.
[hello_moon.launch] A-PRIORI DEM DEGRADED: posts 0.0 m, noise 0.0 m, registration shift 3.0 m (seed 2). This run's localisation numbers are NOT perfect-map numbers.
[INFO] [ruby $(which gz) sim-1]: process started with pid [9923]
[INFO] [robot_state_publisher-2]: process started with pid [9925]
[INFO] [parameter_bridge-3]: process started with pid [9928]
[INFO] [wheel_slip_node.py-4]: process started with pid [9931]
[INFO] [terrain_relative_node.py-5]: process started with pid [9933]
[INFO] [sensor_covariance_relay.py-6]: process started with pid [9935]
[INFO] [ekf_node-7]: process started with pid [9937]
[INFO] [costmap_node-8]: process started with pid [9939]
[INFO] [planner_node-9]: process started with pid [9941]
[INFO] [pure_pursuit_node-10]: process started with pid [9943]
[INFO] [flip_recovery_node.py-11]: process started with pid [9945]
[INFO] [mission_markers_node.py-12]: process started with pid [9947]
[robot_state_publisher-2] [INFO] [1789404788.006365098] [robot_state_publisher]: got segment base_link
[robot_state_publisher-2] [INFO] [1789404788.006503069] [robot_state_publisher]: got segment camera_link
[robot_state_publisher-2] [INFO] [1789404788.006516021] [robot_state_publisher]: got segment chassis
[robot_state_publisher-2] [INFO] [1789404788.006521098] [robot_state_publisher]: got segment front_left_wheel
[robot_state_publisher-2] [INFO] [1789404788.006526861] [robot_state_publisher]: got segment front_right_wheel
[robot_state_publisher-2] [INFO] [1789404788.006531210] [robot_state_publisher]: got segment imu_link
[robot_state_publisher-2] [INFO] [1789404788.006535770] [robot_state_publisher]: got segment rear_left_wheel
[robot_state_publisher-2] [INFO] [1789404788.006540309] [robot_state_publisher]: got segment rear_right_wheel
[parameter_bridge-3] [INFO] [1789404788.012264546] [ros_gz_bridge]: Creating GZ->ROS Bridge: [/clock (gz.msgs.Clock) -> /clock (rosgraph_msgs/msg/Clock)] (Lazy 0)
[parameter_bridge-3] [INFO] [1789404788.014778070] [ros_gz_bridge]: Creating GZ->ROS Bridge: [/cmd_vel (gz.msgs.Twist) -> /cmd_vel (geometry_msgs/msg/Twist)] (Lazy 0)
[parameter_bridge-3] [INFO] [1789404788.018475033] [ros_gz_bridge]: Creating ROS->GZ Bridge: [/cmd_vel (geometry_msgs/msg/Twist) -> /cmd_vel (gz.msgs.Twist)] (Lazy 0)
[parameter_bridge-3] [INFO] [1789404788.020879466] [ros_gz_bridge]: Creating GZ->ROS Bridge: [/odometry (gz.msgs.Odometry) -> /odometry (nav_msgs/msg/Odometry)] (Lazy 0)
[parameter_bridge-3] [INFO] [1789404788.024411129] [ros_gz_bridge]: Creating ROS->GZ Bridge: [/odometry (nav_msgs/msg/Odometry) -> /odometry (gz.msgs.Odometry)] (Lazy 0)
[parameter_bridge-3] [INFO] [1789404788.025840552] [ros_gz_bridge]: Creating GZ->ROS Bridge: [/camera (gz.msgs.Image) -> /camera (sensor_msgs/msg/Image)] (Lazy 0)
[parameter_bridge-3] [INFO] [1789404788.028740228] [ros_gz_bridge]: Creating ROS->GZ Bridge: [/camera (sensor_msgs/msg/Image) -> /camera (gz.msgs.Image)] (Lazy 0)
[parameter_bridge-3] [INFO] [1789404788.032043423] [ros_gz_bridge]: Creating GZ->ROS Bridge: [/camera_info (gz.msgs.CameraInfo) -> /camera_info (sensor_msgs/msg/CameraInfo)] (Lazy 0)
[parameter_bridge-3] [INFO] [1789404788.033808437] [ros_gz_bridge]: Creating ROS->GZ Bridge: [/camera_info (sensor_msgs/msg/CameraInfo) -> /camera_info (gz.msgs.CameraInfo)] (Lazy 0)
[parameter_bridge-3] [INFO] [1789404788.035646389] [ros_gz_bridge]: Creating GZ->ROS Bridge: [/depth_camera (gz.msgs.Image) -> /depth_camera (sensor_msgs/msg/Image)] (Lazy 0)
[parameter_bridge-3] [INFO] [1789404788.036909310] [ros_gz_bridge]: Creating ROS->GZ Bridge: [/depth_camera (sensor_msgs/msg/Image) -> /depth_camera (gz.msgs.Image)] (Lazy 0)
[parameter_bridge-3] [INFO] [1789404788.038104391] [ros_gz_bridge]: Creating GZ->ROS Bridge: [/imu (gz.msgs.IMU) -> /imu (sensor_msgs/msg/Imu)] (Lazy 0)
[parameter_bridge-3] [INFO] [1789404788.039470334] [ros_gz_bridge]: Creating ROS->GZ Bridge: [/imu (sensor_msgs/msg/Imu) -> /imu (gz.msgs.IMU)] (Lazy 0)
[parameter_bridge-3] [INFO] [1789404788.041324457] [ros_gz_bridge]: Creating GZ->ROS Bridge: [/world/regolith_moon/model/rover/joint_state (gz.msgs.Model) -> /world/regolith_moon/model/rover/joint_state (sensor_msgs/msg/JointState)] (Lazy 0)
[parameter_bridge-3] [INFO] [1789404788.042787130] [ros_gz_bridge]: Creating ROS->GZ Bridge: [/world/regolith_moon/model/rover/joint_state (sensor_msgs/msg/JointState) -> /world/regolith_moon/model/rover/joint_state (gz.msgs.Model)] (Lazy 0)
[parameter_bridge-3] [INFO] [1789404788.044337301] [ros_gz_bridge]: Creating GZ->ROS Bridge: [/model/rover/pose (gz.msgs.Pose) -> /model/rover/pose (geometry_msgs/msg/PoseStamped)] (Lazy 0)
[flip_recovery_node.py-11] [INFO] [1789404788.488704476] [regolith_flip_recovery]: Flip/stuck recovery armed (simulated set_pose backstop for flips, straight-line cmd_vel override for stuck-but-upright). Detection uses GROUND TRUTH - a simulation oracle; see onboard_only for the hardware-runnable path.
[wheel_slip_node.py-4] [INFO] [1789404788.497967892] [regolith_wheel_slip]: Wheel-slip ZUPT armed: /odom -> /odom/gated (onboard signals only - wheel odometry and IMU, never ground truth). legacy_rigid_body_signature=False
[terrain_relative_node.py-5] [WARN] [1789404788.539405354] [regolith_terrain_relative]: A-PRIORI DEM DELIBERATELY DEGRADED: posts 0.00 m (native 0.39 m), elevation noise 0.00 m sigma -> 0.000 m realised rms (seed 2), registration shift 3.00 m on both axes.
[mission_markers_node.py-12] [INFO] [1789404788.566926845] [regolith_mission_markers]: Mission markers active - start at (0.0, 0.0), Gazebo flags on, RViz on /mission_markers
[costmap_node-8] [INFO] [1789404788.567573162] [regolith_costmap]: Published costmap: 256x256 cells at 0.781 m/cell
[terrain_relative_node.py-5] [INFO] [1789404788.574045614] [regolith_terrain_relative]: Terrain-relative navigation active: 15 m window, fixing at 1.0 Hz, +-6 m search at 0.25 m, DEM 0.391 m/px from /home/balazs/.cache/regolith/worlds/seed_7/manifest.json. Onboard sensors only - no ground truth is read by this node.
[planner_node-9] [WARN] [1789404792.362411002] [regolith_planner]: No costmap or current pose yet - ignoring goal
[planner_node-9] [INFO] [1789404802.414646778] [regolith_planner]: Planned path: 103 waypoints, start=(128, 128) goal=(52, 73)
[parameter_bridge-3] [INFO] [1789404802.419357247] [ros_gz_bridge]: Passing message from ROS geometry_msgs/msg/Twist to Gazebo gz.msgs.Twist (showing msg only once per type)
[costmap_node-8] [WARN] [1789404815.546678915] [regolith_costmap]: Hazard #1 marked at (0.64, -0.48): 13 cells lethal (1.2 m + 0.3 m rover radius). The rover got wedged here; the planner will route around it from now on.
[pure_pursuit_node-10] [INFO] [1789404815.559574684] [regolith_pure_pursuit]: Recovery node has taken over /cmd_vel - pausing path following
[pure_pursuit_node-10] [INFO] [1789404838.687798388] [regolith_pure_pursuit]: Recovery finished - resuming path following
[flip_recovery_node.py-11] [WARN] [1789404838.748855332] [regolith_flip_recovery]: STUCK RECOVERY #1 (escalation level 0, triggered by ground truth; 1 ground-truth / 0 onboard-estimate / 0 wheel-slip triggers so far). Escape maneuver: reversed 0.20 m/s for 3.0s, then turned left at 0.50 rad/s for 2.0s (sim time, exact - driven by the sim clock directly, not an RTF-estimated wall-clock sleep; RTF over this window measured 0.21x real time, logged for comparison only). A real rover's FDIR could do the same - this is not a simulated teleport.
[planner_node-9] [WARN] [1789404838.750818780] [regolith_planner]: Current-position cell (128, 127) is lethal (drift, or a keep-out zone this rover marked itself) - planning from the nearest free cell (128, 126) instead
[planner_node-9] [INFO] [1789404838.830944001] [regolith_planner]: Planned path: 103 waypoints, start=(128, 126) goal=(52, 73)
[flip_recovery_node.py-11] [WARN] [1789404843.659131362] [regolith_flip_recovery]: STUCK RECOVERY #1 result: ground truth moved 0.61 m during the maneuver - FREED (1/1 escapes have freed the rover so far)
[pure_pursuit_node-10] [WARN] [1789404870.706657740] [regolith_pure_pursuit]: Stalled for 8s - stopping and replanning
[planner_node-9] [WARN] [1789404870.708279102] [regolith_planner]: Current-position cell (128, 127) is lethal (drift, or a keep-out zone this rover marked itself) - planning from the nearest free cell (128, 126) instead
[planner_node-9] [INFO] [1789404870.812353275] [regolith_planner]: Planned path: 103 waypoints, start=(128, 126) goal=(52, 73)
[terrain_relative_node.py-5] [INFO] [1789405064.170337836] [regolith_terrain_relative]: Terrain fix held: first window, offset (+3.21, +3.22), margin 4.49 - waiting for an independent window to confirm
[terrain_relative_node.py-5] [INFO] [1789405068.532887196] [regolith_terrain_relative]: Terrain correction #1 at 7.8 m travelled: (+0.35, +0.35) m, margin 4.59, 39 samples, 2 poses published (rejected so far: 0 ambiguous, 0 inconsistent)
[terrain_relative_node.py-5] [INFO] [1789405179.833694325] [regolith_terrain_relative]: Terrain correction #6 at 13.4 m travelled: (+0.34, +0.37) m, margin 3.03, 67 samples, 32 poses published (rejected so far: 0 ambiguous, 0 inconsistent)
[terrain_relative_node.py-5] [INFO] [1789405227.543166054] [regolith_terrain_relative]: Terrain fix rejected: disagrees with the previous window by 3.41 m (> 1.50); offset now (+0.74, +0.86), was (+3.21, +3.22)
[terrain_relative_node.py-5] [INFO] [1789405301.314202349] [regolith_terrain_relative]: Terrain correction #11 at 19.2 m travelled: (+0.04, -0.50) m, margin 2.66, 74 samples, 63 poses published (rejected so far: 0 ambiguous, 1 inconsistent)
[pure_pursuit_node-10] [INFO] [1789405346.916132342] [regolith_pure_pursuit]: Recovery node has taken over /cmd_vel - pausing path following
[costmap_node-8] [WARN] [1789405346.923015921] [regolith_costmap]: Hazard #2 marked at (-10.69, -13.17): 13 cells lethal (1.2 m + 0.3 m rover radius). The rover got wedged here; the planner will route around it from now on.
[pure_pursuit_node-10] [INFO] [1789405346.923290138] [regolith_pure_pursuit]: Costmap changed (a new keep-out zone) - restoring the replan budget: the route being retried is not the one that already failed
[pure_pursuit_node-10] [INFO] [1789405364.829018616] [regolith_pure_pursuit]: Recovery finished - resuming path following
[flip_recovery_node.py-11] [WARN] [1789405364.890229562] [regolith_flip_recovery]: STUCK RECOVERY #2 (escalation level 0, triggered by ground truth; 2 ground-truth / 0 onboard-estimate / 0 wheel-slip triggers so far). Escape maneuver: reversed 0.20 m/s for 3.0s, then turned left at 0.50 rad/s for 2.0s (sim time, exact - driven by the sim clock directly, not an RTF-estimated wall-clock sleep; RTF over this window measured 0.25x real time, logged for comparison only). A real rover's FDIR could do the same - this is not a simulated teleport.
[planner_node-9] [WARN] [1789405364.891607883] [regolith_planner]: Current-position cell (112, 114) is lethal (drift, or a keep-out zone this rover marked itself) - planning from the nearest free cell (113, 113) instead
[planner_node-9] [INFO] [1789405364.949142656] [regolith_planner]: Planned path: 71 waypoints, start=(113, 113) goal=(52, 73)
[flip_recovery_node.py-11] [WARN] [1789405370.422122641] [regolith_flip_recovery]: STUCK RECOVERY #2 result: ground truth moved 0.57 m during the maneuver - FREED (2/2 escapes have freed the rover so far)
[pure_pursuit_node-10] [WARN] [1789405401.959842721] [regolith_pure_pursuit]: Stalled for 8s - stopping and replanning
[planner_node-9] [WARN] [1789405401.961745264] [regolith_planner]: Current-position cell (113, 114) is lethal (drift, or a keep-out zone this rover marked itself) - planning from the nearest free cell (113, 113) instead
[planner_node-9] [INFO] [1789405402.019449832] [regolith_planner]: Planned path: 71 waypoints, start=(113, 113) goal=(52, 73)
[terrain_relative_node.py-5] [INFO] [1789405476.625522293] [regolith_terrain_relative]: Terrain correction #16 at 24.6 m travelled: (-0.08, -0.16) m, margin 2.39, 74 samples, 106 poses published (rejected so far: 0 ambiguous, 1 inconsistent)
[terrain_relative_node.py-5] [INFO] [1789405598.597032366] [regolith_terrain_relative]: Terrain correction #21 at 30.2 m travelled: (+0.04, -0.02) m, margin 2.62, 74 samples, 136 poses published (rejected so far: 0 ambiguous, 1 inconsistent)
[terrain_relative_node.py-5] [INFO] [1789405736.625801144] [regolith_terrain_relative]: Terrain correction #26 at 35.6 m travelled: (+0.03, +0.50) m, margin 2.31, 74 samples, 171 poses published (rejected so far: 0 ambiguous, 1 inconsistent)
[terrain_relative_node.py-5] [INFO] [1789405854.941387592] [regolith_terrain_relative]: Terrain correction #31 at 40.8 m travelled: (+0.03, +0.01) m, margin 3.05, 74 samples, 201 poses published (rejected so far: 0 ambiguous, 1 inconsistent)
[terrain_relative_node.py-5] [INFO] [1789405988.416218856] [regolith_terrain_relative]: Terrain correction #36 at 46.4 m travelled: (-0.03, +0.50) m, margin 2.06, 74 samples, 236 poses published (rejected so far: 0 ambiguous, 1 inconsistent)
[terrain_relative_node.py-5] [INFO] [1789406129.263554227] [regolith_terrain_relative]: Terrain correction #41 at 51.7 m travelled: (+0.04, +0.04) m, margin 2.83, 74 samples, 273 poses published (rejected so far: 0 ambiguous, 1 inconsistent)
[terrain_relative_node.py-5] [INFO] [1789406265.776189786] [regolith_terrain_relative]: Terrain correction #46 at 57.0 m travelled: (+0.02, +0.05) m, margin 2.44, 74 samples, 308 poses published (rejected so far: 0 ambiguous, 1 inconsistent)
[terrain_relative_node.py-5] [INFO] [1789406381.917452110] [regolith_terrain_relative]: Terrain correction #51 at 62.3 m travelled: (-0.04, -0.16) m, margin 3.24, 74 samples, 339 poses published (rejected so far: 0 ambiguous, 1 inconsistent)
[terrain_relative_node.py-5] [INFO] [1789406493.312361389] [regolith_terrain_relative]: Terrain correction #56 at 67.9 m travelled: (+0.03, +0.02) m, margin 4.34, 74 samples, 369 poses published (rejected so far: 0 ambiguous, 1 inconsistent)
[terrain_relative_node.py-5] [INFO] [1789406607.173469778] [regolith_terrain_relative]: Terrain correction #61 at 73.3 m travelled: (+0.06, -0.24) m, margin 2.83, 74 samples, 399 poses published (rejected so far: 0 ambiguous, 1 inconsistent)
[terrain_relative_node.py-5] [INFO] [1789406723.591329264] [regolith_terrain_relative]: Terrain correction #66 at 78.6 m travelled: (+0.04, +0.05) m, margin 2.58, 74 samples, 430 poses published (rejected so far: 0 ambiguous, 1 inconsistent)
[terrain_relative_node.py-5] [INFO] [1789406843.692645287] [regolith_terrain_relative]: Terrain correction #71 at 83.9 m travelled: (+0.05, +0.01) m, margin 2.91, 74 samples, 461 poses published (rejected so far: 0 ambiguous, 1 inconsistent)
[pure_pursuit_node-10] [INFO] [1789406918.733942702] [regolith_pure_pursuit]: Goal reached (within 0.35 m of the commanded goal)
