[INFO] [launch]: All log files can be found below /home/balazs/.ros/log/2026-08-21-19-19-04-434741-DESKTOP-IE5MOME-59228
[INFO] [launch]: Default logging verbosity is set to INFO
[hello_moon.launch] Using ROS_DOMAIN_ID=15 (isolated DDS domain for this launch - see PROGRESS.md)
[INFO] [ruby $(which gz) sim-1]: process started with pid [59272]
[INFO] [robot_state_publisher-2]: process started with pid [59275]
[INFO] [parameter_bridge-3]: process started with pid [59277]
[INFO] [wheel_slip_node.py-4]: process started with pid [59280]
[INFO] [sensor_covariance_relay.py-5]: process started with pid [59282]
[INFO] [ekf_node-6]: process started with pid [59284]
[INFO] [costmap_node-7]: process started with pid [59286]
[INFO] [planner_node-8]: process started with pid [59288]
[INFO] [pure_pursuit_node-9]: process started with pid [59290]
[INFO] [flip_recovery_node.py-10]: process started with pid [59292]
[INFO] [mission_markers_node.py-11]: process started with pid [59294]
[parameter_bridge-3] [INFO] [1787336346.171357701] [ros_gz_bridge]: Creating GZ->ROS Bridge: [/clock (gz.msgs.Clock) -> /clock (rosgraph_msgs/msg/Clock)] (Lazy 0)
[parameter_bridge-3] [INFO] [1787336346.175310943] [ros_gz_bridge]: Creating GZ->ROS Bridge: [/cmd_vel (gz.msgs.Twist) -> /cmd_vel (geometry_msgs/msg/Twist)] (Lazy 0)
[robot_state_publisher-2] [INFO] [1787336346.175336657] [robot_state_publisher]: got segment base_link
[robot_state_publisher-2] [INFO] [1787336346.175721073] [robot_state_publisher]: got segment camera_link
[robot_state_publisher-2] [INFO] [1787336346.175751547] [robot_state_publisher]: got segment chassis
[robot_state_publisher-2] [INFO] [1787336346.175758538] [robot_state_publisher]: got segment front_left_wheel
[robot_state_publisher-2] [INFO] [1787336346.175764804] [robot_state_publisher]: got segment front_right_wheel
[robot_state_publisher-2] [INFO] [1787336346.175770430] [robot_state_publisher]: got segment imu_link
[robot_state_publisher-2] [INFO] [1787336346.175776210] [robot_state_publisher]: got segment rear_left_wheel
[robot_state_publisher-2] [INFO] [1787336346.175782942] [robot_state_publisher]: got segment rear_right_wheel
[parameter_bridge-3] [INFO] [1787336346.182985816] [ros_gz_bridge]: Creating ROS->GZ Bridge: [/cmd_vel (geometry_msgs/msg/Twist) -> /cmd_vel (gz.msgs.Twist)] (Lazy 0)
[parameter_bridge-3] [INFO] [1787336346.185268643] [ros_gz_bridge]: Creating GZ->ROS Bridge: [/odometry (gz.msgs.Odometry) -> /odometry (nav_msgs/msg/Odometry)] (Lazy 0)
[parameter_bridge-3] [INFO] [1787336346.188607707] [ros_gz_bridge]: Creating ROS->GZ Bridge: [/odometry (nav_msgs/msg/Odometry) -> /odometry (gz.msgs.Odometry)] (Lazy 0)
[parameter_bridge-3] [INFO] [1787336346.190652365] [ros_gz_bridge]: Creating GZ->ROS Bridge: [/camera (gz.msgs.Image) -> /camera (sensor_msgs/msg/Image)] (Lazy 0)
[parameter_bridge-3] [INFO] [1787336346.193870493] [ros_gz_bridge]: Creating ROS->GZ Bridge: [/camera (sensor_msgs/msg/Image) -> /camera (gz.msgs.Image)] (Lazy 0)
[parameter_bridge-3] [INFO] [1787336346.195278553] [ros_gz_bridge]: Creating GZ->ROS Bridge: [/camera_info (gz.msgs.CameraInfo) -> /camera_info (sensor_msgs/msg/CameraInfo)] (Lazy 0)
[parameter_bridge-3] [INFO] [1787336346.197033050] [ros_gz_bridge]: Creating ROS->GZ Bridge: [/camera_info (sensor_msgs/msg/CameraInfo) -> /camera_info (gz.msgs.CameraInfo)] (Lazy 0)
[parameter_bridge-3] [INFO] [1787336346.201071614] [ros_gz_bridge]: Creating GZ->ROS Bridge: [/depth_camera (gz.msgs.Image) -> /depth_camera (sensor_msgs/msg/Image)] (Lazy 0)
[parameter_bridge-3] [INFO] [1787336346.204281143] [ros_gz_bridge]: Creating ROS->GZ Bridge: [/depth_camera (sensor_msgs/msg/Image) -> /depth_camera (gz.msgs.Image)] (Lazy 0)
[parameter_bridge-3] [INFO] [1787336346.205799839] [ros_gz_bridge]: Creating GZ->ROS Bridge: [/imu (gz.msgs.IMU) -> /imu (sensor_msgs/msg/Imu)] (Lazy 0)
[parameter_bridge-3] [INFO] [1787336346.207697587] [ros_gz_bridge]: Creating ROS->GZ Bridge: [/imu (sensor_msgs/msg/Imu) -> /imu (gz.msgs.IMU)] (Lazy 0)
[parameter_bridge-3] [INFO] [1787336346.209491533] [ros_gz_bridge]: Creating GZ->ROS Bridge: [/world/regolith_moon/model/rover/joint_state (gz.msgs.Model) -> /world/regolith_moon/model/rover/joint_state (sensor_msgs/msg/JointState)] (Lazy 0)
[parameter_bridge-3] [INFO] [1787336346.211215287] [ros_gz_bridge]: Creating ROS->GZ Bridge: [/world/regolith_moon/model/rover/joint_state (sensor_msgs/msg/JointState) -> /world/regolith_moon/model/rover/joint_state (gz.msgs.Model)] (Lazy 0)
[parameter_bridge-3] [INFO] [1787336346.212907279] [ros_gz_bridge]: Creating GZ->ROS Bridge: [/model/rover/pose (gz.msgs.Pose) -> /model/rover/pose (geometry_msgs/msg/PoseStamped)] (Lazy 0)
[flip_recovery_node.py-10] [INFO] [1787336346.794656538] [regolith_flip_recovery]: Flip/stuck recovery armed (simulated set_pose backstop for flips, straight-line cmd_vel override for stuck-but-upright)
[wheel_slip_node.py-4] [INFO] [1787336346.816110881] [regolith_wheel_slip]: Wheel-slip ZUPT armed: /odom -> /odom/gated (onboard signals only - wheel odometry and IMU, never ground truth). legacy_rigid_body_signature=False
[costmap_node-7] [INFO] [1787336346.892367430] [regolith_costmap]: Published costmap: 256x256 cells at 0.781 m/cell
[mission_markers_node.py-11] [INFO] [1787336346.909083883] [regolith_mission_markers]: Mission markers active - start at (0.0, 0.0), Gazebo flags on, RViz on /mission_markers
[planner_node-8] [WARN] [1787336350.553577267] [regolith_planner]: No costmap or current pose yet - ignoring goal
[planner_node-8] [INFO] [1787336360.603285643] [regolith_planner]: Planned path: 103 waypoints, start=(128, 128) goal=(52, 73)
[parameter_bridge-3] [INFO] [1787336360.981905478] [ros_gz_bridge]: Passing message from ROS geometry_msgs/msg/Twist to Gazebo gz.msgs.Twist (showing msg only once per type)
[costmap_node-7] [WARN] [1787336373.553768900] [regolith_costmap]: Hazard #1 marked at (0.64, -0.48): 13 cells lethal (1.2 m + 0.3 m rover radius). The rover got wedged here; the planner will route around it from now on.
[pure_pursuit_node-9] [INFO] [1787336373.565186945] [regolith_pure_pursuit]: Recovery node has taken over /cmd_vel - pausing path following
[pure_pursuit_node-9] [INFO] [1787336389.260355625] [regolith_pure_pursuit]: Recovery finished - resuming path following
[flip_recovery_node.py-10] [WARN] [1787336389.320937621] [regolith_flip_recovery]: STUCK RECOVERY #1 (escalation level 0, triggered by ground truth; 1 ground-truth / 0 onboard triggers so far). Escape maneuver: reversed 0.20 m/s for 3.0s, then turned left at 0.50 rad/s for 2.0s (sim time, at a measured 0.30x real time). A real rover's FDIR could do the same - this is not a simulated teleport.
[planner_node-8] [WARN] [1787336389.322440610] [regolith_planner]: Current-position cell (128, 127) is lethal (drift, or a keep-out zone this rover marked itself) - planning from the nearest free cell (128, 126) instead
[flip_recovery_node.py-10] [WARN] [1787336389.324035425] [regolith_flip_recovery]: STUCK RECOVERY #1 result: ground truth moved 0.03 m during the maneuver - STILL WEDGED (0/1 escapes have freed the rover so far)
[planner_node-8] [INFO] [1787336389.394064305] [regolith_planner]: Planned path: 103 waypoints, start=(128, 126) goal=(52, 73)
[pure_pursuit_node-9] [INFO] [1787336403.719371675] [regolith_pure_pursuit]: Recovery node has taken over /cmd_vel - pausing path following
[costmap_node-7] [WARN] [1787336403.726263857] [regolith_costmap]: Hazard #2 marked at (-0.03, -0.37): 13 cells lethal (1.2 m + 0.3 m rover radius). The rover got wedged here; the planner will route around it from now on.
[pure_pursuit_node-9] [INFO] [1787336439.113915679] [regolith_pure_pursuit]: Recovery finished - resuming path following
[flip_recovery_node.py-10] [WARN] [1787336439.174622989] [regolith_flip_recovery]: STUCK RECOVERY #2 (escalation level 1, triggered by ground truth; 2 ground-truth / 0 onboard triggers so far). Escape maneuver: reversed 0.20 m/s for 6.0s, then turned right at 0.50 rad/s for 3.5s (sim time, at a measured 0.25x real time). A real rover's FDIR could do the same - this is not a simulated teleport.
[planner_node-8] [INFO] [1787336439.280872142] [regolith_planner]: Planned path: 104 waypoints, start=(129, 126) goal=(52, 73)
[flip_recovery_node.py-10] [WARN] [1787336443.891673595] [regolith_flip_recovery]: STUCK RECOVERY #2 result: ground truth moved 1.16 m during the maneuver - FREED (1/2 escapes have freed the rover so far)
[wheel_slip_node.py-4] [WARN] [1787337308.664349271] [regolith_wheel_slip]: WHEEL SLIP #1: over the last 15.0 s the wheels claim 2.53 m and 2.77 rad of turning; the gyro saw 0.40 rad (14% of it) and the attitude spanned 8.27 deg. Feeding the EKF a zero-velocity update instead of the wheels' claim.
[pure_pursuit_node-9] [INFO] [1787337326.447502607] [regolith_pure_pursuit]: Recovery node has taken over /cmd_vel - pausing path following
[costmap_node-7] [WARN] [1787337326.456288567] [regolith_costmap]: Hazard #3 marked at (-11.22, -38.57): 13 cells lethal (1.2 m + 0.3 m rover radius). The rover got wedged here; the planner will route around it from now on.
[wheel_slip_node.py-4] [WARN] [1787337340.063876087] [regolith_wheel_slip]: WHEEL SLIP #1 cleared - over the last 5.0 s the wheels claimed 0.58 rad of turning and the gyro corroborated 26% of it. Phantom distance kept out of the EKF so far: 1.24 m.
[wheel_slip_node.py-4] [WARN] [1787337340.159524783] [regolith_wheel_slip]: WHEEL SLIP #2: over the last 15.0 s the wheels claim 2.15 m and 3.55 rad of turning; the gyro saw 0.34 rad (10% of it) and the attitude spanned 6.86 deg. Feeding the EKF a zero-velocity update instead of the wheels' claim.
[pure_pursuit_node-9] [INFO] [1787337344.155793254] [regolith_pure_pursuit]: Recovery finished - resuming path following
[flip_recovery_node.py-10] [WARN] [1787337344.217258911] [regolith_flip_recovery]: STUCK RECOVERY #3 (escalation level 0, triggered by wheel slip (onboard); 2 ground-truth / 1 onboard triggers so far). Escape maneuver: reversed 0.20 m/s for 3.0s, then turned left at 0.50 rad/s for 2.0s (sim time, at a measured 0.27x real time). A real rover's FDIR could do the same - this is not a simulated teleport.
[planner_node-8] [WARN] [1787337344.221323644] [regolith_planner]: Current-position cell (79, 113) is lethal (drift, or a keep-out zone this rover marked itself) - planning from the nearest free cell (80, 112) instead
[planner_node-8] [INFO] [1787337344.253668788] [regolith_planner]: Planned path: 55 waypoints, start=(80, 112) goal=(52, 73)
[pure_pursuit_node-9] [INFO] [1787337345.624482024] [regolith_pure_pursuit]: Recovery node has taken over /cmd_vel - pausing path following
[costmap_node-7] [WARN] [1787337345.631634932] [regolith_costmap]: Hazard #4 marked at (-10.85, -38.57): 13 cells lethal (1.2 m + 0.3 m rover radius). The rover got wedged here; the planner will route around it from now on.
[wheel_slip_node.py-4] [WARN] [1787337347.606280232] [regolith_wheel_slip]: WHEEL SLIP #2 cleared - over the last 5.0 s the wheels claimed 0.54 rad of turning and the gyro corroborated 91% of it. Phantom distance kept out of the EKF so far: 1.31 m.
[pure_pursuit_node-9] [INFO] [1787337381.412835495] [regolith_pure_pursuit]: Recovery finished - resuming path following
[flip_recovery_node.py-10] [WARN] [1787337381.473632467] [regolith_flip_recovery]: STUCK RECOVERY #4 (escalation level 1, triggered by wheel slip (onboard); 2 ground-truth / 2 onboard triggers so far). Escape maneuver: reversed 0.20 m/s for 6.0s, then turned right at 0.50 rad/s for 3.5s (sim time, at a measured 0.26x real time). A real rover's FDIR could do the same - this is not a simulated teleport.
[planner_node-8] [INFO] [1787337381.501877539] [regolith_planner]: Planned path: 56 waypoints, start=(81, 113) goal=(52, 73)
[flip_recovery_node.py-10] [WARN] [1787337386.365891336] [regolith_flip_recovery]: STUCK RECOVERY #4 result: ground truth moved 1.20 m during the maneuver - FREED (2/4 escapes have freed the rover so far)
[pure_pursuit_node-9] [INFO] [1787337794.890282916] [regolith_pure_pursuit]: Recovery node has taken over /cmd_vel - pausing path following
[costmap_node-7] [WARN] [1787337794.896807060] [regolith_costmap]: Hazard #5 marked at (-16.55, -52.63): 13 cells lethal (1.2 m + 0.3 m rover radius). The rover got wedged here; the planner will route around it from now on.
[pure_pursuit_node-9] [INFO] [1787337852.233277167] [regolith_pure_pursuit]: Recovery finished - resuming path following
[flip_recovery_node.py-10] [WARN] [1787337852.293962803] [regolith_flip_recovery]: STUCK RECOVERY #5 (escalation level 2, triggered by ground truth; 3 ground-truth / 2 onboard triggers so far). Escape maneuver: reversed 0.20 m/s for 10.0s, then turned left at 0.50 rad/s for 5.0s (sim time, at a measured 0.25x real time). A real rover's FDIR could do the same - this is not a simulated teleport.
[planner_node-8] [INFO] [1787337852.307491794] [regolith_planner]: Planned path: 40 waypoints, start=(63, 109) goal=(52, 73)
[flip_recovery_node.py-10] [WARN] [1787337856.499989939] [regolith_flip_recovery]: STUCK RECOVERY #5 result: ground truth moved 2.06 m during the maneuver - FREED (3/5 escapes have freed the rover so far)
[pure_pursuit_node-9] [INFO] [1787338649.546586916] [regolith_pure_pursuit]: Goal reached (within 0.34 m of the commanded goal)
