[INFO] [launch]: All log files can be found below /home/balazs/.ros/log/2026-08-20-22-34-25-717462-DESKTOP-IE5MOME-35844
[INFO] [launch]: Default logging verbosity is set to INFO
[hello_moon.launch] Using ROS_DOMAIN_ID=81 (isolated DDS domain for this launch - see PROGRESS.md)
[INFO] [ruby $(which gz) sim-1]: process started with pid [35890]
[INFO] [robot_state_publisher-2]: process started with pid [35892]
[INFO] [parameter_bridge-3]: process started with pid [35895]
[INFO] [wheel_slip_node.py-4]: process started with pid [35897]
[INFO] [sensor_covariance_relay.py-5]: process started with pid [35900]
[INFO] [ekf_node-6]: process started with pid [35902]
[INFO] [costmap_node-7]: process started with pid [35904]
[INFO] [planner_node-8]: process started with pid [35906]
[INFO] [pure_pursuit_node-9]: process started with pid [35908]
[INFO] [flip_recovery_node.py-10]: process started with pid [35910]
[INFO] [mission_markers_node.py-11]: process started with pid [35912]
[parameter_bridge-3] [INFO] [1787261667.235832241] [ros_gz_bridge]: Creating GZ->ROS Bridge: [/clock (gz.msgs.Clock) -> /clock (rosgraph_msgs/msg/Clock)] (Lazy 0)
[parameter_bridge-3] [INFO] [1787261667.236858443] [ros_gz_bridge]: Creating GZ->ROS Bridge: [/cmd_vel (gz.msgs.Twist) -> /cmd_vel (geometry_msgs/msg/Twist)] (Lazy 0)
[parameter_bridge-3] [INFO] [1787261667.238316416] [ros_gz_bridge]: Creating ROS->GZ Bridge: [/cmd_vel (geometry_msgs/msg/Twist) -> /cmd_vel (gz.msgs.Twist)] (Lazy 0)
[parameter_bridge-3] [INFO] [1787261667.239324157] [ros_gz_bridge]: Creating GZ->ROS Bridge: [/odometry (gz.msgs.Odometry) -> /odometry (nav_msgs/msg/Odometry)] (Lazy 0)
[parameter_bridge-3] [INFO] [1787261667.241119176] [ros_gz_bridge]: Creating ROS->GZ Bridge: [/odometry (nav_msgs/msg/Odometry) -> /odometry (gz.msgs.Odometry)] (Lazy 0)
[parameter_bridge-3] [INFO] [1787261667.242602232] [ros_gz_bridge]: Creating GZ->ROS Bridge: [/camera (gz.msgs.Image) -> /camera (sensor_msgs/msg/Image)] (Lazy 0)
[parameter_bridge-3] [INFO] [1787261667.244312004] [ros_gz_bridge]: Creating ROS->GZ Bridge: [/camera (sensor_msgs/msg/Image) -> /camera (gz.msgs.Image)] (Lazy 0)
[parameter_bridge-3] [INFO] [1787261667.245595074] [ros_gz_bridge]: Creating GZ->ROS Bridge: [/camera_info (gz.msgs.CameraInfo) -> /camera_info (sensor_msgs/msg/CameraInfo)] (Lazy 0)
[parameter_bridge-3] [INFO] [1787261667.246905016] [ros_gz_bridge]: Creating ROS->GZ Bridge: [/camera_info (sensor_msgs/msg/CameraInfo) -> /camera_info (gz.msgs.CameraInfo)] (Lazy 0)
[parameter_bridge-3] [INFO] [1787261667.247981723] [ros_gz_bridge]: Creating GZ->ROS Bridge: [/depth_camera (gz.msgs.Image) -> /depth_camera (sensor_msgs/msg/Image)] (Lazy 0)
[parameter_bridge-3] [INFO] [1787261667.249415250] [ros_gz_bridge]: Creating ROS->GZ Bridge: [/depth_camera (sensor_msgs/msg/Image) -> /depth_camera (gz.msgs.Image)] (Lazy 0)
[parameter_bridge-3] [INFO] [1787261667.250742841] [ros_gz_bridge]: Creating GZ->ROS Bridge: [/imu (gz.msgs.IMU) -> /imu (sensor_msgs/msg/Imu)] (Lazy 0)
[parameter_bridge-3] [INFO] [1787261667.252182369] [ros_gz_bridge]: Creating ROS->GZ Bridge: [/imu (sensor_msgs/msg/Imu) -> /imu (gz.msgs.IMU)] (Lazy 0)
[parameter_bridge-3] [INFO] [1787261667.253539210] [ros_gz_bridge]: Creating GZ->ROS Bridge: [/world/regolith_moon/model/rover/joint_state (gz.msgs.Model) -> /world/regolith_moon/model/rover/joint_state (sensor_msgs/msg/JointState)] (Lazy 0)
[robot_state_publisher-2] [INFO] [1787261667.254212394] [robot_state_publisher]: got segment base_link
[robot_state_publisher-2] [INFO] [1787261667.254358382] [robot_state_publisher]: got segment camera_link
[robot_state_publisher-2] [INFO] [1787261667.254368551] [robot_state_publisher]: got segment chassis
[robot_state_publisher-2] [INFO] [1787261667.254373440] [robot_state_publisher]: got segment front_left_wheel
[robot_state_publisher-2] [INFO] [1787261667.254377839] [robot_state_publisher]: got segment front_right_wheel
[robot_state_publisher-2] [INFO] [1787261667.254381636] [robot_state_publisher]: got segment imu_link
[robot_state_publisher-2] [INFO] [1787261667.254385604] [robot_state_publisher]: got segment rear_left_wheel
[robot_state_publisher-2] [INFO] [1787261667.254389391] [robot_state_publisher]: got segment rear_right_wheel
[parameter_bridge-3] [INFO] [1787261667.254493675] [ros_gz_bridge]: Creating ROS->GZ Bridge: [/world/regolith_moon/model/rover/joint_state (sensor_msgs/msg/JointState) -> /world/regolith_moon/model/rover/joint_state (gz.msgs.Model)] (Lazy 0)
[parameter_bridge-3] [INFO] [1787261667.255438262] [ros_gz_bridge]: Creating GZ->ROS Bridge: [/model/rover/pose (gz.msgs.Pose) -> /model/rover/pose (geometry_msgs/msg/PoseStamped)] (Lazy 0)
[flip_recovery_node.py-10] [INFO] [1787261667.637071088] [regolith_flip_recovery]: Flip/stuck recovery armed (simulated set_pose backstop for flips, straight-line cmd_vel override for stuck-but-upright)
[wheel_slip_node.py-4] [INFO] [1787261667.650697986] [regolith_wheel_slip]: Wheel-slip ZUPT armed: /odom -> /odom/gated (onboard signals only - wheel odometry and IMU, never ground truth). legacy_rigid_body_signature=True [A/B LEVER: retired signature 2 re-enabled]
[mission_markers_node.py-11] [INFO] [1787261667.727959993] [regolith_mission_markers]: Mission markers active - start at (0.0, 0.0), Gazebo flags on, RViz on /mission_markers
[costmap_node-7] [INFO] [1787261667.744984720] [regolith_costmap]: Published costmap: 256x256 cells at 0.781 m/cell
[planner_node-8] [WARN] [1787261671.828939621] [regolith_planner]: No costmap or current pose yet - ignoring goal
[planner_node-8] [INFO] [1787261681.859068620] [regolith_planner]: Planned path: 109 waypoints, start=(127, 127) goal=(110, 19)
[parameter_bridge-3] [INFO] [1787261682.146635829] [ros_gz_bridge]: Passing message from ROS geometry_msgs/msg/Twist to Gazebo gz.msgs.Twist (showing msg only once per type)
[pure_pursuit_node-9] [WARN] [1787261716.305680378] [regolith_pure_pursuit]: Stalled for 8s - stopping and replanning
[planner_node-8] [INFO] [1787261716.355217817] [regolith_planner]: Planned path: 109 waypoints, start=(127, 127) goal=(110, 19)
[pure_pursuit_node-9] [INFO] [1787261718.845797760] [regolith_pure_pursuit]: Recovery node has taken over /cmd_vel - pausing path following
[costmap_node-7] [WARN] [1787261718.853968185] [regolith_costmap]: Hazard #1 marked at (-0.29, 0.75): 13 cells lethal (1.2 m + 0.3 m rover radius). The rover got wedged here; the planner will route around it from now on.
[pure_pursuit_node-9] [INFO] [1787261718.854038112] [regolith_pure_pursuit]: Costmap changed (a new keep-out zone) - restoring the replan budget: the route being retried is not the one that already failed
[pure_pursuit_node-9] [INFO] [1787261739.648219577] [regolith_pure_pursuit]: Recovery finished - resuming path following
[flip_recovery_node.py-10] [WARN] [1787261739.708404388] [regolith_flip_recovery]: STUCK RECOVERY #1 (escalation level 0, triggered by ground truth; 1 ground-truth / 0 onboard triggers so far). Escape maneuver: reversed 0.20 m/s for 3.0s, then turned left at 0.50 rad/s for 2.0s (sim time, at a measured 0.24x real time). A real rover's FDIR could do the same - this is not a simulated teleport.
[planner_node-8] [WARN] [1787261739.710159923] [regolith_planner]: Current-position cell (127, 128) is lethal (drift, or a keep-out zone this rover marked itself) - planning from the nearest free cell (126, 128) instead
[planner_node-8] [INFO] [1787261739.756857305] [regolith_planner]: Planned path: 110 waypoints, start=(126, 128) goal=(110, 19)
[flip_recovery_node.py-10] [WARN] [1787261744.120455361] [regolith_flip_recovery]: STUCK RECOVERY #1 result: ground truth moved 0.62 m during the maneuver - FREED (1/1 escapes have freed the rover so far)
[pure_pursuit_node-9] [INFO] [1787261753.458820717] [regolith_pure_pursuit]: Recovery node has taken over /cmd_vel - pausing path following
[costmap_node-7] [WARN] [1787261753.466229699] [regolith_costmap]: Hazard #2 marked at (-0.55, -0.60): 13 cells lethal (1.2 m + 0.3 m rover radius). The rover got wedged here; the planner will route around it from now on.
[pure_pursuit_node-9] [INFO] [1787261793.578079880] [regolith_pure_pursuit]: Recovery finished - resuming path following
[flip_recovery_node.py-10] [WARN] [1787261793.639009938] [regolith_flip_recovery]: STUCK RECOVERY #2 (escalation level 1, triggered by ground truth; 2 ground-truth / 0 onboard triggers so far). Escape maneuver: reversed 0.20 m/s for 6.0s, then turned right at 0.50 rad/s for 3.5s (sim time, at a measured 0.24x real time). A real rover's FDIR could do the same - this is not a simulated teleport.
[planner_node-8] [WARN] [1787261793.640450304] [regolith_planner]: Current-position cell (127, 129) is lethal (drift, or a keep-out zone this rover marked itself) - planning from the nearest free cell (126, 129) instead
[planner_node-8] [INFO] [1787261793.693185332] [regolith_planner]: Planned path: 111 waypoints, start=(126, 129) goal=(110, 19)
[flip_recovery_node.py-10] [WARN] [1787261798.292427832] [regolith_flip_recovery]: STUCK RECOVERY #2 result: ground truth moved 1.24 m during the maneuver - FREED (2/2 escapes have freed the rover so far)
[pure_pursuit_node-9] [INFO] [1787261806.608314028] [regolith_pure_pursuit]: Recovery node has taken over /cmd_vel - pausing path following
[costmap_node-7] [WARN] [1787261806.615502880] [regolith_costmap]: Hazard #3 marked at (0.70, -0.35): 13 cells lethal (1.2 m + 0.3 m rover radius). The rover got wedged here; the planner will route around it from now on.
[pure_pursuit_node-9] [INFO] [1787261869.446741476] [regolith_pure_pursuit]: Recovery finished - resuming path following
[flip_recovery_node.py-10] [WARN] [1787261869.506821394] [regolith_flip_recovery]: STUCK RECOVERY #3 (escalation level 2, triggered by ground truth; 3 ground-truth / 0 onboard triggers so far). Escape maneuver: reversed 0.20 m/s for 10.0s, then turned left at 0.50 rad/s for 5.0s (sim time, at a measured 0.24x real time). A real rover's FDIR could do the same - this is not a simulated teleport.
[planner_node-8] [INFO] [1787261869.563841403] [regolith_planner]: Planned path: 114 waypoints, start=(127, 132) goal=(110, 19)
[flip_recovery_node.py-10] [WARN] [1787261874.400009018] [regolith_flip_recovery]: STUCK RECOVERY #3 result: ground truth moved 2.17 m during the maneuver - FREED (3/3 escapes have freed the rover so far)
[pure_pursuit_node-9] [INFO] [1787261891.196791804] [regolith_pure_pursuit]: Recovery node has taken over /cmd_vel - pausing path following
[costmap_node-7] [WARN] [1787261891.202978451] [regolith_costmap]: Hazard #4 marked at (2.75, -0.56): 13 cells lethal (1.2 m + 0.3 m rover radius). The rover got wedged here; the planner will route around it from now on.
[pure_pursuit_node-9] [INFO] [1787261960.518167329] [regolith_pure_pursuit]: Recovery finished - resuming path following
[flip_recovery_node.py-10] [WARN] [1787261960.578780808] [regolith_flip_recovery]: STUCK RECOVERY #4 (escalation level 3, triggered by ground truth; 4 ground-truth / 0 onboard triggers so far). Escape maneuver: reversed 0.20 m/s for 10.0s, then turned right at 0.50 rad/s for 6.5s (sim time, at a measured 0.24x real time). A real rover's FDIR could do the same - this is not a simulated teleport.
[planner_node-8] [INFO] [1787261960.649361724] [regolith_planner]: Planned path: 117 waypoints, start=(126, 135) goal=(110, 19)
[flip_recovery_node.py-10] [WARN] [1787261965.259045368] [regolith_flip_recovery]: STUCK RECOVERY #4 result: ground truth moved 2.00 m during the maneuver - FREED (4/4 escapes have freed the rover so far)
[wheel_slip_node.py-4] [WARN] [1787262371.635592652] [regolith_wheel_slip]: WHEEL SLIP #1: over the last 15.0 s the wheels claim 2.91 m and 0.01 rad of turning; the gyro saw 0.01 rad (93% of it) and the attitude spanned 0.29 deg. Feeding the EKF a zero-velocity update instead of the wheels' claim.
[pure_pursuit_node-9] [INFO] [1787262392.131192933] [regolith_pure_pursuit]: Recovery node has taken over /cmd_vel - pausing path following
[costmap_node-7] [WARN] [1787262392.138090507] [regolith_costmap]: Hazard #5 marked at (-10.63, 4.30): 13 cells lethal (1.2 m + 0.3 m rover radius). The rover got wedged here; the planner will route around it from now on.
[wheel_slip_node.py-4] [WARN] [1787262404.874196652] [regolith_wheel_slip]: WHEEL SLIP #1 cleared - over the last 5.0 s the wheels claimed 0.00 rad of turning and the gyro corroborated 84% of it. Phantom distance kept out of the EKF so far: 1.56 m.
[wheel_slip_node.py-4] [WARN] [1787262404.958583147] [regolith_wheel_slip]: WHEEL SLIP #2: over the last 15.0 s the wheels claim 2.87 m and 0.01 rad of turning; the gyro saw 0.01 rad (86% of it) and the attitude spanned 0.37 deg. Feeding the EKF a zero-velocity update instead of the wheels' claim.
[pure_pursuit_node-9] [INFO] [1787262412.691104669] [regolith_pure_pursuit]: Recovery finished - resuming path following
[flip_recovery_node.py-10] [WARN] [1787262412.752130707] [regolith_flip_recovery]: STUCK RECOVERY #5 (escalation level 0, triggered by wheel slip (onboard); 4 ground-truth / 1 onboard triggers so far). Escape maneuver: reversed 0.20 m/s for 3.0s, then turned left at 0.50 rad/s for 2.0s (sim time, at a measured 0.24x real time). A real rover's FDIR could do the same - this is not a simulated teleport.
[planner_node-8] [WARN] [1787262412.753441825] [regolith_planner]: Current-position cell (133, 115) is lethal (drift, or a keep-out zone this rover marked itself) - planning from the nearest free cell (132, 116) instead
[planner_node-8] [INFO] [1787262412.789038088] [regolith_planner]: Planned path: 98 waypoints, start=(132, 116) goal=(110, 19)
[wheel_slip_node.py-4] [WARN] [1787262412.923783847] [regolith_wheel_slip]: WHEEL SLIP #2 cleared - over the last 5.0 s the wheels claimed 0.58 rad of turning and the gyro corroborated 83% of it. Phantom distance kept out of the EKF so far: 1.57 m.
[flip_recovery_node.py-10] [WARN] [1787262417.325374354] [regolith_flip_recovery]: STUCK RECOVERY #5 result: ground truth moved 0.56 m during the maneuver - FREED (5/5 escapes have freed the rover so far)
[wheel_slip_node.py-4] [WARN] [1787262789.982108074] [regolith_wheel_slip]: WHEEL SLIP #3: over the last 15.0 s the wheels claim 2.91 m and 0.00 rad of turning; the gyro saw 0.00 rad (88% of it) and the attitude spanned 0.33 deg. Feeding the EKF a zero-velocity update instead of the wheels' claim.
[pure_pursuit_node-9] [INFO] [1787262811.018002297] [regolith_pure_pursuit]: Recovery node has taken over /cmd_vel - pausing path following
[costmap_node-7] [WARN] [1787262811.025611417] [regolith_costmap]: Hazard #6 marked at (-23.66, 4.30): 13 cells lethal (1.2 m + 0.3 m rover radius). The rover got wedged here; the planner will route around it from now on.
[wheel_slip_node.py-4] [WARN] [1787262837.250888327] [regolith_wheel_slip]: WHEEL SLIP #3 cleared - over the last 5.0 s the wheels claimed 0.05 rad of turning and the gyro corroborated 14% of it. Phantom distance kept out of the EKF so far: 3.78 m.
[pure_pursuit_node-9] [INFO] [1787262850.464184189] [regolith_pure_pursuit]: Recovery finished - resuming path following
[flip_recovery_node.py-10] [WARN] [1787262850.524179515] [regolith_flip_recovery]: STUCK RECOVERY #6 (escalation level 1, triggered by wheel slip (onboard); 4 ground-truth / 2 onboard triggers so far). Escape maneuver: reversed 0.20 m/s for 6.0s, then turned right at 0.50 rad/s for 3.5s (sim time, at a measured 0.24x real time). A real rover's FDIR could do the same - this is not a simulated teleport.
[planner_node-8] [WARN] [1787262850.526126687] [regolith_planner]: Current-position cell (133, 98) is lethal (drift, or a keep-out zone this rover marked itself) - planning from the nearest free cell (132, 99) instead
[planner_node-8] [INFO] [1787262850.548385403] [regolith_planner]: Planned path: 81 waypoints, start=(132, 99) goal=(110, 19)
[flip_recovery_node.py-10] [WARN] [1787262855.015499230] [regolith_flip_recovery]: STUCK RECOVERY #6 result: ground truth moved 1.19 m during the maneuver - FREED (6/6 escapes have freed the rover so far)
[pure_pursuit_node-9] [WARN] [1787262884.231942108] [regolith_pure_pursuit]: Stalled for 8s - stopping and replanning
[planner_node-8] [WARN] [1787262884.233179783] [regolith_planner]: Current-position cell (133, 98) is lethal (drift, or a keep-out zone this rover marked itself) - planning from the nearest free cell (132, 99) instead
[planner_node-8] [INFO] [1787262884.259042203] [regolith_planner]: Planned path: 81 waypoints, start=(132, 99) goal=(110, 19)
[pure_pursuit_node-9] [INFO] [1787264472.971739456] [regolith_pure_pursuit]: Goal reached (within 0.34 m of the commanded goal)
