[INFO] [launch]: All log files can be found below /home/balazs/.ros/log/2026-08-21-10-00-11-571039-DESKTOP-IE5MOME-48650
[INFO] [launch]: Default logging verbosity is set to INFO
[hello_moon.launch] Using ROS_DOMAIN_ID=24 (isolated DDS domain for this launch - see PROGRESS.md)
[INFO] [ruby $(which gz) sim-1]: process started with pid [48694]
[INFO] [robot_state_publisher-2]: process started with pid [48696]
[INFO] [parameter_bridge-3]: process started with pid [48699]
[INFO] [wheel_slip_node.py-4]: process started with pid [48701]
[INFO] [sensor_covariance_relay.py-5]: process started with pid [48704]
[INFO] [ekf_node-6]: process started with pid [48706]
[INFO] [costmap_node-7]: process started with pid [48708]
[INFO] [planner_node-8]: process started with pid [48710]
[INFO] [pure_pursuit_node-9]: process started with pid [48712]
[INFO] [flip_recovery_node.py-10]: process started with pid [48714]
[INFO] [mission_markers_node.py-11]: process started with pid [48716]
[parameter_bridge-3] [INFO] [1787302813.332361984] [ros_gz_bridge]: Creating GZ->ROS Bridge: [/clock (gz.msgs.Clock) -> /clock (rosgraph_msgs/msg/Clock)] (Lazy 0)
[parameter_bridge-3] [INFO] [1787302813.333431770] [ros_gz_bridge]: Creating GZ->ROS Bridge: [/cmd_vel (gz.msgs.Twist) -> /cmd_vel (geometry_msgs/msg/Twist)] (Lazy 0)
[parameter_bridge-3] [INFO] [1787302813.335426196] [ros_gz_bridge]: Creating ROS->GZ Bridge: [/cmd_vel (geometry_msgs/msg/Twist) -> /cmd_vel (gz.msgs.Twist)] (Lazy 0)
[parameter_bridge-3] [INFO] [1787302813.337163288] [ros_gz_bridge]: Creating GZ->ROS Bridge: [/odometry (gz.msgs.Odometry) -> /odometry (nav_msgs/msg/Odometry)] (Lazy 0)
[parameter_bridge-3] [INFO] [1787302813.339460295] [ros_gz_bridge]: Creating ROS->GZ Bridge: [/odometry (nav_msgs/msg/Odometry) -> /odometry (gz.msgs.Odometry)] (Lazy 0)
[parameter_bridge-3] [INFO] [1787302813.340714868] [ros_gz_bridge]: Creating GZ->ROS Bridge: [/camera (gz.msgs.Image) -> /camera (sensor_msgs/msg/Image)] (Lazy 0)
[parameter_bridge-3] [INFO] [1787302813.342779114] [ros_gz_bridge]: Creating ROS->GZ Bridge: [/camera (sensor_msgs/msg/Image) -> /camera (gz.msgs.Image)] (Lazy 0)
[parameter_bridge-3] [INFO] [1787302813.344037464] [ros_gz_bridge]: Creating GZ->ROS Bridge: [/camera_info (gz.msgs.CameraInfo) -> /camera_info (sensor_msgs/msg/CameraInfo)] (Lazy 0)
[parameter_bridge-3] [INFO] [1787302813.345313017] [ros_gz_bridge]: Creating ROS->GZ Bridge: [/camera_info (sensor_msgs/msg/CameraInfo) -> /camera_info (gz.msgs.CameraInfo)] (Lazy 0)
[parameter_bridge-3] [INFO] [1787302813.346311542] [ros_gz_bridge]: Creating GZ->ROS Bridge: [/depth_camera (gz.msgs.Image) -> /depth_camera (sensor_msgs/msg/Image)] (Lazy 0)
[parameter_bridge-3] [INFO] [1787302813.346994162] [ros_gz_bridge]: Creating ROS->GZ Bridge: [/depth_camera (sensor_msgs/msg/Image) -> /depth_camera (gz.msgs.Image)] (Lazy 0)
[robot_state_publisher-2] [INFO] [1787302813.347276801] [robot_state_publisher]: got segment base_link
[robot_state_publisher-2] [INFO] [1787302813.347408562] [robot_state_publisher]: got segment camera_link
[robot_state_publisher-2] [INFO] [1787302813.347419680] [robot_state_publisher]: got segment chassis
[robot_state_publisher-2] [INFO] [1787302813.347424366] [robot_state_publisher]: got segment front_left_wheel
[robot_state_publisher-2] [INFO] [1787302813.347428664] [robot_state_publisher]: got segment front_right_wheel
[robot_state_publisher-2] [INFO] [1787302813.347432605] [robot_state_publisher]: got segment imu_link
[robot_state_publisher-2] [INFO] [1787302813.347436464] [robot_state_publisher]: got segment rear_left_wheel
[robot_state_publisher-2] [INFO] [1787302813.347440527] [robot_state_publisher]: got segment rear_right_wheel
[parameter_bridge-3] [INFO] [1787302813.347666625] [ros_gz_bridge]: Creating GZ->ROS Bridge: [/imu (gz.msgs.IMU) -> /imu (sensor_msgs/msg/Imu)] (Lazy 0)
[parameter_bridge-3] [INFO] [1787302813.349222645] [ros_gz_bridge]: Creating ROS->GZ Bridge: [/imu (sensor_msgs/msg/Imu) -> /imu (gz.msgs.IMU)] (Lazy 0)
[parameter_bridge-3] [INFO] [1787302813.350223866] [ros_gz_bridge]: Creating GZ->ROS Bridge: [/world/regolith_moon/model/rover/joint_state (gz.msgs.Model) -> /world/regolith_moon/model/rover/joint_state (sensor_msgs/msg/JointState)] (Lazy 0)
[parameter_bridge-3] [INFO] [1787302813.352414656] [ros_gz_bridge]: Creating ROS->GZ Bridge: [/world/regolith_moon/model/rover/joint_state (sensor_msgs/msg/JointState) -> /world/regolith_moon/model/rover/joint_state (gz.msgs.Model)] (Lazy 0)
[parameter_bridge-3] [INFO] [1787302813.354035271] [ros_gz_bridge]: Creating GZ->ROS Bridge: [/model/rover/pose (gz.msgs.Pose) -> /model/rover/pose (geometry_msgs/msg/PoseStamped)] (Lazy 0)
[flip_recovery_node.py-10] [INFO] [1787302813.688230432] [regolith_flip_recovery]: Flip/stuck recovery armed (simulated set_pose backstop for flips, straight-line cmd_vel override for stuck-but-upright)
[wheel_slip_node.py-4] [INFO] [1787302813.710235426] [regolith_wheel_slip]: Wheel-slip ZUPT armed: /odom -> /odom/gated (onboard signals only - wheel odometry and IMU, never ground truth). legacy_rigid_body_signature=True [A/B LEVER: retired signature 2 re-enabled]
[costmap_node-7] [INFO] [1787302813.786585020] [regolith_costmap]: Published costmap: 256x256 cells at 0.781 m/cell
[mission_markers_node.py-11] [INFO] [1787302813.821246644] [regolith_mission_markers]: Mission markers active - start at (0.0, 0.0), Gazebo flags on, RViz on /mission_markers
[planner_node-8] [WARN] [1787302817.626795759] [regolith_planner]: No costmap or current pose yet - ignoring goal
[planner_node-8] [INFO] [1787302827.695436565] [regolith_planner]: Planned path: 103 waypoints, start=(128, 128) goal=(52, 73)
[parameter_bridge-3] [INFO] [1787302827.888992784] [ros_gz_bridge]: Passing message from ROS geometry_msgs/msg/Twist to Gazebo gz.msgs.Twist (showing msg only once per type)
[costmap_node-7] [WARN] [1787302840.654905583] [regolith_costmap]: Hazard #1 marked at (0.64, -0.48): 13 cells lethal (1.2 m + 0.3 m rover radius). The rover got wedged here; the planner will route around it from now on.
[pure_pursuit_node-9] [INFO] [1787302840.667556023] [regolith_pure_pursuit]: Recovery node has taken over /cmd_vel - pausing path following
[pure_pursuit_node-9] [INFO] [1787302856.939602110] [regolith_pure_pursuit]: Recovery finished - resuming path following
[flip_recovery_node.py-10] [WARN] [1787302857.000320237] [regolith_flip_recovery]: STUCK RECOVERY #1 (escalation level 0, triggered by ground truth; 1 ground-truth / 0 onboard triggers so far). Escape maneuver: reversed 0.20 m/s for 3.0s, then turned left at 0.50 rad/s for 2.0s (sim time, at a measured 0.30x real time). A real rover's FDIR could do the same - this is not a simulated teleport.
[planner_node-8] [WARN] [1787302857.002211461] [regolith_planner]: Current-position cell (128, 127) is lethal (drift, or a keep-out zone this rover marked itself) - planning from the nearest free cell (128, 126) instead
[flip_recovery_node.py-10] [WARN] [1787302857.008176335] [regolith_flip_recovery]: STUCK RECOVERY #1 result: ground truth moved 0.35 m during the maneuver - FREED (1/1 escapes have freed the rover so far)
[planner_node-8] [INFO] [1787302857.083660354] [regolith_planner]: Planned path: 103 waypoints, start=(128, 126) goal=(52, 73)
[pure_pursuit_node-9] [INFO] [1787302872.399896832] [regolith_pure_pursuit]: Recovery node has taken over /cmd_vel - pausing path following
[costmap_node-7] [WARN] [1787302872.406606017] [regolith_costmap]: Hazard #2 marked at (-0.05, -0.40): 13 cells lethal (1.2 m + 0.3 m rover radius). The rover got wedged here; the planner will route around it from now on.
[pure_pursuit_node-9] [INFO] [1787302910.122123011] [regolith_pure_pursuit]: Recovery finished - resuming path following
[flip_recovery_node.py-10] [WARN] [1787302910.183129119] [regolith_flip_recovery]: STUCK RECOVERY #2 (escalation level 1, triggered by ground truth; 2 ground-truth / 0 onboard triggers so far). Escape maneuver: reversed 0.20 m/s for 6.0s, then turned right at 0.50 rad/s for 3.5s (sim time, at a measured 0.25x real time). A real rover's FDIR could do the same - this is not a simulated teleport.
[planner_node-8] [INFO] [1787302910.273401663] [regolith_planner]: Planned path: 104 waypoints, start=(129, 126) goal=(52, 73)
[flip_recovery_node.py-10] [WARN] [1787302914.061169535] [regolith_flip_recovery]: STUCK RECOVERY #2 result: ground truth moved 1.19 m during the maneuver - FREED (2/2 escapes have freed the rover so far)
[wheel_slip_node.py-4] [WARN] [1787303539.808201457] [regolith_wheel_slip]: WHEEL SLIP #1: over the last 15.0 s the wheels claim 2.94 m and 0.00 rad of turning; the gyro saw 0.00 rad (71% of it) and the attitude spanned 0.52 deg. Feeding the EKF a zero-velocity update instead of the wheels' claim.
[wheel_slip_node.py-4] [WARN] [1787303557.404352530] [regolith_wheel_slip]: WHEEL SLIP #1 cleared - over the last 5.0 s the wheels claimed 0.00 rad of turning and the gyro corroborated 78582% of it. Phantom distance kept out of the EKF so far: 0.85 m.
[wheel_slip_node.py-4] [WARN] [1787303876.431118244] [regolith_wheel_slip]: WHEEL SLIP #2: over the last 15.0 s the wheels claim 2.49 m and 2.97 rad of turning; the gyro saw 0.43 rad (14% of it) and the attitude spanned 8.16 deg. Feeding the EKF a zero-velocity update instead of the wheels' claim.
[pure_pursuit_node-9] [INFO] [1787303896.782677672] [regolith_pure_pursuit]: Recovery node has taken over /cmd_vel - pausing path following
[costmap_node-7] [WARN] [1787303896.790702151] [regolith_costmap]: Hazard #3 marked at (-11.29, -38.70): 13 cells lethal (1.2 m + 0.3 m rover radius). The rover got wedged here; the planner will route around it from now on.
[wheel_slip_node.py-4] [WARN] [1787303911.168652233] [regolith_wheel_slip]: WHEEL SLIP #2 cleared - over the last 5.0 s the wheels claimed 0.56 rad of turning and the gyro corroborated 25% of it. Phantom distance kept out of the EKF so far: 2.11 m.
[wheel_slip_node.py-4] [WARN] [1787303911.244091099] [regolith_wheel_slip]: WHEEL SLIP #3: over the last 15.0 s the wheels claim 2.16 m and 3.54 rad of turning; the gyro saw 0.34 rad (9% of it) and the attitude spanned 6.14 deg. Feeding the EKF a zero-velocity update instead of the wheels' claim.
[pure_pursuit_node-9] [INFO] [1787303917.227263394] [regolith_pure_pursuit]: Recovery finished - resuming path following
[flip_recovery_node.py-10] [WARN] [1787303917.287942402] [regolith_flip_recovery]: STUCK RECOVERY #3 (escalation level 0, triggered by wheel slip (onboard); 2 ground-truth / 1 onboard triggers so far). Escape maneuver: reversed 0.20 m/s for 3.0s, then turned left at 0.50 rad/s for 2.0s (sim time, at a measured 0.25x real time). A real rover's FDIR could do the same - this is not a simulated teleport.
[planner_node-8] [WARN] [1787303917.289359549] [regolith_planner]: Current-position cell (79, 113) is lethal (drift, or a keep-out zone this rover marked itself) - planning from the nearest free cell (80, 112) instead
[planner_node-8] [INFO] [1787303917.318257589] [regolith_planner]: Planned path: 55 waypoints, start=(80, 112) goal=(52, 73)
[pure_pursuit_node-9] [INFO] [1787303918.063958866] [regolith_pure_pursuit]: Recovery node has taken over /cmd_vel - pausing path following
[costmap_node-7] [WARN] [1787303918.072188840] [regolith_costmap]: Hazard #4 marked at (-10.91, -38.71): 13 cells lethal (1.2 m + 0.3 m rover radius). The rover got wedged here; the planner will route around it from now on.
[wheel_slip_node.py-4] [WARN] [1787303920.315062608] [regolith_wheel_slip]: WHEEL SLIP #3 cleared - over the last 5.0 s the wheels claimed 0.57 rad of turning and the gyro corroborated 92% of it. Phantom distance kept out of the EKF so far: 2.18 m.
[pure_pursuit_node-9] [INFO] [1787303956.602020256] [regolith_pure_pursuit]: Recovery finished - resuming path following
[flip_recovery_node.py-10] [WARN] [1787303956.662383124] [regolith_flip_recovery]: STUCK RECOVERY #4 (escalation level 1, triggered by wheel slip (onboard); 2 ground-truth / 2 onboard triggers so far). Escape maneuver: reversed 0.20 m/s for 6.0s, then turned right at 0.50 rad/s for 3.5s (sim time, at a measured 0.24x real time). A real rover's FDIR could do the same - this is not a simulated teleport.
[planner_node-8] [WARN] [1787303956.664219295] [regolith_planner]: Current-position cell (80, 113) is lethal (drift, or a keep-out zone this rover marked itself) - planning from the nearest free cell (80, 112) instead
[planner_node-8] [INFO] [1787303956.690982908] [regolith_planner]: Planned path: 55 waypoints, start=(80, 112) goal=(52, 73)
[flip_recovery_node.py-10] [WARN] [1787303961.400910625] [regolith_flip_recovery]: STUCK RECOVERY #4 result: ground truth moved 1.25 m during the maneuver - FREED (3/4 escapes have freed the rover so far)
[pure_pursuit_node-9] [INFO] [1787303970.306004891] [regolith_pure_pursuit]: Recovery node has taken over /cmd_vel - pausing path following
[costmap_node-7] [WARN] [1787303970.313226502] [regolith_costmap]: Hazard #5 marked at (-11.81, -37.60): 13 cells lethal (1.2 m + 0.3 m rover radius). The rover got wedged here; the planner will route around it from now on.
[pure_pursuit_node-9] [INFO] [1787304030.507038731] [regolith_pure_pursuit]: Recovery finished - resuming path following
[flip_recovery_node.py-10] [WARN] [1787304030.567937453] [regolith_flip_recovery]: STUCK RECOVERY #5 (escalation level 2, triggered by ground truth; 3 ground-truth / 2 onboard triggers so far). Escape maneuver: reversed 0.20 m/s for 10.0s, then turned left at 0.50 rad/s for 5.0s (sim time, at a measured 0.24x real time). A real rover's FDIR could do the same - this is not a simulated teleport.
[planner_node-8] [INFO] [1787304030.599388437] [regolith_planner]: Planned path: 59 waypoints, start=(82, 114) goal=(52, 73)
[flip_recovery_node.py-10] [WARN] [1787304035.008601584] [regolith_flip_recovery]: STUCK RECOVERY #5 result: ground truth moved 1.87 m during the maneuver - FREED (4/5 escapes have freed the rover so far)
[wheel_slip_node.py-4] [WARN] [1787304448.481853549] [regolith_wheel_slip]: WHEEL SLIP #4: over the last 15.0 s the wheels claim 2.88 m and 0.00 rad of turning; the gyro saw 0.00 rad (80% of it) and the attitude spanned 0.54 deg. Feeding the EKF a zero-velocity update instead of the wheels' claim.
[pure_pursuit_node-9] [INFO] [1787304471.815507564] [regolith_pure_pursuit]: Recovery node has taken over /cmd_vel - pausing path following
[costmap_node-7] [WARN] [1787304471.822955267] [regolith_costmap]: Hazard #6 marked at (-14.45, -48.23): 13 cells lethal (1.2 m + 0.3 m rover radius). The rover got wedged here; the planner will route around it from now on.
[wheel_slip_node.py-4] [WARN] [1787304519.133483932] [regolith_wheel_slip]: WHEEL SLIP #4 cleared - over the last 5.0 s the wheels claimed 0.01 rad of turning and the gyro corroborated 41% of it. Phantom distance kept out of the EKF so far: 5.36 m.
[wheel_slip_node.py-4] [WARN] [1787304519.210225656] [regolith_wheel_slip]: WHEEL SLIP #5: over the last 15.0 s the wheels claim 2.91 m and 0.01 rad of turning; the gyro saw 0.01 rad (41% of it) and the attitude spanned 0.41 deg. Feeding the EKF a zero-velocity update instead of the wheels' claim.
[wheel_slip_node.py-4] [WARN] [1787304526.520926441] [regolith_wheel_slip]: WHEEL SLIP #5 cleared - over the last 5.0 s the wheels claimed 0.61 rad of turning and the gyro corroborated 67% of it. Phantom distance kept out of the EKF so far: 5.37 m.
[pure_pursuit_node-9] [INFO] [1787304548.569549955] [regolith_pure_pursuit]: Recovery finished - resuming path following
[flip_recovery_node.py-10] [WARN] [1787304548.630271185] [regolith_flip_recovery]: STUCK RECOVERY #6 (escalation level 3, triggered by wheel slip (onboard); 3 ground-truth / 3 onboard triggers so far). Escape maneuver: reversed 0.20 m/s for 10.0s, then turned right at 0.50 rad/s for 6.5s (sim time, at a measured 0.21x real time). A real rover's FDIR could do the same - this is not a simulated teleport.
[planner_node-8] [WARN] [1787304548.631755582] [regolith_planner]: Current-position cell (67, 109) is lethal (drift, or a keep-out zone this rover marked itself) - planning from the nearest free cell (68, 108) instead
[planner_node-8] [INFO] [1787304548.650063374] [regolith_planner]: Planned path: 45 waypoints, start=(68, 108) goal=(52, 73)
[flip_recovery_node.py-10] [WARN] [1787304553.384306393] [regolith_flip_recovery]: STUCK RECOVERY #6 result: ground truth moved 2.03 m during the maneuver - FREED (5/6 escapes have freed the rover so far)
[pure_pursuit_node-9] [INFO] [1787304562.184276048] [regolith_pure_pursuit]: Recovery node has taken over /cmd_vel - pausing path following
[costmap_node-7] [WARN] [1787304562.192707841] [regolith_costmap]: Hazard #7 marked at (-14.97, -46.82): 13 cells lethal (1.2 m + 0.3 m rover radius). The rover got wedged here; the planner will route around it from now on.
[pure_pursuit_node-9] [INFO] [1787304638.609414513] [regolith_pure_pursuit]: Recovery finished - resuming path following
[flip_recovery_node.py-10] [WARN] [1787304638.670291920] [regolith_flip_recovery]: STUCK RECOVERY #7 (escalation level 4, triggered by ground truth; 4 ground-truth / 3 onboard triggers so far). Escape maneuver: reversed 0.20 m/s for 10.0s, then turned left at 0.50 rad/s for 8.0s (sim time, at a measured 0.23x real time). A real rover's FDIR could do the same - this is not a simulated teleport.
[planner_node-8] [INFO] [1787304638.684029844] [regolith_planner]: Planned path: 40 waypoints, start=(65, 111) goal=(52, 73)
[flip_recovery_node.py-10] [WARN] [1787304643.156455885] [regolith_flip_recovery]: STUCK RECOVERY #7 result: ground truth moved 2.15 m during the maneuver - FREED (6/7 escapes have freed the rover so far)
[wheel_slip_node.py-4] [WARN] [1787305074.724098968] [regolith_wheel_slip]: WHEEL SLIP #6: over the last 15.0 s the wheels claim 2.52 m and 0.01 rad of turning; the gyro saw 0.01 rad (64% of it) and the attitude spanned 0.31 deg. Feeding the EKF a zero-velocity update instead of the wheels' claim.
[pure_pursuit_node-9] [INFO] [1787305096.333794355] [regolith_pure_pursuit]: Recovery node has taken over /cmd_vel - pausing path following
[costmap_node-7] [WARN] [1787305096.340280538] [regolith_costmap]: Hazard #8 marked at (-29.41, -55.08): 13 cells lethal (1.2 m + 0.3 m rover radius). The rover got wedged here; the planner will route around it from now on.
[wheel_slip_node.py-4] [WARN] [1787305110.099909299] [regolith_wheel_slip]: WHEEL SLIP #6 cleared - over the last 5.0 s the wheels claimed 0.01 rad of turning and the gyro corroborated 58% of it. Phantom distance kept out of the EKF so far: 6.80 m.
[wheel_slip_node.py-4] [WARN] [1787305110.191038884] [regolith_wheel_slip]: WHEEL SLIP #7: over the last 15.0 s the wheels claim 2.57 m and 0.01 rad of turning; the gyro saw 0.01 rad (60% of it) and the attitude spanned 0.39 deg. Feeding the EKF a zero-velocity update instead of the wheels' claim.
[pure_pursuit_node-9] [INFO] [1787305118.401091720] [regolith_pure_pursuit]: Recovery finished - resuming path following
[flip_recovery_node.py-10] [WARN] [1787305118.461960746] [regolith_flip_recovery]: STUCK RECOVERY #8 (escalation level 0, triggered by wheel slip (onboard); 4 ground-truth / 4 onboard triggers so far). Escape maneuver: reversed 0.20 m/s for 3.0s, then turned left at 0.50 rad/s for 2.0s (sim time, at a measured 0.23x real time). A real rover's FDIR could do the same - this is not a simulated teleport.
[planner_node-8] [WARN] [1787305118.464367192] [regolith_planner]: Current-position cell (57, 91) is lethal (drift, or a keep-out zone this rover marked itself) - planning from the nearest free cell (58, 92) instead
[planner_node-8] [INFO] [1787305118.470645474] [regolith_planner]: Planned path: 20 waypoints, start=(58, 92) goal=(52, 73)
[pure_pursuit_node-9] [INFO] [1787305118.982053695] [regolith_pure_pursuit]: Recovery node has taken over /cmd_vel - pausing path following
[costmap_node-7] [WARN] [1787305118.989333591] [regolith_costmap]: Hazard #9 marked at (-29.35, -55.37): 13 cells lethal (1.2 m + 0.3 m rover radius). The rover got wedged here; the planner will route around it from now on.
[wheel_slip_node.py-4] [WARN] [1787305119.065730848] [regolith_wheel_slip]: WHEEL SLIP #7 cleared - over the last 5.0 s the wheels claimed 0.59 rad of turning and the gyro corroborated 65% of it. Phantom distance kept out of the EKF so far: 6.81 m.
[pure_pursuit_node-9] [INFO] [1787305160.192126770] [regolith_pure_pursuit]: Recovery finished - resuming path following
[flip_recovery_node.py-10] [WARN] [1787305160.252690321] [regolith_flip_recovery]: STUCK RECOVERY #9 (escalation level 1, triggered by wheel slip (onboard); 4 ground-truth / 5 onboard triggers so far). Escape maneuver: reversed 0.20 m/s for 6.0s, then turned right at 0.50 rad/s for 3.5s (sim time, at a measured 0.22x real time). A real rover's FDIR could do the same - this is not a simulated teleport.
[planner_node-8] [INFO] [1787305160.258355369] [regolith_planner]: Planned path: 20 waypoints, start=(58, 92) goal=(52, 73)
[flip_recovery_node.py-10] [WARN] [1787305164.747232756] [regolith_flip_recovery]: STUCK RECOVERY #9 result: ground truth moved 1.17 m during the maneuver - FREED (7/9 escapes have freed the rover so far)
[pure_pursuit_node-9] [INFO] [1787305636.614912233] [regolith_pure_pursuit]: Goal reached (within 0.34 m of the commanded goal)
[wheel_slip_node.py-4] [WARN] [1787305642.038748010] [regolith_wheel_slip]: WHEEL SLIP #8: over the last 15.0 s the wheels claim 2.35 m and 0.01 rad of turning; the gyro saw 0.01 rad (101% of it) and the attitude spanned 0.57 deg. Feeding the EKF a zero-velocity update instead of the wheels' claim.
