[INFO] [launch]: All log files can be found below /home/balazs/.ros/log/2026-08-29-12-38-57-880651-DESKTOP-IE5MOME-4944
[INFO] [launch]: Default logging verbosity is set to INFO
[hello_moon.launch] Using ROS_DOMAIN_ID=10 (isolated DDS domain for this launch - see PROGRESS.md)
[INFO] [ruby $(which gz) sim-1]: process started with pid [4988]
[INFO] [robot_state_publisher-2]: process started with pid [4990]
[INFO] [parameter_bridge-3]: process started with pid [4993]
[INFO] [wheel_slip_node.py-4]: process started with pid [4995]
[INFO] [sensor_covariance_relay.py-5]: process started with pid [4998]
[INFO] [ekf_node-6]: process started with pid [5000]
[INFO] [costmap_node-7]: process started with pid [5002]
[INFO] [planner_node-8]: process started with pid [5004]
[INFO] [pure_pursuit_node-9]: process started with pid [5006]
[INFO] [flip_recovery_node.py-10]: process started with pid [5008]
[INFO] [mission_markers_node.py-11]: process started with pid [5010]
[parameter_bridge-3] [INFO] [1788003539.412831265] [ros_gz_bridge]: Creating GZ->ROS Bridge: [/clock (gz.msgs.Clock) -> /clock (rosgraph_msgs/msg/Clock)] (Lazy 0)
[parameter_bridge-3] [INFO] [1788003539.414369097] [ros_gz_bridge]: Creating GZ->ROS Bridge: [/cmd_vel (gz.msgs.Twist) -> /cmd_vel (geometry_msgs/msg/Twist)] (Lazy 0)
[parameter_bridge-3] [INFO] [1788003539.416956368] [ros_gz_bridge]: Creating ROS->GZ Bridge: [/cmd_vel (geometry_msgs/msg/Twist) -> /cmd_vel (gz.msgs.Twist)] (Lazy 0)
[parameter_bridge-3] [INFO] [1788003539.418104948] [ros_gz_bridge]: Creating GZ->ROS Bridge: [/odometry (gz.msgs.Odometry) -> /odometry (nav_msgs/msg/Odometry)] (Lazy 0)
[parameter_bridge-3] [INFO] [1788003539.420389399] [ros_gz_bridge]: Creating ROS->GZ Bridge: [/odometry (nav_msgs/msg/Odometry) -> /odometry (gz.msgs.Odometry)] (Lazy 0)
[parameter_bridge-3] [INFO] [1788003539.421586161] [ros_gz_bridge]: Creating GZ->ROS Bridge: [/camera (gz.msgs.Image) -> /camera (sensor_msgs/msg/Image)] (Lazy 0)
[parameter_bridge-3] [INFO] [1788003539.423959279] [ros_gz_bridge]: Creating ROS->GZ Bridge: [/camera (sensor_msgs/msg/Image) -> /camera (gz.msgs.Image)] (Lazy 0)
[parameter_bridge-3] [INFO] [1788003539.425243948] [ros_gz_bridge]: Creating GZ->ROS Bridge: [/camera_info (gz.msgs.CameraInfo) -> /camera_info (sensor_msgs/msg/CameraInfo)] (Lazy 0)
[parameter_bridge-3] [INFO] [1788003539.426710533] [ros_gz_bridge]: Creating ROS->GZ Bridge: [/camera_info (sensor_msgs/msg/CameraInfo) -> /camera_info (gz.msgs.CameraInfo)] (Lazy 0)
[parameter_bridge-3] [INFO] [1788003539.427925509] [ros_gz_bridge]: Creating GZ->ROS Bridge: [/depth_camera (gz.msgs.Image) -> /depth_camera (sensor_msgs/msg/Image)] (Lazy 0)
[parameter_bridge-3] [INFO] [1788003539.428950443] [ros_gz_bridge]: Creating ROS->GZ Bridge: [/depth_camera (sensor_msgs/msg/Image) -> /depth_camera (gz.msgs.Image)] (Lazy 0)
[parameter_bridge-3] [INFO] [1788003539.429998521] [ros_gz_bridge]: Creating GZ->ROS Bridge: [/imu (gz.msgs.IMU) -> /imu (sensor_msgs/msg/Imu)] (Lazy 0)
[parameter_bridge-3] [INFO] [1788003539.431226782] [ros_gz_bridge]: Creating ROS->GZ Bridge: [/imu (sensor_msgs/msg/Imu) -> /imu (gz.msgs.IMU)] (Lazy 0)
[parameter_bridge-3] [INFO] [1788003539.432239223] [ros_gz_bridge]: Creating GZ->ROS Bridge: [/world/regolith_moon/model/rover/joint_state (gz.msgs.Model) -> /world/regolith_moon/model/rover/joint_state (sensor_msgs/msg/JointState)] (Lazy 0)
[parameter_bridge-3] [INFO] [1788003539.433180417] [ros_gz_bridge]: Creating ROS->GZ Bridge: [/world/regolith_moon/model/rover/joint_state (sensor_msgs/msg/JointState) -> /world/regolith_moon/model/rover/joint_state (gz.msgs.Model)] (Lazy 0)
[parameter_bridge-3] [INFO] [1788003539.434287157] [ros_gz_bridge]: Creating GZ->ROS Bridge: [/model/rover/pose (gz.msgs.Pose) -> /model/rover/pose (geometry_msgs/msg/PoseStamped)] (Lazy 0)
[robot_state_publisher-2] [INFO] [1788003539.434925776] [robot_state_publisher]: got segment base_link
[robot_state_publisher-2] [INFO] [1788003539.435080150] [robot_state_publisher]: got segment camera_link
[robot_state_publisher-2] [INFO] [1788003539.435094327] [robot_state_publisher]: got segment chassis
[robot_state_publisher-2] [INFO] [1788003539.435101942] [robot_state_publisher]: got segment front_left_wheel
[robot_state_publisher-2] [INFO] [1788003539.435109255] [robot_state_publisher]: got segment front_right_wheel
[robot_state_publisher-2] [INFO] [1788003539.435116910] [robot_state_publisher]: got segment imu_link
[robot_state_publisher-2] [INFO] [1788003539.435124004] [robot_state_publisher]: got segment rear_left_wheel
[robot_state_publisher-2] [INFO] [1788003539.435131257] [robot_state_publisher]: got segment rear_right_wheel
[wheel_slip_node.py-4] [INFO] [1788003539.812448942] [regolith_wheel_slip]: Wheel-slip ZUPT armed: /odom -> /odom/gated (onboard signals only - wheel odometry and IMU, never ground truth). legacy_rigid_body_signature=False
[flip_recovery_node.py-10] [INFO] [1788003539.816224480] [regolith_flip_recovery]: Flip/stuck recovery armed (simulated set_pose backstop for flips, straight-line cmd_vel override for stuck-but-upright)
[costmap_node-7] [INFO] [1788003539.884508715] [regolith_costmap]: Published costmap: 256x256 cells at 0.781 m/cell
[mission_markers_node.py-11] [INFO] [1788003539.892243414] [regolith_mission_markers]: Mission markers active - start at (0.0, 0.0), Gazebo flags on, RViz on /mission_markers
[planner_node-8] [WARN] [1788003543.990842948] [regolith_planner]: No costmap or current pose yet - ignoring goal
[planner_node-8] [INFO] [1788003554.052711505] [regolith_planner]: Planned path: 103 waypoints, start=(128, 128) goal=(52, 73)
[parameter_bridge-3] [INFO] [1788003554.393570416] [ros_gz_bridge]: Passing message from ROS geometry_msgs/msg/Twist to Gazebo gz.msgs.Twist (showing msg only once per type)
[flip_recovery_node.py-10] [INFO] [1788003554.751033392] [regolith_flip_recovery]: [stuck_debug] shadow streak START (gt_speed=0.0004 commanded=0.0690 t=2.60)
[flip_recovery_node.py-10] [INFO] [1788003554.751440598] [regolith_flip_recovery]: [stuck_debug] streak START (gt_speed=0.0004 commanded=0.0690 dt=0.200 t=2.60)
[flip_recovery_node.py-10] [INFO] [1788003566.339910292] [regolith_flip_recovery]: [stuck_debug] shadow streak PASSED the 3.00s bar (started t=2.60, t=5.80)
[flip_recovery_node.py-10] [INFO] [1788003566.340513893] [regolith_flip_recovery]: [stuck_debug] streak FIRED after 3.20s (t=5.80)
[costmap_node-7] [WARN] [1788003566.350072047] [regolith_costmap]: Hazard #1 marked at (0.61, -0.52): 13 cells lethal (1.2 m + 0.3 m rover radius). The rover got wedged here; the planner will route around it from now on.
[pure_pursuit_node-9] [INFO] [1788003566.359043315] [regolith_pure_pursuit]: Recovery node has taken over /cmd_vel - pausing path following
[pure_pursuit_node-9] [INFO] [1788003584.239210305] [regolith_pure_pursuit]: Recovery finished - resuming path following
[flip_recovery_node.py-10] [WARN] [1788003584.299866005] [regolith_flip_recovery]: STUCK RECOVERY #1 (escalation level 0, triggered by ground truth; 1 ground-truth / 0 onboard triggers so far). Escape maneuver: reversed 0.20 m/s for 3.0s, then turned left at 0.50 rad/s for 2.0s (sim time, exact - driven by the sim clock directly, not an RTF-estimated wall-clock sleep; RTF over this window measured 0.28x real time, logged for comparison only). A real rover's FDIR could do the same - this is not a simulated teleport.
[flip_recovery_node.py-10] [INFO] [1788003584.300283131] [regolith_flip_recovery]: [stuck_debug] shadow streak tally at recovery #1: 0 cuts, longest 3.20s (bar 3.00s)
[planner_node-8] [WARN] [1788003584.301721462] [regolith_planner]: Current-position cell (128, 127) is lethal (drift, or a keep-out zone this rover marked itself) - planning from the nearest free cell (128, 126) instead
[planner_node-8] [INFO] [1788003584.370346425] [regolith_planner]: Planned path: 103 waypoints, start=(128, 126) goal=(52, 73)
[flip_recovery_node.py-10] [INFO] [1788003585.769096355] [regolith_flip_recovery]: [stuck_debug] shadow streak DROPPED at 8.60s (tick gap of 5.40s, t=11.20)
[flip_recovery_node.py-10] [INFO] [1788003585.769551273] [regolith_flip_recovery]: [stuck_debug] shadow streak START (gt_speed=0.0009 commanded=0.0690 t=11.20)
[flip_recovery_node.py-10] [WARN] [1788003588.606097588] [regolith_flip_recovery]: STUCK RECOVERY #1 result: ground truth moved 0.60 m during the maneuver - FREED (1/1 escapes have freed the rover so far)
[flip_recovery_node.py-10] [INFO] [1788003596.608675581] [regolith_flip_recovery]: [stuck_debug] shadow streak PASSED the 3.00s bar (started t=11.20, t=14.20)
[flip_recovery_node.py-10] [INFO] [1788003602.329138769] [regolith_flip_recovery]: [stuck_debug] streak START (gt_speed=0.0000 commanded=0.0690 dt=0.200 t=15.80)
[flip_recovery_node.py-10] [INFO] [1788003612.328805993] [regolith_flip_recovery]: [stuck_debug] shadow streak CUT at 7.40s (gt_speed>=min: gt_speed=0.0218 commanded=0.0690 t=18.60; 1 cuts so far, longest 7.40s)
[flip_recovery_node.py-10] [INFO] [1788003612.329234620] [regolith_flip_recovery]: [stuck_debug] streak RESET after 2.80s (gt_speed>=min: gt_speed=0.0218 commanded=0.0690 dt=0.200 t=18.60)
[pure_pursuit_node-9] [WARN] [1788003613.737619157] [regolith_pure_pursuit]: Stalled for 8s - stopping and replanning
[planner_node-8] [WARN] [1788003613.738660552] [regolith_planner]: Current-position cell (128, 127) is lethal (drift, or a keep-out zone this rover marked itself) - planning from the nearest free cell (128, 126) instead
[planner_node-8] [INFO] [1788003613.824450116] [regolith_planner]: Planned path: 103 waypoints, start=(128, 126) goal=(52, 73)
[flip_recovery_node.py-10] [INFO] [1788004440.694559877] [regolith_flip_recovery]: [stuck_debug] slip ASSERTED (t=251.14)
[wheel_slip_node.py-4] [WARN] [1788004440.694647835] [regolith_wheel_slip]: WHEEL SLIP #1: over the last 15.0 s the wheels claim 2.55 m and 2.68 rad of turning; the gyro saw 0.39 rad (14% of it) and the attitude spanned 9.91 deg. Feeding the EKF a zero-velocity update instead of the wheels' claim.
[flip_recovery_node.py-10] [INFO] [1788004458.510886359] [regolith_flip_recovery]: [stuck_debug] slip PREEMPTED the ground-truth path after 5.06s asserted (live streak=none shadow streak=none gt_speed=0.0601 commanded=0.1974 t=256.20)
[pure_pursuit_node-9] [INFO] [1788004458.512089393] [regolith_pure_pursuit]: Recovery node has taken over /cmd_vel - pausing path following
[pure_pursuit_node-9] [INFO] [1788004458.519532706] [regolith_pure_pursuit]: Costmap changed (a new keep-out zone) - restoring the replan budget: the route being retried is not the one that already failed
[costmap_node-7] [WARN] [1788004458.519546630] [regolith_costmap]: Hazard #2 marked at (-11.18, -38.50): 13 cells lethal (1.2 m + 0.3 m rover radius). The rover got wedged here; the planner will route around it from now on.
[flip_recovery_node.py-10] [INFO] [1788004471.468050113] [regolith_flip_recovery]: [stuck_debug] slip CLEARED after already consumed by a trigger (trigger bar: 5.00s, t=259.84)
[wheel_slip_node.py-4] [WARN] [1788004471.468251815] [regolith_wheel_slip]: WHEEL SLIP #1 cleared - over the last 5.0 s the wheels claimed 0.59 rad of turning and the gyro corroborated 25% of it. Phantom distance kept out of the EKF so far: 1.23 m.
[flip_recovery_node.py-10] [INFO] [1788004471.538463444] [regolith_flip_recovery]: [stuck_debug] slip ASSERTED (t=259.86)
[wheel_slip_node.py-4] [WARN] [1788004471.538628865] [regolith_wheel_slip]: WHEEL SLIP #2: over the last 15.0 s the wheels claim 2.16 m and 3.58 rad of turning; the gyro saw 0.32 rad (9% of it) and the attitude spanned 6.93 deg. Feeding the EKF a zero-velocity update instead of the wheels' claim.
[pure_pursuit_node-9] [INFO] [1788004476.355772834] [regolith_pure_pursuit]: Recovery finished - resuming path following
[flip_recovery_node.py-10] [WARN] [1788004476.416226261] [regolith_flip_recovery]: STUCK RECOVERY #2 (escalation level 0, triggered by wheel slip (onboard); 1 ground-truth / 1 onboard triggers so far). Escape maneuver: reversed 0.20 m/s for 3.0s, then turned left at 0.50 rad/s for 2.0s (sim time, exact - driven by the sim clock directly, not an RTF-estimated wall-clock sleep; RTF over this window measured 0.28x real time, logged for comparison only). A real rover's FDIR could do the same - this is not a simulated teleport.
[flip_recovery_node.py-10] [INFO] [1788004476.416665049] [regolith_flip_recovery]: [stuck_debug] shadow streak tally at recovery #2: 1 cuts, longest 7.40s (bar 3.00s)
[planner_node-8] [WARN] [1788004476.418414729] [regolith_planner]: Current-position cell (79, 113) is lethal (drift, or a keep-out zone this rover marked itself) - planning from the nearest free cell (80, 112) instead
[planner_node-8] [INFO] [1788004476.442999479] [regolith_planner]: Planned path: 55 waypoints, start=(80, 112) goal=(52, 73)
[flip_recovery_node.py-10] [INFO] [1788004477.905903793] [regolith_flip_recovery]: [stuck_debug] shadow streak START (gt_speed=0.0020 commanded=0.0690 t=261.60)
[flip_recovery_node.py-10] [INFO] [1788004478.863612158] [regolith_flip_recovery]: [stuck_debug] slip CLEARED after 2.00s (trigger bar: 5.00s, t=261.86)
[wheel_slip_node.py-4] [WARN] [1788004478.864044439] [regolith_wheel_slip]: WHEEL SLIP #2 cleared - over the last 5.0 s the wheels claimed 0.65 rad of turning and the gyro corroborated 89% of it. Phantom distance kept out of the EKF so far: 1.23 m.
[flip_recovery_node.py-10] [INFO] [1788004479.348011901] [regolith_flip_recovery]: [stuck_debug] shadow streak CUT at 0.40s (gt_speed>=min: gt_speed=0.0223 commanded=0.0690 t=262.00; 2 cuts so far, longest 7.40s)
[flip_recovery_node.py-10] [WARN] [1788004480.749161030] [regolith_flip_recovery]: STUCK RECOVERY #2 result: ground truth moved 0.53 m during the maneuver - FREED (2/2 escapes have freed the rover so far)
[flip_recovery_node.py-10] [INFO] [1788004882.392620895] [regolith_flip_recovery]: [stuck_debug] shadow streak START (gt_speed=0.0196 commanded=0.1152 t=374.60)
[flip_recovery_node.py-10] [INFO] [1788004882.393032988] [regolith_flip_recovery]: [stuck_debug] streak START (gt_speed=0.0196 commanded=0.1152 dt=0.200 t=374.60)
[flip_recovery_node.py-10] [INFO] [1788004893.008873281] [regolith_flip_recovery]: [stuck_debug] shadow streak PASSED the 3.00s bar (started t=374.60, t=377.60)
[flip_recovery_node.py-10] [INFO] [1788004893.009367714] [regolith_flip_recovery]: [stuck_debug] streak FIRED after 3.00s (t=377.60)
[pure_pursuit_node-9] [INFO] [1788004893.010319126] [regolith_pure_pursuit]: Recovery node has taken over /cmd_vel - pausing path following
[costmap_node-7] [WARN] [1788004893.017701401] [regolith_costmap]: Hazard #3 marked at (-16.46, -52.62): 13 cells lethal (1.2 m + 0.3 m rover radius). The rover got wedged here; the planner will route around it from now on.
[pure_pursuit_node-9] [INFO] [1788004910.696455125] [regolith_pure_pursuit]: Recovery finished - resuming path following
[flip_recovery_node.py-10] [WARN] [1788004910.757287160] [regolith_flip_recovery]: STUCK RECOVERY #3 (escalation level 0, triggered by ground truth; 2 ground-truth / 1 onboard triggers so far). Escape maneuver: reversed 0.20 m/s for 3.0s, then turned left at 0.50 rad/s for 2.0s (sim time, exact - driven by the sim clock directly, not an RTF-estimated wall-clock sleep; RTF over this window measured 0.28x real time, logged for comparison only). A real rover's FDIR could do the same - this is not a simulated teleport.
[flip_recovery_node.py-10] [INFO] [1788004910.757703264] [regolith_flip_recovery]: [stuck_debug] shadow streak tally at recovery #3: 2 cuts, longest 7.40s (bar 3.00s)
[planner_node-8] [INFO] [1788004910.770243860] [regolith_planner]: Planned path: 38 waypoints, start=(61, 108) goal=(52, 73)
[flip_recovery_node.py-10] [INFO] [1788004912.237817510] [regolith_flip_recovery]: [stuck_debug] shadow streak DROPPED at 8.40s (tick gap of 5.40s, t=383.00)
[flip_recovery_node.py-10] [WARN] [1788004915.081287570] [regolith_flip_recovery]: STUCK RECOVERY #3 result: ground truth moved 0.50 m during the maneuver - FREED (3/3 escapes have freed the rover so far)
[flip_recovery_node.py-10] [INFO] [1788005003.174452356] [regolith_flip_recovery]: [stuck_debug] shadow streak START (gt_speed=0.0199 commanded=0.1166 t=408.60)
[flip_recovery_node.py-10] [INFO] [1788005003.174885925] [regolith_flip_recovery]: [stuck_debug] streak START (gt_speed=0.0199 commanded=0.1166 dt=0.200 t=408.60)
[flip_recovery_node.py-10] [INFO] [1788005013.378254808] [regolith_flip_recovery]: [stuck_debug] shadow streak CUT at 2.80s (gt_speed>=min: gt_speed=0.0594 commanded=0.2134 t=411.40; 3 cuts so far, longest 7.40s)
[flip_recovery_node.py-10] [INFO] [1788005013.378678666] [regolith_flip_recovery]: [stuck_debug] streak RESET after 2.80s (gt_speed>=min: gt_speed=0.0594 commanded=0.2134 dt=0.200 t=411.40)
[ruby $(which gz) sim-1] NodeShared::Publish() Error: Interrupted system call
[flip_recovery_node.py-10] [INFO] [1788005025.368643148] [regolith_flip_recovery]: [stuck_debug] shadow streak START (gt_speed=0.0156 commanded=0.1185 t=414.60)
[flip_recovery_node.py-10] [INFO] [1788005025.369228020] [regolith_flip_recovery]: [stuck_debug] streak START (gt_speed=0.0156 commanded=0.1185 dt=0.200 t=414.60)
[flip_recovery_node.py-10] [INFO] [1788005036.178967295] [regolith_flip_recovery]: [stuck_debug] shadow streak PASSED the 3.00s bar (started t=414.60, t=417.60)
[flip_recovery_node.py-10] [INFO] [1788005036.179404640] [regolith_flip_recovery]: [stuck_debug] streak FIRED after 3.00s (t=417.60)
[pure_pursuit_node-9] [INFO] [1788005036.180368985] [regolith_pure_pursuit]: Recovery node has taken over /cmd_vel - pausing path following
[costmap_node-7] [WARN] [1788005036.187502090] [regolith_costmap]: Hazard #4 marked at (-17.18, -54.88): 13 cells lethal (1.2 m + 0.3 m rover radius). The rover got wedged here; the planner will route around it from now on.
[flip_recovery_node.py-10] [INFO] [1788005046.206405997] [regolith_flip_recovery]: [stuck_debug] slip ASSERTED (t=420.46)
[wheel_slip_node.py-4] [WARN] [1788005046.206752394] [regolith_wheel_slip]: WHEEL SLIP #3: over the last 15.0 s the wheels claim 1.45 m and 3.00 rad of turning; the gyro saw 0.43 rad (14% of it) and the attitude spanned 9.18 deg. Feeding the EKF a zero-velocity update instead of the wheels' claim.
[flip_recovery_node.py-10] [INFO] [1788005053.445332473] [regolith_flip_recovery]: [stuck_debug] slip CLEARED after 2.00s (trigger bar: 5.00s, t=422.46)
[wheel_slip_node.py-4] [WARN] [1788005053.445679595] [regolith_wheel_slip]: WHEEL SLIP #3 cleared - over the last 5.0 s the wheels claimed 0.10 rad of turning and the gyro corroborated 34% of it. Phantom distance kept out of the EKF so far: 1.63 m.
[flip_recovery_node.py-10] [INFO] [1788005053.516240498] [regolith_flip_recovery]: [stuck_debug] slip ASSERTED (t=422.48)
[wheel_slip_node.py-4] [WARN] [1788005053.516520141] [regolith_wheel_slip]: WHEEL SLIP #4: over the last 15.0 s the wheels claim 1.71 m and 2.59 rad of turning; the gyro saw 0.34 rad (13% of it) and the attitude spanned 9.18 deg. Feeding the EKF a zero-velocity update instead of the wheels' claim.
[flip_recovery_node.py-10] [INFO] [1788005060.613418607] [regolith_flip_recovery]: [stuck_debug] slip CLEARED after 2.00s (trigger bar: 5.00s, t=424.48)
[wheel_slip_node.py-4] [WARN] [1788005060.614151011] [regolith_wheel_slip]: WHEEL SLIP #4 cleared - over the last 5.0 s the wheels claimed 0.20 rad of turning and the gyro corroborated 82% of it. Phantom distance kept out of the EKF so far: 1.89 m.
[pure_pursuit_node-9] [INFO] [1788005069.947154745] [regolith_pure_pursuit]: Recovery finished - resuming path following
[flip_recovery_node.py-10] [WARN] [1788005070.007837354] [regolith_flip_recovery]: STUCK RECOVERY #4 (escalation level 1, triggered by ground truth; 3 ground-truth / 1 onboard triggers so far). Escape maneuver: reversed 0.20 m/s for 6.0s, then turned right at 0.50 rad/s for 3.5s (sim time, exact - driven by the sim clock directly, not an RTF-estimated wall-clock sleep; RTF over this window measured 0.28x real time, logged for comparison only). A real rover's FDIR could do the same - this is not a simulated teleport.
[flip_recovery_node.py-10] [INFO] [1788005070.008393094] [regolith_flip_recovery]: [stuck_debug] shadow streak tally at recovery #4: 3 cuts, longest 7.40s (bar 3.00s)
[planner_node-8] [WARN] [1788005070.010899210] [regolith_planner]: Current-position cell (58, 107) is lethal (drift, or a keep-out zone this rover marked itself) - planning from the nearest free cell (58, 108) instead
[planner_node-8] [INFO] [1788005070.028137413] [regolith_planner]: Planned path: 38 waypoints, start=(58, 108) goal=(52, 73)
[flip_recovery_node.py-10] [INFO] [1788005071.172885053] [regolith_flip_recovery]: [stuck_debug] shadow streak DROPPED at 12.80s (tick gap of 9.80s, t=427.40)
[flip_recovery_node.py-10] [INFO] [1788005071.173333969] [regolith_flip_recovery]: [stuck_debug] shadow streak START (gt_speed=0.0060 commanded=0.0690 t=427.40)
[flip_recovery_node.py-10] [WARN] [1788005074.016661630] [regolith_flip_recovery]: STUCK RECOVERY #4 result: ground truth moved 1.20 m during the maneuver - FREED (4/4 escapes have freed the rover so far)
[flip_recovery_node.py-10] [INFO] [1788005081.912698407] [regolith_flip_recovery]: [stuck_debug] shadow streak PASSED the 3.00s bar (started t=427.40, t=430.40)
[flip_recovery_node.py-10] [INFO] [1788005088.243552666] [regolith_flip_recovery]: [stuck_debug] streak START (gt_speed=0.0045 commanded=0.0690 dt=0.200 t=432.20)
[flip_recovery_node.py-10] [INFO] [1788005096.028224804] [regolith_flip_recovery]: [stuck_debug] shadow streak CUT at 7.00s (gt_speed>=min: gt_speed=0.0210 commanded=0.0690 t=434.40; 4 cuts so far, longest 7.40s)
[flip_recovery_node.py-10] [INFO] [1788005096.028622764] [regolith_flip_recovery]: [stuck_debug] streak RESET after 2.20s (gt_speed>=min: gt_speed=0.0210 commanded=0.0690 dt=0.200 t=434.40)
[pure_pursuit_node-9] [WARN] [1788005099.192823836] [regolith_pure_pursuit]: Stalled for 8s - stopping and replanning
[planner_node-8] [WARN] [1788005099.194425800] [regolith_planner]: Current-position cell (58, 107) is lethal (drift, or a keep-out zone this rover marked itself) - planning from the nearest free cell (58, 108) instead
[planner_node-8] [INFO] [1788005099.208419868] [regolith_planner]: Planned path: 38 waypoints, start=(58, 108) goal=(52, 73)
[flip_recovery_node.py-10] [INFO] [1788005145.309540701] [regolith_flip_recovery]: [stuck_debug] shadow streak START (gt_speed=0.0080 commanded=0.0690 t=448.00)
[flip_recovery_node.py-10] [INFO] [1788005145.309981302] [regolith_flip_recovery]: [stuck_debug] streak START (gt_speed=0.0080 commanded=0.0690 dt=0.200 t=448.00)
[flip_recovery_node.py-10] [INFO] [1788005146.005483426] [regolith_flip_recovery]: [stuck_debug] shadow streak CUT at 0.20s (gt_speed>=min: gt_speed=0.0470 commanded=0.1119 t=448.20; 5 cuts so far, longest 7.40s)
[flip_recovery_node.py-10] [INFO] [1788005146.005894359] [regolith_flip_recovery]: [stuck_debug] streak RESET after 0.20s (gt_speed>=min: gt_speed=0.0470 commanded=0.1119 dt=0.200 t=448.20)
[flip_recovery_node.py-10] [INFO] [1788005222.507380724] [regolith_flip_recovery]: [stuck_debug] shadow streak START (gt_speed=0.0139 commanded=0.1096 t=469.80)
[flip_recovery_node.py-10] [INFO] [1788005222.507820323] [regolith_flip_recovery]: [stuck_debug] streak START (gt_speed=0.0139 commanded=0.1096 dt=0.200 t=469.80)
[flip_recovery_node.py-10] [INFO] [1788005223.206442411] [regolith_flip_recovery]: [stuck_debug] shadow streak CUT at 0.20s (gt_speed>=min: gt_speed=0.0418 commanded=0.1128 t=470.00; 6 cuts so far, longest 7.40s)
[flip_recovery_node.py-10] [INFO] [1788005223.206859416] [regolith_flip_recovery]: [stuck_debug] streak RESET after 0.20s (gt_speed>=min: gt_speed=0.0418 commanded=0.1128 dt=0.200 t=470.00)
[flip_recovery_node.py-10] [INFO] [1788005240.884000490] [regolith_flip_recovery]: [stuck_debug] shadow streak START (gt_speed=0.0174 commanded=0.1337 t=475.00)
[flip_recovery_node.py-10] [INFO] [1788005240.884416033] [regolith_flip_recovery]: [stuck_debug] streak START (gt_speed=0.0174 commanded=0.1337 dt=0.200 t=475.00)
[flip_recovery_node.py-10] [INFO] [1788005243.012844606] [regolith_flip_recovery]: [stuck_debug] shadow streak CUT at 0.60s (gt_speed>=min: gt_speed=0.0209 commanded=0.1251 t=475.60; 7 cuts so far, longest 7.40s)
[flip_recovery_node.py-10] [INFO] [1788005243.013354438] [regolith_flip_recovery]: [stuck_debug] streak RESET after 0.60s (gt_speed>=min: gt_speed=0.0209 commanded=0.1251 dt=0.200 t=475.60)
[ruby $(which gz) sim-1] NodeShared::Publish() Error: Interrupted system call
[pure_pursuit_node-9] [INFO] [1788005847.332405115] [regolith_pure_pursuit]: Goal reached (within 0.34 m of the commanded goal)
