[INFO] [launch]: All log files can be found below ~/.ros/log/<launch-log-dir>
[INFO] [launch]: Default logging verbosity is set to INFO
[hello_moon.launch] Using ROS_DOMAIN_ID=12 (isolated DDS domain for this launch - see PROGRESS.md)
[INFO] [ruby $(which gz) sim-1]: process started with pid [8527]
[INFO] [robot_state_publisher-2]: process started with pid [8529]
[INFO] [parameter_bridge-3]: process started with pid [8532]
[INFO] [wheel_slip_node.py-4]: process started with pid [8535]
[INFO] [sensor_covariance_relay.py-5]: process started with pid [8537]
[INFO] [ekf_node-6]: process started with pid [8539]
[INFO] [costmap_node-7]: process started with pid [8541]
[INFO] [planner_node-8]: process started with pid [8543]
[INFO] [pure_pursuit_node-9]: process started with pid [8545]
[INFO] [flip_recovery_node.py-10]: process started with pid [8547]
[INFO] [mission_markers_node.py-11]: process started with pid [8549]
[robot_state_publisher-2] [INFO] [1787053465.879111749] [robot_state_publisher]: got segment base_link
[robot_state_publisher-2] [INFO] [1787053465.879314617] [robot_state_publisher]: got segment camera_link
[robot_state_publisher-2] [INFO] [1787053465.879336613] [robot_state_publisher]: got segment chassis
[robot_state_publisher-2] [INFO] [1787053465.879343832] [robot_state_publisher]: got segment front_left_wheel
[robot_state_publisher-2] [INFO] [1787053465.879362393] [robot_state_publisher]: got segment front_right_wheel
[robot_state_publisher-2] [INFO] [1787053465.879368427] [robot_state_publisher]: got segment imu_link
[robot_state_publisher-2] [INFO] [1787053465.879375040] [robot_state_publisher]: got segment rear_left_wheel
[robot_state_publisher-2] [INFO] [1787053465.879382148] [robot_state_publisher]: got segment rear_right_wheel
[parameter_bridge-3] [INFO] [1787053465.894715178] [ros_gz_bridge]: Creating GZ->ROS Bridge: [/clock (gz.msgs.Clock) -> /clock (rosgraph_msgs/msg/Clock)] (Lazy 0)
[parameter_bridge-3] [INFO] [1787053465.897087791] [ros_gz_bridge]: Creating GZ->ROS Bridge: [/cmd_vel (gz.msgs.Twist) -> /cmd_vel (geometry_msgs/msg/Twist)] (Lazy 0)
[parameter_bridge-3] [INFO] [1787053465.899025892] [ros_gz_bridge]: Creating ROS->GZ Bridge: [/cmd_vel (geometry_msgs/msg/Twist) -> /cmd_vel (gz.msgs.Twist)] (Lazy 0)
[parameter_bridge-3] [INFO] [1787053465.900899631] [ros_gz_bridge]: Creating GZ->ROS Bridge: [/odometry (gz.msgs.Odometry) -> /odometry (nav_msgs/msg/Odometry)] (Lazy 0)
[parameter_bridge-3] [INFO] [1787053465.903921177] [ros_gz_bridge]: Creating ROS->GZ Bridge: [/odometry (nav_msgs/msg/Odometry) -> /odometry (gz.msgs.Odometry)] (Lazy 0)
[parameter_bridge-3] [INFO] [1787053465.905161522] [ros_gz_bridge]: Creating GZ->ROS Bridge: [/camera (gz.msgs.Image) -> /camera (sensor_msgs/msg/Image)] (Lazy 0)
[parameter_bridge-3] [INFO] [1787053465.907077508] [ros_gz_bridge]: Creating ROS->GZ Bridge: [/camera (sensor_msgs/msg/Image) -> /camera (gz.msgs.Image)] (Lazy 0)
[parameter_bridge-3] [INFO] [1787053465.908683226] [ros_gz_bridge]: Creating GZ->ROS Bridge: [/camera_info (gz.msgs.CameraInfo) -> /camera_info (sensor_msgs/msg/CameraInfo)] (Lazy 0)
[parameter_bridge-3] [INFO] [1787053465.909945091] [ros_gz_bridge]: Creating ROS->GZ Bridge: [/camera_info (sensor_msgs/msg/CameraInfo) -> /camera_info (gz.msgs.CameraInfo)] (Lazy 0)
[parameter_bridge-3] [INFO] [1787053465.911607650] [ros_gz_bridge]: Creating GZ->ROS Bridge: [/depth_camera (gz.msgs.Image) -> /depth_camera (sensor_msgs/msg/Image)] (Lazy 0)
[parameter_bridge-3] [INFO] [1787053465.912466835] [ros_gz_bridge]: Creating ROS->GZ Bridge: [/depth_camera (sensor_msgs/msg/Image) -> /depth_camera (gz.msgs.Image)] (Lazy 0)
[parameter_bridge-3] [INFO] [1787053465.913160118] [ros_gz_bridge]: Creating GZ->ROS Bridge: [/imu (gz.msgs.IMU) -> /imu (sensor_msgs/msg/Imu)] (Lazy 0)
[parameter_bridge-3] [INFO] [1787053465.913961774] [ros_gz_bridge]: Creating ROS->GZ Bridge: [/imu (sensor_msgs/msg/Imu) -> /imu (gz.msgs.IMU)] (Lazy 0)
[parameter_bridge-3] [INFO] [1787053465.915234862] [ros_gz_bridge]: Creating GZ->ROS Bridge: [/world/regolith_moon/model/rover/joint_state (gz.msgs.Model) -> /world/regolith_moon/model/rover/joint_state (sensor_msgs/msg/JointState)] (Lazy 0)
[parameter_bridge-3] [INFO] [1787053465.916445138] [ros_gz_bridge]: Creating ROS->GZ Bridge: [/world/regolith_moon/model/rover/joint_state (sensor_msgs/msg/JointState) -> /world/regolith_moon/model/rover/joint_state (gz.msgs.Model)] (Lazy 0)
[parameter_bridge-3] [INFO] [1787053465.917663763] [ros_gz_bridge]: Creating GZ->ROS Bridge: [/model/rover/pose (gz.msgs.Pose) -> /model/rover/pose (geometry_msgs/msg/PoseStamped)] (Lazy 0)
[wheel_slip_node.py-4] [INFO] [1787053466.231138971] [regolith_wheel_slip]: Wheel-slip ZUPT armed: /odom -> /odom/gated (onboard signals only - wheel odometry and IMU, never ground truth)
[flip_recovery_node.py-10] [INFO] [1787053466.266079662] [regolith_flip_recovery]: Flip/stuck recovery armed (simulated set_pose backstop for flips, straight-line cmd_vel override for stuck-but-upright)
[costmap_node-7] [INFO] [1787053466.338543987] [regolith_costmap]: Published costmap: 256x256 cells at 0.781 m/cell
[mission_markers_node.py-11] [INFO] [1787053466.360773003] [regolith_mission_markers]: Mission markers active - start at (0.0, 0.0), Gazebo flags on, RViz on /mission_markers
[planner_node-8] [WARN] [1787053470.357262776] [regolith_planner]: No costmap or current pose yet - ignoring goal
[planner_node-8] [INFO] [1787053483.378247233] [regolith_planner]: Planned path: 109 waypoints, start=(127, 127) goal=(110, 19)
[parameter_bridge-3] [INFO] [1787053483.511732725] [ros_gz_bridge]: Passing message from ROS geometry_msgs/msg/Twist to Gazebo gz.msgs.Twist (showing msg only once per type)
[pure_pursuit_node-9] [WARN] [1787053518.259915934] [regolith_pure_pursuit]: Stalled for 8s - stopping and replanning
[planner_node-8] [INFO] [1787053518.303756846] [regolith_planner]: Planned path: 109 waypoints, start=(127, 127) goal=(110, 19)
[wheel_slip_node.py-4] [WARN] [1787053903.044548334] [regolith_wheel_slip]: WHEEL SLIP #1: over the last 15.0 s the wheels claim 2.91 m and 0.01 rad of turning; the gyro saw 0.01 rad (88% of it) and the attitude spanned 0.35 deg. Feeding the EKF a zero-velocity update instead of the wheels' claim.
[wheel_slip_node.py-4] [WARN] [1787053921.201004212] [regolith_wheel_slip]: WHEEL SLIP #1 cleared - over the last 5.0 s the wheels claimed 0.00 rad of turning and the gyro corroborated 92% of it. Phantom distance kept out of the EKF so far: 0.90 m.
[wheel_slip_node.py-4] [WARN] [1787053992.843005080] [regolith_wheel_slip]: WHEEL SLIP #2: over the last 15.0 s the wheels claim 2.91 m and 0.00 rad of turning; the gyro saw 0.00 rad (74% of it) and the attitude spanned 0.37 deg. Feeding the EKF a zero-velocity update instead of the wheels' claim.
[pure_pursuit_node-9] [INFO] [1787054017.821036633] [regolith_pure_pursuit]: Recovery node has taken over /cmd_vel - pausing path following
[costmap_node-7] [WARN] [1787054017.829713694] [regolith_costmap]: Hazard #1 marked at (-18.41, 4.30): 13 cells lethal (1.2 m + 0.3 m rover radius). The rover got wedged here; the planner will route around it from now on.
[pure_pursuit_node-9] [INFO] [1787054017.829984824] [regolith_pure_pursuit]: Costmap changed (a new keep-out zone) - restoring the replan budget: the route being retried is not the one that already failed
[wheel_slip_node.py-4] [WARN] [1787054031.129740919] [regolith_wheel_slip]: WHEEL SLIP #2 cleared - over the last 5.0 s the wheels claimed 0.01 rad of turning and the gyro corroborated 58% of it. Phantom distance kept out of the EKF so far: 2.48 m.
[wheel_slip_node.py-4] [WARN] [1787054031.205320471] [regolith_wheel_slip]: WHEEL SLIP #3: over the last 15.0 s the wheels claim 2.87 m and 0.01 rad of turning; the gyro saw 0.01 rad (59% of it) and the attitude spanned 0.32 deg. Feeding the EKF a zero-velocity update instead of the wheels' claim.
[pure_pursuit_node-9] [INFO] [1787054042.079606185] [regolith_pure_pursuit]: Recovery finished - resuming path following
[flip_recovery_node.py-10] [WARN] [1787054042.140479207] [regolith_flip_recovery]: STUCK RECOVERY #1 (escalation level 0, triggered by wheel slip (onboard); 0 ground-truth / 1 onboard triggers so far). Escape maneuver: reversed 0.20 m/s for 3.0s, then turned left at 0.50 rad/s for 2.0s (sim time, at a measured 0.24x real time). A real rover's FDIR could do the same - this is not a simulated teleport.
[planner_node-8] [WARN] [1787054042.142602644] [regolith_planner]: Current-position cell (133, 105) is lethal (drift, or a keep-out zone this rover marked itself) - planning from the nearest free cell (134, 106) instead
[planner_node-8] [INFO] [1787054042.171681521] [regolith_planner]: Planned path: 88 waypoints, start=(134, 106) goal=(110, 19)
[wheel_slip_node.py-4] [WARN] [1787054042.561482303] [regolith_wheel_slip]: WHEEL SLIP #3 cleared - over the last 5.0 s the wheels claimed 0.59 rad of turning and the gyro corroborated 97% of it. Phantom distance kept out of the EKF so far: 2.48 m.
[flip_recovery_node.py-10] [WARN] [1787054047.121286317] [regolith_flip_recovery]: STUCK RECOVERY #1 result: ground truth moved 0.59 m during the maneuver - FREED (1/1 escapes have freed the rover so far)
[pure_pursuit_node-9] [INFO] [1787054067.275433145] [regolith_pure_pursuit]: Recovery node has taken over /cmd_vel - pausing path following
[costmap_node-7] [WARN] [1787054067.281295936] [regolith_costmap]: Hazard #2 marked at (-18.24, 4.79): 13 cells lethal (1.2 m + 0.3 m rover radius). The rover got wedged here; the planner will route around it from now on.
[pure_pursuit_node-9] [INFO] [1787054115.130432740] [regolith_pure_pursuit]: Recovery finished - resuming path following
[flip_recovery_node.py-10] [WARN] [1787054115.191171366] [regolith_flip_recovery]: STUCK RECOVERY #2 (escalation level 1, triggered by ground truth; 1 ground-truth / 1 onboard triggers so far). Escape maneuver: reversed 0.20 m/s for 6.0s, then turned right at 0.50 rad/s for 3.5s (sim time, at a measured 0.23x real time). A real rover's FDIR could do the same - this is not a simulated teleport.
[planner_node-8] [WARN] [1787054115.192628838] [regolith_planner]: Current-position cell (132, 106) is lethal (drift, or a keep-out zone this rover marked itself) - planning from the nearest free cell (133, 107) instead
[planner_node-8] [INFO] [1787054115.219860891] [regolith_planner]: Planned path: 90 waypoints, start=(133, 107) goal=(110, 19)
[flip_recovery_node.py-10] [WARN] [1787054119.610848129] [regolith_flip_recovery]: STUCK RECOVERY #2 result: ground truth moved 1.24 m during the maneuver - FREED (2/2 escapes have freed the rover so far)
[pure_pursuit_node-9] [INFO] [1787055252.518959101] [regolith_pure_pursuit]: Recovery node has taken over /cmd_vel - pausing path following
[costmap_node-7] [WARN] [1787055252.526464402] [regolith_costmap]: Hazard #3 marked at (-41.52, 1.41): 13 cells lethal (1.2 m + 0.3 m rover radius). The rover got wedged here; the planner will route around it from now on.
[pure_pursuit_node-9] [INFO] [1787055274.482246573] [regolith_pure_pursuit]: Recovery finished - resuming path following
[flip_recovery_node.py-10] [WARN] [1787055274.543412491] [regolith_flip_recovery]: STUCK RECOVERY #3 (escalation level 0, triggered by ground truth; 2 ground-truth / 1 onboard triggers so far). Escape maneuver: reversed 0.20 m/s for 3.0s, then turned left at 0.50 rad/s for 2.0s (sim time, at a measured 0.26x real time). A real rover's FDIR could do the same - this is not a simulated teleport.
[planner_node-8] [INFO] [1787055274.557700909] [regolith_planner]: Planned path: 60 waypoints, start=(130, 76) goal=(110, 19)
[flip_recovery_node.py-10] [WARN] [1787055279.125807905] [regolith_flip_recovery]: STUCK RECOVERY #3 result: ground truth moved 0.57 m during the maneuver - FREED (3/3 escapes have freed the rover so far)
[wheel_slip_node.py-4] [WARN] [1787055628.215585864] [regolith_wheel_slip]: WHEEL SLIP #4: over the last 15.0 s the wheels claim 2.83 m and 0.02 rad of turning; the gyro saw 0.01 rad (65% of it) and the attitude spanned 0.57 deg. Feeding the EKF a zero-velocity update instead of the wheels' claim.
[wheel_slip_node.py-4] [WARN] [1787055639.938084746] [regolith_wheel_slip]: WHEEL SLIP #4 cleared - over the last 5.0 s the wheels claimed 0.00 rad of turning and the gyro corroborated 336% of it. Phantom distance kept out of the EKF so far: 3.07 m.
[wheel_slip_node.py-4] [WARN] [1787055723.005889912] [regolith_wheel_slip]: WHEEL SLIP #5: over the last 15.0 s the wheels claim 2.78 m and 0.00 rad of turning; the gyro saw 0.00 rad (88% of it) and the attitude spanned 0.53 deg. Feeding the EKF a zero-velocity update instead of the wheels' claim.
[pure_pursuit_node-9] [INFO] [1787055747.111973014] [regolith_pure_pursuit]: Recovery node has taken over /cmd_vel - pausing path following
[costmap_node-7] [WARN] [1787055747.118978197] [regolith_costmap]: Hazard #4 marked at (-54.26, -1.17): 13 cells lethal (1.2 m + 0.3 m rover radius). The rover got wedged here; the planner will route around it from now on.
[wheel_slip_node.py-4] [WARN] [1787055775.064969326] [regolith_wheel_slip]: WHEEL SLIP #5 cleared - over the last 5.0 s the wheels claimed 0.01 rad of turning and the gyro corroborated 58% of it. Phantom distance kept out of the EKF so far: 5.21 m.
[wheel_slip_node.py-4] [WARN] [1787055775.144199371] [regolith_wheel_slip]: WHEEL SLIP #6: over the last 15.0 s the wheels claim 2.80 m and 0.01 rad of turning; the gyro saw 0.00 rad (58% of it) and the attitude spanned 0.32 deg. Feeding the EKF a zero-velocity update instead of the wheels' claim.
[wheel_slip_node.py-4] [WARN] [1787055783.403644926] [regolith_wheel_slip]: WHEEL SLIP #6 cleared - over the last 5.0 s the wheels claimed 0.59 rad of turning and the gyro corroborated 68% of it. Phantom distance kept out of the EKF so far: 5.22 m.
[pure_pursuit_node-9] [INFO] [1787055788.830062406] [regolith_pure_pursuit]: Recovery finished - resuming path following
[flip_recovery_node.py-10] [WARN] [1787055788.890458078] [regolith_flip_recovery]: STUCK RECOVERY #4 (escalation level 1, triggered by wheel slip (onboard); 2 ground-truth / 2 onboard triggers so far). Escape maneuver: reversed 0.20 m/s for 6.0s, then turned right at 0.50 rad/s for 3.5s (sim time, at a measured 0.25x real time). A real rover's FDIR could do the same - this is not a simulated teleport.
[planner_node-8] [WARN] [1787055788.892205214] [regolith_planner]: Current-position cell (126, 59) is lethal (drift, or a keep-out zone this rover marked itself) - planning from the nearest free cell (125, 60) instead
[planner_node-8] [INFO] [1787055788.900771150] [regolith_planner]: Planned path: 42 waypoints, start=(125, 60) goal=(110, 19)
[flip_recovery_node.py-10] [WARN] [1787055793.451178022] [regolith_flip_recovery]: STUCK RECOVERY #4 result: ground truth moved 1.16 m during the maneuver - FREED (4/4 escapes have freed the rover so far)
[pure_pursuit_node-9] [INFO] [1787055804.068358811] [regolith_pure_pursuit]: Recovery node has taken over /cmd_vel - pausing path following
[costmap_node-7] [WARN] [1787055804.075738445] [regolith_costmap]: Hazard #5 marked at (-54.25, -1.04): 13 cells lethal (1.2 m + 0.3 m rover radius). The rover got wedged here; the planner will route around it from now on.
[pure_pursuit_node-9] [INFO] [1787055868.485531600] [regolith_pure_pursuit]: Recovery finished - resuming path following
[flip_recovery_node.py-10] [WARN] [1787055868.545964349] [regolith_flip_recovery]: STUCK RECOVERY #5 (escalation level 2, triggered by ground truth; 3 ground-truth / 2 onboard triggers so far). Escape maneuver: reversed 0.20 m/s for 10.0s, then turned left at 0.50 rad/s for 5.0s (sim time, at a measured 0.26x real time). A real rover's FDIR could do the same - this is not a simulated teleport.
[planner_node-8] [INFO] [1787055868.555947215] [regolith_planner]: Planned path: 44 waypoints, start=(126, 62) goal=(110, 19)
[flip_recovery_node.py-10] [WARN] [1787055873.072423504] [regolith_flip_recovery]: STUCK RECOVERY #5 result: ground truth moved 1.98 m during the maneuver - FREED (5/5 escapes have freed the rover so far)
[ruby $(which gz) sim-1] NodeShared::Publish() Error: Interrupted system call
[pure_pursuit_node-9] [INFO] [1787056854.444292461] [regolith_pure_pursuit]: Goal reached (within 0.34 m of the commanded goal)
