[INFO] [launch]: All log files can be found below /home/balazs/.ros/log/2026-08-22-12-35-30-125148-DESKTOP-IE5MOME-92395
[INFO] [launch]: Default logging verbosity is set to INFO
[hello_moon.launch] Using ROS_DOMAIN_ID=74 (isolated DDS domain for this launch - see PROGRESS.md)
[INFO] [ruby $(which gz) sim-1]: process started with pid [92439]
[INFO] [robot_state_publisher-2]: process started with pid [92441]
[INFO] [parameter_bridge-3]: process started with pid [92444]
[INFO] [wheel_slip_node.py-4]: process started with pid [92447]
[INFO] [sensor_covariance_relay.py-5]: process started with pid [92449]
[INFO] [ekf_node-6]: process started with pid [92451]
[INFO] [costmap_node-7]: process started with pid [92453]
[INFO] [planner_node-8]: process started with pid [92455]
[INFO] [pure_pursuit_node-9]: process started with pid [92457]
[INFO] [flip_recovery_node.py-10]: process started with pid [92459]
[INFO] [mission_markers_node.py-11]: process started with pid [92461]
[parameter_bridge-3] [INFO] [1787398531.700726986] [ros_gz_bridge]: Creating GZ->ROS Bridge: [/clock (gz.msgs.Clock) -> /clock (rosgraph_msgs/msg/Clock)] (Lazy 0)
[parameter_bridge-3] [INFO] [1787398531.702217427] [ros_gz_bridge]: Creating GZ->ROS Bridge: [/cmd_vel (gz.msgs.Twist) -> /cmd_vel (geometry_msgs/msg/Twist)] (Lazy 0)
[parameter_bridge-3] [INFO] [1787398531.704737411] [ros_gz_bridge]: Creating ROS->GZ Bridge: [/cmd_vel (geometry_msgs/msg/Twist) -> /cmd_vel (gz.msgs.Twist)] (Lazy 0)
[parameter_bridge-3] [INFO] [1787398531.705944836] [ros_gz_bridge]: Creating GZ->ROS Bridge: [/odometry (gz.msgs.Odometry) -> /odometry (nav_msgs/msg/Odometry)] (Lazy 0)
[parameter_bridge-3] [INFO] [1787398531.708196733] [ros_gz_bridge]: Creating ROS->GZ Bridge: [/odometry (nav_msgs/msg/Odometry) -> /odometry (gz.msgs.Odometry)] (Lazy 0)
[parameter_bridge-3] [INFO] [1787398531.709237566] [ros_gz_bridge]: Creating GZ->ROS Bridge: [/camera (gz.msgs.Image) -> /camera (sensor_msgs/msg/Image)] (Lazy 0)
[parameter_bridge-3] [INFO] [1787398531.711203222] [ros_gz_bridge]: Creating ROS->GZ Bridge: [/camera (sensor_msgs/msg/Image) -> /camera (gz.msgs.Image)] (Lazy 0)
[parameter_bridge-3] [INFO] [1787398531.712351439] [ros_gz_bridge]: Creating GZ->ROS Bridge: [/camera_info (gz.msgs.CameraInfo) -> /camera_info (sensor_msgs/msg/CameraInfo)] (Lazy 0)
[parameter_bridge-3] [INFO] [1787398531.713732941] [ros_gz_bridge]: Creating ROS->GZ Bridge: [/camera_info (sensor_msgs/msg/CameraInfo) -> /camera_info (gz.msgs.CameraInfo)] (Lazy 0)
[parameter_bridge-3] [INFO] [1787398531.714847516] [ros_gz_bridge]: Creating GZ->ROS Bridge: [/depth_camera (gz.msgs.Image) -> /depth_camera (sensor_msgs/msg/Image)] (Lazy 0)
[robot_state_publisher-2] [INFO] [1787398531.715407421] [robot_state_publisher]: got segment base_link
[robot_state_publisher-2] [INFO] [1787398531.715663421] [robot_state_publisher]: got segment camera_link
[robot_state_publisher-2] [INFO] [1787398531.715693050] [robot_state_publisher]: got segment chassis
[robot_state_publisher-2] [INFO] [1787398531.715704112] [robot_state_publisher]: got segment front_left_wheel
[robot_state_publisher-2] [INFO] [1787398531.715713049] [robot_state_publisher]: got segment front_right_wheel
[robot_state_publisher-2] [INFO] [1787398531.715720741] [robot_state_publisher]: got segment imu_link
[robot_state_publisher-2] [INFO] [1787398531.715728486] [robot_state_publisher]: got segment rear_left_wheel
[robot_state_publisher-2] [INFO] [1787398531.715735712] [robot_state_publisher]: got segment rear_right_wheel
[parameter_bridge-3] [INFO] [1787398531.715765279] [ros_gz_bridge]: Creating ROS->GZ Bridge: [/depth_camera (sensor_msgs/msg/Image) -> /depth_camera (gz.msgs.Image)] (Lazy 0)
[parameter_bridge-3] [INFO] [1787398531.716549242] [ros_gz_bridge]: Creating GZ->ROS Bridge: [/imu (gz.msgs.IMU) -> /imu (sensor_msgs/msg/Imu)] (Lazy 0)
[parameter_bridge-3] [INFO] [1787398531.717837106] [ros_gz_bridge]: Creating ROS->GZ Bridge: [/imu (sensor_msgs/msg/Imu) -> /imu (gz.msgs.IMU)] (Lazy 0)
[parameter_bridge-3] [INFO] [1787398531.719209059] [ros_gz_bridge]: Creating GZ->ROS Bridge: [/world/regolith_moon/model/rover/joint_state (gz.msgs.Model) -> /world/regolith_moon/model/rover/joint_state (sensor_msgs/msg/JointState)] (Lazy 0)
[parameter_bridge-3] [INFO] [1787398531.720087251] [ros_gz_bridge]: Creating ROS->GZ Bridge: [/world/regolith_moon/model/rover/joint_state (sensor_msgs/msg/JointState) -> /world/regolith_moon/model/rover/joint_state (gz.msgs.Model)] (Lazy 0)
[parameter_bridge-3] [INFO] [1787398531.721238796] [ros_gz_bridge]: Creating GZ->ROS Bridge: [/model/rover/pose (gz.msgs.Pose) -> /model/rover/pose (geometry_msgs/msg/PoseStamped)] (Lazy 0)
[flip_recovery_node.py-10] [INFO] [1787398532.092205891] [regolith_flip_recovery]: Flip/stuck recovery armed (simulated set_pose backstop for flips, straight-line cmd_vel override for stuck-but-upright)
[wheel_slip_node.py-4] [INFO] [1787398532.129679155] [regolith_wheel_slip]: Wheel-slip ZUPT armed: /odom -> /odom/gated (onboard signals only - wheel odometry and IMU, never ground truth). legacy_rigid_body_signature=False
[costmap_node-7] [INFO] [1787398532.175618502] [regolith_costmap]: Published costmap: 256x256 cells at 0.781 m/cell
[mission_markers_node.py-11] [INFO] [1787398532.183662824] [regolith_mission_markers]: Mission markers active - start at (0.0, 0.0), Gazebo flags on, RViz on /mission_markers
[planner_node-8] [WARN] [1787398536.275906969] [regolith_planner]: No costmap or current pose yet - ignoring goal
[planner_node-8] [INFO] [1787398546.332501532] [regolith_planner]: Planned path: 103 waypoints, start=(128, 128) goal=(52, 73)
[parameter_bridge-3] [INFO] [1787398546.680131623] [ros_gz_bridge]: Passing message from ROS geometry_msgs/msg/Twist to Gazebo gz.msgs.Twist (showing msg only once per type)
[costmap_node-7] [WARN] [1787398558.399958520] [regolith_costmap]: Hazard #1 marked at (0.61, -0.52): 13 cells lethal (1.2 m + 0.3 m rover radius). The rover got wedged here; the planner will route around it from now on.
[pure_pursuit_node-9] [INFO] [1787398558.411921135] [regolith_pure_pursuit]: Recovery node has taken over /cmd_vel - pausing path following
[pure_pursuit_node-9] [INFO] [1787398575.597498055] [regolith_pure_pursuit]: Recovery finished - resuming path following
[flip_recovery_node.py-10] [WARN] [1787398575.658421197] [regolith_flip_recovery]: STUCK RECOVERY #1 (escalation level 0, triggered by ground truth; 1 ground-truth / 0 onboard triggers so far). Escape maneuver: reversed 0.20 m/s for 3.0s, then turned left at 0.50 rad/s for 2.0s (sim time, at a measured 0.29x real time). A real rover's FDIR could do the same - this is not a simulated teleport.
[planner_node-8] [WARN] [1787398575.659727935] [regolith_planner]: Current-position cell (128, 127) is lethal (drift, or a keep-out zone this rover marked itself) - planning from the nearest free cell (128, 126) instead
[planner_node-8] [INFO] [1787398575.731735048] [regolith_planner]: Planned path: 103 waypoints, start=(128, 126) goal=(52, 73)
[flip_recovery_node.py-10] [WARN] [1787398579.970802569] [regolith_flip_recovery]: STUCK RECOVERY #1 result: ground truth moved 0.51 m during the maneuver - FREED (1/1 escapes have freed the rover so far)
[pure_pursuit_node-9] [INFO] [1787398588.964717495] [regolith_pure_pursuit]: Recovery node has taken over /cmd_vel - pausing path following
[costmap_node-7] [WARN] [1787398588.970824561] [regolith_costmap]: Hazard #2 marked at (-0.06, -0.38): 13 cells lethal (1.2 m + 0.3 m rover radius). The rover got wedged here; the planner will route around it from now on.
[pure_pursuit_node-9] [INFO] [1787398624.598541231] [regolith_pure_pursuit]: Recovery finished - resuming path following
[flip_recovery_node.py-10] [WARN] [1787398624.659037989] [regolith_flip_recovery]: STUCK RECOVERY #2 (escalation level 1, triggered by ground truth; 2 ground-truth / 0 onboard triggers so far). Escape maneuver: reversed 0.20 m/s for 6.0s, then turned right at 0.50 rad/s for 3.5s (sim time, at a measured 0.26x real time). A real rover's FDIR could do the same - this is not a simulated teleport.
[flip_recovery_node.py-10] [WARN] [1787398624.663023982] [regolith_flip_recovery]: STUCK RECOVERY #2 result: ground truth moved 1.23 m during the maneuver - FREED (2/2 escapes have freed the rover so far)
[planner_node-8] [INFO] [1787398624.755656275] [regolith_planner]: Planned path: 104 waypoints, start=(129, 126) goal=(52, 73)
[wheel_slip_node.py-4] [WARN] [1787399499.654182754] [regolith_wheel_slip]: WHEEL SLIP #1: over the last 15.0 s the wheels claim 2.51 m and 2.79 rad of turning; the gyro saw 0.40 rad (14% of it) and the attitude spanned 7.58 deg. Feeding the EKF a zero-velocity update instead of the wheels' claim.
[pure_pursuit_node-9] [INFO] [1787399518.434003962] [regolith_pure_pursuit]: Recovery node has taken over /cmd_vel - pausing path following
[costmap_node-7] [WARN] [1787399518.441587722] [regolith_costmap]: Hazard #3 marked at (-11.21, -38.60): 13 cells lethal (1.2 m + 0.3 m rover radius). The rover got wedged here; the planner will route around it from now on.
[wheel_slip_node.py-4] [WARN] [1787399532.837319996] [regolith_wheel_slip]: WHEEL SLIP #1 cleared - over the last 5.0 s the wheels claimed 0.56 rad of turning and the gyro corroborated 26% of it. Phantom distance kept out of the EKF so far: 1.24 m.
[wheel_slip_node.py-4] [WARN] [1787399532.914045451] [regolith_wheel_slip]: WHEEL SLIP #2: over the last 15.0 s the wheels claim 2.13 m and 3.56 rad of turning; the gyro saw 0.32 rad (9% of it) and the attitude spanned 6.60 deg. Feeding the EKF a zero-velocity update instead of the wheels' claim.
[pure_pursuit_node-9] [INFO] [1787399538.599716261] [regolith_pure_pursuit]: Recovery finished - resuming path following
[flip_recovery_node.py-10] [WARN] [1787399538.660280890] [regolith_flip_recovery]: STUCK RECOVERY #3 (escalation level 0, triggered by wheel slip (onboard); 2 ground-truth / 1 onboard triggers so far). Escape maneuver: reversed 0.20 m/s for 3.0s, then turned left at 0.50 rad/s for 2.0s (sim time, at a measured 0.25x real time). A real rover's FDIR could do the same - this is not a simulated teleport.
[planner_node-8] [WARN] [1787399538.661501195] [regolith_planner]: Current-position cell (79, 113) is lethal (drift, or a keep-out zone this rover marked itself) - planning from the nearest free cell (80, 112) instead
[planner_node-8] [INFO] [1787399538.686816496] [regolith_planner]: Planned path: 55 waypoints, start=(80, 112) goal=(52, 73)
[pure_pursuit_node-9] [INFO] [1787399539.301580292] [regolith_pure_pursuit]: Recovery node has taken over /cmd_vel - pausing path following
[costmap_node-7] [WARN] [1787399539.309028238] [regolith_costmap]: Hazard #4 marked at (-10.79, -38.59): 13 cells lethal (1.2 m + 0.3 m rover radius). The rover got wedged here; the planner will route around it from now on.
[wheel_slip_node.py-4] [WARN] [1787399540.650137676] [regolith_wheel_slip]: WHEEL SLIP #2 cleared - over the last 5.0 s the wheels claimed 0.63 rad of turning and the gyro corroborated 90% of it. Phantom distance kept out of the EKF so far: 1.28 m.
[pure_pursuit_node-9] [INFO] [1787399574.780111192] [regolith_pure_pursuit]: Recovery finished - resuming path following
[flip_recovery_node.py-10] [WARN] [1787399574.840589569] [regolith_flip_recovery]: STUCK RECOVERY #4 (escalation level 1, triggered by wheel slip (onboard); 2 ground-truth / 2 onboard triggers so far). Escape maneuver: reversed 0.20 m/s for 6.0s, then turned right at 0.50 rad/s for 3.5s (sim time, at a measured 0.25x real time). A real rover's FDIR could do the same - this is not a simulated teleport.
[planner_node-8] [INFO] [1787399574.868879728] [regolith_planner]: Planned path: 56 waypoints, start=(81, 113) goal=(52, 73)
[flip_recovery_node.py-10] [WARN] [1787399578.804471463] [regolith_flip_recovery]: STUCK RECOVERY #4 result: ground truth moved 1.21 m during the maneuver - FREED (3/4 escapes have freed the rover so far)
[pure_pursuit_node-9] [INFO] [1787400631.420093853] [regolith_pure_pursuit]: Goal reached (within 0.34 m of the commanded goal)
