[INFO] [launch]: All log files can be found below /home/balazs/.ros/log/2026-08-31-03-11-40-908527-DESKTOP-IE5MOME-28088
[INFO] [launch]: Default logging verbosity is set to INFO
[hello_moon.launch] Using ROS_DOMAIN_ID=40 (isolated DDS domain for this launch - see PROGRESS.md)
[INFO] [ruby $(which gz) sim-1]: process started with pid [28132]
[INFO] [robot_state_publisher-2]: process started with pid [28134]
[INFO] [parameter_bridge-3]: process started with pid [28137]
[INFO] [wheel_slip_node.py-4]: process started with pid [28139]
[INFO] [sensor_covariance_relay.py-5]: process started with pid [28142]
[INFO] [ekf_node-6]: process started with pid [28144]
[INFO] [costmap_node-7]: process started with pid [28146]
[INFO] [planner_node-8]: process started with pid [28148]
[INFO] [pure_pursuit_node-9]: process started with pid [28150]
[INFO] [flip_recovery_node.py-10]: process started with pid [28152]
[INFO] [mission_markers_node.py-11]: process started with pid [28154]
[robot_state_publisher-2] [INFO] [1788142302.622068601] [robot_state_publisher]: got segment base_link
[robot_state_publisher-2] [INFO] [1788142302.622219236] [robot_state_publisher]: got segment camera_link
[robot_state_publisher-2] [INFO] [1788142302.622228130] [robot_state_publisher]: got segment chassis
[robot_state_publisher-2] [INFO] [1788142302.622233354] [robot_state_publisher]: got segment front_left_wheel
[robot_state_publisher-2] [INFO] [1788142302.622238236] [robot_state_publisher]: got segment front_right_wheel
[robot_state_publisher-2] [INFO] [1788142302.622242645] [robot_state_publisher]: got segment imu_link
[robot_state_publisher-2] [INFO] [1788142302.622247141] [robot_state_publisher]: got segment rear_left_wheel
[robot_state_publisher-2] [INFO] [1788142302.622251472] [robot_state_publisher]: got segment rear_right_wheel
[parameter_bridge-3] [INFO] [1788142302.626404370] [ros_gz_bridge]: Creating GZ->ROS Bridge: [/clock (gz.msgs.Clock) -> /clock (rosgraph_msgs/msg/Clock)] (Lazy 0)
[parameter_bridge-3] [INFO] [1788142302.628004786] [ros_gz_bridge]: Creating GZ->ROS Bridge: [/cmd_vel (gz.msgs.Twist) -> /cmd_vel (geometry_msgs/msg/Twist)] (Lazy 0)
[parameter_bridge-3] [INFO] [1788142302.630522179] [ros_gz_bridge]: Creating ROS->GZ Bridge: [/cmd_vel (geometry_msgs/msg/Twist) -> /cmd_vel (gz.msgs.Twist)] (Lazy 0)
[parameter_bridge-3] [INFO] [1788142302.632311231] [ros_gz_bridge]: Creating GZ->ROS Bridge: [/odometry (gz.msgs.Odometry) -> /odometry (nav_msgs/msg/Odometry)] (Lazy 0)
[parameter_bridge-3] [INFO] [1788142302.634348179] [ros_gz_bridge]: Creating ROS->GZ Bridge: [/odometry (nav_msgs/msg/Odometry) -> /odometry (gz.msgs.Odometry)] (Lazy 0)
[parameter_bridge-3] [INFO] [1788142302.635414627] [ros_gz_bridge]: Creating GZ->ROS Bridge: [/camera (gz.msgs.Image) -> /camera (sensor_msgs/msg/Image)] (Lazy 0)
[parameter_bridge-3] [INFO] [1788142302.637563835] [ros_gz_bridge]: Creating ROS->GZ Bridge: [/camera (sensor_msgs/msg/Image) -> /camera (gz.msgs.Image)] (Lazy 0)
[parameter_bridge-3] [INFO] [1788142302.638696684] [ros_gz_bridge]: Creating GZ->ROS Bridge: [/camera_info (gz.msgs.CameraInfo) -> /camera_info (sensor_msgs/msg/CameraInfo)] (Lazy 0)
[parameter_bridge-3] [INFO] [1788142302.639867116] [ros_gz_bridge]: Creating ROS->GZ Bridge: [/camera_info (sensor_msgs/msg/CameraInfo) -> /camera_info (gz.msgs.CameraInfo)] (Lazy 0)
[parameter_bridge-3] [INFO] [1788142302.641087726] [ros_gz_bridge]: Creating GZ->ROS Bridge: [/depth_camera (gz.msgs.Image) -> /depth_camera (sensor_msgs/msg/Image)] (Lazy 0)
[parameter_bridge-3] [INFO] [1788142302.642133466] [ros_gz_bridge]: Creating ROS->GZ Bridge: [/depth_camera (sensor_msgs/msg/Image) -> /depth_camera (gz.msgs.Image)] (Lazy 0)
[parameter_bridge-3] [INFO] [1788142302.643352776] [ros_gz_bridge]: Creating GZ->ROS Bridge: [/imu (gz.msgs.IMU) -> /imu (sensor_msgs/msg/Imu)] (Lazy 0)
[parameter_bridge-3] [INFO] [1788142302.644959750] [ros_gz_bridge]: Creating ROS->GZ Bridge: [/imu (sensor_msgs/msg/Imu) -> /imu (gz.msgs.IMU)] (Lazy 0)
[parameter_bridge-3] [INFO] [1788142302.646252867] [ros_gz_bridge]: Creating GZ->ROS Bridge: [/world/regolith_moon/model/rover/joint_state (gz.msgs.Model) -> /world/regolith_moon/model/rover/joint_state (sensor_msgs/msg/JointState)] (Lazy 0)
[parameter_bridge-3] [INFO] [1788142302.647749432] [ros_gz_bridge]: Creating ROS->GZ Bridge: [/world/regolith_moon/model/rover/joint_state (sensor_msgs/msg/JointState) -> /world/regolith_moon/model/rover/joint_state (gz.msgs.Model)] (Lazy 0)
[parameter_bridge-3] [INFO] [1788142302.649178318] [ros_gz_bridge]: Creating GZ->ROS Bridge: [/model/rover/pose (gz.msgs.Pose) -> /model/rover/pose (geometry_msgs/msg/PoseStamped)] (Lazy 0)
[flip_recovery_node.py-10] [INFO] [1788142303.079180255] [regolith_flip_recovery]: Flip/stuck recovery armed (simulated set_pose backstop for flips, straight-line cmd_vel override for stuck-but-upright)
[wheel_slip_node.py-4] [INFO] [1788142303.189863125] [regolith_wheel_slip]: Wheel-slip ZUPT armed: /odom -> /odom/gated (onboard signals only - wheel odometry and IMU, never ground truth). legacy_rigid_body_signature=False
[costmap_node-7] [INFO] [1788142303.226425312] [regolith_costmap]: Published costmap: 256x256 cells at 0.781 m/cell
[mission_markers_node.py-11] [INFO] [1788142303.251441703] [regolith_mission_markers]: Mission markers active - start at (0.0, 0.0), Gazebo flags on, RViz on /mission_markers
[planner_node-8] [WARN] [1788142307.098194224] [regolith_planner]: No costmap or current pose yet - ignoring goal
[planner_node-8] [INFO] [1788142315.156901624] [regolith_planner]: Planned path: 103 waypoints, start=(128, 128) goal=(52, 73)
[parameter_bridge-3] [INFO] [1788142315.250714952] [ros_gz_bridge]: Passing message from ROS geometry_msgs/msg/Twist to Gazebo gz.msgs.Twist (showing msg only once per type)
[costmap_node-7] [WARN] [1788142329.612820450] [regolith_costmap]: Hazard #1 marked at (0.63, -0.50): 13 cells lethal (1.2 m + 0.3 m rover radius). The rover got wedged here; the planner will route around it from now on.
[pure_pursuit_node-9] [INFO] [1788142329.626130923] [regolith_pure_pursuit]: Recovery node has taken over /cmd_vel - pausing path following
[pure_pursuit_node-9] [INFO] [1788142349.121817170] [regolith_pure_pursuit]: Recovery finished - resuming path following
[flip_recovery_node.py-10] [WARN] [1788142349.183061337] [regolith_flip_recovery]: STUCK RECOVERY #1 (escalation level 0, triggered by ground truth; 1 ground-truth / 0 onboard triggers so far). Escape maneuver: reversed 0.20 m/s for 3.0s, then turned left at 0.50 rad/s for 2.0s (sim time, exact - driven by the sim clock directly, not an RTF-estimated wall-clock sleep; RTF over this window measured 0.23x real time, logged for comparison only). A real rover's FDIR could do the same - this is not a simulated teleport.
[planner_node-8] [WARN] [1788142349.184382237] [regolith_planner]: Current-position cell (128, 127) is lethal (drift, or a keep-out zone this rover marked itself) - planning from the nearest free cell (128, 126) instead
[planner_node-8] [INFO] [1788142349.259309955] [regolith_planner]: Planned path: 103 waypoints, start=(128, 126) goal=(52, 73)
[flip_recovery_node.py-10] [WARN] [1788142354.503577464] [regolith_flip_recovery]: STUCK RECOVERY #1 result: ground truth moved 0.60 m during the maneuver - FREED (1/1 escapes have freed the rover so far)
[pure_pursuit_node-9] [WARN] [1788142382.510215820] [regolith_pure_pursuit]: Stalled for 8s - stopping and replanning
[planner_node-8] [WARN] [1788142382.511997720] [regolith_planner]: Current-position cell (128, 127) is lethal (drift, or a keep-out zone this rover marked itself) - planning from the nearest free cell (128, 126) instead
[planner_node-8] [INFO] [1788142382.603319273] [regolith_planner]: Planned path: 103 waypoints, start=(128, 126) goal=(52, 73)
[wheel_slip_node.py-4] [WARN] [1788143314.359130100] [regolith_wheel_slip]: WHEEL SLIP #1: over the last 15.0 s the wheels claim 2.54 m and 2.72 rad of turning; the gyro saw 0.39 rad (14% of it) and the attitude spanned 10.04 deg. Feeding the EKF a zero-velocity update instead of the wheels' claim.
[pure_pursuit_node-9] [INFO] [1788143335.758276797] [regolith_pure_pursuit]: Recovery node has taken over /cmd_vel - pausing path following
[costmap_node-7] [WARN] [1788143335.766343452] [regolith_costmap]: Hazard #2 marked at (-11.19, -38.50): 13 cells lethal (1.2 m + 0.3 m rover radius). The rover got wedged here; the planner will route around it from now on.
[pure_pursuit_node-9] [INFO] [1788143335.766465189] [regolith_pure_pursuit]: Costmap changed (a new keep-out zone) - restoring the replan budget: the route being retried is not the one that already failed
[wheel_slip_node.py-4] [WARN] [1788143349.520775186] [regolith_wheel_slip]: WHEEL SLIP #1 cleared - over the last 5.0 s the wheels claimed 0.59 rad of turning and the gyro corroborated 25% of it. Phantom distance kept out of the EKF so far: 1.24 m.
[wheel_slip_node.py-4] [WARN] [1788143349.600356097] [regolith_wheel_slip]: WHEEL SLIP #2: over the last 15.0 s the wheels claim 2.15 m and 3.57 rad of turning; the gyro saw 0.34 rad (9% of it) and the attitude spanned 7.46 deg. Feeding the EKF a zero-velocity update instead of the wheels' claim.
[pure_pursuit_node-9] [INFO] [1788143354.853630057] [regolith_pure_pursuit]: Recovery finished - resuming path following
[flip_recovery_node.py-10] [WARN] [1788143354.915536855] [regolith_flip_recovery]: STUCK RECOVERY #2 (escalation level 0, triggered by wheel slip (onboard); 1 ground-truth / 1 onboard triggers so far). Escape maneuver: reversed 0.20 m/s for 3.0s, then turned left at 0.50 rad/s for 2.0s (sim time, exact - driven by the sim clock directly, not an RTF-estimated wall-clock sleep; RTF over this window measured 0.25x real time, logged for comparison only). A real rover's FDIR could do the same - this is not a simulated teleport.
[planner_node-8] [WARN] [1788143354.918074658] [regolith_planner]: Current-position cell (79, 113) is lethal (drift, or a keep-out zone this rover marked itself) - planning from the nearest free cell (80, 112) instead
[planner_node-8] [INFO] [1788143354.942806191] [regolith_planner]: Planned path: 55 waypoints, start=(80, 112) goal=(52, 73)
[wheel_slip_node.py-4] [WARN] [1788143358.001716203] [regolith_wheel_slip]: WHEEL SLIP #2 cleared - over the last 5.0 s the wheels claimed 0.66 rad of turning and the gyro corroborated 88% of it. Phantom distance kept out of the EKF so far: 1.24 m.
[flip_recovery_node.py-10] [WARN] [1788143360.131183664] [regolith_flip_recovery]: STUCK RECOVERY #2 result: ground truth moved 0.53 m during the maneuver - FREED (2/2 escapes have freed the rover so far)
[pure_pursuit_node-9] [INFO] [1788143825.172586512] [regolith_pure_pursuit]: Recovery node has taken over /cmd_vel - pausing path following
[costmap_node-7] [WARN] [1788143825.180495263] [regolith_costmap]: Hazard #3 marked at (-16.47, -52.62): 13 cells lethal (1.2 m + 0.3 m rover radius). The rover got wedged here; the planner will route around it from now on.
[pure_pursuit_node-9] [INFO] [1788143845.180506450] [regolith_pure_pursuit]: Recovery finished - resuming path following
[flip_recovery_node.py-10] [WARN] [1788143845.241373499] [regolith_flip_recovery]: STUCK RECOVERY #3 (escalation level 0, triggered by ground truth; 2 ground-truth / 1 onboard triggers so far). Escape maneuver: reversed 0.20 m/s for 3.0s, then turned left at 0.50 rad/s for 2.0s (sim time, exact - driven by the sim clock directly, not an RTF-estimated wall-clock sleep; RTF over this window measured 0.25x real time, logged for comparison only). A real rover's FDIR could do the same - this is not a simulated teleport.
[planner_node-8] [INFO] [1788143845.254584704] [regolith_planner]: Planned path: 38 waypoints, start=(61, 108) goal=(52, 73)
[flip_recovery_node.py-10] [WARN] [1788143850.152628183] [regolith_flip_recovery]: STUCK RECOVERY #3 result: ground truth moved 0.50 m during the maneuver - FREED (3/3 escapes have freed the rover so far)
[pure_pursuit_node-9] [INFO] [1788143986.778959866] [regolith_pure_pursuit]: Recovery node has taken over /cmd_vel - pausing path following
[costmap_node-7] [WARN] [1788143986.785882670] [regolith_costmap]: Hazard #4 marked at (-17.19, -54.88): 13 cells lethal (1.2 m + 0.3 m rover radius). The rover got wedged here; the planner will route around it from now on.
[wheel_slip_node.py-4] [WARN] [1788143998.364919661] [regolith_wheel_slip]: WHEEL SLIP #3: over the last 15.0 s the wheels claim 1.46 m and 3.01 rad of turning; the gyro saw 0.44 rad (14% of it) and the attitude spanned 9.28 deg. Feeding the EKF a zero-velocity update instead of the wheels' claim.
[wheel_slip_node.py-4] [WARN] [1788144006.382836493] [regolith_wheel_slip]: WHEEL SLIP #3 cleared - over the last 5.0 s the wheels claimed 0.08 rad of turning and the gyro corroborated 37% of it. Phantom distance kept out of the EKF so far: 1.64 m.
[wheel_slip_node.py-4] [WARN] [1788144006.471568695] [regolith_wheel_slip]: WHEEL SLIP #4: over the last 15.0 s the wheels claim 1.72 m and 2.59 rad of turning; the gyro saw 0.33 rad (13% of it) and the attitude spanned 9.28 deg. Feeding the EKF a zero-velocity update instead of the wheels' claim.
[wheel_slip_node.py-4] [WARN] [1788144014.572382848] [regolith_wheel_slip]: WHEEL SLIP #4 cleared - over the last 5.0 s the wheels claimed 0.22 rad of turning and the gyro corroborated 84% of it. Phantom distance kept out of the EKF so far: 1.89 m.
[pure_pursuit_node-9] [INFO] [1788144025.002484022] [regolith_pure_pursuit]: Recovery finished - resuming path following
[flip_recovery_node.py-10] [WARN] [1788144025.063048639] [regolith_flip_recovery]: STUCK RECOVERY #4 (escalation level 1, triggered by ground truth; 3 ground-truth / 1 onboard triggers so far). Escape maneuver: reversed 0.20 m/s for 6.0s, then turned right at 0.50 rad/s for 3.5s (sim time, exact - driven by the sim clock directly, not an RTF-estimated wall-clock sleep; RTF over this window measured 0.25x real time, logged for comparison only). A real rover's FDIR could do the same - this is not a simulated teleport.
[planner_node-8] [WARN] [1788144025.064895606] [regolith_planner]: Current-position cell (58, 107) is lethal (drift, or a keep-out zone this rover marked itself) - planning from the nearest free cell (58, 108) instead
[planner_node-8] [INFO] [1788144025.078466212] [regolith_planner]: Planned path: 38 waypoints, start=(58, 108) goal=(52, 73)
[flip_recovery_node.py-10] [WARN] [1788144029.511269670] [regolith_flip_recovery]: STUCK RECOVERY #4 result: ground truth moved 1.19 m during the maneuver - FREED (4/4 escapes have freed the rover so far)
[pure_pursuit_node-9] [WARN] [1788144058.466744164] [regolith_pure_pursuit]: Stalled for 8s - stopping and replanning
[planner_node-8] [WARN] [1788144058.468187577] [regolith_planner]: Current-position cell (58, 107) is lethal (drift, or a keep-out zone this rover marked itself) - planning from the nearest free cell (58, 108) instead
[planner_node-8] [INFO] [1788144058.482637998] [regolith_planner]: Planned path: 38 waypoints, start=(58, 108) goal=(52, 73)
[pure_pursuit_node-9] [INFO] [1788144898.191781286] [regolith_pure_pursuit]: Goal reached (within 0.34 m of the commanded goal)
