=== wheel-slip generalization campaign -> wheel_slip_generalization_campaign (seed 7, 3 rep(s)/arm) ===
Fri Aug 21 06:32:07 PM BST 2026
--- legacy rep 1: done, skipping ---
--- fixed rep 1: done, skipping ---

=== seed 7, legacy, rep 2 - 18:32:07 ===
Results -> wheel_slip_generalization_campaign/seed7_legacy_rep2

=== seed 7 ===
[seed 7] goal (-42.57, -59.25), 73.0 m straight line, valid=True (clear=True, connected=True)
[seed 7] launch is on ROS_DOMAIN_ID=29
[seed 7] PASS - ground truth 1.5 m from the goal after 107.5 m travelled, EKF divergence 1.0 m, 9 stuck events, 0 flips, 7 wheel-slip events

=== M4 acceptance: 1/1 (judged on ground truth) ===
    sensor suite: wheel odometry + IMU
    rover stops within: 0.35 m of the commanded goal (bar is 1.50 m)
  seed              verdict  gt error  travelled   diverg  stuck  flips  slips
     7                 PASS      1.5m     107.5m     1.0m      9      0      7
=== finished 19:18:53 ===

=== seed 7, fixed, rep 2 - 19:19:03 ===
Results -> wheel_slip_generalization_campaign/seed7_fixed_rep2

=== seed 7 ===
[seed 7] goal (-42.57, -59.25), 73.0 m straight line, valid=True (clear=True, connected=True)
[seed 7] launch is on ROS_DOMAIN_ID=15
[seed 7] FAIL_FALSE_ARRIVAL - ground truth 2.1 m from the goal after 96.7 m travelled, EKF divergence 1.7 m, 5 stuck events, 0 flips, 2 wheel-slip events

=== M4 acceptance: 0/1 (judged on ground truth) ===
    sensor suite: wheel odometry + IMU
    rover stops within: 0.35 m of the commanded goal (bar is 1.50 m)
  seed              verdict  gt error  travelled   diverg  stuck  flips  slips
     7   FAIL_FALSE_ARRIVAL      2.1m      96.7m     1.7m      5      0      2

1 run(s) published /goal_reached while ground truth disagreed - the reason this harness does not trust that topic:
  seed 7: claimed arrival at 2.1 m true error
=== finished 19:57:34 ===

=== seed 7, legacy, rep 3 - 19:57:44 ===
Results -> wheel_slip_generalization_campaign/seed7_legacy_rep3

=== seed 7 ===
[seed 7] goal (-42.57, -59.25), 73.0 m straight line, valid=True (clear=True, connected=True)
[seed 7] launch is on ROS_DOMAIN_ID=87
[seed 7] FAIL_FALSE_ARRIVAL - ground truth 1.7 m from the goal after 107.3 m travelled, EKF divergence 1.4 m, 9 stuck events, 0 flips, 7 wheel-slip events

=== M4 acceptance: 0/1 (judged on ground truth) ===
    sensor suite: wheel odometry + IMU
    rover stops within: 0.35 m of the commanded goal (bar is 1.50 m)
  seed              verdict  gt error  travelled   diverg  stuck  flips  slips
     7   FAIL_FALSE_ARRIVAL      1.7m     107.3m     1.4m      9      0      7

1 run(s) published /goal_reached while ground truth disagreed - the reason this harness does not trust that topic:
  seed 7: claimed arrival at 1.7 m true error
=== finished 20:45:10 ===

=== seed 7, fixed, rep 3 - 20:45:21 ===
Results -> wheel_slip_generalization_campaign/seed7_fixed_rep3

=== seed 7 ===
[seed 7] goal (-42.57, -59.25), 73.0 m straight line, valid=True (clear=True, connected=True)
[seed 7] launch is on ROS_DOMAIN_ID=44
[seed 7] FAIL_FALSE_ARRIVAL - ground truth 2.0 m from the goal after 96.8 m travelled, EKF divergence 1.7 m, 5 stuck events, 0 flips, 2 wheel-slip events

=== M4 acceptance: 0/1 (judged on ground truth) ===
    sensor suite: wheel odometry + IMU
    rover stops within: 0.35 m of the commanded goal (bar is 1.50 m)
  seed              verdict  gt error  travelled   diverg  stuck  flips  slips
     7   FAIL_FALSE_ARRIVAL      2.0m      96.8m     1.7m      5      0      2

1 run(s) published /goal_reached while ground truth disagreed - the reason this harness does not trust that topic:
  seed 7: claimed arrival at 2.0 m true error
=== finished 21:25:19 ===

=== wheel-slip generalization campaign finished (seed 7) - Fri Aug 21 09:25:29 PM BST 2026 ===
=== wheel-slip generalization campaign -> wheel_slip_generalization_campaign (seed 123, 3 rep(s)/arm) ===
Fri Aug 21 09:25:29 PM BST 2026
--- legacy rep 1: done, skipping ---
--- fixed rep 1: done, skipping ---

=== seed 123, legacy, rep 2 - 21:25:29 ===
Results -> wheel_slip_generalization_campaign/seed123_legacy_rep2

=== seed 123 ===
[seed 123] goal (-53.01, -32.34), 62.1 m straight line, valid=True (clear=True, connected=True)
[seed 123] launch is on ROS_DOMAIN_ID=74
[seed 123] FAIL_FALSE_ARRIVAL - ground truth 10.2 m from the goal after 97.6 m travelled, EKF divergence 9.9 m, 8 stuck events, 0 flips, 18 wheel-slip events

=== M4 acceptance: 0/1 (judged on ground truth) ===
    sensor suite: wheel odometry + IMU
    rover stops within: 0.35 m of the commanded goal (bar is 1.50 m)
  seed              verdict  gt error  travelled   diverg  stuck  flips  slips
   123   FAIL_FALSE_ARRIVAL     10.2m      97.6m     9.9m      8      0     18

1 run(s) published /goal_reached while ground truth disagreed - the reason this harness does not trust that topic:
  seed 123: claimed arrival at 10.2 m true error
=== finished 22:20:13 ===

=== seed 123, fixed, rep 2 - 22:20:23 ===
Results -> wheel_slip_generalization_campaign/seed123_fixed_rep2

=== seed 123 ===
[seed 123] goal (-53.01, -32.34), 62.1 m straight line, valid=True (clear=True, connected=True)
[seed 123] launch is on ROS_DOMAIN_ID=8
[seed 123] FAIL_FALSE_ARRIVAL - ground truth 16.2 m from the goal after 140.5 m travelled, EKF divergence 15.9 m, 23 stuck events, 0 flips, 36 wheel-slip events

=== M4 acceptance: 0/1 (judged on ground truth) ===
    sensor suite: wheel odometry + IMU
    rover stops within: 0.35 m of the commanded goal (bar is 1.50 m)
  seed              verdict  gt error  travelled   diverg  stuck  flips  slips
   123   FAIL_FALSE_ARRIVAL     16.2m     140.5m    15.9m     23      0     36

1 run(s) published /goal_reached while ground truth disagreed - the reason this harness does not trust that topic:
  seed 123: claimed arrival at 16.2 m true error
=== finished 23:42:59 ===

=== seed 123, legacy, rep 3 - 23:43:09 ===
Results -> wheel_slip_generalization_campaign/seed123_legacy_rep3

=== seed 123 ===
[seed 123] goal (-53.01, -32.34), 62.1 m straight line, valid=True (clear=True, connected=True)
[seed 123] launch is on ROS_DOMAIN_ID=96
[seed 123] FAIL_TIMEOUT - ground truth 35.2 m from the goal after 97.2 m travelled, EKF divergence 12.7 m, 17 stuck events, 1 flips, 13 wheel-slip events

=== M4 acceptance: 0/1 (judged on ground truth) ===
    sensor suite: wheel odometry + IMU
    rover stops within: 0.35 m of the commanded goal (bar is 1.50 m)
  seed              verdict  gt error  travelled   diverg  stuck  flips  slips
   123         FAIL_TIMEOUT     35.2m      97.2m    12.7m     17      1     13
=== finished 01:29:58 ===

=== seed 123, fixed, rep 3 - 01:30:08 ===
Results -> wheel_slip_generalization_campaign/seed123_fixed_rep3

=== seed 123 ===
[seed 123] goal (-53.01, -32.34), 62.1 m straight line, valid=True (clear=True, connected=True)
[seed 123] launch is on ROS_DOMAIN_ID=17
[seed 123] FAIL_FALSE_ARRIVAL - ground truth 11.0 m from the goal after 118.1 m travelled, EKF divergence 10.7 m, 16 stuck events, 0 flips, 22 wheel-slip events

=== M4 acceptance: 0/1 (judged on ground truth) ===
    sensor suite: wheel odometry + IMU
    rover stops within: 0.35 m of the commanded goal (bar is 1.50 m)
  seed              verdict  gt error  travelled   diverg  stuck  flips  slips
   123   FAIL_FALSE_ARRIVAL     11.0m     118.1m    10.7m     16      0     22

1 run(s) published /goal_reached while ground truth disagreed - the reason this harness does not trust that topic:
  seed 123: claimed arrival at 11.0 m true error
=== finished 02:30:09 ===

=== wheel-slip generalization campaign finished (seed 123) - Sat Aug 22 02:30:19 AM BST 2026 ===
