=== wheel-slip generalization campaign -> wheel_slip_generalization_campaign (seed 55, 4 rep(s)/arm) ===
Sat Aug 22 09:19:22 AM BST 2026
--- legacy rep 1: done, skipping ---
--- fixed rep 1: done, skipping ---
--- legacy rep 2: done, skipping ---
--- fixed rep 2: done, skipping ---

=== seed 55, legacy, rep 3 - 09:19:22 ===
Results -> wheel_slip_generalization_campaign/seed55_legacy_rep3

=== seed 55 ===
[seed 55] goal (-60.58, 19.42), 63.6 m straight line, valid=True (clear=True, connected=True)
[seed 55] launch is on ROS_DOMAIN_ID=52
[seed 55] FAIL_FALSE_ARRIVAL - ground truth 9.2 m from the goal after 2103.4 m travelled, EKF divergence 8.9 m, 6 stuck events, 0 flips, 4 wheel-slip events

=== M4 acceptance: 0/1 (judged on ground truth) ===
    sensor suite: wheel odometry + IMU
    rover stops within: 0.35 m of the commanded goal (bar is 1.50 m)
  seed              verdict  gt error  travelled   diverg  stuck  flips  slips
    55   FAIL_FALSE_ARRIVAL      9.2m    2103.4m     8.9m      6      0      4

1 run(s) published /goal_reached while ground truth disagreed - the reason this harness does not trust that topic:
  seed 55: claimed arrival at 9.2 m true error
=== finished 10:07:43 ===

=== seed 55, fixed, rep 3 - 10:07:53 ===
Results -> wheel_slip_generalization_campaign/seed55_fixed_rep3

=== seed 55 ===
[seed 55] goal (-60.58, 19.42), 63.6 m straight line, valid=True (clear=True, connected=True)
[seed 55] launch is on ROS_DOMAIN_ID=41
[seed 55] FAIL_FALSE_ARRIVAL - ground truth 1.7 m from the goal after 77.8 m travelled, EKF divergence 1.3 m, 4 stuck events, 0 flips, 1 wheel-slip events

=== M4 acceptance: 0/1 (judged on ground truth) ===
    sensor suite: wheel odometry + IMU
    rover stops within: 0.35 m of the commanded goal (bar is 1.50 m)
  seed              verdict  gt error  travelled   diverg  stuck  flips  slips
    55   FAIL_FALSE_ARRIVAL      1.7m      77.8m     1.3m      4      0      1

1 run(s) published /goal_reached while ground truth disagreed - the reason this harness does not trust that topic:
  seed 55: claimed arrival at 1.7 m true error
=== finished 10:41:39 ===

=== seed 55, legacy, rep 4 - 10:41:49 ===
Results -> wheel_slip_generalization_campaign/seed55_legacy_rep4

=== seed 55 ===
[seed 55] goal (-60.58, 19.42), 63.6 m straight line, valid=True (clear=True, connected=True)
[seed 55] launch is on ROS_DOMAIN_ID=80
[seed 55] FAIL_FALSE_ARRIVAL - ground truth 9.2 m from the goal after 78.3 m travelled, EKF divergence 8.9 m, 6 stuck events, 0 flips, 4 wheel-slip events

=== M4 acceptance: 0/1 (judged on ground truth) ===
    sensor suite: wheel odometry + IMU
    rover stops within: 0.35 m of the commanded goal (bar is 1.50 m)
  seed              verdict  gt error  travelled   diverg  stuck  flips  slips
    55   FAIL_FALSE_ARRIVAL      9.2m      78.3m     8.9m      6      0      4

1 run(s) published /goal_reached while ground truth disagreed - the reason this harness does not trust that topic:
  seed 55: claimed arrival at 9.2 m true error
=== finished 11:22:43 ===

=== seed 55, fixed, rep 4 - 11:22:53 ===
Results -> wheel_slip_generalization_campaign/seed55_fixed_rep4

=== seed 55 ===
[seed 55] goal (-60.58, 19.42), 63.6 m straight line, valid=True (clear=True, connected=True)
[seed 55] launch is on ROS_DOMAIN_ID=31
[seed 55] FAIL_FALSE_ARRIVAL - ground truth 4.7 m from the goal after 65.6 m travelled, EKF divergence 4.4 m, 1 stuck events, 0 flips, 0 wheel-slip events

=== M4 acceptance: 0/1 (judged on ground truth) ===
    sensor suite: wheel odometry + IMU
    rover stops within: 0.35 m of the commanded goal (bar is 1.50 m)
  seed              verdict  gt error  travelled   diverg  stuck  flips  slips
    55   FAIL_FALSE_ARRIVAL      4.7m      65.6m     4.4m      1      0      0

1 run(s) published /goal_reached while ground truth disagreed - the reason this harness does not trust that topic:
  seed 55: claimed arrival at 4.7 m true error
=== finished 11:51:43 ===

=== wheel-slip generalization campaign finished (seed 55) - Sat Aug 22 11:51:53 AM BST 2026 ===
