=== wheel-slip generalization campaign -> wheel_slip_generalization_campaign (seed 55, 6 rep(s)/arm) ===
Sat Aug 22 03:45:55 PM BST 2026
--- legacy rep 1: done, skipping ---
--- fixed rep 1: done, skipping ---
--- legacy rep 2: done, skipping ---
--- fixed rep 2: done, skipping ---
--- legacy rep 3: done, skipping ---
--- fixed rep 3: done, skipping ---
--- legacy rep 4: done, skipping ---
--- fixed rep 4: done, skipping ---

=== seed 55, legacy, rep 5 - 15:45:55 ===
Results -> wheel_slip_generalization_campaign/seed55_legacy_rep5

=== seed 55 ===
[seed 55] goal (-60.58, 19.42), 63.6 m straight line, valid=True (clear=True, connected=True)
[seed 55] launch is on ROS_DOMAIN_ID=27
[seed 55] FAIL_FALSE_ARRIVAL - ground truth 2.1 m from the goal after 84.1 m travelled, EKF divergence 1.9 m, 5 stuck events, 0 flips, 2 wheel-slip events

=== M4 acceptance: 0/1 (judged on ground truth) ===
    sensor suite: wheel odometry + IMU
    rover stops within: 0.35 m of the commanded goal (bar is 1.50 m)
  seed              verdict  gt error  travelled   diverg  stuck  flips  slips
    55   FAIL_FALSE_ARRIVAL      2.1m      84.1m     1.9m      5      0      2

1 run(s) published /goal_reached while ground truth disagreed - the reason this harness does not trust that topic:
  seed 55: claimed arrival at 2.1 m true error
=== finished 16:20:46 ===

=== seed 55, fixed, rep 5 - 16:20:56 ===
Results -> wheel_slip_generalization_campaign/seed55_fixed_rep5

=== seed 55 ===
[seed 55] goal (-60.58, 19.42), 63.6 m straight line, valid=True (clear=True, connected=True)
[seed 55] launch is on ROS_DOMAIN_ID=94
[seed 55] FAIL_FALSE_ARRIVAL - ground truth 1.7 m from the goal after 78.0 m travelled, EKF divergence 1.3 m, 4 stuck events, 0 flips, 1 wheel-slip events

=== M4 acceptance: 0/1 (judged on ground truth) ===
    sensor suite: wheel odometry + IMU
    rover stops within: 0.35 m of the commanded goal (bar is 1.50 m)
  seed              verdict  gt error  travelled   diverg  stuck  flips  slips
    55   FAIL_FALSE_ARRIVAL      1.7m      78.0m     1.3m      4      0      1

1 run(s) published /goal_reached while ground truth disagreed - the reason this harness does not trust that topic:
  seed 55: claimed arrival at 1.7 m true error
=== finished 16:53:14 ===

=== seed 55, legacy, rep 6 - 16:53:22 ===
Results -> wheel_slip_generalization_campaign/seed55_legacy_rep6

=== seed 55 ===
[seed 55] goal (-60.58, 19.42), 63.6 m straight line, valid=True (clear=True, connected=True)
[seed 55] launch is on ROS_DOMAIN_ID=25
[seed 55] FAIL_FALSE_ARRIVAL - ground truth 2.1 m from the goal after 84.1 m travelled, EKF divergence 1.9 m, 5 stuck events, 0 flips, 2 wheel-slip events

=== M4 acceptance: 0/1 (judged on ground truth) ===
    sensor suite: wheel odometry + IMU
    rover stops within: 0.35 m of the commanded goal (bar is 1.50 m)
  seed              verdict  gt error  travelled   diverg  stuck  flips  slips
    55   FAIL_FALSE_ARRIVAL      2.1m      84.1m     1.9m      5      0      2

1 run(s) published /goal_reached while ground truth disagreed - the reason this harness does not trust that topic:
  seed 55: claimed arrival at 2.1 m true error
=== finished 17:27:06 ===

=== seed 55, fixed, rep 6 - 17:27:16 ===
Results -> wheel_slip_generalization_campaign/seed55_fixed_rep6

=== seed 55 ===
[seed 55] goal (-60.58, 19.42), 63.6 m straight line, valid=True (clear=True, connected=True)
[seed 55] launch is on ROS_DOMAIN_ID=30
[seed 55] FAIL_FALSE_ARRIVAL - ground truth 1.6 m from the goal after 77.8 m travelled, EKF divergence 1.3 m, 4 stuck events, 0 flips, 1 wheel-slip events

=== M4 acceptance: 0/1 (judged on ground truth) ===
    sensor suite: wheel odometry + IMU
    rover stops within: 0.35 m of the commanded goal (bar is 1.50 m)
  seed              verdict  gt error  travelled   diverg  stuck  flips  slips
    55   FAIL_FALSE_ARRIVAL      1.6m      77.8m     1.3m      4      0      1

1 run(s) published /goal_reached while ground truth disagreed - the reason this harness does not trust that topic:
  seed 55: claimed arrival at 1.6 m true error
=== finished 17:58:06 ===

=== wheel-slip generalization campaign finished (seed 55) - Sat Aug 22 05:58:16 PM BST 2026 ===
=== wheel-slip generalization campaign -> wheel_slip_generalization_campaign (seed 7, 7 rep(s)/arm) ===
Sat Aug 22 05:58:16 PM BST 2026
--- legacy rep 1: done, skipping ---
--- fixed rep 1: done, skipping ---
--- legacy rep 2: done, skipping ---
--- fixed rep 2: done, skipping ---
--- legacy rep 3: done, skipping ---
--- fixed rep 3: done, skipping ---
--- legacy rep 4: done, skipping ---
--- fixed rep 4: done, skipping ---
--- legacy rep 5: done, skipping ---
--- fixed rep 5: done, skipping ---

=== seed 7, legacy, rep 6 - 17:58:16 ===
Results -> wheel_slip_generalization_campaign/seed7_legacy_rep6

=== seed 7 ===
[seed 7] goal (-42.57, -59.25), 73.0 m straight line, valid=True (clear=True, connected=True)
[seed 7] launch is on ROS_DOMAIN_ID=96
[seed 7] FAIL_FALSE_ARRIVAL - ground truth 1.5 m from the goal after 107.7 m travelled, EKF divergence 1.3 m, 9 stuck events, 0 flips, 7 wheel-slip events

=== M4 acceptance: 0/1 (judged on ground truth) ===
    sensor suite: wheel odometry + IMU
    rover stops within: 0.35 m of the commanded goal (bar is 1.50 m)
  seed              verdict  gt error  travelled   diverg  stuck  flips  slips
     7   FAIL_FALSE_ARRIVAL      1.5m     107.7m     1.3m      9      0      7

1 run(s) published /goal_reached while ground truth disagreed - the reason this harness does not trust that topic:
  seed 7: claimed arrival at 1.6 m true error
=== finished 18:41:52 ===

=== seed 7, fixed, rep 6 - 18:42:02 ===
Results -> wheel_slip_generalization_campaign/seed7_fixed_rep6

=== seed 7 ===
[seed 7] goal (-42.57, -59.25), 73.0 m straight line, valid=True (clear=True, connected=True)
[seed 7] launch is on ROS_DOMAIN_ID=87
[seed 7] FAIL_FALSE_ARRIVAL - ground truth 2.0 m from the goal after 96.7 m travelled, EKF divergence 1.7 m, 5 stuck events, 0 flips, 3 wheel-slip events

=== M4 acceptance: 0/1 (judged on ground truth) ===
    sensor suite: wheel odometry + IMU
    rover stops within: 0.35 m of the commanded goal (bar is 1.50 m)
  seed              verdict  gt error  travelled   diverg  stuck  flips  slips
     7   FAIL_FALSE_ARRIVAL      2.0m      96.7m     1.7m      5      0      3

1 run(s) published /goal_reached while ground truth disagreed - the reason this harness does not trust that topic:
  seed 7: claimed arrival at 2.1 m true error
=== finished 19:19:17 ===

=== seed 7, legacy, rep 7 - 19:19:27 ===
Results -> wheel_slip_generalization_campaign/seed7_legacy_rep7

=== seed 7 ===
[seed 7] goal (-42.57, -59.25), 73.0 m straight line, valid=True (clear=True, connected=True)
[seed 7] launch is on ROS_DOMAIN_ID=6
[seed 7] PASS - ground truth 1.5 m from the goal after 106.7 m travelled, EKF divergence 1.1 m, 9 stuck events, 0 flips, 7 wheel-slip events

=== M4 acceptance: 1/1 (judged on ground truth) ===
    sensor suite: wheel odometry + IMU
    rover stops within: 0.35 m of the commanded goal (bar is 1.50 m)
  seed              verdict  gt error  travelled   diverg  stuck  flips  slips
     7                 PASS      1.5m     106.7m     1.1m      9      0      7
=== finished 20:02:49 ===

=== seed 7, fixed, rep 7 - 20:02:57 ===
Results -> wheel_slip_generalization_campaign/seed7_fixed_rep7

=== seed 7 ===
[seed 7] goal (-42.57, -59.25), 73.0 m straight line, valid=True (clear=True, connected=True)
[seed 7] launch is on ROS_DOMAIN_ID=59
[seed 7] FAIL_FALSE_ARRIVAL - ground truth 1.7 m from the goal after 91.8 m travelled, EKF divergence 1.4 m, 4 stuck events, 0 flips, 2 wheel-slip events

=== M4 acceptance: 0/1 (judged on ground truth) ===
    sensor suite: wheel odometry + IMU
    rover stops within: 0.35 m of the commanded goal (bar is 1.50 m)
  seed              verdict  gt error  travelled   diverg  stuck  flips  slips
     7   FAIL_FALSE_ARRIVAL      1.7m      91.8m     1.4m      4      0      2

1 run(s) published /goal_reached while ground truth disagreed - the reason this harness does not trust that topic:
  seed 7: claimed arrival at 1.7 m true error
=== finished 20:37:37 ===

=== wheel-slip generalization campaign finished (seed 7) - Sat Aug 22 08:37:47 PM BST 2026 ===
