[INFO] [launch]: All log files can be found below /home/balazs/.ros/log/2026-09-14-12-01-44-218335-DESKTOP-IE5MOME-3152
[INFO] [launch]: Default logging verbosity is set to INFO
[hello_moon.launch] Using ROS_DOMAIN_ID=11 (isolated DDS domain for this launch - see PROGRESS.md)
[hello_moon.launch] TERRAIN-RELATIVE NAVIGATION ENABLED - the EKF is fused with an absolute position fix matched from IMU attitude against the a-priori DEM. No ground truth is read, so runs with this on ARE milestone results. Replayed through 25 recorded runs it cuts final EKF error from 2.97 m to 0.71 m median, but a replay is not a run - see PROGRESS.md before reading anything into a single result.
[INFO] [ruby $(which gz) sim-1]: process started with pid [3201]
[INFO] [robot_state_publisher-2]: process started with pid [3203]
[INFO] [parameter_bridge-3]: process started with pid [3206]
[INFO] [wheel_slip_node.py-4]: process started with pid [3209]
[INFO] [terrain_relative_node.py-5]: process started with pid [3211]
[INFO] [sensor_covariance_relay.py-6]: process started with pid [3213]
[INFO] [ekf_node-7]: process started with pid [3215]
[INFO] [costmap_node-8]: process started with pid [3217]
[INFO] [planner_node-9]: process started with pid [3219]
[INFO] [pure_pursuit_node-10]: process started with pid [3221]
[INFO] [flip_recovery_node.py-11]: process started with pid [3223]
[INFO] [mission_markers_node.py-12]: process started with pid [3225]
[robot_state_publisher-2] [INFO] [1789380105.952606528] [robot_state_publisher]: got segment base_link
[robot_state_publisher-2] [INFO] [1789380105.952861654] [robot_state_publisher]: got segment camera_link
[robot_state_publisher-2] [INFO] [1789380105.952879474] [robot_state_publisher]: got segment chassis
[robot_state_publisher-2] [INFO] [1789380105.952887411] [robot_state_publisher]: got segment front_left_wheel
[robot_state_publisher-2] [INFO] [1789380105.952894677] [robot_state_publisher]: got segment front_right_wheel
[robot_state_publisher-2] [INFO] [1789380105.952902174] [robot_state_publisher]: got segment imu_link
[robot_state_publisher-2] [INFO] [1789380105.952908896] [robot_state_publisher]: got segment rear_left_wheel
[robot_state_publisher-2] [INFO] [1789380105.952916497] [robot_state_publisher]: got segment rear_right_wheel
[parameter_bridge-3] [INFO] [1789380105.983534285] [ros_gz_bridge]: Creating GZ->ROS Bridge: [/clock (gz.msgs.Clock) -> /clock (rosgraph_msgs/msg/Clock)] (Lazy 0)
[parameter_bridge-3] [INFO] [1789380105.985788916] [ros_gz_bridge]: Creating GZ->ROS Bridge: [/cmd_vel (gz.msgs.Twist) -> /cmd_vel (geometry_msgs/msg/Twist)] (Lazy 0)
[parameter_bridge-3] [INFO] [1789380105.988260573] [ros_gz_bridge]: Creating ROS->GZ Bridge: [/cmd_vel (geometry_msgs/msg/Twist) -> /cmd_vel (gz.msgs.Twist)] (Lazy 0)
[parameter_bridge-3] [INFO] [1789380105.990004638] [ros_gz_bridge]: Creating GZ->ROS Bridge: [/odometry (gz.msgs.Odometry) -> /odometry (nav_msgs/msg/Odometry)] (Lazy 0)
[parameter_bridge-3] [INFO] [1789380105.992295202] [ros_gz_bridge]: Creating ROS->GZ Bridge: [/odometry (nav_msgs/msg/Odometry) -> /odometry (gz.msgs.Odometry)] (Lazy 0)
[parameter_bridge-3] [INFO] [1789380105.994193890] [ros_gz_bridge]: Creating GZ->ROS Bridge: [/camera (gz.msgs.Image) -> /camera (sensor_msgs/msg/Image)] (Lazy 0)
[parameter_bridge-3] [INFO] [1789380105.997678062] [ros_gz_bridge]: Creating ROS->GZ Bridge: [/camera (sensor_msgs/msg/Image) -> /camera (gz.msgs.Image)] (Lazy 0)
[parameter_bridge-3] [INFO] [1789380105.999274068] [ros_gz_bridge]: Creating GZ->ROS Bridge: [/camera_info (gz.msgs.CameraInfo) -> /camera_info (sensor_msgs/msg/CameraInfo)] (Lazy 0)
[parameter_bridge-3] [INFO] [1789380106.001003433] [ros_gz_bridge]: Creating ROS->GZ Bridge: [/camera_info (sensor_msgs/msg/CameraInfo) -> /camera_info (gz.msgs.CameraInfo)] (Lazy 0)
[parameter_bridge-3] [INFO] [1789380106.002419991] [ros_gz_bridge]: Creating GZ->ROS Bridge: [/depth_camera (gz.msgs.Image) -> /depth_camera (sensor_msgs/msg/Image)] (Lazy 0)
[parameter_bridge-3] [INFO] [1789380106.003327858] [ros_gz_bridge]: Creating ROS->GZ Bridge: [/depth_camera (sensor_msgs/msg/Image) -> /depth_camera (gz.msgs.Image)] (Lazy 0)
[parameter_bridge-3] [INFO] [1789380106.004203403] [ros_gz_bridge]: Creating GZ->ROS Bridge: [/imu (gz.msgs.IMU) -> /imu (sensor_msgs/msg/Imu)] (Lazy 0)
[parameter_bridge-3] [INFO] [1789380106.005785684] [ros_gz_bridge]: Creating ROS->GZ Bridge: [/imu (sensor_msgs/msg/Imu) -> /imu (gz.msgs.IMU)] (Lazy 0)
[parameter_bridge-3] [INFO] [1789380106.007248604] [ros_gz_bridge]: Creating GZ->ROS Bridge: [/world/regolith_moon/model/rover/joint_state (gz.msgs.Model) -> /world/regolith_moon/model/rover/joint_state (sensor_msgs/msg/JointState)] (Lazy 0)
[parameter_bridge-3] [INFO] [1789380106.009337106] [ros_gz_bridge]: Creating ROS->GZ Bridge: [/world/regolith_moon/model/rover/joint_state (sensor_msgs/msg/JointState) -> /world/regolith_moon/model/rover/joint_state (gz.msgs.Model)] (Lazy 0)
[parameter_bridge-3] [INFO] [1789380106.010639613] [ros_gz_bridge]: Creating GZ->ROS Bridge: [/model/rover/pose (gz.msgs.Pose) -> /model/rover/pose (geometry_msgs/msg/PoseStamped)] (Lazy 0)
[wheel_slip_node.py-4] [INFO] [1789380106.376905203] [regolith_wheel_slip]: Wheel-slip ZUPT armed: /odom -> /odom/gated (onboard signals only - wheel odometry and IMU, never ground truth). legacy_rigid_body_signature=False
[flip_recovery_node.py-11] [INFO] [1789380106.422415927] [regolith_flip_recovery]: Flip/stuck recovery armed (simulated set_pose backstop for flips, straight-line cmd_vel override for stuck-but-upright). Detection uses GROUND TRUTH - a simulation oracle; see onboard_only for the hardware-runnable path.
[terrain_relative_node.py-5] [INFO] [1789380106.484260207] [regolith_terrain_relative]: A-priori DEM used as generated: perfect map, 0.39 m posts.
[costmap_node-8] [INFO] [1789380106.487707325] [regolith_costmap]: Published costmap: 256x256 cells at 0.781 m/cell
[mission_markers_node.py-12] [INFO] [1789380106.493047833] [regolith_mission_markers]: Mission markers active - start at (0.0, 0.0), Gazebo flags on, RViz on /mission_markers
[terrain_relative_node.py-5] [INFO] [1789380106.515697850] [regolith_terrain_relative]: Terrain-relative navigation active: 15 m window, fixing at 1.0 Hz, +-6 m search at 0.25 m, DEM 0.391 m/px from /home/balazs/.cache/regolith/worlds/seed_123/manifest.json. Onboard sensors only - no ground truth is read by this node.
[planner_node-9] [WARN] [1789380110.335043246] [regolith_planner]: No costmap or current pose yet - ignoring goal
[planner_node-9] [INFO] [1789380120.378103146] [regolith_planner]: Planned path: 73 waypoints, start=(127, 128) goal=(86, 60)
[parameter_bridge-3] [INFO] [1789380120.891994781] [ros_gz_bridge]: Passing message from ROS geometry_msgs/msg/Twist to Gazebo gz.msgs.Twist (showing msg only once per type)
[pure_pursuit_node-10] [WARN] [1789380153.721056225] [regolith_pure_pursuit]: Stalled for 8s - stopping and replanning
[planner_node-9] [INFO] [1789380153.795898429] [regolith_planner]: Planned path: 73 waypoints, start=(127, 128) goal=(86, 60)
[pure_pursuit_node-10] [INFO] [1789380157.048669515] [regolith_pure_pursuit]: Recovery node has taken over /cmd_vel - pausing path following
[pure_pursuit_node-10] [INFO] [1789380157.056555640] [regolith_pure_pursuit]: Costmap changed (a new keep-out zone) - restoring the replan budget: the route being retried is not the one that already failed
[costmap_node-8] [WARN] [1789380157.056654817] [regolith_costmap]: Hazard #1 marked at (-0.31, -0.74): 13 cells lethal (1.2 m + 0.3 m rover radius). The rover got wedged here; the planner will route around it from now on.
[pure_pursuit_node-10] [INFO] [1789380175.041828730] [regolith_pure_pursuit]: Recovery finished - resuming path following
[flip_recovery_node.py-11] [WARN] [1789380175.102895480] [regolith_flip_recovery]: STUCK RECOVERY #1 (escalation level 0, triggered by ground truth; 1 ground-truth / 0 onboard-estimate / 0 wheel-slip triggers so far). Escape maneuver: reversed 0.20 m/s for 3.0s, then turned left at 0.50 rad/s for 2.0s (sim time, exact - driven by the sim clock directly, not an RTF-estimated wall-clock sleep; RTF over this window measured 0.26x real time, logged for comparison only). A real rover's FDIR could do the same - this is not a simulated teleport.
[planner_node-9] [WARN] [1789380175.104618674] [regolith_planner]: Current-position cell (128, 128) is lethal (drift, or a keep-out zone this rover marked itself) - planning from the nearest free cell (128, 129) instead
[planner_node-9] [INFO] [1789380175.187292056] [regolith_planner]: Planned path: 74 waypoints, start=(128, 129) goal=(86, 60)
[flip_recovery_node.py-11] [WARN] [1789380179.866677541] [regolith_flip_recovery]: STUCK RECOVERY #1 result: ground truth moved 0.61 m during the maneuver - FREED (1/1 escapes have freed the rover so far)
[pure_pursuit_node-10] [WARN] [1789380206.651590091] [regolith_pure_pursuit]: Stalled for 8s - stopping and replanning
[planner_node-9] [WARN] [1789380206.652941488] [regolith_planner]: Current-position cell (128, 128) is lethal (drift, or a keep-out zone this rover marked itself) - planning from the nearest free cell (128, 129) instead
[planner_node-9] [INFO] [1789380206.722899306] [regolith_planner]: Planned path: 74 waypoints, start=(128, 129) goal=(86, 60)
[terrain_relative_node.py-5] [INFO] [1789380383.621045839] [regolith_terrain_relative]: Terrain fix held: first window, offset (+0.14, +0.51), margin 4.07 - waiting for an independent window to confirm
[terrain_relative_node.py-5] [INFO] [1789380388.125053899] [regolith_terrain_relative]: Terrain correction #1 at 7.9 m travelled: (+0.10, +0.36) m, margin 4.22, 39 samples, 2 poses published (rejected so far: 0 ambiguous, 0 inconsistent)
[terrain_relative_node.py-5] [INFO] [1789380515.396848547] [regolith_terrain_relative]: Terrain correction #6 at 13.4 m travelled: (-0.23, -0.44) m, margin 2.94, 66 samples, 35 poses published (rejected so far: 0 ambiguous, 0 inconsistent)
[terrain_relative_node.py-5] [INFO] [1789380729.139135028] [regolith_terrain_relative]: Terrain correction #11 at 18.7 m travelled: (+0.05, -0.00) m, margin 4.68, 74 samples, 88 poses published (rejected so far: 0 ambiguous, 0 inconsistent)
[terrain_relative_node.py-5] [INFO] [1789380849.126831303] [regolith_terrain_relative]: Terrain correction #16 at 23.9 m travelled: (+0.19, -0.19) m, margin 2.10, 74 samples, 118 poses published (rejected so far: 0 ambiguous, 0 inconsistent)
[terrain_relative_node.py-5] [INFO] [1789380967.225768982] [regolith_terrain_relative]: Terrain correction #21 at 29.2 m travelled: (+0.03, +0.04) m, margin 3.14, 74 samples, 148 poses published (rejected so far: 0 ambiguous, 0 inconsistent)
[terrain_relative_node.py-5] [INFO] [1789381018.529169802] [regolith_terrain_relative]: Terrain fix rejected: margin 1.92 < 2.00 - this stretch of terrain does not determine position (74 samples over 15 m)
[wheel_slip_node.py-4] [WARN] [1789381040.924182061] [regolith_wheel_slip]: WHEEL SLIP #1: over the last 15.0 s the wheels claim 2.39 m and 2.77 rad of turning; the gyro saw 0.40 rad (14% of it) and the attitude spanned 11.69 deg. Feeding the EKF a zero-velocity update instead of the wheels' claim.
[terrain_relative_node.py-5] [INFO] [1789381049.594347044] [regolith_terrain_relative]: Terrain fix rejected: margin 1.46 < 2.00 - this stretch of terrain does not determine position (74 samples over 15 m)
[pure_pursuit_node-10] [INFO] [1789381060.234486897] [regolith_pure_pursuit]: Recovery node has taken over /cmd_vel - pausing path following
[costmap_node-8] [WARN] [1789381060.242185828] [regolith_costmap]: Hazard #2 marked at (-29.23, -7.98): 13 cells lethal (1.2 m + 0.3 m rover radius). The rover got wedged here; the planner will route around it from now on.
[pure_pursuit_node-10] [INFO] [1789381060.243284274] [regolith_pure_pursuit]: Costmap changed (a new keep-out zone) - restoring the replan budget: the route being retried is not the one that already failed
[wheel_slip_node.py-4] [WARN] [1789381075.847967529] [regolith_wheel_slip]: WHEEL SLIP #1 cleared - over the last 5.0 s the wheels claimed 0.59 rad of turning and the gyro corroborated 25% of it. Phantom distance kept out of the EKF so far: 1.37 m.
[wheel_slip_node.py-4] [WARN] [1789381075.928296955] [regolith_wheel_slip]: WHEEL SLIP #2: over the last 15.0 s the wheels claim 2.36 m and 2.86 rad of turning; the gyro saw 0.22 rad (8% of it) and the attitude spanned 17.31 deg. Feeding the EKF a zero-velocity update instead of the wheels' claim.
[pure_pursuit_node-10] [INFO] [1789381080.877048155] [regolith_pure_pursuit]: Recovery finished - resuming path following
[terrain_relative_node.py-5] [INFO] [1789381080.908972280] [regolith_terrain_relative]: Terrain fix rejected: margin 1.51 < 2.00 - this stretch of terrain does not determine position (74 samples over 15 m)
[flip_recovery_node.py-11] [WARN] [1789381080.937505352] [regolith_flip_recovery]: STUCK RECOVERY #2 (escalation level 0, triggered by wheel slip (onboard); 1 ground-truth / 0 onboard-estimate / 1 wheel-slip triggers so far). Escape maneuver: reversed 0.20 m/s for 3.0s, then turned left at 0.50 rad/s for 2.0s (sim time, exact - driven by the sim clock directly, not an RTF-estimated wall-clock sleep; RTF over this window measured 0.25x real time, logged for comparison only). A real rover's FDIR could do the same - this is not a simulated teleport.
[planner_node-9] [WARN] [1789381080.939892482] [regolith_planner]: Current-position cell (118, 91) is lethal (drift, or a keep-out zone this rover marked itself) - planning from the nearest free cell (118, 92) instead
[planner_node-9] [INFO] [1789381080.964493861] [regolith_planner]: Planned path: 39 waypoints, start=(118, 92) goal=(86, 60)
[wheel_slip_node.py-4] [WARN] [1789381083.934092791] [regolith_wheel_slip]: WHEEL SLIP #2 cleared - over the last 5.0 s the wheels claimed 0.75 rad of turning and the gyro corroborated 78% of it. Phantom distance kept out of the EKF so far: 1.37 m.
[flip_recovery_node.py-11] [WARN] [1789381085.766419093] [regolith_flip_recovery]: STUCK RECOVERY #2 result: ground truth moved 0.58 m during the maneuver - FREED (2/2 escapes have freed the rover so far)
[pure_pursuit_node-10] [INFO] [1789381111.779554114] [regolith_pure_pursuit]: Recovery node has taken over /cmd_vel - pausing path following
[costmap_node-8] [WARN] [1789381111.787378021] [regolith_costmap]: Hazard #3 marked at (-28.26, -8.65): 13 cells lethal (1.2 m + 0.3 m rover radius). The rover got wedged here; the planner will route around it from now on.
[terrain_relative_node.py-5] [INFO] [1789381111.810938929] [regolith_terrain_relative]: Terrain fix rejected: margin 1.65 < 2.00 - this stretch of terrain does not determine position (74 samples over 15 m)
[terrain_relative_node.py-5] [INFO] [1789381143.191477599] [regolith_terrain_relative]: Terrain fix rejected: margin 1.62 < 2.00 - this stretch of terrain does not determine position (74 samples over 15 m)
[pure_pursuit_node-10] [INFO] [1789381149.135498861] [regolith_pure_pursuit]: Recovery finished - resuming path following
[flip_recovery_node.py-11] [WARN] [1789381149.196286240] [regolith_flip_recovery]: STUCK RECOVERY #3 (escalation level 1, triggered by ground truth; 2 ground-truth / 0 onboard-estimate / 1 wheel-slip triggers so far). Escape maneuver: reversed 0.20 m/s for 6.0s, then turned right at 0.50 rad/s for 3.5s (sim time, exact - driven by the sim clock directly, not an RTF-estimated wall-clock sleep; RTF over this window measured 0.25x real time, logged for comparison only). A real rover's FDIR could do the same - this is not a simulated teleport.
[planner_node-9] [WARN] [1789381149.197447170] [regolith_planner]: Current-position cell (119, 90) is lethal (drift, or a keep-out zone this rover marked itself) - planning from the nearest free cell (119, 89) instead
[planner_node-9] [INFO] [1789381149.218476443] [regolith_planner]: Planned path: 34 waypoints, start=(119, 89) goal=(86, 60)
[flip_recovery_node.py-11] [WARN] [1789381152.192690880] [regolith_flip_recovery]: STUCK RECOVERY #3 result: ground truth moved 1.24 m during the maneuver - FREED (3/3 escapes have freed the rover so far)
[terrain_relative_node.py-5] [INFO] [1789381174.020575898] [regolith_terrain_relative]: Terrain fix rejected: margin 1.68 < 2.00 - this stretch of terrain does not determine position (74 samples over 15 m)
[terrain_relative_node.py-5] [INFO] [1789381205.571356908] [regolith_terrain_relative]: Terrain fix rejected: margin 1.68 < 2.00 - this stretch of terrain does not determine position (74 samples over 15 m)
[terrain_relative_node.py-5] [INFO] [1789381236.304677356] [regolith_terrain_relative]: Terrain fix rejected: margin 1.68 < 2.00 - this stretch of terrain does not determine position (74 samples over 15 m)
[terrain_relative_node.py-5] [INFO] [1789381268.975458497] [regolith_terrain_relative]: Terrain fix rejected: margin 1.62 < 2.00 - this stretch of terrain does not determine position (74 samples over 15 m)
[wheel_slip_node.py-4] [WARN] [1789381298.301279474] [regolith_wheel_slip]: WHEEL SLIP #3: over the last 15.0 s the wheels claim 1.62 m and 3.24 rad of turning; the gyro saw 0.47 rad (14% of it) and the attitude spanned 11.25 deg. Feeding the EKF a zero-velocity update instead of the wheels' claim.
[terrain_relative_node.py-5] [INFO] [1789381299.850004332] [regolith_terrain_relative]: Terrain fix rejected: margin 1.65 < 2.00 - this stretch of terrain does not determine position (74 samples over 15 m)
[pure_pursuit_node-10] [INFO] [1789381318.314811846] [regolith_pure_pursuit]: Recovery node has taken over /cmd_vel - pausing path following
[costmap_node-8] [WARN] [1789381318.322774837] [regolith_costmap]: Hazard #4 marked at (-32.74, -8.92): 13 cells lethal (1.2 m + 0.3 m rover radius). The rover got wedged here; the planner will route around it from now on.
[terrain_relative_node.py-5] [INFO] [1789381331.313705454] [regolith_terrain_relative]: Terrain fix rejected: margin 1.63 < 2.00 - this stretch of terrain does not determine position (74 samples over 15 m)
[wheel_slip_node.py-4] [WARN] [1789381337.113314763] [regolith_wheel_slip]: WHEEL SLIP #3 cleared - over the last 5.0 s the wheels claimed 0.16 rad of turning and the gyro corroborated 13% of it. Phantom distance kept out of the EKF so far: 2.94 m.
[wheel_slip_node.py-4] [WARN] [1789381337.192727725] [regolith_wheel_slip]: WHEEL SLIP #4: over the last 15.0 s the wheels claim 2.33 m and 3.09 rad of turning; the gyro saw 0.14 rad (4% of it) and the attitude spanned 5.63 deg. Feeding the EKF a zero-velocity update instead of the wheels' claim.
[wheel_slip_node.py-4] [WARN] [1789381343.725280481] [regolith_wheel_slip]: WHEEL SLIP #4 cleared - over the last 5.0 s the wheels claimed 0.00 rad of turning and the gyro corroborated nan% of it. Phantom distance kept out of the EKF so far: 3.34 m.
[wheel_slip_node.py-4] [WARN] [1789381343.803934519] [regolith_wheel_slip]: WHEEL SLIP #5: over the last 15.0 s the wheels claim 2.43 m and 2.55 rad of turning; the gyro saw 0.05 rad (2% of it) and the attitude spanned 2.14 deg. Feeding the EKF a zero-velocity update instead of the wheels' claim.
[wheel_slip_node.py-4] [WARN] [1789381351.799851058] [regolith_wheel_slip]: WHEEL SLIP #5 cleared - over the last 5.0 s the wheels claimed 0.00 rad of turning and the gyro corroborated nan% of it. Phantom distance kept out of the EKF so far: 3.74 m.
[wheel_slip_node.py-4] [WARN] [1789381351.881540794] [regolith_wheel_slip]: WHEEL SLIP #6: over the last 15.0 s the wheels claim 2.54 m and 1.94 rad of turning; the gyro saw 0.04 rad (2% of it) and the attitude spanned 2.12 deg. Feeding the EKF a zero-velocity update instead of the wheels' claim.
[wheel_slip_node.py-4] [WARN] [1789381359.973631971] [regolith_wheel_slip]: WHEEL SLIP #6 cleared - over the last 5.0 s the wheels claimed 0.15 rad of turning and the gyro corroborated 77% of it. Phantom distance kept out of the EKF so far: 4.04 m.
[wheel_slip_node.py-4] [WARN] [1789381360.050957886] [regolith_wheel_slip]: WHEEL SLIP #7: over the last 15.0 s the wheels claim 2.56 m and 1.49 rad of turning; the gyro saw 0.15 rad (10% of it) and the attitude spanned 8.60 deg. Feeding the EKF a zero-velocity update instead of the wheels' claim.
[terrain_relative_node.py-5] [INFO] [1789381361.991702230] [regolith_terrain_relative]: Terrain fix rejected: margin 1.63 < 2.00 - this stretch of terrain does not determine position (74 samples over 15 m)
[wheel_slip_node.py-4] [WARN] [1789381367.183452775] [regolith_wheel_slip]: WHEEL SLIP #7 cleared - over the last 5.0 s the wheels claimed 0.76 rad of turning and the gyro corroborated 89% of it. Phantom distance kept out of the EKF so far: 4.04 m.
[pure_pursuit_node-10] [INFO] [1789381376.834193027] [regolith_pure_pursuit]: Recovery finished - resuming path following
[flip_recovery_node.py-11] [WARN] [1789381376.895215272] [regolith_flip_recovery]: STUCK RECOVERY #4 (escalation level 2, triggered by wheel slip (onboard); 2 ground-truth / 0 onboard-estimate / 2 wheel-slip triggers so far). Escape maneuver: reversed 0.20 m/s for 10.0s, then turned left at 0.50 rad/s for 5.0s (sim time, exact - driven by the sim clock directly, not an RTF-estimated wall-clock sleep; RTF over this window measured 0.24x real time, logged for comparison only). A real rover's FDIR could do the same - this is not a simulated teleport.
[planner_node-9] [WARN] [1789381376.896824007] [regolith_planner]: Current-position cell (117, 88) is lethal (drift, or a keep-out zone this rover marked itself) - planning from the nearest free cell (118, 88) instead
[planner_node-9] [INFO] [1789381376.920943093] [regolith_planner]: Planned path: 36 waypoints, start=(118, 88) goal=(86, 60)
[flip_recovery_node.py-11] [WARN] [1789381381.771361421] [regolith_flip_recovery]: STUCK RECOVERY #4 result: ground truth moved 1.92 m during the maneuver - FREED (4/4 escapes have freed the rover so far)
[terrain_relative_node.py-5] [INFO] [1789381393.964026835] [regolith_terrain_relative]: Terrain fix rejected: margin 1.63 < 2.00 - this stretch of terrain does not determine position (74 samples over 15 m)
[terrain_relative_node.py-5] [INFO] [1789381424.870652232] [regolith_terrain_relative]: Terrain fix rejected: margin 1.58 < 2.00 - this stretch of terrain does not determine position (74 samples over 15 m)
[terrain_relative_node.py-5] [INFO] [1789381456.681338771] [regolith_terrain_relative]: Terrain fix rejected: margin 1.53 < 2.00 - this stretch of terrain does not determine position (74 samples over 15 m)
[terrain_relative_node.py-5] [INFO] [1789381487.881268481] [regolith_terrain_relative]: Terrain fix rejected: margin 1.52 < 2.00 - this stretch of terrain does not determine position (74 samples over 15 m)
[terrain_relative_node.py-5] [INFO] [1789381519.872825228] [regolith_terrain_relative]: Terrain fix rejected: margin 1.51 < 2.00 - this stretch of terrain does not determine position (74 samples over 15 m)
[terrain_relative_node.py-5] [INFO] [1789381551.196043394] [regolith_terrain_relative]: Terrain fix rejected: margin 1.61 < 2.00 - this stretch of terrain does not determine position (74 samples over 15 m)
[terrain_relative_node.py-5] [INFO] [1789381582.801064351] [regolith_terrain_relative]: Terrain fix rejected: margin 1.93 < 2.00 - this stretch of terrain does not determine position (74 samples over 15 m)
[terrain_relative_node.py-5] [INFO] [1789381601.558025863] [regolith_terrain_relative]: Terrain correction #23 at 46.3 m travelled: (-0.08, +0.49) m, margin 2.02, 74 samples, 310 poses published (rejected so far: 149 ambiguous, 0 inconsistent)
[pure_pursuit_node-10] [INFO] [1789381679.434444994] [regolith_pure_pursuit]: Recovery node has taken over /cmd_vel - pausing path following
[costmap_node-8] [WARN] [1789381679.442547298] [regolith_costmap]: Hazard #5 marked at (-36.01, -11.26): 13 cells lethal (1.2 m + 0.3 m rover radius). The rover got wedged here; the planner will route around it from now on.
[terrain_relative_node.py-5] [INFO] [1789381695.755580909] [regolith_terrain_relative]: Terrain fix rejected: margin 1.86 < 2.00 - this stretch of terrain does not determine position (74 samples over 15 m)
[pure_pursuit_node-10] [INFO] [1789381743.096499205] [regolith_pure_pursuit]: Recovery finished - resuming path following
[flip_recovery_node.py-11] [WARN] [1789381743.157758184] [regolith_flip_recovery]: STUCK RECOVERY #5 (escalation level 3, triggered by ground truth; 3 ground-truth / 0 onboard-estimate / 2 wheel-slip triggers so far). Escape maneuver: reversed 0.20 m/s for 10.0s, then turned right at 0.50 rad/s for 6.5s (sim time, exact - driven by the sim clock directly, not an RTF-estimated wall-clock sleep; RTF over this window measured 0.25x real time, logged for comparison only). A real rover's FDIR could do the same - this is not a simulated teleport.
[planner_node-9] [INFO] [1789381743.174553029] [regolith_planner]: Planned path: 33 waypoints, start=(117, 83) goal=(86, 60)
[flip_recovery_node.py-11] [WARN] [1789381747.548044488] [regolith_flip_recovery]: STUCK RECOVERY #5 result: ground truth moved 2.01 m during the maneuver - FREED (5/5 escapes have freed the rover so far)
[terrain_relative_node.py-5] [INFO] [1789381809.575132026] [regolith_terrain_relative]: Terrain correction #28 at 52.3 m travelled: (+0.05, +0.50) m, margin 76.22, 74 samples, 364 poses published (rejected so far: 152 ambiguous, 0 inconsistent)
[ruby $(which gz) sim-1] NodeShared::Publish() Error: Interrupted system call
[pure_pursuit_node-10] [INFO] [1789382018.450108346] [regolith_pure_pursuit]: Recovery node has taken over /cmd_vel - pausing path following
[costmap_node-8] [WARN] [1789382018.460241827] [regolith_costmap]: Hazard #6 marked at (-38.31, -11.57): 13 cells lethal (1.2 m + 0.3 m rover radius). The rover got wedged here; the planner will route around it from now on.
[terrain_relative_node.py-5] [INFO] [1789382030.705727337] [regolith_terrain_relative]: Terrain fix rejected: disagrees with the previous window by 5.03 m (> 1.50); offset now (-0.61, +1.30), was (+3.11, +4.68)
[terrain_relative_node.py-5] [INFO] [1789382063.598588343] [regolith_terrain_relative]: Terrain correction #33 at 58.0 m travelled: (+0.27, +0.42) m, margin 3.99, 75 samples, 423 poses published (rejected so far: 152 ambiguous, 1 inconsistent)
[pure_pursuit_node-10] [INFO] [1789382105.247449499] [regolith_pure_pursuit]: Recovery finished - resuming path following
[flip_recovery_node.py-11] [WARN] [1789382105.308575418] [regolith_flip_recovery]: STUCK RECOVERY #6 (escalation level 4, triggered by ground truth; 4 ground-truth / 0 onboard-estimate / 2 wheel-slip triggers so far). Escape maneuver: reversed 0.20 m/s for 10.0s, then turned left at 0.50 rad/s for 8.0s (sim time, exact - driven by the sim clock directly, not an RTF-estimated wall-clock sleep; RTF over this window measured 0.19x real time, logged for comparison only). A real rover's FDIR could do the same - this is not a simulated teleport.
[planner_node-9] [INFO] [1789382105.335804428] [regolith_planner]: Planned path: 33 waypoints, start=(118, 80) goal=(86, 60)
[flip_recovery_node.py-11] [WARN] [1789382109.899381534] [regolith_flip_recovery]: STUCK RECOVERY #6 result: ground truth moved 2.01 m during the maneuver - FREED (6/6 escapes have freed the rover so far)
[pure_pursuit_node-10] [INFO] [1789382142.541760245] [regolith_pure_pursuit]: Recovery node has taken over /cmd_vel - pausing path following
[costmap_node-8] [WARN] [1789382142.550781716] [regolith_costmap]: Hazard #7 marked at (-37.66, -8.65): 13 cells lethal (1.2 m + 0.3 m rover radius). The rover got wedged here; the planner will route around it from now on.
[pure_pursuit_node-10] [INFO] [1789382230.791633436] [regolith_pure_pursuit]: Recovery finished - resuming path following
[flip_recovery_node.py-11] [WARN] [1789382230.852694153] [regolith_flip_recovery]: STUCK RECOVERY #7 (escalation level 5, triggered by ground truth; 5 ground-truth / 0 onboard-estimate / 2 wheel-slip triggers so far). Escape maneuver: reversed 0.20 m/s for 10.0s, then turned right at 0.50 rad/s for 8.0s (sim time, exact - driven by the sim clock directly, not an RTF-estimated wall-clock sleep; RTF over this window measured 0.17x real time, logged for comparison only). A real rover's FDIR could do the same - this is not a simulated teleport.
[planner_node-9] [INFO] [1789382230.876038967] [regolith_planner]: Planned path: 36 waypoints, start=(121, 80) goal=(86, 60)
[flip_recovery_node.py-11] [WARN] [1789382237.272930329] [regolith_flip_recovery]: STUCK RECOVERY #7 result: ground truth moved 2.11 m during the maneuver - FREED (7/7 escapes have freed the rover so far)
[terrain_relative_node.py-5] [INFO] [1789382342.913363113] [regolith_terrain_relative]: Terrain correction #38 at 63.2 m travelled: (+0.39, +0.31) m, margin 4.39, 75 samples, 480 poses published (rejected so far: 152 ambiguous, 1 inconsistent)
[terrain_relative_node.py-5] [INFO] [1789382372.089815629] [regolith_terrain_relative]: Terrain fix rejected: disagrees with the previous window by 2.95 m (> 1.50); offset now (+2.29, +1.81), was (-0.61, +1.30)
[terrain_relative_node.py-5] [INFO] [1789382490.115507854] [regolith_terrain_relative]: Terrain correction #43 at 68.7 m travelled: (+0.50, +0.03) m, margin 2.84, 74 samples, 511 poses published (rejected so far: 152 ambiguous, 2 inconsistent)
[terrain_relative_node.py-5] [INFO] [1789382598.745009297] [regolith_terrain_relative]: Terrain fix rejected: margin 1.93 < 2.00 - this stretch of terrain does not determine position (74 samples over 15 m)
[terrain_relative_node.py-5] [INFO] [1789382669.389175443] [regolith_terrain_relative]: Terrain correction #47 at 73.9 m travelled: (+0.50, +0.02) m, margin 2.02, 74 samples, 547 poses published (rejected so far: 158 ambiguous, 2 inconsistent)
[terrain_relative_node.py-5] [INFO] [1789382852.803121197] [regolith_terrain_relative]: Terrain fix rejected: margin 1.83 < 2.00 - this stretch of terrain does not determine position (74 samples over 15 m)
[terrain_relative_node.py-5] [INFO] [1789382885.848484629] [regolith_terrain_relative]: Terrain fix rejected: margin 1.68 < 2.00 - this stretch of terrain does not determine position (75 samples over 15 m)
[terrain_relative_node.py-5] [INFO] [1789382919.187809689] [regolith_terrain_relative]: Terrain fix rejected: margin 1.69 < 2.00 - this stretch of terrain does not determine position (75 samples over 15 m)
[terrain_relative_node.py-5] [INFO] [1789382949.970255435] [regolith_terrain_relative]: Terrain fix rejected: margin 1.84 < 2.00 - this stretch of terrain does not determine position (75 samples over 15 m)
[terrain_relative_node.py-5] [INFO] [1789382984.690928451] [regolith_terrain_relative]: Terrain fix rejected: margin 1.86 < 2.00 - this stretch of terrain does not determine position (75 samples over 15 m)
[terrain_relative_node.py-5] [INFO] [1789383016.051209972] [regolith_terrain_relative]: Terrain fix rejected: margin 1.99 < 2.00 - this stretch of terrain does not determine position (75 samples over 15 m)
[terrain_relative_node.py-5] [INFO] [1789383025.480253317] [regolith_terrain_relative]: Terrain correction #51 at 82.7 m travelled: (+0.48, +0.14) m, margin 2.01, 75 samples, 621 poses published (rejected so far: 194 ambiguous, 2 inconsistent)
[terrain_relative_node.py-5] [INFO] [1789383100.278367724] [regolith_terrain_relative]: Terrain fix rejected: margin 2.00 < 2.00 - this stretch of terrain does not determine position (75 samples over 15 m)
[terrain_relative_node.py-5] [INFO] [1789383204.097159444] [regolith_terrain_relative]: Terrain correction #56 at 88.3 m travelled: (-0.49, +0.10) m, margin 2.75, 75 samples, 661 poses published (rejected so far: 195 ambiguous, 2 inconsistent)
[terrain_relative_node.py-5] [INFO] [1789383357.184049047] [regolith_terrain_relative]: Terrain correction #61 at 94.0 m travelled: (+0.06, +0.03) m, margin 19.72, 74 samples, 692 poses published (rejected so far: 195 ambiguous, 2 inconsistent)
[pure_pursuit_node-10] [INFO] [1789383430.536063606] [regolith_pure_pursuit]: Goal reached (within 0.35 m of the commanded goal)
