[INFO] [launch]: All log files can be found below /home/balazs/.ros/log/2026-08-22-10-41-51-129846-DESKTOP-IE5MOME-88182
[INFO] [launch]: Default logging verbosity is set to INFO
[hello_moon.launch] Using ROS_DOMAIN_ID=80 (isolated DDS domain for this launch - see PROGRESS.md)
[INFO] [ruby $(which gz) sim-1]: process started with pid [88247]
[INFO] [robot_state_publisher-2]: process started with pid [88249]
[INFO] [parameter_bridge-3]: process started with pid [88252]
[INFO] [wheel_slip_node.py-4]: process started with pid [88254]
[INFO] [sensor_covariance_relay.py-5]: process started with pid [88257]
[INFO] [ekf_node-6]: process started with pid [88259]
[INFO] [costmap_node-7]: process started with pid [88261]
[INFO] [planner_node-8]: process started with pid [88263]
[INFO] [pure_pursuit_node-9]: process started with pid [88265]
[INFO] [flip_recovery_node.py-10]: process started with pid [88267]
[INFO] [mission_markers_node.py-11]: process started with pid [88269]
[parameter_bridge-3] [INFO] [1787391712.749998692] [ros_gz_bridge]: Creating GZ->ROS Bridge: [/clock (gz.msgs.Clock) -> /clock (rosgraph_msgs/msg/Clock)] (Lazy 0)
[robot_state_publisher-2] [INFO] [1787391712.750471188] [robot_state_publisher]: got segment base_link
[robot_state_publisher-2] [INFO] [1787391712.750618736] [robot_state_publisher]: got segment camera_link
[robot_state_publisher-2] [INFO] [1787391712.750640347] [robot_state_publisher]: got segment chassis
[robot_state_publisher-2] [INFO] [1787391712.750649144] [robot_state_publisher]: got segment front_left_wheel
[robot_state_publisher-2] [INFO] [1787391712.750656913] [robot_state_publisher]: got segment front_right_wheel
[robot_state_publisher-2] [INFO] [1787391712.750665498] [robot_state_publisher]: got segment imu_link
[robot_state_publisher-2] [INFO] [1787391712.750672568] [robot_state_publisher]: got segment rear_left_wheel
[robot_state_publisher-2] [INFO] [1787391712.750679478] [robot_state_publisher]: got segment rear_right_wheel
[parameter_bridge-3] [INFO] [1787391712.751602715] [ros_gz_bridge]: Creating GZ->ROS Bridge: [/cmd_vel (gz.msgs.Twist) -> /cmd_vel (geometry_msgs/msg/Twist)] (Lazy 0)
[parameter_bridge-3] [INFO] [1787391712.754554416] [ros_gz_bridge]: Creating ROS->GZ Bridge: [/cmd_vel (geometry_msgs/msg/Twist) -> /cmd_vel (gz.msgs.Twist)] (Lazy 0)
[parameter_bridge-3] [INFO] [1787391712.756180008] [ros_gz_bridge]: Creating GZ->ROS Bridge: [/odometry (gz.msgs.Odometry) -> /odometry (nav_msgs/msg/Odometry)] (Lazy 0)
[parameter_bridge-3] [INFO] [1787391712.758396555] [ros_gz_bridge]: Creating ROS->GZ Bridge: [/odometry (nav_msgs/msg/Odometry) -> /odometry (gz.msgs.Odometry)] (Lazy 0)
[parameter_bridge-3] [INFO] [1787391712.759254423] [ros_gz_bridge]: Creating GZ->ROS Bridge: [/camera (gz.msgs.Image) -> /camera (sensor_msgs/msg/Image)] (Lazy 0)
[parameter_bridge-3] [INFO] [1787391712.760867148] [ros_gz_bridge]: Creating ROS->GZ Bridge: [/camera (sensor_msgs/msg/Image) -> /camera (gz.msgs.Image)] (Lazy 0)
[parameter_bridge-3] [INFO] [1787391712.761815139] [ros_gz_bridge]: Creating GZ->ROS Bridge: [/camera_info (gz.msgs.CameraInfo) -> /camera_info (sensor_msgs/msg/CameraInfo)] (Lazy 0)
[parameter_bridge-3] [INFO] [1787391712.762864678] [ros_gz_bridge]: Creating ROS->GZ Bridge: [/camera_info (sensor_msgs/msg/CameraInfo) -> /camera_info (gz.msgs.CameraInfo)] (Lazy 0)
[parameter_bridge-3] [INFO] [1787391712.764119095] [ros_gz_bridge]: Creating GZ->ROS Bridge: [/depth_camera (gz.msgs.Image) -> /depth_camera (sensor_msgs/msg/Image)] (Lazy 0)
[parameter_bridge-3] [INFO] [1787391712.765213616] [ros_gz_bridge]: Creating ROS->GZ Bridge: [/depth_camera (sensor_msgs/msg/Image) -> /depth_camera (gz.msgs.Image)] (Lazy 0)
[parameter_bridge-3] [INFO] [1787391712.766392420] [ros_gz_bridge]: Creating GZ->ROS Bridge: [/imu (gz.msgs.IMU) -> /imu (sensor_msgs/msg/Imu)] (Lazy 0)
[parameter_bridge-3] [INFO] [1787391712.767630271] [ros_gz_bridge]: Creating ROS->GZ Bridge: [/imu (sensor_msgs/msg/Imu) -> /imu (gz.msgs.IMU)] (Lazy 0)
[parameter_bridge-3] [INFO] [1787391712.768998394] [ros_gz_bridge]: Creating GZ->ROS Bridge: [/world/regolith_moon/model/rover/joint_state (gz.msgs.Model) -> /world/regolith_moon/model/rover/joint_state (sensor_msgs/msg/JointState)] (Lazy 0)
[parameter_bridge-3] [INFO] [1787391712.770528860] [ros_gz_bridge]: Creating ROS->GZ Bridge: [/world/regolith_moon/model/rover/joint_state (sensor_msgs/msg/JointState) -> /world/regolith_moon/model/rover/joint_state (gz.msgs.Model)] (Lazy 0)
[parameter_bridge-3] [INFO] [1787391712.771678941] [ros_gz_bridge]: Creating GZ->ROS Bridge: [/model/rover/pose (gz.msgs.Pose) -> /model/rover/pose (geometry_msgs/msg/PoseStamped)] (Lazy 0)
[flip_recovery_node.py-10] [INFO] [1787391713.336448071] [regolith_flip_recovery]: Flip/stuck recovery armed (simulated set_pose backstop for flips, straight-line cmd_vel override for stuck-but-upright)
[wheel_slip_node.py-4] [INFO] [1787391713.346687003] [regolith_wheel_slip]: Wheel-slip ZUPT armed: /odom -> /odom/gated (onboard signals only - wheel odometry and IMU, never ground truth). legacy_rigid_body_signature=True [A/B LEVER: retired signature 2 re-enabled]
[mission_markers_node.py-11] [INFO] [1787391713.423972615] [regolith_mission_markers]: Mission markers active - start at (0.0, 0.0), Gazebo flags on, RViz on /mission_markers
[costmap_node-7] [INFO] [1787391713.424534200] [regolith_costmap]: Published costmap: 256x256 cells at 0.781 m/cell
[planner_node-8] [WARN] [1787391717.287435860] [regolith_planner]: No costmap or current pose yet - ignoring goal
[planner_node-8] [INFO] [1787391726.328094243] [regolith_planner]: Planned path: 82 waypoints, start=(128, 127) goal=(152, 50)
[parameter_bridge-3] [INFO] [1787391726.736550936] [ros_gz_bridge]: Passing message from ROS geometry_msgs/msg/Twist to Gazebo gz.msgs.Twist (showing msg only once per type)
[costmap_node-7] [WARN] [1787391739.997428946] [regolith_costmap]: Hazard #1 marked at (0.55, 0.58): 13 cells lethal (1.2 m + 0.3 m rover radius). The rover got wedged here; the planner will route around it from now on.
[pure_pursuit_node-9] [INFO] [1787391740.009874951] [regolith_pure_pursuit]: Recovery node has taken over /cmd_vel - pausing path following
[pure_pursuit_node-9] [INFO] [1787391755.711543434] [regolith_pure_pursuit]: Recovery finished - resuming path following
[flip_recovery_node.py-10] [WARN] [1787391755.772456679] [regolith_flip_recovery]: STUCK RECOVERY #1 (escalation level 0, triggered by ground truth; 1 ground-truth / 0 onboard triggers so far). Escape maneuver: reversed 0.20 m/s for 3.0s, then turned left at 0.50 rad/s for 2.0s (sim time, at a measured 0.29x real time). A real rover's FDIR could do the same - this is not a simulated teleport.
[planner_node-8] [WARN] [1787391755.774123723] [regolith_planner]: Current-position cell (127, 127) is lethal (drift, or a keep-out zone this rover marked itself) - planning from the nearest free cell (126, 127) instead
[planner_node-8] [INFO] [1787391755.838588536] [regolith_planner]: Planned path: 82 waypoints, start=(126, 127) goal=(152, 50)
[flip_recovery_node.py-10] [WARN] [1787391756.188307410] [regolith_flip_recovery]: STUCK RECOVERY #1 result: ground truth moved 0.53 m during the maneuver - FREED (1/1 escapes have freed the rover so far)
[pure_pursuit_node-9] [WARN] [1787391787.024618927] [regolith_pure_pursuit]: Stalled for 8s - stopping and replanning
[planner_node-8] [WARN] [1787391787.025781531] [regolith_planner]: Current-position cell (127, 127) is lethal (drift, or a keep-out zone this rover marked itself) - planning from the nearest free cell (126, 127) instead
[planner_node-8] [INFO] [1787391787.079812343] [regolith_planner]: Planned path: 82 waypoints, start=(126, 127) goal=(152, 50)
[wheel_slip_node.py-4] [WARN] [1787391983.692916607] [regolith_wheel_slip]: WHEEL SLIP #1: over the last 15.0 s the wheels claim 2.78 m and 0.02 rad of turning; the gyro saw 0.01 rad (42% of it) and the attitude spanned 0.43 deg. Feeding the EKF a zero-velocity update instead of the wheels' claim.
[pure_pursuit_node-9] [INFO] [1787392002.509252619] [regolith_pure_pursuit]: Recovery node has taken over /cmd_vel - pausing path following
[costmap_node-7] [WARN] [1787392002.516992310] [regolith_costmap]: Hazard #2 marked at (-9.78, -1.17): 13 cells lethal (1.2 m + 0.3 m rover radius). The rover got wedged here; the planner will route around it from now on.
[pure_pursuit_node-9] [INFO] [1787392002.517359157] [regolith_pure_pursuit]: Costmap changed (a new keep-out zone) - restoring the replan budget: the route being retried is not the one that already failed
[wheel_slip_node.py-4] [WARN] [1787392027.286457779] [regolith_wheel_slip]: WHEEL SLIP #1 cleared - over the last 5.0 s the wheels claimed 0.02 rad of turning and the gyro corroborated 25% of it. Phantom distance kept out of the EKF so far: 2.11 m.
[wheel_slip_node.py-4] [WARN] [1787392027.373764234] [regolith_wheel_slip]: WHEEL SLIP #2: over the last 15.0 s the wheels claim 2.81 m and 0.02 rad of turning; the gyro saw 0.01 rad (26% of it) and the attitude spanned 0.40 deg. Feeding the EKF a zero-velocity update instead of the wheels' claim.
[wheel_slip_node.py-4] [WARN] [1787392033.584731635] [regolith_wheel_slip]: WHEEL SLIP #2 cleared - over the last 5.0 s the wheels claimed 0.62 rad of turning and the gyro corroborated 46% of it. Phantom distance kept out of the EKF so far: 2.11 m.
[pure_pursuit_node-9] [INFO] [1787392038.460544175] [regolith_pure_pursuit]: Recovery finished - resuming path following
[flip_recovery_node.py-10] [WARN] [1787392038.521418341] [regolith_flip_recovery]: STUCK RECOVERY #2 (escalation level 1, triggered by wheel slip (onboard); 1 ground-truth / 1 onboard triggers so far). Escape maneuver: reversed 0.20 m/s for 6.0s, then turned right at 0.50 rad/s for 3.5s (sim time, at a measured 0.25x real time). A real rover's FDIR could do the same - this is not a simulated teleport.
[planner_node-8] [WARN] [1787392038.522896900] [regolith_planner]: Current-position cell (126, 116) is lethal (drift, or a keep-out zone this rover marked itself) - planning from the nearest free cell (125, 117) instead
[planner_node-8] [INFO] [1787392038.570080978] [regolith_planner]: Planned path: 72 waypoints, start=(125, 117) goal=(152, 50)
[flip_recovery_node.py-10] [WARN] [1787392042.908757290] [regolith_flip_recovery]: STUCK RECOVERY #2 result: ground truth moved 0.99 m during the maneuver - FREED (2/2 escapes have freed the rover so far)
[pure_pursuit_node-9] [WARN] [1787392070.276478245] [regolith_pure_pursuit]: Stalled for 8s - stopping and replanning
[planner_node-8] [WARN] [1787392070.277809095] [regolith_planner]: Current-position cell (126, 116) is lethal (drift, or a keep-out zone this rover marked itself) - planning from the nearest free cell (125, 117) instead
[planner_node-8] [INFO] [1787392070.337450948] [regolith_planner]: Planned path: 72 waypoints, start=(125, 117) goal=(152, 50)
[ruby $(which gz) sim-1] NodeShared::Publish() Error: Interrupted system call
[wheel_slip_node.py-4] [WARN] [1787393358.486123651] [regolith_wheel_slip]: WHEEL SLIP #3: over the last 15.0 s the wheels claim 0.87 m and 4.50 rad of turning; the gyro saw 0.65 rad (14% of it) and the attitude spanned 7.51 deg. Feeding the EKF a zero-velocity update instead of the wheels' claim.
[pure_pursuit_node-9] [WARN] [1787393372.642182876] [regolith_pure_pursuit]: Stalled for 8s - stopping and replanning
[planner_node-8] [INFO] [1787393372.647787050] [regolith_planner]: Planned path: 13 waypoints, start=(141, 58) goal=(152, 50)
[pure_pursuit_node-9] [INFO] [1787393375.348846216] [regolith_pure_pursuit]: Recovery node has taken over /cmd_vel - pausing path following
[costmap_node-7] [WARN] [1787393375.356133245] [regolith_costmap]: Hazard #3 marked at (-55.33, 10.66): 13 cells lethal (1.2 m + 0.3 m rover radius). The rover got wedged here; the planner will route around it from now on.
[pure_pursuit_node-9] [INFO] [1787393375.356438995] [regolith_pure_pursuit]: Costmap changed (a new keep-out zone) - restoring the replan budget: the route being retried is not the one that already failed
[wheel_slip_node.py-4] [WARN] [1787393388.443705518] [regolith_wheel_slip]: WHEEL SLIP #3 cleared - over the last 5.0 s the wheels claimed 0.56 rad of turning and the gyro corroborated 25% of it. Phantom distance kept out of the EKF so far: 3.02 m.
[wheel_slip_node.py-4] [WARN] [1787393388.516229862] [regolith_wheel_slip]: WHEEL SLIP #4: over the last 15.0 s the wheels claim 1.24 m and 3.56 rad of turning; the gyro saw 0.51 rad (14% of it) and the attitude spanned 5.73 deg. Feeding the EKF a zero-velocity update instead of the wheels' claim.
[pure_pursuit_node-9] [INFO] [1787393394.040175382] [regolith_pure_pursuit]: Recovery finished - resuming path following
[flip_recovery_node.py-10] [WARN] [1787393394.100410157] [regolith_flip_recovery]: STUCK RECOVERY #3 (escalation level 0, triggered by wheel slip (onboard); 1 ground-truth / 2 onboard triggers so far). Escape maneuver: reversed 0.20 m/s for 3.0s, then turned left at 0.50 rad/s for 2.0s (sim time, at a measured 0.27x real time). A real rover's FDIR could do the same - this is not a simulated teleport.
[planner_node-8] [WARN] [1787393394.102149442] [regolith_planner]: Current-position cell (141, 58) is lethal (drift, or a keep-out zone this rover marked itself) - planning from the nearest free cell (140, 59) instead
[planner_node-8] [INFO] [1787393394.107820692] [regolith_planner]: Planned path: 17 waypoints, start=(140, 59) goal=(152, 50)
[pure_pursuit_node-9] [INFO] [1787393394.460440588] [regolith_pure_pursuit]: Recovery node has taken over /cmd_vel - pausing path following
[costmap_node-7] [WARN] [1787393394.467287472] [regolith_costmap]: Hazard #4 marked at (-55.32, 10.28): 13 cells lethal (1.2 m + 0.3 m rover radius). The rover got wedged here; the planner will route around it from now on.
[wheel_slip_node.py-4] [WARN] [1787393396.182696586] [regolith_wheel_slip]: WHEEL SLIP #4 cleared - over the last 5.0 s the wheels claimed 0.62 rad of turning and the gyro corroborated 86% of it. Phantom distance kept out of the EKF so far: 3.08 m.
[pure_pursuit_node-9] [INFO] [1787393429.471885926] [regolith_pure_pursuit]: Recovery finished - resuming path following
[flip_recovery_node.py-10] [WARN] [1787393429.533147299] [regolith_flip_recovery]: STUCK RECOVERY #4 (escalation level 1, triggered by wheel slip (onboard); 1 ground-truth / 3 onboard triggers so far). Escape maneuver: reversed 0.20 m/s for 6.0s, then turned right at 0.50 rad/s for 3.5s (sim time, at a measured 0.26x real time). A real rover's FDIR could do the same - this is not a simulated teleport.
[planner_node-8] [WARN] [1787393429.534938576] [regolith_planner]: Current-position cell (141, 59) is lethal (drift, or a keep-out zone this rover marked itself) - planning from the nearest free cell (140, 59) instead
[planner_node-8] [INFO] [1787393429.539964801] [regolith_planner]: Planned path: 17 waypoints, start=(140, 59) goal=(152, 50)
[flip_recovery_node.py-10] [WARN] [1787393432.357569075] [regolith_flip_recovery]: STUCK RECOVERY #4 result: ground truth moved 1.33 m during the maneuver - FREED (3/4 escapes have freed the rover so far)
[pure_pursuit_node-9] [INFO] [1787393565.402055506] [regolith_pure_pursuit]: Recovery node has taken over /cmd_vel - pausing path following
[costmap_node-7] [WARN] [1787393565.409179939] [regolith_costmap]: Hazard #5 marked at (-56.19, 9.79): 13 cells lethal (1.2 m + 0.3 m rover radius). The rover got wedged here; the planner will route around it from now on.
[pure_pursuit_node-9] [INFO] [1787393618.379654210] [regolith_pure_pursuit]: Recovery finished - resuming path following
[flip_recovery_node.py-10] [WARN] [1787393618.441196818] [regolith_flip_recovery]: STUCK RECOVERY #5 (escalation level 2, triggered by ground truth; 2 ground-truth / 3 onboard triggers so far). Escape maneuver: reversed 0.20 m/s for 10.0s, then turned left at 0.50 rad/s for 5.0s (sim time, at a measured 0.27x real time). A real rover's FDIR could do the same - this is not a simulated teleport.
[planner_node-8] [INFO] [1787393618.449126240] [regolith_planner]: Planned path: 19 waypoints, start=(139, 59) goal=(152, 50)
[flip_recovery_node.py-10] [WARN] [1787393622.768469963] [regolith_flip_recovery]: STUCK RECOVERY #5 result: ground truth moved 1.97 m during the maneuver - FREED (4/5 escapes have freed the rover so far)
[flip_recovery_node.py-10] [WARN] [1787394102.355324481] [regolith_flip_recovery]: Skipping hazard mark at (-60.89, 19.17) - within 1.5 m of the active goal (-60.58, 19.42). Marking it would risk walling off the goal itself, most likely from EKF divergence rather than a real obstacle there - see _mark_hazard's docstring.
[pure_pursuit_node-9] [INFO] [1787394102.356245510] [regolith_pure_pursuit]: Recovery node has taken over /cmd_vel - pausing path following
[pure_pursuit_node-9] [INFO] [1787394122.024192580] [regolith_pure_pursuit]: Recovery finished - resuming path following
[flip_recovery_node.py-10] [WARN] [1787394122.084679438] [regolith_flip_recovery]: STUCK RECOVERY #6 (escalation level 0, triggered by ground truth; 3 ground-truth / 3 onboard triggers so far). Escape maneuver: reversed 0.20 m/s for 3.0s, then turned left at 0.50 rad/s for 2.0s (sim time, at a measured 0.26x real time). A real rover's FDIR could do the same - this is not a simulated teleport.
[planner_node-8] [INFO] [1787394122.086635620] [regolith_planner]: Planned path: 2 waypoints, start=(151, 51) goal=(152, 50)
[flip_recovery_node.py-10] [WARN] [1787394126.604832183] [regolith_flip_recovery]: STUCK RECOVERY #6 result: ground truth moved 0.59 m during the maneuver - FREED (5/6 escapes have freed the rover so far)
[pure_pursuit_node-9] [INFO] [1787394157.581613766] [regolith_pure_pursuit]: Goal reached (within 0.34 m of the commanded goal)
