[INFO] [launch]: All log files can be found below /home/balazs/.ros/log/2026-08-25-02-18-57-771724-DESKTOP-IE5MOME-23203
[INFO] [launch]: Default logging verbosity is set to INFO
[hello_moon.launch] Using ROS_DOMAIN_ID=14 (isolated DDS domain for this launch - see PROGRESS.md)
[INFO] [ruby $(which gz) sim-1]: process started with pid [23247]
[INFO] [robot_state_publisher-2]: process started with pid [23249]
[INFO] [parameter_bridge-3]: process started with pid [23252]
[INFO] [wheel_slip_node.py-4]: process started with pid [23255]
[INFO] [sensor_covariance_relay.py-5]: process started with pid [23257]
[INFO] [ekf_node-6]: process started with pid [23259]
[INFO] [costmap_node-7]: process started with pid [23261]
[INFO] [planner_node-8]: process started with pid [23263]
[INFO] [pure_pursuit_node-9]: process started with pid [23265]
[INFO] [flip_recovery_node.py-10]: process started with pid [23267]
[INFO] [mission_markers_node.py-11]: process started with pid [23269]
[parameter_bridge-3] [INFO] [1787620739.266284297] [ros_gz_bridge]: Creating GZ->ROS Bridge: [/clock (gz.msgs.Clock) -> /clock (rosgraph_msgs/msg/Clock)] (Lazy 0)
[parameter_bridge-3] [INFO] [1787620739.267352808] [ros_gz_bridge]: Creating GZ->ROS Bridge: [/cmd_vel (gz.msgs.Twist) -> /cmd_vel (geometry_msgs/msg/Twist)] (Lazy 0)
[parameter_bridge-3] [INFO] [1787620739.269949684] [ros_gz_bridge]: Creating ROS->GZ Bridge: [/cmd_vel (geometry_msgs/msg/Twist) -> /cmd_vel (gz.msgs.Twist)] (Lazy 0)
[parameter_bridge-3] [INFO] [1787620739.271207363] [ros_gz_bridge]: Creating GZ->ROS Bridge: [/odometry (gz.msgs.Odometry) -> /odometry (nav_msgs/msg/Odometry)] (Lazy 0)
[parameter_bridge-3] [INFO] [1787620739.273384104] [ros_gz_bridge]: Creating ROS->GZ Bridge: [/odometry (nav_msgs/msg/Odometry) -> /odometry (gz.msgs.Odometry)] (Lazy 0)
[robot_state_publisher-2] [INFO] [1787620739.274053239] [robot_state_publisher]: got segment base_link
[robot_state_publisher-2] [INFO] [1787620739.274243982] [robot_state_publisher]: got segment camera_link
[robot_state_publisher-2] [INFO] [1787620739.274268397] [robot_state_publisher]: got segment chassis
[robot_state_publisher-2] [INFO] [1787620739.274277034] [robot_state_publisher]: got segment front_left_wheel
[robot_state_publisher-2] [INFO] [1787620739.274284257] [robot_state_publisher]: got segment front_right_wheel
[robot_state_publisher-2] [INFO] [1787620739.274291711] [robot_state_publisher]: got segment imu_link
[robot_state_publisher-2] [INFO] [1787620739.274299297] [robot_state_publisher]: got segment rear_left_wheel
[robot_state_publisher-2] [INFO] [1787620739.274307237] [robot_state_publisher]: got segment rear_right_wheel
[parameter_bridge-3] [INFO] [1787620739.274766292] [ros_gz_bridge]: Creating GZ->ROS Bridge: [/camera (gz.msgs.Image) -> /camera (sensor_msgs/msg/Image)] (Lazy 0)
[parameter_bridge-3] [INFO] [1787620739.277520689] [ros_gz_bridge]: Creating ROS->GZ Bridge: [/camera (sensor_msgs/msg/Image) -> /camera (gz.msgs.Image)] (Lazy 0)
[parameter_bridge-3] [INFO] [1787620739.279362378] [ros_gz_bridge]: Creating GZ->ROS Bridge: [/camera_info (gz.msgs.CameraInfo) -> /camera_info (sensor_msgs/msg/CameraInfo)] (Lazy 0)
[parameter_bridge-3] [INFO] [1787620739.280457349] [ros_gz_bridge]: Creating ROS->GZ Bridge: [/camera_info (sensor_msgs/msg/CameraInfo) -> /camera_info (gz.msgs.CameraInfo)] (Lazy 0)
[parameter_bridge-3] [INFO] [1787620739.281425847] [ros_gz_bridge]: Creating GZ->ROS Bridge: [/depth_camera (gz.msgs.Image) -> /depth_camera (sensor_msgs/msg/Image)] (Lazy 0)
[parameter_bridge-3] [INFO] [1787620739.282528854] [ros_gz_bridge]: Creating ROS->GZ Bridge: [/depth_camera (sensor_msgs/msg/Image) -> /depth_camera (gz.msgs.Image)] (Lazy 0)
[parameter_bridge-3] [INFO] [1787620739.283667974] [ros_gz_bridge]: Creating GZ->ROS Bridge: [/imu (gz.msgs.IMU) -> /imu (sensor_msgs/msg/Imu)] (Lazy 0)
[parameter_bridge-3] [INFO] [1787620739.285015433] [ros_gz_bridge]: Creating ROS->GZ Bridge: [/imu (sensor_msgs/msg/Imu) -> /imu (gz.msgs.IMU)] (Lazy 0)
[parameter_bridge-3] [INFO] [1787620739.286246136] [ros_gz_bridge]: Creating GZ->ROS Bridge: [/world/regolith_moon/model/rover/joint_state (gz.msgs.Model) -> /world/regolith_moon/model/rover/joint_state (sensor_msgs/msg/JointState)] (Lazy 0)
[parameter_bridge-3] [INFO] [1787620739.287679256] [ros_gz_bridge]: Creating ROS->GZ Bridge: [/world/regolith_moon/model/rover/joint_state (sensor_msgs/msg/JointState) -> /world/regolith_moon/model/rover/joint_state (gz.msgs.Model)] (Lazy 0)
[parameter_bridge-3] [INFO] [1787620739.288884034] [ros_gz_bridge]: Creating GZ->ROS Bridge: [/model/rover/pose (gz.msgs.Pose) -> /model/rover/pose (geometry_msgs/msg/PoseStamped)] (Lazy 0)
[flip_recovery_node.py-10] [INFO] [1787620739.634663031] [regolith_flip_recovery]: Flip/stuck recovery armed (simulated set_pose backstop for flips, straight-line cmd_vel override for stuck-but-upright)
[wheel_slip_node.py-4] [INFO] [1787620739.647481839] [regolith_wheel_slip]: Wheel-slip ZUPT armed: /odom -> /odom/gated (onboard signals only - wheel odometry and IMU, never ground truth). legacy_rigid_body_signature=False
[mission_markers_node.py-11] [INFO] [1787620739.710013493] [regolith_mission_markers]: Mission markers active - start at (0.0, 0.0), Gazebo flags on, RViz on /mission_markers
[costmap_node-7] [INFO] [1787620739.717937564] [regolith_costmap]: Published costmap: 256x256 cells at 0.781 m/cell
[planner_node-8] [WARN] [1787620743.877020457] [regolith_planner]: No costmap or current pose yet - ignoring goal
[planner_node-8] [INFO] [1787620753.932551349] [regolith_planner]: Planned path: 103 waypoints, start=(128, 128) goal=(52, 73)
[parameter_bridge-3] [INFO] [1787620753.942069356] [ros_gz_bridge]: Passing message from ROS geometry_msgs/msg/Twist to Gazebo gz.msgs.Twist (showing msg only once per type)
[costmap_node-7] [WARN] [1787620764.334946032] [regolith_costmap]: Hazard #1 marked at (0.64, -0.48): 13 cells lethal (1.2 m + 0.3 m rover radius). The rover got wedged here; the planner will route around it from now on.
[pure_pursuit_node-9] [INFO] [1787620764.350070009] [regolith_pure_pursuit]: Recovery node has taken over /cmd_vel - pausing path following
[pure_pursuit_node-9] [INFO] [1787620781.235621903] [regolith_pure_pursuit]: Recovery finished - resuming path following
[flip_recovery_node.py-10] [WARN] [1787620781.296277932] [regolith_flip_recovery]: STUCK RECOVERY #1 (escalation level 0, triggered by ground truth; 1 ground-truth / 0 onboard triggers so far). Escape maneuver: reversed 0.20 m/s for 3.0s, then turned left at 0.50 rad/s for 2.0s (sim time, exact - driven by the sim clock directly, not an RTF-estimated wall-clock sleep; RTF over this window measured 0.30x real time, logged for comparison only). A real rover's FDIR could do the same - this is not a simulated teleport.
[planner_node-8] [WARN] [1787620781.297617060] [regolith_planner]: Current-position cell (128, 127) is lethal (drift, or a keep-out zone this rover marked itself) - planning from the nearest free cell (128, 126) instead
[planner_node-8] [INFO] [1787620781.368536108] [regolith_planner]: Planned path: 103 waypoints, start=(128, 126) goal=(52, 73)
[flip_recovery_node.py-10] [WARN] [1787620785.392005042] [regolith_flip_recovery]: STUCK RECOVERY #1 result: ground truth moved 0.60 m during the maneuver - FREED (1/1 escapes have freed the rover so far)
[pure_pursuit_node-9] [WARN] [1787620809.711174613] [regolith_pure_pursuit]: Stalled for 8s - stopping and replanning
[planner_node-8] [WARN] [1787620809.712299248] [regolith_planner]: Current-position cell (128, 127) is lethal (drift, or a keep-out zone this rover marked itself) - planning from the nearest free cell (128, 126) instead
[planner_node-8] [INFO] [1787620809.790065439] [regolith_planner]: Planned path: 103 waypoints, start=(128, 126) goal=(52, 73)
[wheel_slip_node.py-4] [WARN] [1787621577.013543882] [regolith_wheel_slip]: WHEEL SLIP #1: over the last 15.0 s the wheels claim 2.67 m and 2.04 rad of turning; the gyro saw 0.30 rad (14% of it) and the attitude spanned 10.25 deg. Feeding the EKF a zero-velocity update instead of the wheels' claim.
[pure_pursuit_node-9] [INFO] [1787621594.319070358] [regolith_pure_pursuit]: Recovery node has taken over /cmd_vel - pausing path following
[pure_pursuit_node-9] [INFO] [1787621594.326319295] [regolith_pure_pursuit]: Costmap changed (a new keep-out zone) - restoring the replan budget: the route being retried is not the one that already failed
[costmap_node-7] [WARN] [1787621594.326466226] [regolith_costmap]: Hazard #2 marked at (-11.10, -38.17): 13 cells lethal (1.2 m + 0.3 m rover radius). The rover got wedged here; the planner will route around it from now on.
[wheel_slip_node.py-4] [WARN] [1787621606.442268196] [regolith_wheel_slip]: WHEEL SLIP #1 cleared - over the last 5.0 s the wheels claimed 0.59 rad of turning and the gyro corroborated 25% of it. Phantom distance kept out of the EKF so far: 1.36 m.
[wheel_slip_node.py-4] [WARN] [1787621606.504503634] [regolith_wheel_slip]: WHEEL SLIP #2: over the last 15.0 s the wheels claim 2.35 m and 3.34 rad of turning; the gyro saw 0.34 rad (10% of it) and the attitude spanned 6.67 deg. Feeding the EKF a zero-velocity update instead of the wheels' claim.
[pure_pursuit_node-9] [INFO] [1787621610.883548946] [regolith_pure_pursuit]: Recovery finished - resuming path following
[flip_recovery_node.py-10] [WARN] [1787621610.944198008] [regolith_flip_recovery]: STUCK RECOVERY #2 (escalation level 0, triggered by wheel slip (onboard); 1 ground-truth / 1 onboard triggers so far). Escape maneuver: reversed 0.20 m/s for 3.0s, then turned left at 0.50 rad/s for 2.0s (sim time, exact - driven by the sim clock directly, not an RTF-estimated wall-clock sleep; RTF over this window measured 0.30x real time, logged for comparison only). A real rover's FDIR could do the same - this is not a simulated teleport.
[planner_node-8] [WARN] [1787621610.945375077] [regolith_planner]: Current-position cell (80, 114) is lethal (drift, or a keep-out zone this rover marked itself) - planning from the nearest free cell (80, 115) instead
[planner_node-8] [INFO] [1787621610.970751400] [regolith_planner]: Planned path: 55 waypoints, start=(80, 115) goal=(52, 73)
[wheel_slip_node.py-4] [WARN] [1787621613.162683541] [regolith_wheel_slip]: WHEEL SLIP #2 cleared - over the last 5.0 s the wheels claimed 0.73 rad of turning and the gyro corroborated 86% of it. Phantom distance kept out of the EKF so far: 1.39 m.
[flip_recovery_node.py-10] [WARN] [1787621614.936490626] [regolith_flip_recovery]: STUCK RECOVERY #2 result: ground truth moved 0.50 m during the maneuver - FREED (2/2 escapes have freed the rover so far)
[pure_pursuit_node-9] [INFO] [1787621733.725179559] [regolith_pure_pursuit]: Recovery node has taken over /cmd_vel - pausing path following
[costmap_node-7] [WARN] [1787621733.731946295] [regolith_costmap]: Hazard #3 marked at (-11.75, -40.51): 13 cells lethal (1.2 m + 0.3 m rover radius). The rover got wedged here; the planner will route around it from now on.
[pure_pursuit_node-9] [INFO] [1787621765.818972337] [regolith_pure_pursuit]: Recovery finished - resuming path following
[flip_recovery_node.py-10] [WARN] [1787621765.879543169] [regolith_flip_recovery]: STUCK RECOVERY #3 (escalation level 1, triggered by ground truth; 2 ground-truth / 1 onboard triggers so far). Escape maneuver: reversed 0.20 m/s for 6.0s, then turned right at 0.50 rad/s for 3.5s (sim time, exact - driven by the sim clock directly, not an RTF-estimated wall-clock sleep; RTF over this window measured 0.30x real time, logged for comparison only). A real rover's FDIR could do the same - this is not a simulated teleport.
[planner_node-8] [WARN] [1787621765.881204315] [regolith_planner]: Current-position cell (78, 114) is lethal (drift, or a keep-out zone this rover marked itself) - planning from the nearest free cell (77, 114) instead
[planner_node-8] [INFO] [1787621765.903676984] [regolith_planner]: Planned path: 52 waypoints, start=(77, 114) goal=(52, 73)
[flip_recovery_node.py-10] [WARN] [1787621769.522971282] [regolith_flip_recovery]: STUCK RECOVERY #3 result: ground truth moved 1.19 m during the maneuver - FREED (3/3 escapes have freed the rover so far)
[wheel_slip_node.py-4] [WARN] [1787621911.150128196] [regolith_wheel_slip]: WHEEL SLIP #3: over the last 15.0 s the wheels claim 1.60 m and 2.56 rad of turning; the gyro saw 0.37 rad (14% of it) and the attitude spanned 17.58 deg. Feeding the EKF a zero-velocity update instead of the wheels' claim.
[pure_pursuit_node-9] [INFO] [1787621928.424255934] [regolith_pure_pursuit]: Recovery node has taken over /cmd_vel - pausing path following
[costmap_node-7] [WARN] [1787621928.430281357] [regolith_costmap]: Hazard #4 marked at (-11.88, -43.23): 13 cells lethal (1.2 m + 0.3 m rover radius). The rover got wedged here; the planner will route around it from now on.
[wheel_slip_node.py-4] [WARN] [1787621943.967284879] [regolith_wheel_slip]: WHEEL SLIP #3 cleared - over the last 5.0 s the wheels claimed 0.16 rad of turning and the gyro corroborated 10% of it. Phantom distance kept out of the EKF so far: 2.90 m.
[wheel_slip_node.py-4] [WARN] [1787621944.032771468] [regolith_wheel_slip]: WHEEL SLIP #4: over the last 15.0 s the wheels claim 2.13 m and 3.16 rad of turning; the gyro saw 0.10 rad (3% of it) and the attitude spanned 1.95 deg. Feeding the EKF a zero-velocity update instead of the wheels' claim.
[wheel_slip_node.py-4] [WARN] [1787621950.789656768] [regolith_wheel_slip]: WHEEL SLIP #4 cleared - over the last 5.0 s the wheels claimed 0.00 rad of turning and the gyro corroborated nan% of it. Phantom distance kept out of the EKF so far: 3.30 m.
[wheel_slip_node.py-4] [WARN] [1787621950.855803862] [regolith_wheel_slip]: WHEEL SLIP #5: over the last 15.0 s the wheels claim 2.29 m and 2.55 rad of turning; the gyro saw 0.08 rad (3% of it) and the attitude spanned 1.79 deg. Feeding the EKF a zero-velocity update instead of the wheels' claim.
[wheel_slip_node.py-4] [WARN] [1787621957.458316979] [regolith_wheel_slip]: WHEEL SLIP #5 cleared - over the last 5.0 s the wheels claimed 0.00 rad of turning and the gyro corroborated nan% of it. Phantom distance kept out of the EKF so far: 3.70 m.
[wheel_slip_node.py-4] [WARN] [1787621957.522386201] [regolith_wheel_slip]: WHEEL SLIP #6: over the last 15.0 s the wheels claim 2.46 m and 1.94 rad of turning; the gyro saw 0.06 rad (3% of it) and the attitude spanned 2.93 deg. Feeding the EKF a zero-velocity update instead of the wheels' claim.
[wheel_slip_node.py-4] [WARN] [1787621964.162048593] [regolith_wheel_slip]: WHEEL SLIP #6 cleared - over the last 5.0 s the wheels claimed 0.15 rad of turning and the gyro corroborated 85% of it. Phantom distance kept out of the EKF so far: 3.99 m.
[wheel_slip_node.py-4] [WARN] [1787621964.227732109] [regolith_wheel_slip]: WHEEL SLIP #7: over the last 15.0 s the wheels claim 2.51 m and 1.49 rad of turning; the gyro saw 0.18 rad (12% of it) and the attitude spanned 7.46 deg. Feeding the EKF a zero-velocity update instead of the wheels' claim.
[wheel_slip_node.py-4] [WARN] [1787621970.856056414] [regolith_wheel_slip]: WHEEL SLIP #7 cleared - over the last 5.0 s the wheels claimed 0.76 rad of turning and the gyro corroborated 53% of it. Phantom distance kept out of the EKF so far: 3.99 m.
[pure_pursuit_node-9] [INFO] [1787621978.434981669] [regolith_pure_pursuit]: Recovery finished - resuming path following
[flip_recovery_node.py-10] [WARN] [1787621978.495602024] [regolith_flip_recovery]: STUCK RECOVERY #4 (escalation level 2, triggered by wheel slip (onboard); 2 ground-truth / 2 onboard triggers so far). Escape maneuver: reversed 0.20 m/s for 10.0s, then turned left at 0.50 rad/s for 5.0s (sim time, exact - driven by the sim clock directly, not an RTF-estimated wall-clock sleep; RTF over this window measured 0.30x real time, logged for comparison only). A real rover's FDIR could do the same - this is not a simulated teleport.
[planner_node-8] [WARN] [1787621978.497126124] [regolith_planner]: Current-position cell (73, 113) is lethal (drift, or a keep-out zone this rover marked itself) - planning from the nearest free cell (73, 114) instead
[planner_node-8] [INFO] [1787621978.514548367] [regolith_planner]: Planned path: 48 waypoints, start=(73, 114) goal=(52, 73)
[flip_recovery_node.py-10] [WARN] [1787621982.579356195] [regolith_flip_recovery]: STUCK RECOVERY #4 result: ground truth moved 1.97 m during the maneuver - FREED (4/4 escapes have freed the rover so far)
[pure_pursuit_node-9] [INFO] [1787622830.253784544] [regolith_pure_pursuit]: Goal reached (within 0.33 m of the commanded goal)
