[INFO] [launch]: All log files can be found below /home/balazs/.ros/log/2026-08-30-22-26-45-151181-DESKTOP-IE5MOME-23576
[INFO] [launch]: Default logging verbosity is set to INFO
[hello_moon.launch] Using ROS_DOMAIN_ID=89 (isolated DDS domain for this launch - see PROGRESS.md)
[hello_moon.launch] TERRAIN-RELATIVE NAVIGATION ENABLED - the EKF is fused with an absolute position fix matched from IMU attitude against the a-priori DEM. No ground truth is read, so runs with this on ARE milestone results. Replayed through 25 recorded runs it cuts final EKF error from 2.97 m to 0.71 m median, but a replay is not a run - see PROGRESS.md before reading anything into a single result.
[INFO] [ruby $(which gz) sim-1]: process started with pid [23620]
[INFO] [robot_state_publisher-2]: process started with pid [23622]
[INFO] [parameter_bridge-3]: process started with pid [23625]
[INFO] [wheel_slip_node.py-4]: process started with pid [23627]
[INFO] [terrain_relative_node.py-5]: process started with pid [23630]
[INFO] [sensor_covariance_relay.py-6]: process started with pid [23632]
[INFO] [ekf_node-7]: process started with pid [23634]
[INFO] [costmap_node-8]: process started with pid [23636]
[INFO] [planner_node-9]: process started with pid [23638]
[INFO] [pure_pursuit_node-10]: process started with pid [23640]
[INFO] [flip_recovery_node.py-11]: process started with pid [23642]
[INFO] [mission_markers_node.py-12]: process started with pid [23644]
[parameter_bridge-3] [INFO] [1788125207.284638916] [ros_gz_bridge]: Creating GZ->ROS Bridge: [/clock (gz.msgs.Clock) -> /clock (rosgraph_msgs/msg/Clock)] (Lazy 0)
[parameter_bridge-3] [INFO] [1788125207.285806537] [ros_gz_bridge]: Creating GZ->ROS Bridge: [/cmd_vel (gz.msgs.Twist) -> /cmd_vel (geometry_msgs/msg/Twist)] (Lazy 0)
[parameter_bridge-3] [INFO] [1788125207.287931510] [ros_gz_bridge]: Creating ROS->GZ Bridge: [/cmd_vel (geometry_msgs/msg/Twist) -> /cmd_vel (gz.msgs.Twist)] (Lazy 0)
[parameter_bridge-3] [INFO] [1788125207.288775829] [ros_gz_bridge]: Creating GZ->ROS Bridge: [/odometry (gz.msgs.Odometry) -> /odometry (nav_msgs/msg/Odometry)] (Lazy 0)
[parameter_bridge-3] [INFO] [1788125207.291025648] [ros_gz_bridge]: Creating ROS->GZ Bridge: [/odometry (nav_msgs/msg/Odometry) -> /odometry (gz.msgs.Odometry)] (Lazy 0)
[parameter_bridge-3] [INFO] [1788125207.292187767] [ros_gz_bridge]: Creating GZ->ROS Bridge: [/camera (gz.msgs.Image) -> /camera (sensor_msgs/msg/Image)] (Lazy 0)
[parameter_bridge-3] [INFO] [1788125207.295052096] [ros_gz_bridge]: Creating ROS->GZ Bridge: [/camera (sensor_msgs/msg/Image) -> /camera (gz.msgs.Image)] (Lazy 0)
[parameter_bridge-3] [INFO] [1788125207.297061127] [ros_gz_bridge]: Creating GZ->ROS Bridge: [/camera_info (gz.msgs.CameraInfo) -> /camera_info (sensor_msgs/msg/CameraInfo)] (Lazy 0)
[parameter_bridge-3] [INFO] [1788125207.298587504] [ros_gz_bridge]: Creating ROS->GZ Bridge: [/camera_info (sensor_msgs/msg/CameraInfo) -> /camera_info (gz.msgs.CameraInfo)] (Lazy 0)
[parameter_bridge-3] [INFO] [1788125207.300414755] [ros_gz_bridge]: Creating GZ->ROS Bridge: [/depth_camera (gz.msgs.Image) -> /depth_camera (sensor_msgs/msg/Image)] (Lazy 0)
[parameter_bridge-3] [INFO] [1788125207.301329785] [ros_gz_bridge]: Creating ROS->GZ Bridge: [/depth_camera (sensor_msgs/msg/Image) -> /depth_camera (gz.msgs.Image)] (Lazy 0)
[parameter_bridge-3] [INFO] [1788125207.302917472] [ros_gz_bridge]: Creating GZ->ROS Bridge: [/imu (gz.msgs.IMU) -> /imu (sensor_msgs/msg/Imu)] (Lazy 0)
[robot_state_publisher-2] [INFO] [1788125207.304009310] [robot_state_publisher]: got segment base_link
[robot_state_publisher-2] [INFO] [1788125207.304354686] [robot_state_publisher]: got segment camera_link
[robot_state_publisher-2] [INFO] [1788125207.304375527] [robot_state_publisher]: got segment chassis
[robot_state_publisher-2] [INFO] [1788125207.304384465] [robot_state_publisher]: got segment front_left_wheel
[robot_state_publisher-2] [INFO] [1788125207.304392587] [robot_state_publisher]: got segment front_right_wheel
[robot_state_publisher-2] [INFO] [1788125207.304401713] [robot_state_publisher]: got segment imu_link
[robot_state_publisher-2] [INFO] [1788125207.304477934] [robot_state_publisher]: got segment rear_left_wheel
[robot_state_publisher-2] [INFO] [1788125207.304489054] [robot_state_publisher]: got segment rear_right_wheel
[parameter_bridge-3] [INFO] [1788125207.304889056] [ros_gz_bridge]: Creating ROS->GZ Bridge: [/imu (sensor_msgs/msg/Imu) -> /imu (gz.msgs.IMU)] (Lazy 0)
[parameter_bridge-3] [INFO] [1788125207.306624314] [ros_gz_bridge]: Creating GZ->ROS Bridge: [/world/regolith_moon/model/rover/joint_state (gz.msgs.Model) -> /world/regolith_moon/model/rover/joint_state (sensor_msgs/msg/JointState)] (Lazy 0)
[parameter_bridge-3] [INFO] [1788125207.308131471] [ros_gz_bridge]: Creating ROS->GZ Bridge: [/world/regolith_moon/model/rover/joint_state (sensor_msgs/msg/JointState) -> /world/regolith_moon/model/rover/joint_state (gz.msgs.Model)] (Lazy 0)
[parameter_bridge-3] [INFO] [1788125207.309590763] [ros_gz_bridge]: Creating GZ->ROS Bridge: [/model/rover/pose (gz.msgs.Pose) -> /model/rover/pose (geometry_msgs/msg/PoseStamped)] (Lazy 0)
[flip_recovery_node.py-11] [INFO] [1788125207.885481779] [regolith_flip_recovery]: Flip/stuck recovery armed (simulated set_pose backstop for flips, straight-line cmd_vel override for stuck-but-upright)
[wheel_slip_node.py-4] [INFO] [1788125207.941022366] [regolith_wheel_slip]: Wheel-slip ZUPT armed: /odom -> /odom/gated (onboard signals only - wheel odometry and IMU, never ground truth). legacy_rigid_body_signature=False
[mission_markers_node.py-12] [INFO] [1788125208.029936252] [regolith_mission_markers]: Mission markers active - start at (0.0, 0.0), Gazebo flags on, RViz on /mission_markers
[costmap_node-8] [INFO] [1788125208.038963631] [regolith_costmap]: Published costmap: 256x256 cells at 0.781 m/cell
[terrain_relative_node.py-5] [INFO] [1788125208.043542557] [regolith_terrain_relative]: Terrain-relative navigation active: 15 m window, fixing at 1.0 Hz, +-6 m search at 0.25 m, DEM 0.391 m/px from /home/balazs/.cache/regolith/worlds/seed_123/manifest.json. Onboard sensors only - no ground truth is read by this node.
[planner_node-9] [WARN] [1788125211.416193876] [regolith_planner]: No costmap or current pose yet - ignoring goal
[planner_node-9] [INFO] [1788125219.470687295] [regolith_planner]: Planned path: 73 waypoints, start=(127, 128) goal=(86, 60)
[parameter_bridge-3] [INFO] [1788125219.730988002] [ros_gz_bridge]: Passing message from ROS geometry_msgs/msg/Twist to Gazebo gz.msgs.Twist (showing msg only once per type)
[pure_pursuit_node-10] [WARN] [1788125273.162392661] [regolith_pure_pursuit]: Stalled for 8s - stopping and replanning
[planner_node-9] [INFO] [1788125273.252462214] [regolith_planner]: Planned path: 73 waypoints, start=(127, 128) goal=(86, 60)
[pure_pursuit_node-10] [INFO] [1788125276.331793717] [regolith_pure_pursuit]: Recovery node has taken over /cmd_vel - pausing path following
[costmap_node-8] [WARN] [1788125276.338824196] [regolith_costmap]: Hazard #1 marked at (-0.31, -0.74): 13 cells lethal (1.2 m + 0.3 m rover radius). The rover got wedged here; the planner will route around it from now on.
[pure_pursuit_node-10] [INFO] [1788125276.339885780] [regolith_pure_pursuit]: Costmap changed (a new keep-out zone) - restoring the replan budget: the route being retried is not the one that already failed
[pure_pursuit_node-10] [INFO] [1788125307.278642463] [regolith_pure_pursuit]: Recovery finished - resuming path following
[flip_recovery_node.py-11] [WARN] [1788125307.340763717] [regolith_flip_recovery]: STUCK RECOVERY #1 (escalation level 0, triggered by ground truth; 1 ground-truth / 0 onboard triggers so far). Escape maneuver: reversed 0.20 m/s for 3.0s, then turned left at 0.50 rad/s for 2.0s (sim time, exact - driven by the sim clock directly, not an RTF-estimated wall-clock sleep; RTF over this window measured 0.15x real time, logged for comparison only). A real rover's FDIR could do the same - this is not a simulated teleport.
[planner_node-9] [WARN] [1788125307.342713537] [regolith_planner]: Current-position cell (128, 128) is lethal (drift, or a keep-out zone this rover marked itself) - planning from the nearest free cell (128, 129) instead
[planner_node-9] [INFO] [1788125307.457111387] [regolith_planner]: Planned path: 74 waypoints, start=(128, 129) goal=(86, 60)
[flip_recovery_node.py-11] [WARN] [1788125315.400192987] [regolith_flip_recovery]: STUCK RECOVERY #1 result: ground truth moved 0.61 m during the maneuver - FREED (1/1 escapes have freed the rover so far)
[pure_pursuit_node-10] [WARN] [1788125359.123252529] [regolith_pure_pursuit]: Stalled for 8s - stopping and replanning
[planner_node-9] [WARN] [1788125359.125589241] [regolith_planner]: Current-position cell (128, 128) is lethal (drift, or a keep-out zone this rover marked itself) - planning from the nearest free cell (128, 129) instead
[planner_node-9] [INFO] [1788125359.202268250] [regolith_planner]: Planned path: 74 waypoints, start=(128, 129) goal=(86, 60)
[terrain_relative_node.py-5] [INFO] [1788125611.131481873] [regolith_terrain_relative]: Terrain fix held: first window, offset (+0.14, +0.52), margin 4.04 - waiting for an independent window to confirm
[terrain_relative_node.py-5] [INFO] [1788125615.686693011] [regolith_terrain_relative]: Terrain fix #1 at 7.9 m travelled: correction (+0.03, +0.10) m, margin 4.16, 39 samples (rejected so far: 0 ambiguous, 0 inconsistent)
[terrain_relative_node.py-5] [INFO] [1788125744.271307539] [regolith_terrain_relative]: Terrain fix #32 at 12.9 m travelled: correction (-0.05, -0.09) m, margin 3.50, 64 samples (rejected so far: 0 ambiguous, 0 inconsistent)
[terrain_relative_node.py-5] [INFO] [1788125929.845052911] [regolith_terrain_relative]: Terrain fix #77 at 18.0 m travelled: correction (-0.04, +0.09) m, margin 5.05, 74 samples (rejected so far: 0 ambiguous, 0 inconsistent)
[terrain_relative_node.py-5] [INFO] [1788126078.075767599] [regolith_terrain_relative]: Terrain fix #113 at 23.1 m travelled: correction (+0.05, +0.09) m, margin 2.94, 74 samples (rejected so far: 0 ambiguous, 0 inconsistent)
[terrain_relative_node.py-5] [INFO] [1788126195.684172934] [regolith_terrain_relative]: Terrain fix #142 at 28.3 m travelled: correction (+0.06, +0.08) m, margin 3.63, 74 samples (rejected so far: 0 ambiguous, 0 inconsistent)
[terrain_relative_node.py-5] [INFO] [1788126246.549145342] [regolith_terrain_relative]: Terrain fix rejected: margin 1.97 < 2.00 - this stretch of terrain does not determine position (74 samples over 15 m)
[terrain_relative_node.py-5] [INFO] [1788126299.213953953] [regolith_terrain_relative]: Terrain fix rejected: margin 2.00 < 2.00 - this stretch of terrain does not determine position (74 samples over 15 m)
[terrain_relative_node.py-5] [INFO] [1788126333.801095426] [regolith_terrain_relative]: Terrain fix rejected: margin 1.74 < 2.00 - this stretch of terrain does not determine position (74 samples over 15 m)
[wheel_slip_node.py-4] [WARN] [1788126341.240784401] [regolith_wheel_slip]: WHEEL SLIP #1: over the last 15.0 s the wheels claim 1.64 m and 4.38 rad of turning; the gyro saw 0.63 rad (14% of it) and the attitude spanned 15.40 deg. Feeding the EKF a zero-velocity update instead of the wheels' claim.
[pure_pursuit_node-10] [INFO] [1788126364.191379315] [regolith_pure_pursuit]: Recovery node has taken over /cmd_vel - pausing path following
[costmap_node-8] [WARN] [1788126364.198711061] [regolith_costmap]: Hazard #2 marked at (-30.22, -6.07): 13 cells lethal (1.2 m + 0.3 m rover radius). The rover got wedged here; the planner will route around it from now on.
[pure_pursuit_node-10] [INFO] [1788126364.198901276] [regolith_pure_pursuit]: Costmap changed (a new keep-out zone) - restoring the replan budget: the route being retried is not the one that already failed
[terrain_relative_node.py-5] [INFO] [1788126366.201017934] [regolith_terrain_relative]: Terrain fix rejected: margin 1.73 < 2.00 - this stretch of terrain does not determine position (74 samples over 15 m)
[wheel_slip_node.py-4] [WARN] [1788126379.303156206] [regolith_wheel_slip]: WHEEL SLIP #1 cleared - over the last 5.0 s the wheels claimed 0.59 rad of turning and the gyro corroborated 25% of it. Phantom distance kept out of the EKF so far: 0.60 m.
[wheel_slip_node.py-4] [WARN] [1788126379.393285985] [regolith_wheel_slip]: WHEEL SLIP #2: over the last 15.0 s the wheels claim 1.02 m and 3.59 rad of turning; the gyro saw 0.35 rad (10% of it) and the attitude spanned 16.71 deg. Feeding the EKF a zero-velocity update instead of the wheels' claim.
[pure_pursuit_node-10] [INFO] [1788126385.978687939] [regolith_pure_pursuit]: Recovery finished - resuming path following
[flip_recovery_node.py-11] [WARN] [1788126386.039937099] [regolith_flip_recovery]: STUCK RECOVERY #2 (escalation level 0, triggered by wheel slip (onboard); 1 ground-truth / 1 onboard triggers so far). Escape maneuver: reversed 0.20 m/s for 3.0s, then turned left at 0.50 rad/s for 2.0s (sim time, exact - driven by the sim clock directly, not an RTF-estimated wall-clock sleep; RTF over this window measured 0.21x real time, logged for comparison only). A real rover's FDIR could do the same - this is not a simulated teleport.
[planner_node-9] [WARN] [1788126386.042075252] [regolith_planner]: Current-position cell (121, 89) is lethal (drift, or a keep-out zone this rover marked itself) - planning from the nearest free cell (122, 88) instead
[planner_node-9] [INFO] [1788126386.066287587] [regolith_planner]: Planned path: 37 waypoints, start=(122, 88) goal=(86, 60)
[wheel_slip_node.py-4] [WARN] [1788126389.241362992] [regolith_wheel_slip]: WHEEL SLIP #2 cleared - over the last 5.0 s the wheels claimed 0.64 rad of turning and the gyro corroborated 85% of it. Phantom distance kept out of the EKF so far: 0.60 m.
[flip_recovery_node.py-11] [WARN] [1788126391.983385695] [regolith_flip_recovery]: STUCK RECOVERY #2 result: ground truth moved 0.61 m during the maneuver - FREED (2/2 escapes have freed the rover so far)
[terrain_relative_node.py-5] [INFO] [1788126397.849407827] [regolith_terrain_relative]: Terrain fix rejected: margin 1.80 < 2.00 - this stretch of terrain does not determine position (74 samples over 15 m)
[terrain_relative_node.py-5] [INFO] [1788126429.682690405] [regolith_terrain_relative]: Terrain fix rejected: margin 1.80 < 2.00 - this stretch of terrain does not determine position (74 samples over 15 m)
[pure_pursuit_node-10] [WARN] [1788126455.189930259] [regolith_pure_pursuit]: Deviated 4.04 m from path - stopping and replanning
[planner_node-9] [INFO] [1788126455.221140405] [regolith_planner]: Planned path: 41 waypoints, start=(126, 85) goal=(86, 60)
[wheel_slip_node.py-4] [WARN] [1788126458.477090414] [regolith_wheel_slip]: WHEEL SLIP #3: over the last 15.0 s the wheels claim 0.63 m and 4.12 rad of turning; the gyro saw 0.60 rad (14% of it) and the attitude spanned 29.01 deg. Feeding the EKF a zero-velocity update instead of the wheels' claim.
[terrain_relative_node.py-5] [INFO] [1788126461.749928925] [regolith_terrain_relative]: Terrain fix rejected: margin 1.76 < 2.00 - this stretch of terrain does not determine position (74 samples over 15 m)
[pure_pursuit_node-10] [INFO] [1788126480.978434622] [regolith_pure_pursuit]: Recovery node has taken over /cmd_vel - pausing path following
[costmap_node-8] [WARN] [1788126480.986033195] [regolith_costmap]: Hazard #3 marked at (-35.44, 0.39): 13 cells lethal (1.2 m + 0.3 m rover radius). The rover got wedged here; the planner will route around it from now on.
[pure_pursuit_node-10] [INFO] [1788126480.986634373] [regolith_pure_pursuit]: Costmap changed (a new keep-out zone) - restoring the replan budget: the route being retried is not the one that already failed
[terrain_relative_node.py-5] [INFO] [1788126493.080748417] [regolith_terrain_relative]: Terrain fix rejected: margin 1.81 < 2.00 - this stretch of terrain does not determine position (74 samples over 15 m)
[wheel_slip_node.py-4] [WARN] [1788126505.846733945] [regolith_wheel_slip]: WHEEL SLIP #3 cleared - over the last 5.0 s the wheels claimed 0.17 rad of turning and the gyro corroborated 13% of it. Phantom distance kept out of the EKF so far: 1.55 m.
[wheel_slip_node.py-4] [WARN] [1788126505.949002711] [regolith_wheel_slip]: WHEEL SLIP #4: over the last 15.0 s the wheels claim 1.00 m and 3.15 rad of turning; the gyro saw 0.12 rad (4% of it) and the attitude spanned 15.11 deg. Feeding the EKF a zero-velocity update instead of the wheels' claim.
[wheel_slip_node.py-4] [WARN] [1788126515.970505180] [regolith_wheel_slip]: WHEEL SLIP #4 cleared - over the last 5.0 s the wheels claimed 0.13 rad of turning and the gyro corroborated 73% of it. Phantom distance kept out of the EKF so far: 1.86 m.
[wheel_slip_node.py-4] [WARN] [1788126516.068814600] [regolith_wheel_slip]: WHEEL SLIP #5: over the last 15.0 s the wheels claim 1.31 m and 2.68 rad of turning; the gyro saw 0.22 rad (8% of it) and the attitude spanned 15.11 deg. Feeding the EKF a zero-velocity update instead of the wheels' claim.
[terrain_relative_node.py-5] [INFO] [1788126523.257473041] [regolith_terrain_relative]: Terrain fix rejected: margin 1.72 < 2.00 - this stretch of terrain does not determine position (74 samples over 15 m)
[wheel_slip_node.py-4] [WARN] [1788126523.529585864] [regolith_wheel_slip]: WHEEL SLIP #5 cleared - over the last 5.0 s the wheels claimed 0.74 rad of turning and the gyro corroborated 72% of it. Phantom distance kept out of the EKF so far: 1.86 m.
[pure_pursuit_node-10] [INFO] [1788126527.671787993] [regolith_pure_pursuit]: Recovery finished - resuming path following
[flip_recovery_node.py-11] [WARN] [1788126527.732649485] [regolith_flip_recovery]: STUCK RECOVERY #3 (escalation level 1, triggered by wheel slip (onboard); 1 ground-truth / 2 onboard triggers so far). Escape maneuver: reversed 0.20 m/s for 6.0s, then turned right at 0.50 rad/s for 3.5s (sim time, exact - driven by the sim clock directly, not an RTF-estimated wall-clock sleep; RTF over this window measured 0.20x real time, logged for comparison only). A real rover's FDIR could do the same - this is not a simulated teleport.
[planner_node-9] [INFO] [1788126527.760569103] [regolith_planner]: Planned path: 49 waypoints, start=(134, 81) goal=(86, 60)
[flip_recovery_node.py-11] [WARN] [1788126533.305158659] [regolith_flip_recovery]: STUCK RECOVERY #3 result: ground truth moved 1.18 m during the maneuver - FREED (3/3 escapes have freed the rover so far)
[terrain_relative_node.py-5] [INFO] [1788126554.363783193] [regolith_terrain_relative]: Terrain fix rejected: margin 1.72 < 2.00 - this stretch of terrain does not determine position (74 samples over 15 m)
[pure_pursuit_node-10] [WARN] [1788126567.209225672] [regolith_pure_pursuit]: Deviated 4.02 m from path - stopping and replanning
[planner_node-9] [INFO] [1788126567.243928682] [regolith_planner]: Planned path: 53 waypoints, start=(138, 78) goal=(86, 60)
[pure_pursuit_node-10] [INFO] [1788126584.855589471] [regolith_pure_pursuit]: Recovery node has taken over /cmd_vel - pausing path following
[costmap_node-8] [WARN] [1788126584.864789068] [regolith_costmap]: Hazard #4 marked at (-40.36, 6.96): 13 cells lethal (1.2 m + 0.3 m rover radius). The rover got wedged here; the planner will route around it from now on.
[pure_pursuit_node-10] [INFO] [1788126584.865369872] [regolith_pure_pursuit]: Costmap changed (a new keep-out zone) - restoring the replan budget: the route being retried is not the one that already failed
[terrain_relative_node.py-5] [INFO] [1788126587.132177590] [regolith_terrain_relative]: Terrain fix rejected: margin 1.75 < 2.00 - this stretch of terrain does not determine position (74 samples over 15 m)
[terrain_relative_node.py-5] [INFO] [1788126621.644718984] [regolith_terrain_relative]: Terrain fix rejected: margin 1.78 < 2.00 - this stretch of terrain does not determine position (74 samples over 15 m)
