[INFO] [launch]: All log files can be found below /home/balazs/.ros/log/2026-09-14-12-57-32-006562-DESKTOP-IE5MOME-3956
[INFO] [launch]: Default logging verbosity is set to INFO
[hello_moon.launch] Using ROS_DOMAIN_ID=79 (isolated DDS domain for this launch - see PROGRESS.md)
[hello_moon.launch] TERRAIN-RELATIVE NAVIGATION ENABLED - the EKF is fused with an absolute position fix matched from IMU attitude against the a-priori DEM. No ground truth is read, so runs with this on ARE milestone results. Replayed through 25 recorded runs it cuts final EKF error from 2.97 m to 0.71 m median, but a replay is not a run - see PROGRESS.md before reading anything into a single result.
[hello_moon.launch] A-PRIORI DEM DEGRADED: posts 2.0 m, noise 0.1 m, registration shift 0.0 m (seed 1). This run's localisation numbers are NOT perfect-map numbers.
[INFO] [ruby $(which gz) sim-1]: process started with pid [4000]
[INFO] [robot_state_publisher-2]: process started with pid [4002]
[INFO] [parameter_bridge-3]: process started with pid [4005]
[INFO] [wheel_slip_node.py-4]: process started with pid [4007]
[INFO] [terrain_relative_node.py-5]: process started with pid [4010]
[INFO] [sensor_covariance_relay.py-6]: process started with pid [4012]
[INFO] [ekf_node-7]: process started with pid [4014]
[INFO] [costmap_node-8]: process started with pid [4016]
[INFO] [planner_node-9]: process started with pid [4018]
[INFO] [pure_pursuit_node-10]: process started with pid [4020]
[INFO] [flip_recovery_node.py-11]: process started with pid [4022]
[INFO] [mission_markers_node.py-12]: process started with pid [4024]
[robot_state_publisher-2] [INFO] [1789383453.772376090] [robot_state_publisher]: got segment base_link
[robot_state_publisher-2] [INFO] [1789383453.772531941] [robot_state_publisher]: got segment camera_link
[robot_state_publisher-2] [INFO] [1789383453.772542129] [robot_state_publisher]: got segment chassis
[robot_state_publisher-2] [INFO] [1789383453.772547159] [robot_state_publisher]: got segment front_left_wheel
[robot_state_publisher-2] [INFO] [1789383453.772551622] [robot_state_publisher]: got segment front_right_wheel
[robot_state_publisher-2] [INFO] [1789383453.772555800] [robot_state_publisher]: got segment imu_link
[robot_state_publisher-2] [INFO] [1789383453.772559873] [robot_state_publisher]: got segment rear_left_wheel
[robot_state_publisher-2] [INFO] [1789383453.772564125] [robot_state_publisher]: got segment rear_right_wheel
[parameter_bridge-3] [INFO] [1789383453.789719490] [ros_gz_bridge]: Creating GZ->ROS Bridge: [/clock (gz.msgs.Clock) -> /clock (rosgraph_msgs/msg/Clock)] (Lazy 0)
[parameter_bridge-3] [INFO] [1789383453.792212625] [ros_gz_bridge]: Creating GZ->ROS Bridge: [/cmd_vel (gz.msgs.Twist) -> /cmd_vel (geometry_msgs/msg/Twist)] (Lazy 0)
[parameter_bridge-3] [INFO] [1789383453.795086778] [ros_gz_bridge]: Creating ROS->GZ Bridge: [/cmd_vel (geometry_msgs/msg/Twist) -> /cmd_vel (gz.msgs.Twist)] (Lazy 0)
[parameter_bridge-3] [INFO] [1789383453.796707527] [ros_gz_bridge]: Creating GZ->ROS Bridge: [/odometry (gz.msgs.Odometry) -> /odometry (nav_msgs/msg/Odometry)] (Lazy 0)
[parameter_bridge-3] [INFO] [1789383453.800148843] [ros_gz_bridge]: Creating ROS->GZ Bridge: [/odometry (nav_msgs/msg/Odometry) -> /odometry (gz.msgs.Odometry)] (Lazy 0)
[parameter_bridge-3] [INFO] [1789383453.801703927] [ros_gz_bridge]: Creating GZ->ROS Bridge: [/camera (gz.msgs.Image) -> /camera (sensor_msgs/msg/Image)] (Lazy 0)
[parameter_bridge-3] [INFO] [1789383453.804432438] [ros_gz_bridge]: Creating ROS->GZ Bridge: [/camera (sensor_msgs/msg/Image) -> /camera (gz.msgs.Image)] (Lazy 0)
[parameter_bridge-3] [INFO] [1789383453.806308581] [ros_gz_bridge]: Creating GZ->ROS Bridge: [/camera_info (gz.msgs.CameraInfo) -> /camera_info (sensor_msgs/msg/CameraInfo)] (Lazy 0)
[parameter_bridge-3] [INFO] [1789383453.808133910] [ros_gz_bridge]: Creating ROS->GZ Bridge: [/camera_info (sensor_msgs/msg/CameraInfo) -> /camera_info (gz.msgs.CameraInfo)] (Lazy 0)
[parameter_bridge-3] [INFO] [1789383453.809864801] [ros_gz_bridge]: Creating GZ->ROS Bridge: [/depth_camera (gz.msgs.Image) -> /depth_camera (sensor_msgs/msg/Image)] (Lazy 0)
[parameter_bridge-3] [INFO] [1789383453.811032396] [ros_gz_bridge]: Creating ROS->GZ Bridge: [/depth_camera (sensor_msgs/msg/Image) -> /depth_camera (gz.msgs.Image)] (Lazy 0)
[parameter_bridge-3] [INFO] [1789383453.812518133] [ros_gz_bridge]: Creating GZ->ROS Bridge: [/imu (gz.msgs.IMU) -> /imu (sensor_msgs/msg/Imu)] (Lazy 0)
[parameter_bridge-3] [INFO] [1789383453.814409295] [ros_gz_bridge]: Creating ROS->GZ Bridge: [/imu (sensor_msgs/msg/Imu) -> /imu (gz.msgs.IMU)] (Lazy 0)
[parameter_bridge-3] [INFO] [1789383453.815895295] [ros_gz_bridge]: Creating GZ->ROS Bridge: [/world/regolith_moon/model/rover/joint_state (gz.msgs.Model) -> /world/regolith_moon/model/rover/joint_state (sensor_msgs/msg/JointState)] (Lazy 0)
[parameter_bridge-3] [INFO] [1789383453.817636016] [ros_gz_bridge]: Creating ROS->GZ Bridge: [/world/regolith_moon/model/rover/joint_state (sensor_msgs/msg/JointState) -> /world/regolith_moon/model/rover/joint_state (gz.msgs.Model)] (Lazy 0)
[parameter_bridge-3] [INFO] [1789383453.819255902] [ros_gz_bridge]: Creating GZ->ROS Bridge: [/model/rover/pose (gz.msgs.Pose) -> /model/rover/pose (geometry_msgs/msg/PoseStamped)] (Lazy 0)
[wheel_slip_node.py-4] [INFO] [1789383454.204613258] [regolith_wheel_slip]: Wheel-slip ZUPT armed: /odom -> /odom/gated (onboard signals only - wheel odometry and IMU, never ground truth). legacy_rigid_body_signature=False
[flip_recovery_node.py-11] [INFO] [1789383454.247526638] [regolith_flip_recovery]: Flip/stuck recovery armed (simulated set_pose backstop for flips, straight-line cmd_vel override for stuck-but-upright). Detection uses GROUND TRUTH - a simulation oracle; see onboard_only for the hardware-runnable path.
[costmap_node-8] [INFO] [1789383454.280719208] [regolith_costmap]: Published costmap: 256x256 cells at 0.781 m/cell
[mission_markers_node.py-12] [INFO] [1789383454.309290400] [regolith_mission_markers]: Mission markers active - start at (0.0, 0.0), Gazebo flags on, RViz on /mission_markers
[terrain_relative_node.py-5] [WARN] [1789383454.353773699] [regolith_terrain_relative]: A-PRIORI DEM DELIBERATELY DEGRADED: posts 2.00 m (native 0.39 m), elevation noise 0.10 m sigma -> 0.100 m realised rms (seed 1), registration shift 0.00 m on both axes.
[terrain_relative_node.py-5] [INFO] [1789383454.386728414] [regolith_terrain_relative]: Terrain-relative navigation active: 15 m window, fixing at 1.0 Hz, +-6 m search at 0.25 m, DEM 0.391 m/px from /home/balazs/.cache/regolith/worlds/seed_123/manifest.json. Onboard sensors only - no ground truth is read by this node.
[planner_node-9] [WARN] [1789383458.143823474] [regolith_planner]: No costmap or current pose yet - ignoring goal
[planner_node-9] [INFO] [1789383467.186807089] [regolith_planner]: Planned path: 73 waypoints, start=(127, 128) goal=(86, 60)
[parameter_bridge-3] [INFO] [1789383467.362440704] [ros_gz_bridge]: Passing message from ROS geometry_msgs/msg/Twist to Gazebo gz.msgs.Twist (showing msg only once per type)
[pure_pursuit_node-10] [WARN] [1789383499.311834801] [regolith_pure_pursuit]: Stalled for 8s - stopping and replanning
[planner_node-9] [INFO] [1789383499.379030098] [regolith_planner]: Planned path: 73 waypoints, start=(127, 128) goal=(86, 60)
[pure_pursuit_node-10] [INFO] [1789383502.713802987] [regolith_pure_pursuit]: Recovery node has taken over /cmd_vel - pausing path following
[costmap_node-8] [WARN] [1789383502.721789856] [regolith_costmap]: Hazard #1 marked at (-0.32, -0.73): 13 cells lethal (1.2 m + 0.3 m rover radius). The rover got wedged here; the planner will route around it from now on.
[pure_pursuit_node-10] [INFO] [1789383502.721939060] [regolith_pure_pursuit]: Costmap changed (a new keep-out zone) - restoring the replan budget: the route being retried is not the one that already failed
[pure_pursuit_node-10] [INFO] [1789383522.601465755] [regolith_pure_pursuit]: Recovery finished - resuming path following
[flip_recovery_node.py-11] [WARN] [1789383522.663125327] [regolith_flip_recovery]: STUCK RECOVERY #1 (escalation level 0, triggered by ground truth; 1 ground-truth / 0 onboard-estimate / 0 wheel-slip triggers so far). Escape maneuver: reversed 0.20 m/s for 3.0s, then turned left at 0.50 rad/s for 2.0s (sim time, exact - driven by the sim clock directly, not an RTF-estimated wall-clock sleep; RTF over this window measured 0.25x real time, logged for comparison only). A real rover's FDIR could do the same - this is not a simulated teleport.
[planner_node-9] [WARN] [1789383522.664385974] [regolith_planner]: Current-position cell (128, 128) is lethal (drift, or a keep-out zone this rover marked itself) - planning from the nearest free cell (128, 129) instead
[planner_node-9] [INFO] [1789383522.764217137] [regolith_planner]: Planned path: 74 waypoints, start=(128, 129) goal=(86, 60)
[flip_recovery_node.py-11] [WARN] [1789383526.103415826] [regolith_flip_recovery]: STUCK RECOVERY #1 result: ground truth moved 0.61 m during the maneuver - FREED (1/1 escapes have freed the rover so far)
[pure_pursuit_node-10] [WARN] [1789383553.374177675] [regolith_pure_pursuit]: Stalled for 8s - stopping and replanning
[planner_node-9] [WARN] [1789383553.375612821] [regolith_planner]: Current-position cell (128, 128) is lethal (drift, or a keep-out zone this rover marked itself) - planning from the nearest free cell (128, 129) instead
[planner_node-9] [INFO] [1789383553.443939519] [regolith_planner]: Planned path: 74 waypoints, start=(128, 129) goal=(86, 60)
[terrain_relative_node.py-5] [INFO] [1789383738.827689875] [regolith_terrain_relative]: Terrain fix held: first window, offset (+2.47, -2.79), margin 6.02 - waiting for an independent window to confirm
[terrain_relative_node.py-5] [INFO] [1789383742.873791475] [regolith_terrain_relative]: Terrain correction #1 at 7.9 m travelled: (+0.40, -0.29) m, margin 5.57, 39 samples, 2 poses published (rejected so far: 0 ambiguous, 0 inconsistent)
[terrain_relative_node.py-5] [INFO] [1789383856.484878514] [regolith_terrain_relative]: Terrain correction #6 at 13.3 m travelled: (+0.47, -0.17) m, margin 2.33, 66 samples, 32 poses published (rejected so far: 0 ambiguous, 0 inconsistent)
[terrain_relative_node.py-5] [INFO] [1789383900.892166626] [regolith_terrain_relative]: Terrain fix rejected: disagrees with the previous window by 3.50 m (> 1.50); offset now (+2.23, +0.70), was (+2.47, -2.79)
[terrain_relative_node.py-5] [INFO] [1789383972.345987701] [regolith_terrain_relative]: Terrain correction #11 at 19.1 m travelled: (-0.45, +0.22) m, margin 2.78, 74 samples, 63 poses published (rejected so far: 0 ambiguous, 1 inconsistent)
[terrain_relative_node.py-5] [INFO] [1789384070.507284002] [regolith_terrain_relative]: Terrain fix rejected: disagrees with the previous window by 6.29 m (> 1.50); offset now (-3.81, +2.46), was (+2.23, +0.70)
[terrain_relative_node.py-5] [INFO] [1789384103.774663354] [regolith_terrain_relative]: Terrain correction #16 at 24.5 m travelled: (+0.04, +0.50) m, margin 2.31, 74 samples, 94 poses published (rejected so far: 0 ambiguous, 2 inconsistent)
[terrain_relative_node.py-5] [INFO] [1789384244.073454129] [regolith_terrain_relative]: Terrain fix rejected: margin 1.86 < 2.00 - this stretch of terrain does not determine position (74 samples over 15 m)
[terrain_relative_node.py-5] [INFO] [1789384277.497625216] [regolith_terrain_relative]: Terrain fix rejected: margin 1.93 < 2.00 - this stretch of terrain does not determine position (74 samples over 15 m)
[terrain_relative_node.py-5] [INFO] [1789384310.129995557] [regolith_terrain_relative]: Terrain fix rejected: margin 1.66 < 2.00 - this stretch of terrain does not determine position (74 samples over 15 m)
[terrain_relative_node.py-5] [INFO] [1789384343.578808783] [regolith_terrain_relative]: Terrain fix rejected: margin 1.98 < 2.00 - this stretch of terrain does not determine position (74 samples over 15 m)
[terrain_relative_node.py-5] [INFO] [1789384348.477791181] [regolith_terrain_relative]: Terrain correction #21 at 33.0 m travelled: (-0.43, +0.25) m, margin 2.06, 74 samples, 146 poses published (rejected so far: 22 ambiguous, 2 inconsistent)
[wheel_slip_node.py-4] [WARN] [1789384363.964901002] [regolith_wheel_slip]: WHEEL SLIP #1: over the last 15.0 s the wheels claim 1.56 m and 4.35 rad of turning; the gyro saw 0.63 rad (14% of it) and the attitude spanned 16.03 deg. Feeding the EKF a zero-velocity update instead of the wheels' claim.
[pure_pursuit_node-10] [INFO] [1789384387.918225233] [regolith_pure_pursuit]: Recovery node has taken over /cmd_vel - pausing path following
[costmap_node-8] [WARN] [1789384387.926390587] [regolith_costmap]: Hazard #2 marked at (-25.70, -4.70): 13 cells lethal (1.2 m + 0.3 m rover radius). The rover got wedged here; the planner will route around it from now on.
[pure_pursuit_node-10] [INFO] [1789384387.926647818] [regolith_pure_pursuit]: Costmap changed (a new keep-out zone) - restoring the replan budget: the route being retried is not the one that already failed
[wheel_slip_node.py-4] [WARN] [1789384407.003394072] [regolith_wheel_slip]: WHEEL SLIP #1 cleared - over the last 5.0 s the wheels claimed 0.59 rad of turning and the gyro corroborated 26% of it. Phantom distance kept out of the EKF so far: 0.60 m.
[wheel_slip_node.py-4] [WARN] [1789384407.109293594] [regolith_wheel_slip]: WHEEL SLIP #2: over the last 15.0 s the wheels claim 1.03 m and 3.59 rad of turning; the gyro saw 0.28 rad (8% of it) and the attitude spanned 14.05 deg. Feeding the EKF a zero-velocity update instead of the wheels' claim.
[pure_pursuit_node-10] [INFO] [1789384413.213535729] [regolith_pure_pursuit]: Recovery finished - resuming path following
[flip_recovery_node.py-11] [WARN] [1789384413.274645563] [regolith_flip_recovery]: STUCK RECOVERY #2 (escalation level 0, triggered by wheel slip (onboard); 1 ground-truth / 0 onboard-estimate / 1 wheel-slip triggers so far). Escape maneuver: reversed 0.20 m/s for 3.0s, then turned left at 0.50 rad/s for 2.0s (sim time, exact - driven by the sim clock directly, not an RTF-estimated wall-clock sleep; RTF over this window measured 0.20x real time, logged for comparison only). A real rover's FDIR could do the same - this is not a simulated teleport.
[planner_node-9] [WARN] [1789384413.276421803] [regolith_planner]: Current-position cell (122, 96) is lethal (drift, or a keep-out zone this rover marked itself) - planning from the nearest free cell (122, 97) instead
[planner_node-9] [INFO] [1789384413.316355184] [regolith_planner]: Planned path: 44 waypoints, start=(122, 97) goal=(86, 60)
[wheel_slip_node.py-4] [WARN] [1789384415.477162701] [regolith_wheel_slip]: WHEEL SLIP #2 cleared - over the last 5.0 s the wheels claimed 0.76 rad of turning and the gyro corroborated 77% of it. Phantom distance kept out of the EKF so far: 0.60 m.
[flip_recovery_node.py-11] [WARN] [1789384417.575292176] [regolith_flip_recovery]: STUCK RECOVERY #2 result: ground truth moved 0.63 m during the maneuver - FREED (2/2 escapes have freed the rover so far)
[pure_pursuit_node-10] [INFO] [1789384458.494322656] [regolith_pure_pursuit]: Recovery node has taken over /cmd_vel - pausing path following
[costmap_node-8] [WARN] [1789384458.502693951] [regolith_costmap]: Hazard #3 marked at (-24.68, -5.20): 13 cells lethal (1.2 m + 0.3 m rover radius). The rover got wedged here; the planner will route around it from now on.
[pure_pursuit_node-10] [INFO] [1789384503.867376091] [regolith_pure_pursuit]: Recovery finished - resuming path following
[flip_recovery_node.py-11] [WARN] [1789384503.928266344] [regolith_flip_recovery]: STUCK RECOVERY #3 (escalation level 1, triggered by ground truth; 2 ground-truth / 0 onboard-estimate / 1 wheel-slip triggers so far). Escape maneuver: reversed 0.20 m/s for 6.0s, then turned right at 0.50 rad/s for 3.5s (sim time, exact - driven by the sim clock directly, not an RTF-estimated wall-clock sleep; RTF over this window measured 0.20x real time, logged for comparison only). A real rover's FDIR could do the same - this is not a simulated teleport.
[planner_node-9] [INFO] [1789384503.963908938] [regolith_planner]: Planned path: 40 waypoints, start=(124, 95) goal=(86, 60)
[flip_recovery_node.py-11] [WARN] [1789384507.853276946] [regolith_flip_recovery]: STUCK RECOVERY #3 result: ground truth moved 1.17 m during the maneuver - FREED (3/3 escapes have freed the rover so far)
[terrain_relative_node.py-5] [INFO] [1789384555.405540182] [regolith_terrain_relative]: Terrain fix rejected: margin 1.97 < 2.00 - this stretch of terrain does not determine position (74 samples over 15 m)
[terrain_relative_node.py-5] [INFO] [1789384589.059670670] [regolith_terrain_relative]: Terrain fix rejected: margin 1.97 < 2.00 - this stretch of terrain does not determine position (74 samples over 15 m)
[pure_pursuit_node-10] [INFO] [1789384607.371550629] [regolith_pure_pursuit]: Recovery node has taken over /cmd_vel - pausing path following
[costmap_node-8] [WARN] [1789384607.381058495] [regolith_costmap]: Hazard #4 marked at (-27.33, -5.31): 13 cells lethal (1.2 m + 0.3 m rover radius). The rover got wedged here; the planner will route around it from now on.
[terrain_relative_node.py-5] [INFO] [1789384617.345296917] [regolith_terrain_relative]: Terrain correction #25 at 38.3 m travelled: (+0.47, +0.17) m, margin 2.01, 74 samples, 203 poses published (rejected so far: 35 ambiguous, 2 inconsistent)
[terrain_relative_node.py-5] [INFO] [1789384645.389185241] [regolith_terrain_relative]: Terrain fix rejected: margin 1.91 < 2.00 - this stretch of terrain does not determine position (74 samples over 15 m)
[pure_pursuit_node-10] [INFO] [1789384678.536661311] [regolith_pure_pursuit]: Recovery finished - resuming path following
[terrain_relative_node.py-5] [INFO] [1789384678.578502119] [regolith_terrain_relative]: Terrain fix rejected: margin 1.90 < 2.00 - this stretch of terrain does not determine position (74 samples over 15 m)
[flip_recovery_node.py-11] [WARN] [1789384678.597699410] [regolith_flip_recovery]: STUCK RECOVERY #4 (escalation level 2, triggered by ground truth; 3 ground-truth / 0 onboard-estimate / 1 wheel-slip triggers so far). Escape maneuver: reversed 0.20 m/s for 10.0s, then turned left at 0.50 rad/s for 5.0s (sim time, exact - driven by the sim clock directly, not an RTF-estimated wall-clock sleep; RTF over this window measured 0.20x real time, logged for comparison only). A real rover's FDIR could do the same - this is not a simulated teleport.
[planner_node-9] [INFO] [1789384678.633559390] [regolith_planner]: Planned path: 40 waypoints, start=(124, 94) goal=(86, 60)
[flip_recovery_node.py-11] [WARN] [1789384684.695812525] [regolith_flip_recovery]: STUCK RECOVERY #4 result: ground truth moved 1.96 m during the maneuver - FREED (4/4 escapes have freed the rover so far)
[terrain_relative_node.py-5] [INFO] [1789384711.611248724] [regolith_terrain_relative]: Terrain fix rejected: margin 1.88 < 2.00 - this stretch of terrain does not determine position (74 samples over 15 m)
[terrain_relative_node.py-5] [INFO] [1789384745.045243691] [regolith_terrain_relative]: Terrain fix rejected: margin 1.91 < 2.00 - this stretch of terrain does not determine position (74 samples over 15 m)
[terrain_relative_node.py-5] [INFO] [1789384777.422136695] [regolith_terrain_relative]: Terrain fix rejected: margin 1.91 < 2.00 - this stretch of terrain does not determine position (74 samples over 15 m)
[terrain_relative_node.py-5] [INFO] [1789384810.792401387] [regolith_terrain_relative]: Terrain fix rejected: margin 1.92 < 2.00 - this stretch of terrain does not determine position (74 samples over 15 m)
[wheel_slip_node.py-4] [WARN] [1789384843.379760267] [regolith_wheel_slip]: WHEEL SLIP #3: over the last 15.0 s the wheels claim 2.03 m and 2.11 rad of turning; the gyro saw 0.31 rad (14% of it) and the attitude spanned 13.18 deg. Feeding the EKF a zero-velocity update instead of the wheels' claim.
[terrain_relative_node.py-5] [INFO] [1789384843.601394549] [regolith_terrain_relative]: Terrain fix rejected: margin 1.93 < 2.00 - this stretch of terrain does not determine position (74 samples over 15 m)
[pure_pursuit_node-10] [INFO] [1789384867.223707622] [regolith_pure_pursuit]: Recovery node has taken over /cmd_vel - pausing path following
[costmap_node-8] [WARN] [1789384867.232400519] [regolith_costmap]: Hazard #5 marked at (-29.80, -5.08): 13 cells lethal (1.2 m + 0.3 m rover radius). The rover got wedged here; the planner will route around it from now on.
[terrain_relative_node.py-5] [INFO] [1789384875.476962315] [regolith_terrain_relative]: Terrain fix rejected: margin 1.89 < 2.00 - this stretch of terrain does not determine position (74 samples over 15 m)
[wheel_slip_node.py-4] [WARN] [1789384888.208984666] [regolith_wheel_slip]: WHEEL SLIP #3 cleared - over the last 5.0 s the wheels claimed 0.17 rad of turning and the gyro corroborated 9% of it. Phantom distance kept out of the EKF so far: 2.13 m.
[wheel_slip_node.py-4] [WARN] [1789384888.308734316] [regolith_wheel_slip]: WHEEL SLIP #4: over the last 15.0 s the wheels claim 2.23 m and 3.16 rad of turning; the gyro saw 0.05 rad (2% of it) and the attitude spanned 1.83 deg. Feeding the EKF a zero-velocity update instead of the wheels' claim.
[wheel_slip_node.py-4] [WARN] [1789384898.100793282] [regolith_wheel_slip]: WHEEL SLIP #4 cleared - over the last 5.0 s the wheels claimed 0.00 rad of turning and the gyro corroborated nan% of it. Phantom distance kept out of the EKF so far: 2.53 m.
[wheel_slip_node.py-4] [WARN] [1789384898.199416779] [regolith_wheel_slip]: WHEEL SLIP #5: over the last 15.0 s the wheels claim 2.36 m and 2.55 rad of turning; the gyro saw 0.04 rad (1% of it) and the attitude spanned 1.83 deg. Feeding the EKF a zero-velocity update instead of the wheels' claim.
[wheel_slip_node.py-4] [WARN] [1789384906.467325029] [regolith_wheel_slip]: WHEEL SLIP #5 cleared - over the last 5.0 s the wheels claimed 0.00 rad of turning and the gyro corroborated nan% of it. Phantom distance kept out of the EKF so far: 2.93 m.
[wheel_slip_node.py-4] [WARN] [1789384906.568329739] [regolith_wheel_slip]: WHEEL SLIP #6: over the last 15.0 s the wheels claim 2.50 m and 1.95 rad of turning; the gyro saw 0.03 rad (1% of it) and the attitude spanned 1.38 deg. Feeding the EKF a zero-velocity update instead of the wheels' claim.
[terrain_relative_node.py-5] [INFO] [1789384908.174461356] [regolith_terrain_relative]: Terrain fix rejected: margin 1.83 < 2.00 - this stretch of terrain does not determine position (74 samples over 15 m)
[wheel_slip_node.py-4] [WARN] [1789384916.371857258] [regolith_wheel_slip]: WHEEL SLIP #6 cleared - over the last 5.0 s the wheels claimed 0.14 rad of turning and the gyro corroborated 79% of it. Phantom distance kept out of the EKF so far: 3.23 m.
[wheel_slip_node.py-4] [WARN] [1789384916.468168117] [regolith_wheel_slip]: WHEEL SLIP #7: over the last 15.0 s the wheels claim 2.54 m and 1.49 rad of turning; the gyro saw 0.14 rad (9% of it) and the attitude spanned 6.96 deg. Feeding the EKF a zero-velocity update instead of the wheels' claim.
[wheel_slip_node.py-4] [WARN] [1789384926.891146104] [regolith_wheel_slip]: WHEEL SLIP #7 cleared - over the last 5.0 s the wheels claimed 0.75 rad of turning and the gyro corroborated 76% of it. Phantom distance kept out of the EKF so far: 3.23 m.
[terrain_relative_node.py-5] [INFO] [1789384941.363788688] [regolith_terrain_relative]: Terrain fix rejected: margin 1.86 < 2.00 - this stretch of terrain does not determine position (74 samples over 15 m)
[pure_pursuit_node-10] [INFO] [1789384943.729553401] [regolith_pure_pursuit]: Recovery finished - resuming path following
[flip_recovery_node.py-11] [WARN] [1789384943.790265694] [regolith_flip_recovery]: STUCK RECOVERY #5 (escalation level 3, triggered by wheel slip (onboard); 3 ground-truth / 0 onboard-estimate / 2 wheel-slip triggers so far). Escape maneuver: reversed 0.20 m/s for 10.0s, then turned right at 0.50 rad/s for 6.5s (sim time, exact - driven by the sim clock directly, not an RTF-estimated wall-clock sleep; RTF over this window measured 0.21x real time, logged for comparison only). A real rover's FDIR could do the same - this is not a simulated teleport.
[planner_node-9] [INFO] [1789384943.829419356] [regolith_planner]: Planned path: 42 waypoints, start=(123, 92) goal=(86, 60)
[flip_recovery_node.py-11] [WARN] [1789384949.148940762] [regolith_flip_recovery]: STUCK RECOVERY #5 result: ground truth moved 2.02 m during the maneuver - FREED (5/5 escapes have freed the rover so far)
[terrain_relative_node.py-5] [INFO] [1789384974.128442126] [regolith_terrain_relative]: Terrain fix rejected: margin 1.86 < 2.00 - this stretch of terrain does not determine position (74 samples over 15 m)
[terrain_relative_node.py-5] [INFO] [1789385006.874601456] [regolith_terrain_relative]: Terrain fix rejected: margin 1.73 < 2.00 - this stretch of terrain does not determine position (74 samples over 15 m)
[terrain_relative_node.py-5] [INFO] [1789385039.313135152] [regolith_terrain_relative]: Terrain fix rejected: margin 1.68 < 2.00 - this stretch of terrain does not determine position (74 samples over 15 m)
[terrain_relative_node.py-5] [INFO] [1789385071.840155918] [regolith_terrain_relative]: Terrain fix rejected: margin 1.72 < 2.00 - this stretch of terrain does not determine position (74 samples over 15 m)
[terrain_relative_node.py-5] [INFO] [1789385105.153342140] [regolith_terrain_relative]: Terrain fix rejected: margin 1.76 < 2.00 - this stretch of terrain does not determine position (74 samples over 15 m)
[terrain_relative_node.py-5] [INFO] [1789385138.417388226] [regolith_terrain_relative]: Terrain fix rejected: margin 1.74 < 2.00 - this stretch of terrain does not determine position (74 samples over 15 m)
[terrain_relative_node.py-5] [INFO] [1789385171.233205832] [regolith_terrain_relative]: Terrain fix rejected: margin 1.74 < 2.00 - this stretch of terrain does not determine position (74 samples over 15 m)
[pure_pursuit_node-10] [INFO] [1789385200.536662110] [regolith_pure_pursuit]: Recovery node has taken over /cmd_vel - pausing path following
[costmap_node-8] [WARN] [1789385200.544979662] [regolith_costmap]: Hazard #6 marked at (-32.92, -6.53): 13 cells lethal (1.2 m + 0.3 m rover radius). The rover got wedged here; the planner will route around it from now on.
[terrain_relative_node.py-5] [INFO] [1789385204.479819871] [regolith_terrain_relative]: Terrain fix rejected: margin 1.85 < 2.00 - this stretch of terrain does not determine position (74 samples over 15 m)
[terrain_relative_node.py-5] [INFO] [1789385212.792654550] [regolith_terrain_relative]: Terrain correction #26 at 52.4 m travelled: (-0.45, +0.21) m, margin 2.16, 74 samples, 330 poses published (rejected so far: 156 ambiguous, 2 inconsistent)
[pure_pursuit_node-10] [INFO] [1789385284.714179409] [regolith_pure_pursuit]: Recovery finished - resuming path following
[flip_recovery_node.py-11] [WARN] [1789385284.774962718] [regolith_flip_recovery]: STUCK RECOVERY #6 (escalation level 4, triggered by ground truth; 4 ground-truth / 0 onboard-estimate / 2 wheel-slip triggers so far). Escape maneuver: reversed 0.20 m/s for 10.0s, then turned left at 0.50 rad/s for 8.0s (sim time, exact - driven by the sim clock directly, not an RTF-estimated wall-clock sleep; RTF over this window measured 0.20x real time, logged for comparison only). A real rover's FDIR could do the same - this is not a simulated teleport.
[planner_node-9] [INFO] [1789385284.803848271] [regolith_planner]: Planned path: 38 waypoints, start=(122, 86) goal=(86, 60)
[flip_recovery_node.py-11] [WARN] [1789385290.688965941] [regolith_flip_recovery]: STUCK RECOVERY #6 result: ground truth moved 2.00 m during the maneuver - FREED (6/6 escapes have freed the rover so far)
[pure_pursuit_node-10] [WARN] [1789385324.135273787] [regolith_pure_pursuit]: Stalled for 8s - stopping and replanning
[planner_node-9] [INFO] [1789385324.165835457] [regolith_planner]: Planned path: 38 waypoints, start=(122, 86) goal=(86, 60)
[terrain_relative_node.py-5] [INFO] [1789385467.295374964] [regolith_terrain_relative]: Terrain correction #31 at 57.6 m travelled: (-0.07, +0.50) m, margin 7.30, 75 samples, 384 poses published (rejected so far: 156 ambiguous, 2 inconsistent)
[pure_pursuit_node-10] [INFO] [1789385570.394425349] [regolith_pure_pursuit]: Recovery node has taken over /cmd_vel - pausing path following
[costmap_node-8] [WARN] [1789385570.413195537] [regolith_costmap]: Hazard #7 marked at (-36.11, -7.63): 13 cells lethal (1.2 m + 0.3 m rover radius). The rover got wedged here; the planner will route around it from now on.
[pure_pursuit_node-10] [INFO] [1789385570.413824356] [regolith_pure_pursuit]: Costmap changed (a new keep-out zone) - restoring the replan budget: the route being retried is not the one that already failed
[terrain_relative_node.py-5] [INFO] [1789385655.362482579] [regolith_terrain_relative]: Terrain fix rejected: disagrees with the previous window by 2.62 m (> 1.50); offset now (-0.11, +0.51), was (-2.65, +1.19)
[pure_pursuit_node-10] [INFO] [1789385711.893733658] [regolith_pure_pursuit]: Recovery finished - resuming path following
[flip_recovery_node.py-11] [WARN] [1789385711.955396437] [regolith_flip_recovery]: STUCK RECOVERY #7 (escalation level 5, triggered by ground truth; 5 ground-truth / 0 onboard-estimate / 2 wheel-slip triggers so far). Escape maneuver: reversed 0.20 m/s for 10.0s, then turned right at 0.50 rad/s for 8.0s (sim time, exact - driven by the sim clock directly, not an RTF-estimated wall-clock sleep; RTF over this window measured 0.12x real time, logged for comparison only). A real rover's FDIR could do the same - this is not a simulated teleport.
[planner_node-9] [INFO] [1789385712.009091617] [regolith_planner]: Planned path: 38 waypoints, start=(123, 82) goal=(86, 60)
[flip_recovery_node.py-11] [WARN] [1789385721.960433340] [regolith_flip_recovery]: STUCK RECOVERY #7 result: ground truth moved 2.09 m during the maneuver - FREED (7/7 escapes have freed the rover so far)
[terrain_relative_node.py-5] [INFO] [1789385845.232661409] [regolith_terrain_relative]: Terrain correction #36 at 62.9 m travelled: (-0.46, +0.21) m, margin 6.41, 75 samples, 435 poses published (rejected so far: 156 ambiguous, 3 inconsistent)
[wheel_slip_node.py-4] [WARN] [1789386204.154495430] [regolith_wheel_slip]: WHEEL SLIP #8: over the last 15.0 s the wheels claim 1.64 m and 3.86 rad of turning; the gyro saw 0.56 rad (14% of it) and the attitude spanned 30.02 deg. Feeding the EKF a zero-velocity update instead of the wheels' claim.
[pure_pursuit_node-10] [INFO] [1789386245.185220476] [regolith_pure_pursuit]: Recovery node has taken over /cmd_vel - pausing path following
[costmap_node-8] [WARN] [1789386245.203514818] [regolith_costmap]: Hazard #8 marked at (-39.74, -8.03): 13 cells lethal (1.2 m + 0.3 m rover radius). The rover got wedged here; the planner will route around it from now on.
[terrain_relative_node.py-5] [INFO] [1789386258.839673946] [regolith_terrain_relative]: Terrain correction #41 at 68.1 m travelled: (+0.45, +0.21) m, margin 2.38, 75 samples, 487 poses published (rejected so far: 156 ambiguous, 3 inconsistent)
[wheel_slip_node.py-4] [WARN] [1789386281.493254996] [regolith_wheel_slip]: WHEEL SLIP #8 cleared - over the last 5.0 s the wheels claimed 0.17 rad of turning and the gyro corroborated 10% of it. Phantom distance kept out of the EKF so far: 4.69 m.
[wheel_slip_node.py-4] [WARN] [1789386281.656855972] [regolith_wheel_slip]: WHEEL SLIP #9: over the last 15.0 s the wheels claim 2.10 m and 3.16 rad of turning; the gyro saw 0.07 rad (2% of it) and the attitude spanned 9.37 deg. Feeding the EKF a zero-velocity update instead of the wheels' claim.
[wheel_slip_node.py-4] [WARN] [1789386297.633784213] [regolith_wheel_slip]: WHEEL SLIP #9 cleared - over the last 5.0 s the wheels claimed 0.00 rad of turning and the gyro corroborated nan% of it. Phantom distance kept out of the EKF so far: 5.09 m.
[wheel_slip_node.py-4] [WARN] [1789386297.803149662] [regolith_wheel_slip]: WHEEL SLIP #10: over the last 15.0 s the wheels claim 2.25 m and 2.55 rad of turning; the gyro saw 0.06 rad (2% of it) and the attitude spanned 15.03 deg. Feeding the EKF a zero-velocity update instead of the wheels' claim.
[wheel_slip_node.py-4] [WARN] [1789386314.583674716] [regolith_wheel_slip]: WHEEL SLIP #10 cleared - over the last 5.0 s the wheels claimed 0.00 rad of turning and the gyro corroborated nan% of it. Phantom distance kept out of the EKF so far: 5.49 m.
[wheel_slip_node.py-4] [WARN] [1789386314.750699869] [regolith_wheel_slip]: WHEEL SLIP #11: over the last 15.0 s the wheels claim 2.42 m and 1.95 rad of turning; the gyro saw 0.05 rad (3% of it) and the attitude spanned 15.03 deg. Feeding the EKF a zero-velocity update instead of the wheels' claim.
[wheel_slip_node.py-4] [WARN] [1789386330.231353950] [regolith_wheel_slip]: WHEEL SLIP #11 cleared - over the last 5.0 s the wheels claimed 0.14 rad of turning and the gyro corroborated 74% of it. Phantom distance kept out of the EKF so far: 5.79 m.
[wheel_slip_node.py-4] [WARN] [1789386330.401824515] [regolith_wheel_slip]: WHEEL SLIP #12: over the last 15.0 s the wheels claim 2.49 m and 1.49 rad of turning; the gyro saw 0.15 rad (10% of it) and the attitude spanned 15.03 deg. Feeding the EKF a zero-velocity update instead of the wheels' claim.
[wheel_slip_node.py-4] [WARN] [1789386347.077116001] [regolith_wheel_slip]: WHEEL SLIP #12 cleared - over the last 5.0 s the wheels claimed 0.75 rad of turning and the gyro corroborated 85% of it. Phantom distance kept out of the EKF so far: 5.79 m.
[pure_pursuit_node-10] [INFO] [1789386389.438760045] [regolith_pure_pursuit]: Recovery finished - resuming path following
[flip_recovery_node.py-11] [WARN] [1789386389.499842711] [regolith_flip_recovery]: STUCK RECOVERY #8 (escalation level 6, triggered by wheel slip (onboard); 5 ground-truth / 0 onboard-estimate / 3 wheel-slip triggers so far). Escape maneuver: reversed 0.20 m/s for 10.0s, then turned left at 0.50 rad/s for 8.0s (sim time, exact - driven by the sim clock directly, not an RTF-estimated wall-clock sleep; RTF over this window measured 0.12x real time, logged for comparison only). A real rover's FDIR could do the same - this is not a simulated teleport.
[planner_node-9] [WARN] [1789386389.504135599] [regolith_planner]: Current-position cell (119, 81) is lethal (drift, or a keep-out zone this rover marked itself) - planning from the nearest free cell (120, 80) instead
[planner_node-9] [INFO] [1789386389.558078265] [regolith_planner]: Planned path: 38 waypoints, start=(120, 80) goal=(86, 60)
[flip_recovery_node.py-11] [WARN] [1789386400.117793545] [regolith_flip_recovery]: STUCK RECOVERY #8 result: ground truth moved 1.98 m during the maneuver - FREED (8/8 escapes have freed the rover so far)
[terrain_relative_node.py-5] [INFO] [1789386689.843486419] [regolith_terrain_relative]: Terrain fix rejected: margin 2.00 < 2.00 - this stretch of terrain does not determine position (75 samples over 15 m)
[terrain_relative_node.py-5] [INFO] [1789386722.405128675] [regolith_terrain_relative]: Terrain fix rejected: margin 1.92 < 2.00 - this stretch of terrain does not determine position (75 samples over 15 m)
[terrain_relative_node.py-5] [INFO] [1789386753.124185905] [regolith_terrain_relative]: Terrain fix rejected: margin 1.95 < 2.00 - this stretch of terrain does not determine position (75 samples over 15 m)
[terrain_relative_node.py-5] [INFO] [1789386783.867591723] [regolith_terrain_relative]: Terrain fix rejected: margin 1.89 < 2.00 - this stretch of terrain does not determine position (75 samples over 15 m)
[ruby $(which gz) sim-1] NodeShared::Publish() Error: Interrupted system call
[terrain_relative_node.py-5] [INFO] [1789386817.456471669] [regolith_terrain_relative]: Terrain fix rejected: margin 1.83 < 2.00 - this stretch of terrain does not determine position (75 samples over 15 m)
[terrain_relative_node.py-5] [INFO] [1789386849.834299337] [regolith_terrain_relative]: Terrain fix rejected: margin 1.79 < 2.00 - this stretch of terrain does not determine position (75 samples over 15 m)
[terrain_relative_node.py-5] [INFO] [1789386882.559687984] [regolith_terrain_relative]: Terrain fix rejected: margin 1.76 < 2.00 - this stretch of terrain does not determine position (75 samples over 15 m)
[terrain_relative_node.py-5] [INFO] [1789386915.810220246] [regolith_terrain_relative]: Terrain fix rejected: margin 1.85 < 2.00 - this stretch of terrain does not determine position (75 samples over 15 m)
[terrain_relative_node.py-5] [INFO] [1789386928.285775871] [regolith_terrain_relative]: Terrain correction #46 at 79.9 m travelled: (-0.38, +0.33) m, margin 2.00, 75 samples, 598 poses published (rejected so far: 215 ambiguous, 3 inconsistent)
[pure_pursuit_node-10] [INFO] [1789386937.139095213] [regolith_pure_pursuit]: Recovery node has taken over /cmd_vel - pausing path following
[costmap_node-8] [WARN] [1789386937.146250567] [regolith_costmap]: Hazard #9 marked at (-43.96, -11.25): 13 cells lethal (1.2 m + 0.3 m rover radius). The rover got wedged here; the planner will route around it from now on.
[pure_pursuit_node-10] [INFO] [1789387008.882488971] [regolith_pure_pursuit]: Recovery finished - resuming path following
[flip_recovery_node.py-11] [WARN] [1789387008.943445510] [regolith_flip_recovery]: STUCK RECOVERY #9 (escalation level 7, triggered by ground truth; 6 ground-truth / 0 onboard-estimate / 3 wheel-slip triggers so far). Escape maneuver: reversed 0.20 m/s for 10.0s, then turned right at 0.50 rad/s for 8.0s (sim time, exact - driven by the sim clock directly, not an RTF-estimated wall-clock sleep; RTF over this window measured 0.24x real time, logged for comparison only). A real rover's FDIR could do the same - this is not a simulated teleport.
[planner_node-9] [INFO] [1789387008.963413261] [regolith_planner]: Planned path: 31 waypoints, start=(116, 73) goal=(86, 60)
[flip_recovery_node.py-11] [WARN] [1789387013.752408554] [regolith_flip_recovery]: STUCK RECOVERY #9 result: ground truth moved 1.85 m during the maneuver - FREED (9/9 escapes have freed the rover so far)
[pure_pursuit_node-10] [INFO] [1789387039.550800109] [regolith_pure_pursuit]: Recovery node has taken over /cmd_vel - pausing path following
[costmap_node-8] [WARN] [1789387039.557404688] [regolith_costmap]: Hazard #10 marked at (-43.45, -9.34): 13 cells lethal (1.2 m + 0.3 m rover radius). The rover got wedged here; the planner will route around it from now on.
[pure_pursuit_node-10] [INFO] [1789387108.928020156] [regolith_pure_pursuit]: Recovery finished - resuming path following
[flip_recovery_node.py-11] [WARN] [1789387108.988473086] [regolith_flip_recovery]: STUCK RECOVERY #10 (escalation level 8, triggered by ground truth; 7 ground-truth / 0 onboard-estimate / 3 wheel-slip triggers so far). Escape maneuver: reversed 0.20 m/s for 10.0s, then turned left at 0.50 rad/s for 8.0s (sim time, exact - driven by the sim clock directly, not an RTF-estimated wall-clock sleep; RTF over this window measured 0.25x real time, logged for comparison only). A real rover's FDIR could do the same - this is not a simulated teleport.
[planner_node-9] [INFO] [1789387109.003334996] [regolith_planner]: Planned path: 33 waypoints, start=(118, 74) goal=(86, 60)
[flip_recovery_node.py-11] [WARN] [1789387114.008248818] [regolith_flip_recovery]: STUCK RECOVERY #10 result: ground truth moved 1.90 m during the maneuver - FREED (10/10 escapes have freed the rover so far)
[terrain_relative_node.py-5] [INFO] [1789387140.201755234] [regolith_terrain_relative]: Terrain correction #51 at 85.1 m travelled: (+0.07, +0.18) m, margin 2.30, 75 samples, 652 poses published (rejected so far: 215 ambiguous, 3 inconsistent)
[terrain_relative_node.py-5] [INFO] [1789387349.337308688] [regolith_terrain_relative]: Terrain correction #56 at 90.3 m travelled: (+0.43, -0.11) m, margin 2.79, 75 samples, 705 poses published (rejected so far: 215 ambiguous, 3 inconsistent)
[terrain_relative_node.py-5] [INFO] [1789387531.436903011] [regolith_terrain_relative]: Terrain correction #61 at 95.6 m travelled: (-0.04, -0.03) m, margin 2.40, 74 samples, 750 poses published (rejected so far: 215 ambiguous, 3 inconsistent)
[terrain_relative_node.py-5] [INFO] [1789387688.793251049] [regolith_terrain_relative]: Terrain correction #66 at 100.8 m travelled: (+0.09, +0.33) m, margin 2.22, 75 samples, 789 poses published (rejected so far: 215 ambiguous, 3 inconsistent)
[terrain_relative_node.py-5] [INFO] [1789387819.868461481] [regolith_terrain_relative]: Terrain correction #71 at 106.4 m travelled: (+0.07, +0.13) m, margin 2.16, 74 samples, 822 poses published (rejected so far: 215 ambiguous, 3 inconsistent)
[terrain_relative_node.py-5] [INFO] [1789387870.322106790] [regolith_terrain_relative]: Terrain fix rejected: margin 1.98 < 2.00 - this stretch of terrain does not determine position (74 samples over 15 m)
[terrain_relative_node.py-5] [INFO] [1789387911.953493470] [regolith_terrain_relative]: Terrain fix rejected: margin 1.94 < 2.00 - this stretch of terrain does not determine position (74 samples over 15 m)
[terrain_relative_node.py-5] [INFO] [1789387934.628815993] [regolith_terrain_relative]: Terrain correction #74 at 111.5 m travelled: (-0.27, -0.42) m, margin 2.01, 74 samples, 849 poses published (rejected so far: 224 ambiguous, 3 inconsistent)
[pure_pursuit_node-10] [INFO] [1789387979.582203352] [regolith_pure_pursuit]: Goal reached (within 0.34 m of the commanded goal)
