[INFO] [launch]: All log files can be found below /home/balazs/.ros/log/2026-08-30-16-32-27-993707-DESKTOP-IE5MOME-16182
[INFO] [launch]: Default logging verbosity is set to INFO
[hello_moon.launch] Using ROS_DOMAIN_ID=15 (isolated DDS domain for this launch - see PROGRESS.md)
[INFO] [ruby $(which gz) sim-1]: process started with pid [16226]
[INFO] [robot_state_publisher-2]: process started with pid [16229]
[INFO] [parameter_bridge-3]: process started with pid [16231]
[INFO] [wheel_slip_node.py-4]: process started with pid [16234]
[INFO] [sensor_covariance_relay.py-5]: process started with pid [16236]
[INFO] [ekf_node-6]: process started with pid [16238]
[INFO] [costmap_node-7]: process started with pid [16240]
[INFO] [planner_node-8]: process started with pid [16242]
[INFO] [pure_pursuit_node-9]: process started with pid [16244]
[INFO] [flip_recovery_node.py-10]: process started with pid [16246]
[INFO] [mission_markers_node.py-11]: process started with pid [16250]
[parameter_bridge-3] [INFO] [1788103949.674039783] [ros_gz_bridge]: Creating GZ->ROS Bridge: [/clock (gz.msgs.Clock) -> /clock (rosgraph_msgs/msg/Clock)] (Lazy 0)
[parameter_bridge-3] [INFO] [1788103949.676349844] [ros_gz_bridge]: Creating GZ->ROS Bridge: [/cmd_vel (gz.msgs.Twist) -> /cmd_vel (geometry_msgs/msg/Twist)] (Lazy 0)
[parameter_bridge-3] [INFO] [1788103949.680033424] [ros_gz_bridge]: Creating ROS->GZ Bridge: [/cmd_vel (geometry_msgs/msg/Twist) -> /cmd_vel (gz.msgs.Twist)] (Lazy 0)
[parameter_bridge-3] [INFO] [1788103949.681909389] [ros_gz_bridge]: Creating GZ->ROS Bridge: [/odometry (gz.msgs.Odometry) -> /odometry (nav_msgs/msg/Odometry)] (Lazy 0)
[parameter_bridge-3] [INFO] [1788103949.684724454] [ros_gz_bridge]: Creating ROS->GZ Bridge: [/odometry (nav_msgs/msg/Odometry) -> /odometry (gz.msgs.Odometry)] (Lazy 0)
[parameter_bridge-3] [INFO] [1788103949.685964390] [ros_gz_bridge]: Creating GZ->ROS Bridge: [/camera (gz.msgs.Image) -> /camera (sensor_msgs/msg/Image)] (Lazy 0)
[parameter_bridge-3] [INFO] [1788103949.689232967] [ros_gz_bridge]: Creating ROS->GZ Bridge: [/camera (sensor_msgs/msg/Image) -> /camera (gz.msgs.Image)] (Lazy 0)
[robot_state_publisher-2] [INFO] [1788103949.691486240] [robot_state_publisher]: got segment base_link
[parameter_bridge-3] [INFO] [1788103949.691772853] [ros_gz_bridge]: Creating GZ->ROS Bridge: [/camera_info (gz.msgs.CameraInfo) -> /camera_info (sensor_msgs/msg/CameraInfo)] (Lazy 0)
[robot_state_publisher-2] [INFO] [1788103949.691878797] [robot_state_publisher]: got segment camera_link
[robot_state_publisher-2] [INFO] [1788103949.691898825] [robot_state_publisher]: got segment chassis
[robot_state_publisher-2] [INFO] [1788103949.691906769] [robot_state_publisher]: got segment front_left_wheel
[robot_state_publisher-2] [INFO] [1788103949.691914316] [robot_state_publisher]: got segment front_right_wheel
[robot_state_publisher-2] [INFO] [1788103949.691921905] [robot_state_publisher]: got segment imu_link
[robot_state_publisher-2] [INFO] [1788103949.691928861] [robot_state_publisher]: got segment rear_left_wheel
[robot_state_publisher-2] [INFO] [1788103949.691935752] [robot_state_publisher]: got segment rear_right_wheel
[parameter_bridge-3] [INFO] [1788103949.693324708] [ros_gz_bridge]: Creating ROS->GZ Bridge: [/camera_info (sensor_msgs/msg/CameraInfo) -> /camera_info (gz.msgs.CameraInfo)] (Lazy 0)
[parameter_bridge-3] [INFO] [1788103949.695177667] [ros_gz_bridge]: Creating GZ->ROS Bridge: [/depth_camera (gz.msgs.Image) -> /depth_camera (sensor_msgs/msg/Image)] (Lazy 0)
[parameter_bridge-3] [INFO] [1788103949.698387450] [ros_gz_bridge]: Creating ROS->GZ Bridge: [/depth_camera (sensor_msgs/msg/Image) -> /depth_camera (gz.msgs.Image)] (Lazy 0)
[parameter_bridge-3] [INFO] [1788103949.699806701] [ros_gz_bridge]: Creating GZ->ROS Bridge: [/imu (gz.msgs.IMU) -> /imu (sensor_msgs/msg/Imu)] (Lazy 0)
[parameter_bridge-3] [INFO] [1788103949.701311621] [ros_gz_bridge]: Creating ROS->GZ Bridge: [/imu (sensor_msgs/msg/Imu) -> /imu (gz.msgs.IMU)] (Lazy 0)
[parameter_bridge-3] [INFO] [1788103949.702770465] [ros_gz_bridge]: Creating GZ->ROS Bridge: [/world/regolith_moon/model/rover/joint_state (gz.msgs.Model) -> /world/regolith_moon/model/rover/joint_state (sensor_msgs/msg/JointState)] (Lazy 0)
[parameter_bridge-3] [INFO] [1788103949.704275008] [ros_gz_bridge]: Creating ROS->GZ Bridge: [/world/regolith_moon/model/rover/joint_state (sensor_msgs/msg/JointState) -> /world/regolith_moon/model/rover/joint_state (gz.msgs.Model)] (Lazy 0)
[parameter_bridge-3] [INFO] [1788103949.705523523] [ros_gz_bridge]: Creating GZ->ROS Bridge: [/model/rover/pose (gz.msgs.Pose) -> /model/rover/pose (geometry_msgs/msg/PoseStamped)] (Lazy 0)
[flip_recovery_node.py-10] [INFO] [1788103950.166900089] [regolith_flip_recovery]: Flip/stuck recovery armed (simulated set_pose backstop for flips, straight-line cmd_vel override for stuck-but-upright)
[wheel_slip_node.py-4] [INFO] [1788103950.186946928] [regolith_wheel_slip]: Wheel-slip ZUPT armed: /odom -> /odom/gated (onboard signals only - wheel odometry and IMU, never ground truth). legacy_rigid_body_signature=False
[costmap_node-7] [INFO] [1788103950.249799010] [regolith_costmap]: Published costmap: 256x256 cells at 0.781 m/cell
[mission_markers_node.py-11] [INFO] [1788103950.295238861] [regolith_mission_markers]: Mission markers active - start at (0.0, 0.0), Gazebo flags on, RViz on /mission_markers
[planner_node-8] [WARN] [1788103954.176970994] [regolith_planner]: No costmap or current pose yet - ignoring goal
[planner_node-8] [INFO] [1788103962.220863166] [regolith_planner]: Planned path: 73 waypoints, start=(127, 128) goal=(86, 60)
[parameter_bridge-3] [INFO] [1788103962.497485087] [ros_gz_bridge]: Passing message from ROS geometry_msgs/msg/Twist to Gazebo gz.msgs.Twist (showing msg only once per type)
[pure_pursuit_node-9] [WARN] [1788103996.119833276] [regolith_pure_pursuit]: Stalled for 8s - stopping and replanning
[planner_node-8] [INFO] [1788103996.207156618] [regolith_planner]: Planned path: 73 waypoints, start=(127, 128) goal=(86, 60)
[wheel_slip_node.py-4] [WARN] [1788104783.711363169] [regolith_wheel_slip]: WHEEL SLIP #1: over the last 15.0 s the wheels claim 2.39 m and 2.56 rad of turning; the gyro saw 0.37 rad (14% of it) and the attitude spanned 11.88 deg. Feeding the EKF a zero-velocity update instead of the wheels' claim.
[pure_pursuit_node-9] [INFO] [1788104804.993129261] [regolith_pure_pursuit]: Recovery node has taken over /cmd_vel - pausing path following
[costmap_node-7] [WARN] [1788104805.001312005] [regolith_costmap]: Hazard #1 marked at (-28.40, -7.52): 13 cells lethal (1.2 m + 0.3 m rover radius). The rover got wedged here; the planner will route around it from now on.
[pure_pursuit_node-9] [INFO] [1788104805.001403305] [regolith_pure_pursuit]: Costmap changed (a new keep-out zone) - restoring the replan budget: the route being retried is not the one that already failed
[wheel_slip_node.py-4] [WARN] [1788104821.030377340] [regolith_wheel_slip]: WHEEL SLIP #1 cleared - over the last 5.0 s the wheels claimed 0.38 rad of turning and the gyro corroborated 25% of it. Phantom distance kept out of the EKF so far: 1.44 m.
[wheel_slip_node.py-4] [WARN] [1788104821.119312672] [regolith_wheel_slip]: WHEEL SLIP #2: over the last 15.0 s the wheels claim 2.44 m and 2.04 rad of turning; the gyro saw 0.17 rad (8% of it) and the attitude spanned 15.71 deg. Feeding the EKF a zero-velocity update instead of the wheels' claim.
[pure_pursuit_node-9] [INFO] [1788104827.074392874] [regolith_pure_pursuit]: Recovery finished - resuming path following
[flip_recovery_node.py-10] [WARN] [1788104827.135975620] [regolith_flip_recovery]: STUCK RECOVERY #1 (escalation level 0, triggered by wheel slip (onboard); 0 ground-truth / 1 onboard triggers so far). Escape maneuver: reversed 0.20 m/s for 3.0s, then turned left at 0.50 rad/s for 2.0s (sim time, exact - driven by the sim clock directly, not an RTF-estimated wall-clock sleep; RTF over this window measured 0.23x real time, logged for comparison only). A real rover's FDIR could do the same - this is not a simulated teleport.
[planner_node-8] [WARN] [1788104827.137877524] [regolith_planner]: Current-position cell (118, 92) is lethal (drift, or a keep-out zone this rover marked itself) - planning from the nearest free cell (117, 93) instead
[planner_node-8] [INFO] [1788104827.161290303] [regolith_planner]: Planned path: 38 waypoints, start=(117, 93) goal=(86, 60)
[wheel_slip_node.py-4] [WARN] [1788104829.987355190] [regolith_wheel_slip]: WHEEL SLIP #2 cleared - over the last 5.0 s the wheels claimed 0.72 rad of turning and the gyro corroborated 78% of it. Phantom distance kept out of the EKF so far: 1.46 m.
[flip_recovery_node.py-10] [WARN] [1788104830.271510762] [regolith_flip_recovery]: STUCK RECOVERY #1 result: ground truth moved 0.54 m during the maneuver - FREED (1/1 escapes have freed the rover so far)
[pure_pursuit_node-9] [INFO] [1788104860.579243331] [regolith_pure_pursuit]: Recovery node has taken over /cmd_vel - pausing path following
[costmap_node-7] [WARN] [1788104860.586751234] [regolith_costmap]: Hazard #2 marked at (-27.94, -8.42): 13 cells lethal (1.2 m + 0.3 m rover radius). The rover got wedged here; the planner will route around it from now on.
[pure_pursuit_node-9] [INFO] [1788104898.521637547] [regolith_pure_pursuit]: Recovery finished - resuming path following
[flip_recovery_node.py-10] [WARN] [1788104898.583429299] [regolith_flip_recovery]: STUCK RECOVERY #2 (escalation level 1, triggered by ground truth; 1 ground-truth / 1 onboard triggers so far). Escape maneuver: reversed 0.20 m/s for 6.0s, then turned right at 0.50 rad/s for 3.5s (sim time, exact - driven by the sim clock directly, not an RTF-estimated wall-clock sleep; RTF over this window measured 0.23x real time, logged for comparison only). A real rover's FDIR could do the same - this is not a simulated teleport.
[planner_node-8] [WARN] [1788104898.584887601] [regolith_planner]: Current-position cell (119, 92) is lethal (drift, or a keep-out zone this rover marked itself) - planning from the nearest free cell (119, 93) instead
[planner_node-8] [INFO] [1788104898.612766823] [regolith_planner]: Planned path: 38 waypoints, start=(119, 93) goal=(86, 60)
[flip_recovery_node.py-10] [WARN] [1788104903.596011925] [regolith_flip_recovery]: STUCK RECOVERY #2 result: ground truth moved 1.21 m during the maneuver - FREED (2/2 escapes have freed the rover so far)
[wheel_slip_node.py-4] [WARN] [1788105104.983381804] [regolith_wheel_slip]: WHEEL SLIP #3: over the last 15.0 s the wheels claim 1.65 m and 2.10 rad of turning; the gyro saw 0.30 rad (14% of it) and the attitude spanned 12.06 deg. Feeding the EKF a zero-velocity update instead of the wheels' claim.
[pure_pursuit_node-9] [INFO] [1788105126.924506372] [regolith_pure_pursuit]: Recovery node has taken over /cmd_vel - pausing path following
[costmap_node-7] [WARN] [1788105126.931742799] [regolith_costmap]: Hazard #3 marked at (-32.03, -8.24): 13 cells lethal (1.2 m + 0.3 m rover radius). The rover got wedged here; the planner will route around it from now on.
[wheel_slip_node.py-4] [WARN] [1788105145.745014970] [regolith_wheel_slip]: WHEEL SLIP #3 cleared - over the last 5.0 s the wheels claimed 0.16 rad of turning and the gyro corroborated 11% of it. Phantom distance kept out of the EKF so far: 3.02 m.
[wheel_slip_node.py-4] [WARN] [1788105145.829542235] [regolith_wheel_slip]: WHEEL SLIP #4: over the last 15.0 s the wheels claim 2.32 m and 3.16 rad of turning; the gyro saw 0.06 rad (2% of it) and the attitude spanned 2.32 deg. Feeding the EKF a zero-velocity update instead of the wheels' claim.
[wheel_slip_node.py-4] [WARN] [1788105153.982832192] [regolith_wheel_slip]: WHEEL SLIP #4 cleared - over the last 5.0 s the wheels claimed 0.00 rad of turning and the gyro corroborated nan% of it. Phantom distance kept out of the EKF so far: 3.42 m.
[wheel_slip_node.py-4] [WARN] [1788105154.058309340] [regolith_wheel_slip]: WHEEL SLIP #5: over the last 15.0 s the wheels claim 2.42 m and 2.55 rad of turning; the gyro saw 0.04 rad (2% of it) and the attitude spanned 2.32 deg. Feeding the EKF a zero-velocity update instead of the wheels' claim.
[wheel_slip_node.py-4] [WARN] [1788105160.235256633] [regolith_wheel_slip]: WHEEL SLIP #5 cleared - over the last 5.0 s the wheels claimed 0.00 rad of turning and the gyro corroborated nan% of it. Phantom distance kept out of the EKF so far: 3.82 m.
[wheel_slip_node.py-4] [WARN] [1788105160.319636188] [regolith_wheel_slip]: WHEEL SLIP #6: over the last 15.0 s the wheels claim 2.54 m and 1.94 rad of turning; the gyro saw 0.03 rad (2% of it) and the attitude spanned 1.91 deg. Feeding the EKF a zero-velocity update instead of the wheels' claim.
[wheel_slip_node.py-4] [WARN] [1788105169.313881187] [regolith_wheel_slip]: WHEEL SLIP #6 cleared - over the last 5.0 s the wheels claimed 0.15 rad of turning and the gyro corroborated 69% of it. Phantom distance kept out of the EKF so far: 4.12 m.
[wheel_slip_node.py-4] [WARN] [1788105169.398430046] [regolith_wheel_slip]: WHEEL SLIP #7: over the last 15.0 s the wheels claim 2.56 m and 1.49 rad of turning; the gyro saw 0.13 rad (9% of it) and the attitude spanned 7.60 deg. Feeding the EKF a zero-velocity update instead of the wheels' claim.
[wheel_slip_node.py-4] [WARN] [1788105177.440686266] [regolith_wheel_slip]: WHEEL SLIP #7 cleared - over the last 5.0 s the wheels claimed 0.76 rad of turning and the gyro corroborated 85% of it. Phantom distance kept out of the EKF so far: 4.12 m.
[pure_pursuit_node-9] [INFO] [1788105186.825603806] [regolith_pure_pursuit]: Recovery finished - resuming path following
[flip_recovery_node.py-10] [WARN] [1788105186.886724997] [regolith_flip_recovery]: STUCK RECOVERY #3 (escalation level 2, triggered by wheel slip (onboard); 1 ground-truth / 2 onboard triggers so far). Escape maneuver: reversed 0.20 m/s for 10.0s, then turned left at 0.50 rad/s for 5.0s (sim time, exact - driven by the sim clock directly, not an RTF-estimated wall-clock sleep; RTF over this window measured 0.25x real time, logged for comparison only). A real rover's FDIR could do the same - this is not a simulated teleport.
[planner_node-8] [WARN] [1788105186.888121880] [regolith_planner]: Current-position cell (117, 87) is lethal (drift, or a keep-out zone this rover marked itself) - planning from the nearest free cell (116, 88) instead
[planner_node-8] [INFO] [1788105186.905452008] [regolith_planner]: Planned path: 33 waypoints, start=(116, 88) goal=(86, 60)
[flip_recovery_node.py-10] [WARN] [1788105191.811413193] [regolith_flip_recovery]: STUCK RECOVERY #3 result: ground truth moved 1.93 m during the maneuver - FREED (3/3 escapes have freed the rover so far)
[wheel_slip_node.py-4] [WARN] [1788105328.199091440] [regolith_wheel_slip]: WHEEL SLIP #8: over the last 15.0 s the wheels claim 1.11 m and 3.48 rad of turning; the gyro saw 0.50 rad (14% of it) and the attitude spanned 29.17 deg. Feeding the EKF a zero-velocity update instead of the wheels' claim.
[pure_pursuit_node-9] [INFO] [1788105348.138603761] [regolith_pure_pursuit]: Recovery node has taken over /cmd_vel - pausing path following
[costmap_node-7] [WARN] [1788105348.146630518] [regolith_costmap]: Hazard #4 marked at (-33.77, -10.16): 13 cells lethal (1.2 m + 0.3 m rover radius). The rover got wedged here; the planner will route around it from now on.
[wheel_slip_node.py-4] [WARN] [1788105367.384217039] [regolith_wheel_slip]: WHEEL SLIP #8 cleared - over the last 5.0 s the wheels claimed 0.16 rad of turning and the gyro corroborated 11% of it. Phantom distance kept out of the EKF so far: 5.57 m.
[wheel_slip_node.py-4] [WARN] [1788105367.464612701] [regolith_wheel_slip]: WHEEL SLIP #9: over the last 15.0 s the wheels claim 1.88 m and 3.16 rad of turning; the gyro saw 0.25 rad (8% of it) and the attitude spanned 7.48 deg. Feeding the EKF a zero-velocity update instead of the wheels' claim.
[wheel_slip_node.py-4] [WARN] [1788105373.555266444] [regolith_wheel_slip]: WHEEL SLIP #9 cleared - over the last 5.0 s the wheels claimed 0.00 rad of turning and the gyro corroborated nan% of it. Phantom distance kept out of the EKF so far: 5.97 m.
[wheel_slip_node.py-4] [WARN] [1788105373.632126682] [regolith_wheel_slip]: WHEEL SLIP #10: over the last 15.0 s the wheels claim 2.17 m and 2.55 rad of turning; the gyro saw 0.21 rad (8% of it) and the attitude spanned 15.10 deg. Feeding the EKF a zero-velocity update instead of the wheels' claim.
[wheel_slip_node.py-4] [WARN] [1788105382.385616854] [regolith_wheel_slip]: WHEEL SLIP #10 cleared - over the last 5.0 s the wheels claimed 0.00 rad of turning and the gyro corroborated nan% of it. Phantom distance kept out of the EKF so far: 6.37 m.
[wheel_slip_node.py-4] [WARN] [1788105382.504085347] [regolith_wheel_slip]: WHEEL SLIP #11: over the last 15.0 s the wheels claim 2.41 m and 1.94 rad of turning; the gyro saw 0.17 rad (9% of it) and the attitude spanned 15.10 deg. Feeding the EKF a zero-velocity update instead of the wheels' claim.
[wheel_slip_node.py-4] [WARN] [1788105390.845669761] [regolith_wheel_slip]: WHEEL SLIP #11 cleared - over the last 5.0 s the wheels claimed 0.15 rad of turning and the gyro corroborated 75% of it. Phantom distance kept out of the EKF so far: 6.67 m.
[pure_pursuit_node-9] [INFO] [1788105411.040830692] [regolith_pure_pursuit]: Recovery finished - resuming path following
[flip_recovery_node.py-10] [WARN] [1788105411.101979340] [regolith_flip_recovery]: STUCK RECOVERY #4 (escalation level 3, triggered by wheel slip (onboard); 1 ground-truth / 3 onboard triggers so far). Escape maneuver: reversed 0.20 m/s for 10.0s, then turned right at 0.50 rad/s for 6.5s (sim time, exact - driven by the sim clock directly, not an RTF-estimated wall-clock sleep; RTF over this window measured 0.26x real time, logged for comparison only). A real rover's FDIR could do the same - this is not a simulated teleport.
[planner_node-8] [WARN] [1788105411.103847150] [regolith_planner]: Current-position cell (115, 85) is lethal (drift, or a keep-out zone this rover marked itself) - planning from the nearest free cell (114, 86) instead
[planner_node-8] [INFO] [1788105411.124985010] [regolith_planner]: Planned path: 41 waypoints, start=(114, 86) goal=(86, 60)
[flip_recovery_node.py-10] [WARN] [1788105415.349252888] [regolith_flip_recovery]: STUCK RECOVERY #4 result: ground truth moved 1.97 m during the maneuver - FREED (4/4 escapes have freed the rover so far)
[pure_pursuit_node-9] [WARN] [1788105440.606351357] [regolith_pure_pursuit]: Stalled for 8s - stopping and replanning
[planner_node-8] [WARN] [1788105440.608125891] [regolith_planner]: Current-position cell (115, 85) is lethal (drift, or a keep-out zone this rover marked itself) - planning from the nearest free cell (114, 86) instead
[planner_node-8] [INFO] [1788105440.644688113] [regolith_planner]: Planned path: 41 waypoints, start=(114, 86) goal=(86, 60)
[wheel_slip_node.py-4] [WARN] [1788105509.554548368] [regolith_wheel_slip]: WHEEL SLIP #12: over the last 15.0 s the wheels claim 1.76 m and 1.74 rad of turning; the gyro saw 0.25 rad (14% of it) and the attitude spanned 11.30 deg. Feeding the EKF a zero-velocity update instead of the wheels' claim.
[pure_pursuit_node-9] [INFO] [1788105526.932043337] [regolith_pure_pursuit]: Recovery node has taken over /cmd_vel - pausing path following
[costmap_node-7] [WARN] [1788105526.940021531] [regolith_costmap]: Hazard #5 marked at (-30.44, -10.83): 13 cells lethal (1.2 m + 0.3 m rover radius). The rover got wedged here; the planner will route around it from now on.
[pure_pursuit_node-9] [INFO] [1788105526.940368215] [regolith_pure_pursuit]: Costmap changed (a new keep-out zone) - restoring the replan budget: the route being retried is not the one that already failed
[wheel_slip_node.py-4] [WARN] [1788105544.533222163] [regolith_wheel_slip]: WHEEL SLIP #12 cleared - over the last 5.0 s the wheels claimed 0.16 rad of turning and the gyro corroborated 16% of it. Phantom distance kept out of the EKF so far: 8.10 m.
[wheel_slip_node.py-4] [WARN] [1788105544.607243620] [regolith_wheel_slip]: WHEEL SLIP #13: over the last 15.0 s the wheels claim 2.15 m and 3.15 rad of turning; the gyro saw 0.13 rad (4% of it) and the attitude spanned 3.66 deg. Feeding the EKF a zero-velocity update instead of the wheels' claim.
[wheel_slip_node.py-4] [WARN] [1788105552.206874241] [regolith_wheel_slip]: WHEEL SLIP #13 cleared - over the last 5.0 s the wheels claimed 0.00 rad of turning and the gyro corroborated nan% of it. Phantom distance kept out of the EKF so far: 8.50 m.
[wheel_slip_node.py-4] [WARN] [1788105552.279709727] [regolith_wheel_slip]: WHEEL SLIP #14: over the last 15.0 s the wheels claim 2.26 m and 2.55 rad of turning; the gyro saw 0.07 rad (3% of it) and the attitude spanned 3.57 deg. Feeding the EKF a zero-velocity update instead of the wheels' claim.
[wheel_slip_node.py-4] [WARN] [1788105557.617682971] [regolith_wheel_slip]: WHEEL SLIP #14 cleared - over the last 5.0 s the wheels claimed 0.00 rad of turning and the gyro corroborated nan% of it. Phantom distance kept out of the EKF so far: 8.90 m.
[wheel_slip_node.py-4] [WARN] [1788105557.703753625] [regolith_wheel_slip]: WHEEL SLIP #15: over the last 15.0 s the wheels claim 2.39 m and 1.94 rad of turning; the gyro saw 0.07 rad (3% of it) and the attitude spanned 3.57 deg. Feeding the EKF a zero-velocity update instead of the wheels' claim.
[wheel_slip_node.py-4] [WARN] [1788105565.701867170] [regolith_wheel_slip]: WHEEL SLIP #15 cleared - over the last 5.0 s the wheels claimed 0.15 rad of turning and the gyro corroborated 69% of it. Phantom distance kept out of the EKF so far: 9.20 m.
[wheel_slip_node.py-4] [WARN] [1788105565.788585120] [regolith_wheel_slip]: WHEEL SLIP #16: over the last 15.0 s the wheels claim 2.45 m and 1.49 rad of turning; the gyro saw 0.15 rad (10% of it) and the attitude spanned 6.23 deg. Feeding the EKF a zero-velocity update instead of the wheels' claim.
[wheel_slip_node.py-4] [WARN] [1788105573.568241697] [regolith_wheel_slip]: WHEEL SLIP #16 cleared - over the last 5.0 s the wheels claimed 0.76 rad of turning and the gyro corroborated 64% of it. Phantom distance kept out of the EKF so far: 9.20 m.
[pure_pursuit_node-9] [INFO] [1788105591.128100336] [regolith_pure_pursuit]: Recovery finished - resuming path following
[flip_recovery_node.py-10] [WARN] [1788105591.189441662] [regolith_flip_recovery]: STUCK RECOVERY #5 (escalation level 4, triggered by wheel slip (onboard); 1 ground-truth / 4 onboard triggers so far). Escape maneuver: reversed 0.20 m/s for 10.0s, then turned left at 0.50 rad/s for 8.0s (sim time, exact - driven by the sim clock directly, not an RTF-estimated wall-clock sleep; RTF over this window measured 0.27x real time, logged for comparison only). A real rover's FDIR could do the same - this is not a simulated teleport.
[planner_node-8] [WARN] [1788105591.190955929] [regolith_planner]: Current-position cell (114, 88) is lethal (drift, or a keep-out zone this rover marked itself) - planning from the nearest free cell (113, 87) instead
[planner_node-8] [INFO] [1788105591.215414517] [regolith_planner]: Planned path: 42 waypoints, start=(113, 87) goal=(86, 60)
[flip_recovery_node.py-10] [WARN] [1788105595.770431577] [regolith_flip_recovery]: STUCK RECOVERY #5 result: ground truth moved 2.14 m during the maneuver - FREED (5/5 escapes have freed the rover so far)
[wheel_slip_node.py-4] [WARN] [1788105827.554255240] [regolith_wheel_slip]: WHEEL SLIP #17: over the last 15.0 s the wheels claim 1.07 m and 2.32 rad of turning; the gyro saw 0.34 rad (14% of it) and the attitude spanned 18.08 deg. Feeding the EKF a zero-velocity update instead of the wheels' claim.
[pure_pursuit_node-9] [INFO] [1788105833.263551431] [regolith_pure_pursuit]: Recovery node has taken over /cmd_vel - pausing path following
[costmap_node-7] [WARN] [1788105833.270283900] [regolith_costmap]: Hazard #6 marked at (-34.24, -7.89): 13 cells lethal (1.2 m + 0.3 m rover radius). The rover got wedged here; the planner will route around it from now on.
[wheel_slip_node.py-4] [WARN] [1788105850.132784451] [regolith_wheel_slip]: WHEEL SLIP #17 cleared - over the last 5.0 s the wheels claimed 0.16 rad of turning and the gyro corroborated 10% of it. Phantom distance kept out of the EKF so far: 10.16 m.
[wheel_slip_node.py-4] [WARN] [1788105850.208153263] [regolith_wheel_slip]: WHEEL SLIP #18: over the last 15.0 s the wheels claim 1.61 m and 1.78 rad of turning; the gyro saw 0.08 rad (5% of it) and the attitude spanned 6.41 deg. Feeding the EKF a zero-velocity update instead of the wheels' claim.
[wheel_slip_node.py-4] [WARN] [1788105855.497651334] [regolith_wheel_slip]: WHEEL SLIP #18 cleared - over the last 5.0 s the wheels claimed 0.00 rad of turning and the gyro corroborated nan% of it. Phantom distance kept out of the EKF so far: 10.56 m.
[wheel_slip_node.py-4] [WARN] [1788105855.571481461] [regolith_wheel_slip]: WHEEL SLIP #19: over the last 15.0 s the wheels claim 1.86 m and 1.58 rad of turning; the gyro saw 0.08 rad (5% of it) and the attitude spanned 6.51 deg. Feeding the EKF a zero-velocity update instead of the wheels' claim.
[wheel_slip_node.py-4] [WARN] [1788105863.042688306] [regolith_wheel_slip]: WHEEL SLIP #19 cleared - over the last 5.0 s the wheels claimed 0.00 rad of turning and the gyro corroborated nan% of it. Phantom distance kept out of the EKF so far: 10.96 m.
[wheel_slip_node.py-4] [WARN] [1788105863.114097206] [regolith_wheel_slip]: WHEEL SLIP #20: over the last 15.0 s the wheels claim 2.12 m and 1.37 rad of turning; the gyro saw 0.08 rad (6% of it) and the attitude spanned 6.51 deg. Feeding the EKF a zero-velocity update instead of the wheels' claim.
[wheel_slip_node.py-4] [WARN] [1788105871.223613652] [regolith_wheel_slip]: WHEEL SLIP #20 cleared - over the last 5.0 s the wheels claimed 0.11 rad of turning and the gyro corroborated 81% of it. Phantom distance kept out of the EKF so far: 11.28 m.
[wheel_slip_node.py-4] [WARN] [1788105871.312466886] [regolith_wheel_slip]: WHEEL SLIP #21: over the last 15.0 s the wheels claim 2.29 m and 1.22 rad of turning; the gyro saw 0.14 rad (11% of it) and the attitude spanned 6.51 deg. Feeding the EKF a zero-velocity update instead of the wheels' claim.
[wheel_slip_node.py-4] [WARN] [1788105878.776658436] [regolith_wheel_slip]: WHEEL SLIP #21 cleared - over the last 5.0 s the wheels claimed 0.71 rad of turning and the gyro corroborated 90% of it. Phantom distance kept out of the EKF so far: 11.28 m.
[pure_pursuit_node-9] [INFO] [1788105896.802766829] [regolith_pure_pursuit]: Recovery finished - resuming path following
[flip_recovery_node.py-10] [WARN] [1788105896.863851570] [regolith_flip_recovery]: STUCK RECOVERY #6 (escalation level 5, triggered by ground truth; 2 ground-truth / 4 onboard triggers so far). Escape maneuver: reversed 0.20 m/s for 10.0s, then turned right at 0.50 rad/s for 8.0s (sim time, exact - driven by the sim clock directly, not an RTF-estimated wall-clock sleep; RTF over this window measured 0.27x real time, logged for comparison only). A real rover's FDIR could do the same - this is not a simulated teleport.
[planner_node-8] [WARN] [1788105896.865418446] [regolith_planner]: Current-position cell (118, 85) is lethal (drift, or a keep-out zone this rover marked itself) - planning from the nearest free cell (119, 85) instead
[planner_node-8] [INFO] [1788105896.888534307] [regolith_planner]: Planned path: 36 waypoints, start=(119, 85) goal=(86, 60)
[flip_recovery_node.py-10] [WARN] [1788105901.389047374] [regolith_flip_recovery]: STUCK RECOVERY #6 result: ground truth moved 1.93 m during the maneuver - FREED (6/6 escapes have freed the rover so far)
[wheel_slip_node.py-4] [WARN] [1788106248.602569180] [regolith_wheel_slip]: WHEEL SLIP #22: over the last 15.0 s the wheels claim 1.64 m and 3.21 rad of turning; the gyro saw 0.47 rad (14% of it) and the attitude spanned 20.35 deg. Feeding the EKF a zero-velocity update instead of the wheels' claim.
[pure_pursuit_node-9] [INFO] [1788106259.005568114] [regolith_pure_pursuit]: Recovery node has taken over /cmd_vel - pausing path following
[costmap_node-7] [WARN] [1788106259.013120682] [regolith_costmap]: Hazard #7 marked at (-42.92, -14.06): 13 cells lethal (1.2 m + 0.3 m rover radius). The rover got wedged here; the planner will route around it from now on.
[wheel_slip_node.py-4] [WARN] [1788106273.945346815] [regolith_wheel_slip]: WHEEL SLIP #22 cleared - over the last 5.0 s the wheels claimed 0.17 rad of turning and the gyro corroborated 26% of it. Phantom distance kept out of the EKF so far: 12.39 m.
[wheel_slip_node.py-4] [WARN] [1788106274.024694616] [regolith_wheel_slip]: WHEEL SLIP #23: over the last 15.0 s the wheels claim 1.78 m and 3.16 rad of turning; the gyro saw 0.13 rad (4% of it) and the attitude spanned 15.46 deg. Feeding the EKF a zero-velocity update instead of the wheels' claim.
[wheel_slip_node.py-4] [WARN] [1788106281.591512589] [regolith_wheel_slip]: WHEEL SLIP #23 cleared - over the last 5.0 s the wheels claimed 0.00 rad of turning and the gyro corroborated nan% of it. Phantom distance kept out of the EKF so far: 12.79 m.
[wheel_slip_node.py-4] [WARN] [1788106281.667426375] [regolith_wheel_slip]: WHEEL SLIP #24: over the last 15.0 s the wheels claim 1.99 m and 2.56 rad of turning; the gyro saw 0.07 rad (3% of it) and the attitude spanned 15.46 deg. Feeding the EKF a zero-velocity update instead of the wheels' claim.
[wheel_slip_node.py-4] [WARN] [1788106289.082668407] [regolith_wheel_slip]: WHEEL SLIP #24 cleared - over the last 5.0 s the wheels claimed 0.00 rad of turning and the gyro corroborated nan% of it. Phantom distance kept out of the EKF so far: 13.19 m.
[wheel_slip_node.py-4] [WARN] [1788106289.154796538] [regolith_wheel_slip]: WHEEL SLIP #25: over the last 15.0 s the wheels claim 2.21 m and 1.95 rad of turning; the gyro saw 0.06 rad (3% of it) and the attitude spanned 15.46 deg. Feeding the EKF a zero-velocity update instead of the wheels' claim.
[wheel_slip_node.py-4] [WARN] [1788106297.106762652] [regolith_wheel_slip]: WHEEL SLIP #25 cleared - over the last 5.0 s the wheels claimed 0.14 rad of turning and the gyro corroborated 92% of it. Phantom distance kept out of the EKF so far: 13.48 m.
[wheel_slip_node.py-4] [WARN] [1788106297.196668823] [regolith_wheel_slip]: WHEEL SLIP #26: over the last 15.0 s the wheels claim 2.34 m and 1.49 rad of turning; the gyro saw 0.19 rad (13% of it) and the attitude spanned 15.46 deg. Feeding the EKF a zero-velocity update instead of the wheels' claim.
[wheel_slip_node.py-4] [WARN] [1788106302.468206143] [regolith_wheel_slip]: WHEEL SLIP #26 cleared - over the last 5.0 s the wheels claimed 0.75 rad of turning and the gyro corroborated 85% of it. Phantom distance kept out of the EKF so far: 13.48 m.
[pure_pursuit_node-9] [INFO] [1788106322.024887932] [regolith_pure_pursuit]: Recovery finished - resuming path following
[flip_recovery_node.py-10] [WARN] [1788106322.086642993] [regolith_flip_recovery]: STUCK RECOVERY #7 (escalation level 6, triggered by ground truth; 3 ground-truth / 4 onboard triggers so far). Escape maneuver: reversed 0.20 m/s for 10.0s, then turned left at 0.50 rad/s for 8.0s (sim time, exact - driven by the sim clock directly, not an RTF-estimated wall-clock sleep; RTF over this window measured 0.27x real time, logged for comparison only). A real rover's FDIR could do the same - this is not a simulated teleport.
[planner_node-8] [WARN] [1788106322.088267814] [regolith_planner]: Current-position cell (110, 73) is lethal (drift, or a keep-out zone this rover marked itself) - planning from the nearest free cell (108, 72) instead
[planner_node-8] [INFO] [1788106322.094318111] [regolith_planner]: Planned path: 23 waypoints, start=(108, 72) goal=(86, 60)
[flip_recovery_node.py-10] [WARN] [1788106326.603381996] [regolith_flip_recovery]: STUCK RECOVERY #7 result: ground truth moved 1.97 m during the maneuver - FREED (7/7 escapes have freed the rover so far)
[pure_pursuit_node-9] [INFO] [1788106408.232076262] [regolith_pure_pursuit]: Recovery node has taken over /cmd_vel - pausing path following
[costmap_node-7] [WARN] [1788106408.239324326] [regolith_costmap]: Hazard #8 marked at (-43.81, -15.29): 13 cells lethal (1.2 m + 0.3 m rover radius). The rover got wedged here; the planner will route around it from now on.
[pure_pursuit_node-9] [INFO] [1788106471.237237153] [regolith_pure_pursuit]: Recovery finished - resuming path following
[flip_recovery_node.py-10] [WARN] [1788106471.298754477] [regolith_flip_recovery]: STUCK RECOVERY #8 (escalation level 7, triggered by ground truth; 4 ground-truth / 4 onboard triggers so far). Escape maneuver: reversed 0.20 m/s for 10.0s, then turned right at 0.50 rad/s for 8.0s (sim time, exact - driven by the sim clock directly, not an RTF-estimated wall-clock sleep; RTF over this window measured 0.27x real time, logged for comparison only). A real rover's FDIR could do the same - this is not a simulated teleport.
[planner_node-8] [WARN] [1788106471.299939684] [regolith_planner]: Current-position cell (110, 74) is lethal (drift, or a keep-out zone this rover marked itself) - planning from the nearest free cell (109, 75) instead
[planner_node-8] [INFO] [1788106471.307034417] [regolith_planner]: Planned path: 24 waypoints, start=(109, 75) goal=(86, 60)
[flip_recovery_node.py-10] [WARN] [1788106475.922977235] [regolith_flip_recovery]: STUCK RECOVERY #8 result: ground truth moved 2.01 m during the maneuver - FREED (8/8 escapes have freed the rover so far)
[pure_pursuit_node-9] [WARN] [1788106500.175358991] [regolith_pure_pursuit]: Stalled for 8s - stopping and replanning
[planner_node-8] [WARN] [1788106500.176660345] [regolith_planner]: Current-position cell (110, 74) is lethal (drift, or a keep-out zone this rover marked itself) - planning from the nearest free cell (109, 75) instead
[planner_node-8] [INFO] [1788106500.185481173] [regolith_planner]: Planned path: 24 waypoints, start=(109, 75) goal=(86, 60)
[pure_pursuit_node-9] [INFO] [1788106597.277771772] [regolith_pure_pursuit]: Recovery node has taken over /cmd_vel - pausing path following
[pure_pursuit_node-9] [INFO] [1788106597.285720577] [regolith_pure_pursuit]: Costmap changed (a new keep-out zone) - restoring the replan budget: the route being retried is not the one that already failed
[costmap_node-7] [WARN] [1788106597.285935739] [regolith_costmap]: Hazard #9 marked at (-41.55, -16.38): 13 cells lethal (1.2 m + 0.3 m rover radius). The rover got wedged here; the planner will route around it from now on.
[pure_pursuit_node-9] [INFO] [1788106660.470360513] [regolith_pure_pursuit]: Recovery finished - resuming path following
[flip_recovery_node.py-10] [WARN] [1788106660.532703875] [regolith_flip_recovery]: STUCK RECOVERY #9 (escalation level 8, triggered by ground truth; 5 ground-truth / 4 onboard triggers so far). Escape maneuver: reversed 0.20 m/s for 10.0s, then turned left at 0.50 rad/s for 8.0s (sim time, exact - driven by the sim clock directly, not an RTF-estimated wall-clock sleep; RTF over this window measured 0.26x real time, logged for comparison only). A real rover's FDIR could do the same - this is not a simulated teleport.
[planner_node-8] [WARN] [1788106660.534752816] [regolith_planner]: Current-position cell (110, 74) is lethal (drift, or a keep-out zone this rover marked itself) - planning from the nearest free cell (109, 75) instead
[planner_node-8] [INFO] [1788106660.543249112] [regolith_planner]: Planned path: 24 waypoints, start=(109, 75) goal=(86, 60)
[flip_recovery_node.py-10] [WARN] [1788106663.073750018] [regolith_flip_recovery]: STUCK RECOVERY #9 result: ground truth moved 2.05 m during the maneuver - FREED (9/9 escapes have freed the rover so far)
[pure_pursuit_node-9] [INFO] [1788106763.155468667] [regolith_pure_pursuit]: Recovery node has taken over /cmd_vel - pausing path following
[costmap_node-7] [WARN] [1788106763.163805698] [regolith_costmap]: Hazard #10 marked at (-40.61, -16.56): 13 cells lethal (1.2 m + 0.3 m rover radius). The rover got wedged here; the planner will route around it from now on.
[wheel_slip_node.py-4] [WARN] [1788106797.307863069] [regolith_wheel_slip]: WHEEL SLIP #27: over the last 15.0 s the wheels claim 2.35 m and 1.38 rad of turning; the gyro saw 0.20 rad (14% of it) and the attitude spanned 8.86 deg. Feeding the EKF a zero-velocity update instead of the wheels' claim.
[wheel_slip_node.py-4] [WARN] [1788106805.048057265] [regolith_wheel_slip]: WHEEL SLIP #27 cleared - over the last 5.0 s the wheels claimed 0.49 rad of turning and the gyro corroborated 63% of it. Phantom distance kept out of the EKF so far: 13.56 m.
[pure_pursuit_node-9] [INFO] [1788106825.230596355] [regolith_pure_pursuit]: Recovery finished - resuming path following
[flip_recovery_node.py-10] [WARN] [1788106825.291446577] [regolith_flip_recovery]: STUCK RECOVERY #10 (escalation level 9, triggered by ground truth; 6 ground-truth / 4 onboard triggers so far). Escape maneuver: reversed 0.20 m/s for 10.0s, then turned right at 0.50 rad/s for 8.0s (sim time, exact - driven by the sim clock directly, not an RTF-estimated wall-clock sleep; RTF over this window measured 0.28x real time, logged for comparison only). A real rover's FDIR could do the same - this is not a simulated teleport.
[planner_node-8] [WARN] [1788106825.293797320] [regolith_planner]: Current-position cell (110, 75) is lethal (drift, or a keep-out zone this rover marked itself) - planning from the nearest free cell (109, 75) instead
[planner_node-8] [INFO] [1788106825.304513839] [regolith_planner]: Planned path: 25 waypoints, start=(109, 75) goal=(86, 60)
[flip_recovery_node.py-10] [WARN] [1788106829.874376197] [regolith_flip_recovery]: STUCK RECOVERY #10 result: ground truth moved 2.12 m during the maneuver - FREED (10/10 escapes have freed the rover so far)
[pure_pursuit_node-9] [WARN] [1788106854.899252911] [regolith_pure_pursuit]: Stalled for 8s - stopping and replanning
[planner_node-8] [WARN] [1788106854.900583976] [regolith_planner]: Current-position cell (110, 75) is lethal (drift, or a keep-out zone this rover marked itself) - planning from the nearest free cell (109, 75) instead
[planner_node-8] [INFO] [1788106854.908986801] [regolith_planner]: Planned path: 25 waypoints, start=(109, 75) goal=(86, 60)
[pure_pursuit_node-9] [INFO] [1788106857.176363991] [regolith_pure_pursuit]: Recovery node has taken over /cmd_vel - pausing path following
[costmap_node-7] [WARN] [1788106857.184535068] [regolith_costmap]: Hazard #11 marked at (-40.60, -14.65): 13 cells lethal (1.2 m + 0.3 m rover radius). The rover got wedged here; the planner will route around it from now on.
[pure_pursuit_node-9] [INFO] [1788106857.184725808] [regolith_pure_pursuit]: Costmap changed (a new keep-out zone) - restoring the replan budget: the route being retried is not the one that already failed
[pure_pursuit_node-9] [INFO] [1788106919.339699614] [regolith_pure_pursuit]: Recovery finished - resuming path following
[flip_recovery_node.py-10] [WARN] [1788106919.400831636] [regolith_flip_recovery]: STUCK RECOVERY #11 (escalation level 10, triggered by ground truth; 7 ground-truth / 4 onboard triggers so far). Escape maneuver: reversed 0.20 m/s for 10.0s, then turned left at 0.50 rad/s for 8.0s (sim time, exact - driven by the sim clock directly, not an RTF-estimated wall-clock sleep; RTF over this window measured 0.27x real time, logged for comparison only). A real rover's FDIR could do the same - this is not a simulated teleport.
[planner_node-8] [INFO] [1788106919.411540373] [regolith_planner]: Planned path: 30 waypoints, start=(112, 75) goal=(86, 60)
[flip_recovery_node.py-10] [WARN] [1788106923.811087187] [regolith_flip_recovery]: STUCK RECOVERY #11 result: ground truth moved 2.11 m during the maneuver - FREED (11/11 escapes have freed the rover so far)
[pure_pursuit_node-9] [WARN] [1788106949.296017076] [regolith_pure_pursuit]: Stalled for 8s - stopping and replanning
[planner_node-8] [INFO] [1788106949.308282926] [regolith_planner]: Planned path: 30 waypoints, start=(112, 75) goal=(86, 60)
[pure_pursuit_node-9] [INFO] [1788107404.133513438] [regolith_pure_pursuit]: Recovery node has taken over /cmd_vel - pausing path following
[pure_pursuit_node-9] [INFO] [1788107404.142462330] [regolith_pure_pursuit]: Costmap changed (a new keep-out zone) - restoring the replan budget: the route being retried is not the one that already failed
[costmap_node-7] [WARN] [1788107404.142780962] [regolith_costmap]: Hazard #12 marked at (-49.12, -21.02): 13 cells lethal (1.2 m + 0.3 m rover radius). The rover got wedged here; the planner will route around it from now on.
[pure_pursuit_node-9] [INFO] [1788107423.880179254] [regolith_pure_pursuit]: Recovery finished - resuming path following
[flip_recovery_node.py-10] [WARN] [1788107423.941121696] [regolith_flip_recovery]: STUCK RECOVERY #12 (escalation level 0, triggered by ground truth; 8 ground-truth / 4 onboard triggers so far). Escape maneuver: reversed 0.20 m/s for 3.0s, then turned left at 0.50 rad/s for 2.0s (sim time, exact - driven by the sim clock directly, not an RTF-estimated wall-clock sleep; RTF over this window measured 0.23x real time, logged for comparison only). A real rover's FDIR could do the same - this is not a simulated teleport.
[planner_node-8] [WARN] [1788107423.943571768] [regolith_planner]: Current-position cell (102, 65) is lethal (drift, or a keep-out zone this rover marked itself) - planning from the nearest free cell (103, 64) instead
[planner_node-8] [INFO] [1788107423.947025875] [regolith_planner]: Planned path: 18 waypoints, start=(103, 64) goal=(86, 60)
[flip_recovery_node.py-10] [WARN] [1788107429.045254793] [regolith_flip_recovery]: STUCK RECOVERY #12 result: ground truth moved 0.60 m during the maneuver - FREED (12/12 escapes have freed the rover so far)
[pure_pursuit_node-9] [INFO] [1788107484.648508918] [regolith_pure_pursuit]: Recovery node has taken over /cmd_vel - pausing path following
[costmap_node-7] [WARN] [1788107484.656668345] [regolith_costmap]: Hazard #13 marked at (-49.88, -20.51): 13 cells lethal (1.2 m + 0.3 m rover radius). The rover got wedged here; the planner will route around it from now on.
[pure_pursuit_node-9] [INFO] [1788107521.863628787] [regolith_pure_pursuit]: Recovery finished - resuming path following
[flip_recovery_node.py-10] [WARN] [1788107521.925185348] [regolith_flip_recovery]: STUCK RECOVERY #13 (escalation level 1, triggered by ground truth; 9 ground-truth / 4 onboard triggers so far). Escape maneuver: reversed 0.20 m/s for 6.0s, then turned right at 0.50 rad/s for 3.5s (sim time, exact - driven by the sim clock directly, not an RTF-estimated wall-clock sleep; RTF over this window measured 0.24x real time, logged for comparison only). A real rover's FDIR could do the same - this is not a simulated teleport.
[planner_node-8] [INFO] [1788107521.930444338] [regolith_planner]: Planned path: 18 waypoints, start=(103, 66) goal=(86, 60)
[flip_recovery_node.py-10] [WARN] [1788107526.422236182] [regolith_flip_recovery]: STUCK RECOVERY #13 result: ground truth moved 1.17 m during the maneuver - FREED (13/13 escapes have freed the rover so far)
[pure_pursuit_node-9] [INFO] [1788107551.980647143] [regolith_pure_pursuit]: Recovery node has taken over /cmd_vel - pausing path following
[costmap_node-7] [WARN] [1788107551.988536063] [regolith_costmap]: Hazard #14 marked at (-48.16, -20.29): 13 cells lethal (1.2 m + 0.3 m rover radius). The rover got wedged here; the planner will route around it from now on.
[pure_pursuit_node-9] [INFO] [1788107605.876385428] [regolith_pure_pursuit]: Recovery finished - resuming path following
[flip_recovery_node.py-10] [WARN] [1788107605.937633529] [regolith_flip_recovery]: STUCK RECOVERY #14 (escalation level 2, triggered by ground truth; 10 ground-truth / 4 onboard triggers so far). Escape maneuver: reversed 0.20 m/s for 10.0s, then turned left at 0.50 rad/s for 5.0s (sim time, exact - driven by the sim clock directly, not an RTF-estimated wall-clock sleep; RTF over this window measured 0.26x real time, logged for comparison only). A real rover's FDIR could do the same - this is not a simulated teleport.
[planner_node-8] [INFO] [1788107605.944995218] [regolith_planner]: Planned path: 21 waypoints, start=(105, 66) goal=(86, 60)
[flip_recovery_node.py-10] [WARN] [1788107610.525420511] [regolith_flip_recovery]: STUCK RECOVERY #14 result: ground truth moved 1.97 m during the maneuver - FREED (14/14 escapes have freed the rover so far)
[pure_pursuit_node-9] [WARN] [1788107635.295697251] [regolith_pure_pursuit]: Stalled for 8s - stopping and replanning
[planner_node-8] [INFO] [1788107635.300048753] [regolith_planner]: Planned path: 21 waypoints, start=(105, 66) goal=(86, 60)
[pure_pursuit_node-9] [INFO] [1788108047.318598035] [regolith_pure_pursuit]: Goal reached (within 0.34 m of the commanded goal)
