[INFO] [launch]: All log files can be found below /home/balazs/.ros/log/2026-09-02-14-21-47-252434-DESKTOP-IE5MOME-45122
[INFO] [launch]: Default logging verbosity is set to INFO
[hello_moon.launch] Using ROS_DOMAIN_ID=11 (isolated DDS domain for this launch - see PROGRESS.md)
[INFO] [ruby $(which gz) sim-1]: process started with pid [45168]
[INFO] [robot_state_publisher-2]: process started with pid [45170]
[INFO] [parameter_bridge-3]: process started with pid [45173]
[INFO] [wheel_slip_node.py-4]: process started with pid [45176]
[INFO] [sensor_covariance_relay.py-5]: process started with pid [45178]
[INFO] [ekf_node-6]: process started with pid [45180]
[INFO] [costmap_node-7]: process started with pid [45182]
[INFO] [planner_node-8]: process started with pid [45184]
[INFO] [pure_pursuit_node-9]: process started with pid [45186]
[INFO] [flip_recovery_node.py-10]: process started with pid [45188]
[INFO] [mission_markers_node.py-11]: process started with pid [45190]
[parameter_bridge-3] [INFO] [1788355309.148081263] [ros_gz_bridge]: Creating GZ->ROS Bridge: [/clock (gz.msgs.Clock) -> /clock (rosgraph_msgs/msg/Clock)] (Lazy 0)
[parameter_bridge-3] [INFO] [1788355309.149910300] [ros_gz_bridge]: Creating GZ->ROS Bridge: [/cmd_vel (gz.msgs.Twist) -> /cmd_vel (geometry_msgs/msg/Twist)] (Lazy 0)
[parameter_bridge-3] [INFO] [1788355309.154516793] [ros_gz_bridge]: Creating ROS->GZ Bridge: [/cmd_vel (geometry_msgs/msg/Twist) -> /cmd_vel (gz.msgs.Twist)] (Lazy 0)
[parameter_bridge-3] [INFO] [1788355309.156012457] [ros_gz_bridge]: Creating GZ->ROS Bridge: [/odometry (gz.msgs.Odometry) -> /odometry (nav_msgs/msg/Odometry)] (Lazy 0)
[robot_state_publisher-2] [INFO] [1788355309.157460775] [robot_state_publisher]: got segment base_link
[robot_state_publisher-2] [INFO] [1788355309.157673320] [robot_state_publisher]: got segment camera_link
[robot_state_publisher-2] [INFO] [1788355309.157689010] [robot_state_publisher]: got segment chassis
[robot_state_publisher-2] [INFO] [1788355309.157697203] [robot_state_publisher]: got segment front_left_wheel
[robot_state_publisher-2] [INFO] [1788355309.157705386] [robot_state_publisher]: got segment front_right_wheel
[robot_state_publisher-2] [INFO] [1788355309.157713782] [robot_state_publisher]: got segment imu_link
[robot_state_publisher-2] [INFO] [1788355309.157721162] [robot_state_publisher]: got segment rear_left_wheel
[robot_state_publisher-2] [INFO] [1788355309.157729301] [robot_state_publisher]: got segment rear_right_wheel
[parameter_bridge-3] [INFO] [1788355309.158689105] [ros_gz_bridge]: Creating ROS->GZ Bridge: [/odometry (nav_msgs/msg/Odometry) -> /odometry (gz.msgs.Odometry)] (Lazy 0)
[parameter_bridge-3] [INFO] [1788355309.160624083] [ros_gz_bridge]: Creating GZ->ROS Bridge: [/camera (gz.msgs.Image) -> /camera (sensor_msgs/msg/Image)] (Lazy 0)
[parameter_bridge-3] [INFO] [1788355309.162898157] [ros_gz_bridge]: Creating ROS->GZ Bridge: [/camera (sensor_msgs/msg/Image) -> /camera (gz.msgs.Image)] (Lazy 0)
[parameter_bridge-3] [INFO] [1788355309.164399072] [ros_gz_bridge]: Creating GZ->ROS Bridge: [/camera_info (gz.msgs.CameraInfo) -> /camera_info (sensor_msgs/msg/CameraInfo)] (Lazy 0)
[parameter_bridge-3] [INFO] [1788355309.165862188] [ros_gz_bridge]: Creating ROS->GZ Bridge: [/camera_info (sensor_msgs/msg/CameraInfo) -> /camera_info (gz.msgs.CameraInfo)] (Lazy 0)
[parameter_bridge-3] [INFO] [1788355309.167067261] [ros_gz_bridge]: Creating GZ->ROS Bridge: [/depth_camera (gz.msgs.Image) -> /depth_camera (sensor_msgs/msg/Image)] (Lazy 0)
[parameter_bridge-3] [INFO] [1788355309.167924809] [ros_gz_bridge]: Creating ROS->GZ Bridge: [/depth_camera (sensor_msgs/msg/Image) -> /depth_camera (gz.msgs.Image)] (Lazy 0)
[parameter_bridge-3] [INFO] [1788355309.168822305] [ros_gz_bridge]: Creating GZ->ROS Bridge: [/imu (gz.msgs.IMU) -> /imu (sensor_msgs/msg/Imu)] (Lazy 0)
[parameter_bridge-3] [INFO] [1788355309.171326700] [ros_gz_bridge]: Creating ROS->GZ Bridge: [/imu (sensor_msgs/msg/Imu) -> /imu (gz.msgs.IMU)] (Lazy 0)
[parameter_bridge-3] [INFO] [1788355309.172823989] [ros_gz_bridge]: Creating GZ->ROS Bridge: [/world/regolith_moon/model/rover/joint_state (gz.msgs.Model) -> /world/regolith_moon/model/rover/joint_state (sensor_msgs/msg/JointState)] (Lazy 0)
[parameter_bridge-3] [INFO] [1788355309.174017243] [ros_gz_bridge]: Creating ROS->GZ Bridge: [/world/regolith_moon/model/rover/joint_state (sensor_msgs/msg/JointState) -> /world/regolith_moon/model/rover/joint_state (gz.msgs.Model)] (Lazy 0)
[parameter_bridge-3] [INFO] [1788355309.174872694] [ros_gz_bridge]: Creating GZ->ROS Bridge: [/model/rover/pose (gz.msgs.Pose) -> /model/rover/pose (geometry_msgs/msg/PoseStamped)] (Lazy 0)
[wheel_slip_node.py-4] [INFO] [1788355309.671720426] [regolith_wheel_slip]: Wheel-slip ZUPT armed: /odom -> /odom/gated (onboard signals only - wheel odometry and IMU, never ground truth). legacy_rigid_body_signature=False
[flip_recovery_node.py-10] [INFO] [1788355309.674829726] [regolith_flip_recovery]: Flip/stuck recovery armed ONBOARD-ONLY: detection reads IMU attitude and the EKF estimate, never /ground_truth/pose; a flip halts the mission instead of teleporting. Ground truth is logged beside each verdict for scoring only.
[mission_markers_node.py-11] [INFO] [1788355309.743428347] [regolith_mission_markers]: Mission markers active - start at (0.0, 0.0), Gazebo flags on, RViz on /mission_markers
[costmap_node-7] [INFO] [1788355309.751144365] [regolith_costmap]: Published costmap: 256x256 cells at 0.781 m/cell
[planner_node-8] [WARN] [1788355313.493199178] [regolith_planner]: No costmap or current pose yet - ignoring goal
[planner_node-8] [INFO] [1788355321.526152287] [regolith_planner]: Planned path: 109 waypoints, start=(127, 127) goal=(110, 19)
[parameter_bridge-3] [INFO] [1788355321.554789364] [ros_gz_bridge]: Passing message from ROS geometry_msgs/msg/Twist to Gazebo gz.msgs.Twist (showing msg only once per type)
[costmap_node-7] [WARN] [1788355336.638185813] [regolith_costmap]: Hazard #1 marked at (0.64, 0.49): 13 cells lethal (1.2 m + 0.3 m rover radius). The rover got wedged here; the planner will route around it from now on.
[pure_pursuit_node-9] [INFO] [1788355336.650444068] [regolith_pure_pursuit]: Recovery node has taken over /cmd_vel - pausing path following
[pure_pursuit_node-9] [INFO] [1788355357.074926592] [regolith_pure_pursuit]: Recovery finished - resuming path following
[flip_recovery_node.py-10] [WARN] [1788355357.136511391] [regolith_flip_recovery]: STUCK RECOVERY #1 (escalation level 0, triggered by onboard estimate; 0 ground-truth / 1 onboard-estimate / 0 wheel-slip triggers so far). Escape maneuver: reversed 0.20 m/s for 3.0s, then turned left at 0.50 rad/s for 2.0s (sim time, exact - driven by the sim clock directly, not an RTF-estimated wall-clock sleep; RTF over this window measured 0.23x real time, logged for comparison only). A real rover's FDIR could do the same - this is not a simulated teleport.
[planner_node-8] [WARN] [1788355357.138079906] [regolith_planner]: Current-position cell (127, 127) is lethal (drift, or a keep-out zone this rover marked itself) - planning from the nearest free cell (126, 127) instead
[planner_node-8] [INFO] [1788355357.194536569] [regolith_planner]: Planned path: 109 waypoints, start=(126, 127) goal=(110, 19)
[flip_recovery_node.py-10] [WARN] [1788355362.775476289] [regolith_flip_recovery]: STUCK RECOVERY #1 result: onboard estimate moved 0.60 m during the maneuver - FREED (1/1 escapes have freed the rover so far) [scoring only: ground truth moved 0.58 m]
[pure_pursuit_node-9] [INFO] [1788355389.999453240] [regolith_pure_pursuit]: Recovery node has taken over /cmd_vel - pausing path following
[costmap_node-7] [WARN] [1788355390.007776929] [regolith_costmap]: Hazard #2 marked at (-1.26, -0.31): 13 cells lethal (1.2 m + 0.3 m rover radius). The rover got wedged here; the planner will route around it from now on.
[pure_pursuit_node-9] [INFO] [1788355429.847906935] [regolith_pure_pursuit]: Recovery finished - resuming path following
[flip_recovery_node.py-10] [WARN] [1788355429.909251767] [regolith_flip_recovery]: STUCK RECOVERY #2 (escalation level 1, triggered by onboard estimate; 0 ground-truth / 2 onboard-estimate / 0 wheel-slip triggers so far). Escape maneuver: reversed 0.20 m/s for 6.0s, then turned right at 0.50 rad/s for 3.5s (sim time, exact - driven by the sim clock directly, not an RTF-estimated wall-clock sleep; RTF over this window measured 0.23x real time, logged for comparison only). A real rover's FDIR could do the same - this is not a simulated teleport.
[planner_node-8] [WARN] [1788355429.910992246] [regolith_planner]: Current-position cell (127, 128) is lethal (drift, or a keep-out zone this rover marked itself) - planning from the nearest free cell (126, 129) instead
[planner_node-8] [INFO] [1788355429.971915376] [regolith_planner]: Planned path: 111 waypoints, start=(126, 129) goal=(110, 19)
[flip_recovery_node.py-10] [WARN] [1788355434.672366078] [regolith_flip_recovery]: STUCK RECOVERY #2 result: onboard estimate moved 1.20 m during the maneuver - FREED (2/2 escapes have freed the rover so far) [scoring only: ground truth moved 1.22 m]
[pure_pursuit_node-9] [WARN] [1788355463.389318436] [regolith_pure_pursuit]: Stalled for 8s - stopping and replanning
[planner_node-8] [WARN] [1788355463.390815753] [regolith_planner]: Current-position cell (127, 128) is lethal (drift, or a keep-out zone this rover marked itself) - planning from the nearest free cell (126, 129) instead
[planner_node-8] [INFO] [1788355463.451873269] [regolith_planner]: Planned path: 111 waypoints, start=(126, 129) goal=(110, 19)
[wheel_slip_node.py-4] [WARN] [1788357440.876941813] [regolith_wheel_slip]: WHEEL SLIP #1: over the last 15.0 s the wheels claim 2.60 m and 1.88 rad of turning; the gyro saw 0.27 rad (14% of it) and the attitude spanned 13.52 deg. Feeding the EKF a zero-velocity update instead of the wheels' claim.
[pure_pursuit_node-9] [INFO] [1788357457.102164384] [regolith_pure_pursuit]: Recovery node has taken over /cmd_vel - pausing path following
[pure_pursuit_node-9] [INFO] [1788357457.114615562] [regolith_pure_pursuit]: Costmap changed (a new keep-out zone) - restoring the replan budget: the route being retried is not the one that already failed
[costmap_node-7] [WARN] [1788357457.118616507] [regolith_costmap]: Hazard #3 marked at (-71.84, -6.80): 13 cells lethal (1.2 m + 0.3 m rover radius). The rover got wedged here; the planner will route around it from now on.
[wheel_slip_node.py-4] [WARN] [1788357475.358086630] [regolith_wheel_slip]: WHEEL SLIP #1 cleared - over the last 5.0 s the wheels claimed 0.59 rad of turning and the gyro corroborated 25% of it. Phantom distance kept out of the EKF so far: 1.03 m.
[wheel_slip_node.py-4] [WARN] [1788357475.447556143] [regolith_wheel_slip]: WHEEL SLIP #2: over the last 15.0 s the wheels claim 2.30 m and 3.01 rad of turning; the gyro saw 0.36 rad (12% of it) and the attitude spanned 11.29 deg. Feeding the EKF a zero-velocity update instead of the wheels' claim.
[pure_pursuit_node-9] [INFO] [1788357482.613039574] [regolith_pure_pursuit]: Recovery finished - resuming path following
[flip_recovery_node.py-10] [WARN] [1788357482.680314405] [regolith_flip_recovery]: STUCK RECOVERY #3 (escalation level 0, triggered by onboard estimate; 0 ground-truth / 3 onboard-estimate / 0 wheel-slip triggers so far). Escape maneuver: reversed 0.20 m/s for 3.0s, then turned left at 0.50 rad/s for 2.0s (sim time, exact - driven by the sim clock directly, not an RTF-estimated wall-clock sleep; RTF over this window measured 0.19x real time, logged for comparison only). A real rover's FDIR could do the same - this is not a simulated teleport.
[planner_node-8] [WARN] [1788357482.688518631] [regolith_planner]: Current-position cell (119, 36) is lethal (drift, or a keep-out zone this rover marked itself) - planning from the nearest free cell (117, 35) instead
[planner_node-8] [INFO] [1788357482.696208890] [regolith_planner]: Planned path: 17 waypoints, start=(117, 35) goal=(110, 19)
[wheel_slip_node.py-4] [WARN] [1788357484.681078832] [regolith_wheel_slip]: WHEEL SLIP #2 cleared - over the last 5.0 s the wheels claimed 0.68 rad of turning and the gyro corroborated 77% of it. Phantom distance kept out of the EKF so far: 1.08 m.
[flip_recovery_node.py-10] [WARN] [1788357486.607699076] [regolith_flip_recovery]: STUCK RECOVERY #3 result: onboard estimate moved 0.03 m during the maneuver - STILL WEDGED (2/3 escapes have freed the rover so far) [scoring only: ground truth moved 0.52 m - THE ROVERS VERDICT IS WRONG]
[wheel_slip_node.py-4] [WARN] [1788357551.129492316] [regolith_wheel_slip]: WHEEL SLIP #3: over the last 15.0 s the wheels claim 1.06 m and 2.57 rad of turning; the gyro saw 0.37 rad (14% of it) and the attitude spanned 19.08 deg. Feeding the EKF a zero-velocity update instead of the wheels' claim.
[pure_pursuit_node-9] [INFO] [1788357566.792385255] [regolith_pure_pursuit]: Recovery node has taken over /cmd_vel - pausing path following
[costmap_node-7] [WARN] [1788357566.802476922] [regolith_costmap]: Hazard #4 marked at (-72.57, -7.54): 13 cells lethal (1.2 m + 0.3 m rover radius). The rover got wedged here; the planner will route around it from now on.
[wheel_slip_node.py-4] [WARN] [1788357585.771620603] [regolith_wheel_slip]: WHEEL SLIP #3 cleared - over the last 5.0 s the wheels claimed 0.16 rad of turning and the gyro corroborated 12% of it. Phantom distance kept out of the EKF so far: 2.14 m.
[wheel_slip_node.py-4] [WARN] [1788357585.883024290] [regolith_wheel_slip]: WHEEL SLIP #4: over the last 15.0 s the wheels claim 1.57 m and 2.41 rad of turning; the gyro saw 0.04 rad (2% of it) and the attitude spanned 10.23 deg. Feeding the EKF a zero-velocity update instead of the wheels' claim.
[wheel_slip_node.py-4] [WARN] [1788357594.964521567] [regolith_wheel_slip]: WHEEL SLIP #4 cleared - over the last 5.0 s the wheels claimed 0.07 rad of turning and the gyro corroborated 99% of it. Phantom distance kept out of the EKF so far: 2.49 m.
[wheel_slip_node.py-4] [WARN] [1788357595.064246225] [regolith_wheel_slip]: WHEEL SLIP #5: over the last 15.0 s the wheels claim 1.78 m and 2.05 rad of turning; the gyro saw 0.10 rad (5% of it) and the attitude spanned 10.23 deg. Feeding the EKF a zero-velocity update instead of the wheels' claim.
[wheel_slip_node.py-4] [WARN] [1788357604.749163430] [regolith_wheel_slip]: WHEEL SLIP #5 cleared - over the last 5.0 s the wheels claimed 0.68 rad of turning and the gyro corroborated 81% of it. Phantom distance kept out of the EKF so far: 2.49 m.
[pure_pursuit_node-9] [INFO] [1788357608.252688502] [regolith_pure_pursuit]: Recovery finished - resuming path following
[flip_recovery_node.py-10] [WARN] [1788357608.314832359] [regolith_flip_recovery]: STUCK RECOVERY #4 (escalation level 1, triggered by onboard estimate; 0 ground-truth / 4 onboard-estimate / 0 wheel-slip triggers so far). Escape maneuver: reversed 0.20 m/s for 6.0s, then turned right at 0.50 rad/s for 3.5s (sim time, exact - driven by the sim clock directly, not an RTF-estimated wall-clock sleep; RTF over this window measured 0.20x real time, logged for comparison only). A real rover's FDIR could do the same - this is not a simulated teleport.
[planner_node-8] [WARN] [1788357608.317916718] [regolith_planner]: Current-position cell (118, 35) is lethal (drift, or a keep-out zone this rover marked itself) - planning from the nearest free cell (116, 34) instead
[planner_node-8] [INFO] [1788357608.321402703] [regolith_planner]: Planned path: 16 waypoints, start=(116, 34) goal=(110, 19)
[flip_recovery_node.py-10] [WARN] [1788357614.789681749] [regolith_flip_recovery]: STUCK RECOVERY #4 result: onboard estimate moved 0.00 m during the maneuver - STILL WEDGED (2/4 escapes have freed the rover so far) [scoring only: ground truth moved 1.19 m - THE ROVERS VERDICT IS WRONG]
[wheel_slip_node.py-4] [WARN] [1788357717.453674735] [regolith_wheel_slip]: WHEEL SLIP #6: over the last 15.0 s the wheels claim 1.14 m and 1.19 rad of turning; the gyro saw 0.17 rad (14% of it) and the attitude spanned 8.63 deg. Feeding the EKF a zero-velocity update instead of the wheels' claim.
[pure_pursuit_node-9] [INFO] [1788357729.898317147] [regolith_pure_pursuit]: Recovery node has taken over /cmd_vel - pausing path following
[costmap_node-7] [WARN] [1788357729.907344474] [regolith_costmap]: Hazard #5 marked at (-73.71, -8.48): 13 cells lethal (1.2 m + 0.3 m rover radius). The rover got wedged here; the planner will route around it from now on.
[wheel_slip_node.py-4] [WARN] [1788357750.846649056] [regolith_wheel_slip]: WHEEL SLIP #6 cleared - over the last 5.0 s the wheels claimed 0.16 rad of turning and the gyro corroborated 12% of it. Phantom distance kept out of the EKF so far: 3.54 m.
[wheel_slip_node.py-4] [WARN] [1788357750.940870796] [regolith_wheel_slip]: WHEEL SLIP #7: over the last 15.0 s the wheels claim 1.59 m and 1.88 rad of turning; the gyro saw 0.15 rad (8% of it) and the attitude spanned 10.22 deg. Feeding the EKF a zero-velocity update instead of the wheels' claim.
[wheel_slip_node.py-4] [WARN] [1788357758.701581793] [regolith_wheel_slip]: WHEEL SLIP #7 cleared - over the last 5.0 s the wheels claimed 0.00 rad of turning and the gyro corroborated nan% of it. Phantom distance kept out of the EKF so far: 3.94 m.
[wheel_slip_node.py-4] [WARN] [1788357758.792755451] [regolith_wheel_slip]: WHEEL SLIP #8: over the last 15.0 s the wheels claim 1.84 m and 1.79 rad of turning; the gyro saw 0.07 rad (4% of it) and the attitude spanned 10.22 deg. Feeding the EKF a zero-velocity update instead of the wheels' claim.
[wheel_slip_node.py-4] [WARN] [1788357769.753511148] [regolith_wheel_slip]: WHEEL SLIP #8 cleared - over the last 5.0 s the wheels claimed 0.00 rad of turning and the gyro corroborated nan% of it. Phantom distance kept out of the EKF so far: 4.34 m.
[wheel_slip_node.py-4] [WARN] [1788357769.840127132] [regolith_wheel_slip]: WHEEL SLIP #9: over the last 15.0 s the wheels claim 2.10 m and 1.45 rad of turning; the gyro saw 0.03 rad (2% of it) and the attitude spanned 10.22 deg. Feeding the EKF a zero-velocity update instead of the wheels' claim.
[wheel_slip_node.py-4] [WARN] [1788357779.272254980] [regolith_wheel_slip]: WHEEL SLIP #9 cleared - over the last 5.0 s the wheels claimed 0.07 rad of turning and the gyro corroborated 41% of it. Phantom distance kept out of the EKF so far: 4.69 m.
[wheel_slip_node.py-4] [WARN] [1788357779.358697657] [regolith_wheel_slip]: WHEEL SLIP #10: over the last 15.0 s the wheels claim 2.30 m and 1.11 rad of turning; the gyro saw 0.06 rad (6% of it) and the attitude spanned 10.22 deg. Feeding the EKF a zero-velocity update instead of the wheels' claim.
[wheel_slip_node.py-4] [WARN] [1788357786.129548609] [regolith_wheel_slip]: WHEEL SLIP #10 cleared - over the last 5.0 s the wheels claimed 0.68 rad of turning and the gyro corroborated 84% of it. Phantom distance kept out of the EKF so far: 4.69 m.
[pure_pursuit_node-9] [INFO] [1788357796.945061035] [regolith_pure_pursuit]: Recovery finished - resuming path following
[flip_recovery_node.py-10] [WARN] [1788357797.006212647] [regolith_flip_recovery]: STUCK RECOVERY #5 (escalation level 2, triggered by onboard estimate; 0 ground-truth / 5 onboard-estimate / 0 wheel-slip triggers so far). Escape maneuver: reversed 0.20 m/s for 10.0s, then turned left at 0.50 rad/s for 5.0s (sim time, exact - driven by the sim clock directly, not an RTF-estimated wall-clock sleep; RTF over this window measured 0.23x real time, logged for comparison only). A real rover's FDIR could do the same - this is not a simulated teleport.
[planner_node-8] [WARN] [1788357797.008562192] [regolith_planner]: Current-position cell (117, 34) is lethal (drift, or a keep-out zone this rover marked itself) - planning from the nearest free cell (115, 34) instead
[planner_node-8] [INFO] [1788357797.011643332] [regolith_planner]: Planned path: 16 waypoints, start=(115, 34) goal=(110, 19)
[flip_recovery_node.py-10] [WARN] [1788357802.431766777] [regolith_flip_recovery]: STUCK RECOVERY #5 result: onboard estimate moved 0.01 m during the maneuver - STILL WEDGED (2/5 escapes have freed the rover so far) [scoring only: ground truth moved 1.96 m - THE ROVERS VERDICT IS WRONG]
[wheel_slip_node.py-4] [WARN] [1788358080.007191259] [regolith_wheel_slip]: WHEEL SLIP #11: over the last 15.0 s the wheels claim 2.84 m and 0.95 rad of turning; the gyro saw 0.14 rad (14% of it) and the attitude spanned 8.21 deg. Feeding the EKF a zero-velocity update instead of the wheels' claim.
[pure_pursuit_node-9] [INFO] [1788358096.780892878] [regolith_pure_pursuit]: Recovery node has taken over /cmd_vel - pausing path following
[costmap_node-7] [WARN] [1788358096.789291440] [regolith_costmap]: Hazard #6 marked at (-81.56, -10.78): 13 cells lethal (1.2 m + 0.3 m rover radius). The rover got wedged here; the planner will route around it from now on.
[ruby $(which gz) sim-1] NodeShared::Publish() Error: Interrupted system call
[wheel_slip_node.py-4] [WARN] [1788358118.627568805] [regolith_wheel_slip]: WHEEL SLIP #11 cleared - over the last 5.0 s the wheels claimed 0.16 rad of turning and the gyro corroborated 6% of it. Phantom distance kept out of the EKF so far: 6.05 m.
[wheel_slip_node.py-4] [WARN] [1788358118.726197244] [regolith_wheel_slip]: WHEEL SLIP #12: over the last 15.0 s the wheels claim 2.61 m and 1.97 rad of turning; the gyro saw 0.12 rad (6% of it) and the attitude spanned 9.49 deg. Feeding the EKF a zero-velocity update instead of the wheels' claim.
[wheel_slip_node.py-4] [WARN] [1788358128.144037123] [regolith_wheel_slip]: WHEEL SLIP #12 cleared - over the last 5.0 s the wheels claimed 0.00 rad of turning and the gyro corroborated nan% of it. Phantom distance kept out of the EKF so far: 6.45 m.
[wheel_slip_node.py-4] [WARN] [1788358128.237750121] [regolith_wheel_slip]: WHEEL SLIP #13: over the last 15.0 s the wheels claim 2.63 m and 1.87 rad of turning; the gyro saw 0.03 rad (2% of it) and the attitude spanned 9.49 deg. Feeding the EKF a zero-velocity update instead of the wheels' claim.
[wheel_slip_node.py-4] [WARN] [1788358138.574962035] [regolith_wheel_slip]: WHEEL SLIP #13 cleared - over the last 5.0 s the wheels claimed 0.00 rad of turning and the gyro corroborated nan% of it. Phantom distance kept out of the EKF so far: 6.85 m.
[wheel_slip_node.py-4] [WARN] [1788358138.670534814] [regolith_wheel_slip]: WHEEL SLIP #14: over the last 15.0 s the wheels claim 2.64 m and 1.71 rad of turning; the gyro saw 0.03 rad (2% of it) and the attitude spanned 9.49 deg. Feeding the EKF a zero-velocity update instead of the wheels' claim.
[wheel_slip_node.py-4] [WARN] [1788358146.481894614] [regolith_wheel_slip]: WHEEL SLIP #14 cleared - over the last 5.0 s the wheels claimed 0.15 rad of turning and the gyro corroborated 65% of it. Phantom distance kept out of the EKF so far: 7.14 m.
[wheel_slip_node.py-4] [WARN] [1788358146.580311148] [regolith_wheel_slip]: WHEEL SLIP #15: over the last 15.0 s the wheels claim 2.60 m and 1.49 rad of turning; the gyro saw 0.12 rad (8% of it) and the attitude spanned 9.49 deg. Feeding the EKF a zero-velocity update instead of the wheels' claim.
[wheel_slip_node.py-4] [WARN] [1788358156.671855938] [regolith_wheel_slip]: WHEEL SLIP #15 cleared - over the last 5.0 s the wheels claimed 0.76 rad of turning and the gyro corroborated 77% of it. Phantom distance kept out of the EKF so far: 7.14 m.
[pure_pursuit_node-9] [INFO] [1788358176.613258054] [regolith_pure_pursuit]: Recovery finished - resuming path following
[flip_recovery_node.py-10] [WARN] [1788358176.674883859] [regolith_flip_recovery]: STUCK RECOVERY #6 (escalation level 3, triggered by onboard estimate; 0 ground-truth / 6 onboard-estimate / 0 wheel-slip triggers so far). Escape maneuver: reversed 0.20 m/s for 10.0s, then turned right at 0.50 rad/s for 6.5s (sim time, exact - driven by the sim clock directly, not an RTF-estimated wall-clock sleep; RTF over this window measured 0.19x real time, logged for comparison only). A real rover's FDIR could do the same - this is not a simulated teleport.
[planner_node-8] [WARN] [1788358176.677563522] [regolith_planner]: Current-position cell (114, 24) is lethal (drift, or a keep-out zone this rover marked itself) - planning from the nearest free cell (113, 25) instead
[planner_node-8] [INFO] [1788358176.679946850] [regolith_planner]: Planned path: 7 waypoints, start=(113, 25) goal=(110, 19)
[flip_recovery_node.py-10] [WARN] [1788358180.278871136] [regolith_flip_recovery]: STUCK RECOVERY #6 result: onboard estimate moved 0.01 m during the maneuver - STILL WEDGED (2/6 escapes have freed the rover so far) [scoring only: ground truth moved 1.99 m - THE ROVERS VERDICT IS WRONG]
[pure_pursuit_node-9] [INFO] [1788358210.255622117] [regolith_pure_pursuit]: Recovery node has taken over /cmd_vel - pausing path following
[costmap_node-7] [WARN] [1788358210.263564709] [regolith_costmap]: Hazard #7 marked at (-81.44, -11.09): 13 cells lethal (1.2 m + 0.3 m rover radius). The rover got wedged here; the planner will route around it from now on.
[pure_pursuit_node-9] [INFO] [1788358289.244587373] [regolith_pure_pursuit]: Recovery finished - resuming path following
[flip_recovery_node.py-10] [WARN] [1788358289.305732603] [regolith_flip_recovery]: STUCK RECOVERY #7 (escalation level 4, triggered by onboard estimate; 0 ground-truth / 7 onboard-estimate / 0 wheel-slip triggers so far). Escape maneuver: reversed 0.20 m/s for 10.0s, then turned left at 0.50 rad/s for 8.0s (sim time, exact - driven by the sim clock directly, not an RTF-estimated wall-clock sleep; RTF over this window measured 0.22x real time, logged for comparison only). A real rover's FDIR could do the same - this is not a simulated teleport.
[planner_node-8] [INFO] [1788358289.309239987] [regolith_planner]: Planned path: 10 waypoints, start=(115, 26) goal=(110, 19)
[flip_recovery_node.py-10] [WARN] [1788358294.500017468] [regolith_flip_recovery]: STUCK RECOVERY #7 result: onboard estimate moved 2.00 m during the maneuver - FREED (3/7 escapes have freed the rover so far) [scoring only: ground truth moved 1.93 m]
[pure_pursuit_node-9] [INFO] [1788358546.435990987] [regolith_pure_pursuit]: Goal reached (within 0.34 m of the commanded goal)
