[INFO] [launch]: All log files can be found below /home/balazs/.ros/log/2026-08-30-23-03-26-931258-DESKTOP-IE5MOME-24433
[INFO] [launch]: Default logging verbosity is set to INFO
[hello_moon.launch] Using ROS_DOMAIN_ID=46 (isolated DDS domain for this launch - see PROGRESS.md)
[hello_moon.launch] TERRAIN-RELATIVE NAVIGATION ENABLED - the EKF is fused with an absolute position fix matched from IMU attitude against the a-priori DEM. No ground truth is read, so runs with this on ARE milestone results. Replayed through 25 recorded runs it cuts final EKF error from 2.97 m to 0.71 m median, but a replay is not a run - see PROGRESS.md before reading anything into a single result.
[INFO] [ruby $(which gz) sim-1]: process started with pid [24477]
[INFO] [robot_state_publisher-2]: process started with pid [24479]
[INFO] [parameter_bridge-3]: process started with pid [24482]
[INFO] [wheel_slip_node.py-4]: process started with pid [24484]
[INFO] [terrain_relative_node.py-5]: process started with pid [24487]
[INFO] [sensor_covariance_relay.py-6]: process started with pid [24489]
[INFO] [ekf_node-7]: process started with pid [24491]
[INFO] [costmap_node-8]: process started with pid [24493]
[INFO] [planner_node-9]: process started with pid [24495]
[INFO] [pure_pursuit_node-10]: process started with pid [24497]
[INFO] [flip_recovery_node.py-11]: process started with pid [24499]
[INFO] [mission_markers_node.py-12]: process started with pid [24501]
[parameter_bridge-3] [INFO] [1788127408.612878589] [ros_gz_bridge]: Creating GZ->ROS Bridge: [/clock (gz.msgs.Clock) -> /clock (rosgraph_msgs/msg/Clock)] (Lazy 0)
[parameter_bridge-3] [INFO] [1788127408.614474530] [ros_gz_bridge]: Creating GZ->ROS Bridge: [/cmd_vel (gz.msgs.Twist) -> /cmd_vel (geometry_msgs/msg/Twist)] (Lazy 0)
[parameter_bridge-3] [INFO] [1788127408.617170922] [ros_gz_bridge]: Creating ROS->GZ Bridge: [/cmd_vel (geometry_msgs/msg/Twist) -> /cmd_vel (gz.msgs.Twist)] (Lazy 0)
[parameter_bridge-3] [INFO] [1788127408.618814832] [ros_gz_bridge]: Creating GZ->ROS Bridge: [/odometry (gz.msgs.Odometry) -> /odometry (nav_msgs/msg/Odometry)] (Lazy 0)
[parameter_bridge-3] [INFO] [1788127408.621518274] [ros_gz_bridge]: Creating ROS->GZ Bridge: [/odometry (nav_msgs/msg/Odometry) -> /odometry (gz.msgs.Odometry)] (Lazy 0)
[parameter_bridge-3] [INFO] [1788127408.622737775] [ros_gz_bridge]: Creating GZ->ROS Bridge: [/camera (gz.msgs.Image) -> /camera (sensor_msgs/msg/Image)] (Lazy 0)
[robot_state_publisher-2] [INFO] [1788127408.624703776] [robot_state_publisher]: got segment base_link
[robot_state_publisher-2] [INFO] [1788127408.624928014] [robot_state_publisher]: got segment camera_link
[robot_state_publisher-2] [INFO] [1788127408.624941777] [robot_state_publisher]: got segment chassis
[robot_state_publisher-2] [INFO] [1788127408.624949513] [robot_state_publisher]: got segment front_left_wheel
[robot_state_publisher-2] [INFO] [1788127408.624956911] [robot_state_publisher]: got segment front_right_wheel
[robot_state_publisher-2] [INFO] [1788127408.624963712] [robot_state_publisher]: got segment imu_link
[robot_state_publisher-2] [INFO] [1788127408.624971023] [robot_state_publisher]: got segment rear_left_wheel
[robot_state_publisher-2] [INFO] [1788127408.624977692] [robot_state_publisher]: got segment rear_right_wheel
[parameter_bridge-3] [INFO] [1788127408.625414866] [ros_gz_bridge]: Creating ROS->GZ Bridge: [/camera (sensor_msgs/msg/Image) -> /camera (gz.msgs.Image)] (Lazy 0)
[parameter_bridge-3] [INFO] [1788127408.627449766] [ros_gz_bridge]: Creating GZ->ROS Bridge: [/camera_info (gz.msgs.CameraInfo) -> /camera_info (sensor_msgs/msg/CameraInfo)] (Lazy 0)
[parameter_bridge-3] [INFO] [1788127408.629299641] [ros_gz_bridge]: Creating ROS->GZ Bridge: [/camera_info (sensor_msgs/msg/CameraInfo) -> /camera_info (gz.msgs.CameraInfo)] (Lazy 0)
[parameter_bridge-3] [INFO] [1788127408.630301313] [ros_gz_bridge]: Creating GZ->ROS Bridge: [/depth_camera (gz.msgs.Image) -> /depth_camera (sensor_msgs/msg/Image)] (Lazy 0)
[parameter_bridge-3] [INFO] [1788127408.630938786] [ros_gz_bridge]: Creating ROS->GZ Bridge: [/depth_camera (sensor_msgs/msg/Image) -> /depth_camera (gz.msgs.Image)] (Lazy 0)
[parameter_bridge-3] [INFO] [1788127408.632275161] [ros_gz_bridge]: Creating GZ->ROS Bridge: [/imu (gz.msgs.IMU) -> /imu (sensor_msgs/msg/Imu)] (Lazy 0)
[parameter_bridge-3] [INFO] [1788127408.634393659] [ros_gz_bridge]: Creating ROS->GZ Bridge: [/imu (sensor_msgs/msg/Imu) -> /imu (gz.msgs.IMU)] (Lazy 0)
[parameter_bridge-3] [INFO] [1788127408.636781073] [ros_gz_bridge]: Creating GZ->ROS Bridge: [/world/regolith_moon/model/rover/joint_state (gz.msgs.Model) -> /world/regolith_moon/model/rover/joint_state (sensor_msgs/msg/JointState)] (Lazy 0)
[parameter_bridge-3] [INFO] [1788127408.639095613] [ros_gz_bridge]: Creating ROS->GZ Bridge: [/world/regolith_moon/model/rover/joint_state (sensor_msgs/msg/JointState) -> /world/regolith_moon/model/rover/joint_state (gz.msgs.Model)] (Lazy 0)
[parameter_bridge-3] [INFO] [1788127408.640371647] [ros_gz_bridge]: Creating GZ->ROS Bridge: [/model/rover/pose (gz.msgs.Pose) -> /model/rover/pose (geometry_msgs/msg/PoseStamped)] (Lazy 0)
[flip_recovery_node.py-11] [INFO] [1788127409.045491889] [regolith_flip_recovery]: Flip/stuck recovery armed (simulated set_pose backstop for flips, straight-line cmd_vel override for stuck-but-upright)
[wheel_slip_node.py-4] [INFO] [1788127409.143332764] [regolith_wheel_slip]: Wheel-slip ZUPT armed: /odom -> /odom/gated (onboard signals only - wheel odometry and IMU, never ground truth). legacy_rigid_body_signature=False
[costmap_node-8] [INFO] [1788127409.196504617] [regolith_costmap]: Published costmap: 256x256 cells at 0.781 m/cell
[mission_markers_node.py-12] [INFO] [1788127409.199877546] [regolith_mission_markers]: Mission markers active - start at (0.0, 0.0), Gazebo flags on, RViz on /mission_markers
[terrain_relative_node.py-5] [INFO] [1788127409.217572281] [regolith_terrain_relative]: Terrain-relative navigation active: 15 m window, fixing at 1.0 Hz, +-6 m search at 0.25 m, DEM 0.391 m/px from /home/balazs/.cache/regolith/worlds/seed_123/manifest.json. Onboard sensors only - no ground truth is read by this node.
[planner_node-9] [WARN] [1788127413.136500882] [regolith_planner]: No costmap or current pose yet - ignoring goal
[planner_node-9] [INFO] [1788127421.181860937] [regolith_planner]: Planned path: 73 waypoints, start=(127, 128) goal=(86, 60)
[parameter_bridge-3] [INFO] [1788127421.631146951] [ros_gz_bridge]: Passing message from ROS geometry_msgs/msg/Twist to Gazebo gz.msgs.Twist (showing msg only once per type)
[pure_pursuit_node-10] [WARN] [1788127458.836133865] [regolith_pure_pursuit]: Stalled for 8s - stopping and replanning
[planner_node-9] [INFO] [1788127458.919394394] [regolith_planner]: Planned path: 73 waypoints, start=(127, 128) goal=(86, 60)
[pure_pursuit_node-10] [INFO] [1788127463.054516774] [regolith_pure_pursuit]: Recovery node has taken over /cmd_vel - pausing path following
[costmap_node-8] [WARN] [1788127463.062500386] [regolith_costmap]: Hazard #1 marked at (-0.32, -0.73): 13 cells lethal (1.2 m + 0.3 m rover radius). The rover got wedged here; the planner will route around it from now on.
[pure_pursuit_node-10] [INFO] [1788127463.063206392] [regolith_pure_pursuit]: Costmap changed (a new keep-out zone) - restoring the replan budget: the route being retried is not the one that already failed
[pure_pursuit_node-10] [INFO] [1788127484.874030742] [regolith_pure_pursuit]: Recovery finished - resuming path following
[flip_recovery_node.py-11] [WARN] [1788127484.935628455] [regolith_flip_recovery]: STUCK RECOVERY #1 (escalation level 0, triggered by ground truth; 1 ground-truth / 0 onboard triggers so far). Escape maneuver: reversed 0.20 m/s for 3.0s, then turned left at 0.50 rad/s for 2.0s (sim time, exact - driven by the sim clock directly, not an RTF-estimated wall-clock sleep; RTF over this window measured 0.20x real time, logged for comparison only). A real rover's FDIR could do the same - this is not a simulated teleport.
[planner_node-9] [WARN] [1788127484.937036867] [regolith_planner]: Current-position cell (128, 128) is lethal (drift, or a keep-out zone this rover marked itself) - planning from the nearest free cell (128, 129) instead
[planner_node-9] [INFO] [1788127485.033395308] [regolith_planner]: Planned path: 74 waypoints, start=(128, 129) goal=(86, 60)
[flip_recovery_node.py-11] [WARN] [1788127490.890738722] [regolith_flip_recovery]: STUCK RECOVERY #1 result: ground truth moved 0.61 m during the maneuver - FREED (1/1 escapes have freed the rover so far)
[pure_pursuit_node-10] [WARN] [1788127522.567382702] [regolith_pure_pursuit]: Stalled for 8s - stopping and replanning
[planner_node-9] [WARN] [1788127522.569289409] [regolith_planner]: Current-position cell (128, 128) is lethal (drift, or a keep-out zone this rover marked itself) - planning from the nearest free cell (128, 129) instead
[planner_node-9] [INFO] [1788127522.644113507] [regolith_planner]: Planned path: 74 waypoints, start=(128, 129) goal=(86, 60)
[terrain_relative_node.py-5] [INFO] [1788127726.705684771] [regolith_terrain_relative]: Terrain fix held: first window, offset (+0.18, +0.53), margin 4.22 - waiting for an independent window to confirm
[terrain_relative_node.py-5] [INFO] [1788127731.578758235] [regolith_terrain_relative]: Terrain correction #1 at 7.9 m travelled: (+0.16, +0.47) m, margin 4.29, 39 samples, 2 poses published (rejected so far: 0 ambiguous, 0 inconsistent)
[terrain_relative_node.py-5] [INFO] [1788127878.131999062] [regolith_terrain_relative]: Terrain correction #6 at 13.3 m travelled: (-0.21, -0.45) m, margin 3.93, 66 samples, 35 poses published (rejected so far: 0 ambiguous, 0 inconsistent)
[terrain_relative_node.py-5] [INFO] [1788128159.036550050] [regolith_terrain_relative]: Terrain correction #11 at 18.5 m travelled: (+0.01, +0.00) m, margin 5.68, 74 samples, 98 poses published (rejected so far: 0 ambiguous, 0 inconsistent)
[terrain_relative_node.py-5] [INFO] [1788128295.276097461] [regolith_terrain_relative]: Terrain correction #16 at 23.8 m travelled: (+0.17, +0.35) m, margin 2.60, 74 samples, 129 poses published (rejected so far: 0 ambiguous, 0 inconsistent)
[terrain_relative_node.py-5] [INFO] [1788128427.407721823] [regolith_terrain_relative]: Terrain correction #21 at 29.1 m travelled: (+0.01, +0.03) m, margin 5.08, 74 samples, 159 poses published (rejected so far: 0 ambiguous, 0 inconsistent)
[terrain_relative_node.py-5] [INFO] [1788128456.142127831] [regolith_terrain_relative]: Terrain fix rejected: margin 1.90 < 2.00 - this stretch of terrain does not determine position (74 samples over 15 m)
[terrain_relative_node.py-5] [INFO] [1788128508.637157436] [regolith_terrain_relative]: Terrain fix rejected: margin 1.87 < 2.00 - this stretch of terrain does not determine position (74 samples over 15 m)
[wheel_slip_node.py-4] [WARN] [1788128521.993453300] [regolith_wheel_slip]: WHEEL SLIP #1: over the last 15.0 s the wheels claim 2.36 m and 3.06 rad of turning; the gyro saw 0.44 rad (14% of it) and the attitude spanned 10.89 deg. Feeding the EKF a zero-velocity update instead of the wheels' claim.
[terrain_relative_node.py-5] [INFO] [1788128539.738716028] [regolith_terrain_relative]: Terrain fix rejected: margin 1.57 < 2.00 - this stretch of terrain does not determine position (74 samples over 15 m)
[pure_pursuit_node-10] [INFO] [1788128543.920722874] [regolith_pure_pursuit]: Recovery node has taken over /cmd_vel - pausing path following
[costmap_node-8] [WARN] [1788128543.928007002] [regolith_costmap]: Hazard #2 marked at (-29.38, -8.01): 13 cells lethal (1.2 m + 0.3 m rover radius). The rover got wedged here; the planner will route around it from now on.
[pure_pursuit_node-10] [INFO] [1788128543.928112411] [regolith_pure_pursuit]: Costmap changed (a new keep-out zone) - restoring the replan budget: the route being retried is not the one that already failed
[wheel_slip_node.py-4] [WARN] [1788128561.818293259] [regolith_wheel_slip]: WHEEL SLIP #1 cleared - over the last 5.0 s the wheels claimed 0.59 rad of turning and the gyro corroborated 26% of it. Phantom distance kept out of the EKF so far: 1.32 m.
[wheel_slip_node.py-4] [WARN] [1788128561.911198125] [regolith_wheel_slip]: WHEEL SLIP #2: over the last 15.0 s the wheels claim 2.25 m and 3.50 rad of turning; the gyro saw 0.22 rad (6% of it) and the attitude spanned 16.90 deg. Feeding the EKF a zero-velocity update instead of the wheels' claim.
[pure_pursuit_node-10] [INFO] [1788128567.868647148] [regolith_pure_pursuit]: Recovery finished - resuming path following
[flip_recovery_node.py-11] [WARN] [1788128567.930397402] [regolith_flip_recovery]: STUCK RECOVERY #2 (escalation level 0, triggered by wheel slip (onboard); 1 ground-truth / 1 onboard triggers so far). Escape maneuver: reversed 0.20 m/s for 3.0s, then turned left at 0.50 rad/s for 2.0s (sim time, exact - driven by the sim clock directly, not an RTF-estimated wall-clock sleep; RTF over this window measured 0.21x real time, logged for comparison only). A real rover's FDIR could do the same - this is not a simulated teleport.
[planner_node-9] [WARN] [1788128567.933389435] [regolith_planner]: Current-position cell (118, 91) is lethal (drift, or a keep-out zone this rover marked itself) - planning from the nearest free cell (118, 92) instead
[planner_node-9] [INFO] [1788128567.960777195] [regolith_planner]: Planned path: 39 waypoints, start=(118, 92) goal=(86, 60)
[terrain_relative_node.py-5] [INFO] [1788128570.877014522] [regolith_terrain_relative]: Terrain fix rejected: margin 1.56 < 2.00 - this stretch of terrain does not determine position (74 samples over 15 m)
[wheel_slip_node.py-4] [WARN] [1788128571.602004481] [regolith_wheel_slip]: WHEEL SLIP #2 cleared - over the last 5.0 s the wheels claimed 0.76 rad of turning and the gyro corroborated 79% of it. Phantom distance kept out of the EKF so far: 1.32 m.
[flip_recovery_node.py-11] [WARN] [1788128573.655507136] [regolith_flip_recovery]: STUCK RECOVERY #2 result: ground truth moved 0.59 m during the maneuver - FREED (2/2 escapes have freed the rover so far)
[terrain_relative_node.py-5] [INFO] [1788128601.786944744] [regolith_terrain_relative]: Terrain fix rejected: margin 1.72 < 2.00 - this stretch of terrain does not determine position (74 samples over 15 m)
[pure_pursuit_node-10] [INFO] [1788128604.638302688] [regolith_pure_pursuit]: Recovery node has taken over /cmd_vel - pausing path following
[costmap_node-8] [WARN] [1788128604.645788117] [regolith_costmap]: Hazard #3 marked at (-28.30, -8.62): 13 cells lethal (1.2 m + 0.3 m rover radius). The rover got wedged here; the planner will route around it from now on.
[terrain_relative_node.py-5] [INFO] [1788128632.782826317] [regolith_terrain_relative]: Terrain fix rejected: margin 1.66 < 2.00 - this stretch of terrain does not determine position (74 samples over 15 m)
[pure_pursuit_node-10] [INFO] [1788128645.161559460] [regolith_pure_pursuit]: Recovery finished - resuming path following
[flip_recovery_node.py-11] [WARN] [1788128645.222559893] [regolith_flip_recovery]: STUCK RECOVERY #3 (escalation level 1, triggered by ground truth; 2 ground-truth / 1 onboard triggers so far). Escape maneuver: reversed 0.20 m/s for 6.0s, then turned right at 0.50 rad/s for 3.5s (sim time, exact - driven by the sim clock directly, not an RTF-estimated wall-clock sleep; RTF over this window measured 0.21x real time, logged for comparison only). A real rover's FDIR could do the same - this is not a simulated teleport.
[planner_node-9] [WARN] [1788128645.223774156] [regolith_planner]: Current-position cell (119, 90) is lethal (drift, or a keep-out zone this rover marked itself) - planning from the nearest free cell (119, 89) instead
[planner_node-9] [INFO] [1788128645.247876373] [regolith_planner]: Planned path: 34 waypoints, start=(119, 89) goal=(86, 60)
[flip_recovery_node.py-11] [WARN] [1788128650.602776471] [regolith_flip_recovery]: STUCK RECOVERY #3 result: ground truth moved 1.25 m during the maneuver - FREED (3/3 escapes have freed the rover so far)
[terrain_relative_node.py-5] [INFO] [1788128666.423495572] [regolith_terrain_relative]: Terrain fix rejected: margin 1.71 < 2.00 - this stretch of terrain does not determine position (74 samples over 15 m)
[terrain_relative_node.py-5] [INFO] [1788128697.737158118] [regolith_terrain_relative]: Terrain fix rejected: margin 1.70 < 2.00 - this stretch of terrain does not determine position (74 samples over 15 m)
[terrain_relative_node.py-5] [INFO] [1788128729.101431682] [regolith_terrain_relative]: Terrain fix rejected: margin 1.66 < 2.00 - this stretch of terrain does not determine position (75 samples over 15 m)
[terrain_relative_node.py-5] [INFO] [1788128760.216273961] [regolith_terrain_relative]: Terrain fix rejected: margin 1.63 < 2.00 - this stretch of terrain does not determine position (75 samples over 15 m)
[terrain_relative_node.py-5] [INFO] [1788128791.372357022] [regolith_terrain_relative]: Terrain fix rejected: margin 1.61 < 2.00 - this stretch of terrain does not determine position (75 samples over 15 m)
[wheel_slip_node.py-4] [WARN] [1788128805.947621646] [regolith_wheel_slip]: WHEEL SLIP #3: over the last 15.0 s the wheels claim 1.67 m and 3.22 rad of turning; the gyro saw 0.47 rad (14% of it) and the attitude spanned 10.12 deg. Feeding the EKF a zero-velocity update instead of the wheels' claim.
[terrain_relative_node.py-5] [INFO] [1788128822.678037349] [regolith_terrain_relative]: Terrain fix rejected: margin 1.63 < 2.00 - this stretch of terrain does not determine position (75 samples over 15 m)
[pure_pursuit_node-10] [INFO] [1788128827.464395473] [regolith_pure_pursuit]: Recovery node has taken over /cmd_vel - pausing path following
[costmap_node-8] [WARN] [1788128827.472396091] [regolith_costmap]: Hazard #4 marked at (-32.77, -8.92): 13 cells lethal (1.2 m + 0.3 m rover radius). The rover got wedged here; the planner will route around it from now on.
[wheel_slip_node.py-4] [WARN] [1788128847.248244089] [regolith_wheel_slip]: WHEEL SLIP #3 cleared - over the last 5.0 s the wheels claimed 0.17 rad of turning and the gyro corroborated 12% of it. Phantom distance kept out of the EKF so far: 2.87 m.
[wheel_slip_node.py-4] [WARN] [1788128847.359412165] [regolith_wheel_slip]: WHEEL SLIP #4: over the last 15.0 s the wheels claim 2.32 m and 3.13 rad of turning; the gyro saw 0.13 rad (4% of it) and the attitude spanned 5.21 deg. Feeding the EKF a zero-velocity update instead of the wheels' claim.
[terrain_relative_node.py-5] [INFO] [1788128853.941885803] [regolith_terrain_relative]: Terrain fix rejected: margin 1.62 < 2.00 - this stretch of terrain does not determine position (75 samples over 15 m)
[wheel_slip_node.py-4] [WARN] [1788128857.005102633] [regolith_wheel_slip]: WHEEL SLIP #4 cleared - over the last 5.0 s the wheels claimed 0.00 rad of turning and the gyro corroborated nan% of it. Phantom distance kept out of the EKF so far: 3.27 m.
[wheel_slip_node.py-4] [WARN] [1788128857.103992933] [regolith_wheel_slip]: WHEEL SLIP #5: over the last 15.0 s the wheels claim 2.41 m and 2.55 rad of turning; the gyro saw 0.05 rad (2% of it) and the attitude spanned 2.28 deg. Feeding the EKF a zero-velocity update instead of the wheels' claim.
[wheel_slip_node.py-4] [WARN] [1788128866.740359383] [regolith_wheel_slip]: WHEEL SLIP #5 cleared - over the last 5.0 s the wheels claimed 0.00 rad of turning and the gyro corroborated nan% of it. Phantom distance kept out of the EKF so far: 3.67 m.
[wheel_slip_node.py-4] [WARN] [1788128866.833044677] [regolith_wheel_slip]: WHEEL SLIP #6: over the last 15.0 s the wheels claim 2.53 m and 1.95 rad of turning; the gyro saw 0.04 rad (2% of it) and the attitude spanned 2.22 deg. Feeding the EKF a zero-velocity update instead of the wheels' claim.
[wheel_slip_node.py-4] [WARN] [1788128873.837900744] [regolith_wheel_slip]: WHEEL SLIP #6 cleared - over the last 5.0 s the wheels claimed 0.14 rad of turning and the gyro corroborated 75% of it. Phantom distance kept out of the EKF so far: 3.97 m.
[wheel_slip_node.py-4] [WARN] [1788128873.932326191] [regolith_wheel_slip]: WHEEL SLIP #7: over the last 15.0 s the wheels claim 2.56 m and 1.49 rad of turning; the gyro saw 0.14 rad (9% of it) and the attitude spanned 8.31 deg. Feeding the EKF a zero-velocity update instead of the wheels' claim.
[wheel_slip_node.py-4] [WARN] [1788128883.823446767] [regolith_wheel_slip]: WHEEL SLIP #7 cleared - over the last 5.0 s the wheels claimed 0.75 rad of turning and the gyro corroborated 76% of it. Phantom distance kept out of the EKF so far: 3.97 m.
[terrain_relative_node.py-5] [INFO] [1788128885.458042931] [regolith_terrain_relative]: Terrain fix rejected: margin 1.60 < 2.00 - this stretch of terrain does not determine position (75 samples over 15 m)
[pure_pursuit_node-10] [INFO] [1788128895.146141206] [regolith_pure_pursuit]: Recovery finished - resuming path following
[flip_recovery_node.py-11] [WARN] [1788128895.207140066] [regolith_flip_recovery]: STUCK RECOVERY #4 (escalation level 2, triggered by wheel slip (onboard); 2 ground-truth / 2 onboard triggers so far). Escape maneuver: reversed 0.20 m/s for 10.0s, then turned left at 0.50 rad/s for 5.0s (sim time, exact - driven by the sim clock directly, not an RTF-estimated wall-clock sleep; RTF over this window measured 0.20x real time, logged for comparison only). A real rover's FDIR could do the same - this is not a simulated teleport.
[planner_node-9] [WARN] [1788128895.208761267] [regolith_planner]: Current-position cell (117, 88) is lethal (drift, or a keep-out zone this rover marked itself) - planning from the nearest free cell (118, 88) instead
[planner_node-9] [INFO] [1788128895.232203265] [regolith_planner]: Planned path: 36 waypoints, start=(118, 88) goal=(86, 60)
[flip_recovery_node.py-11] [WARN] [1788128901.005833981] [regolith_flip_recovery]: STUCK RECOVERY #4 result: ground truth moved 1.92 m during the maneuver - FREED (4/4 escapes have freed the rover so far)
[terrain_relative_node.py-5] [INFO] [1788128916.573876438] [regolith_terrain_relative]: Terrain fix rejected: margin 1.60 < 2.00 - this stretch of terrain does not determine position (75 samples over 15 m)
[terrain_relative_node.py-5] [INFO] [1788128947.137829883] [regolith_terrain_relative]: Terrain fix rejected: margin 1.55 < 2.00 - this stretch of terrain does not determine position (75 samples over 15 m)
[terrain_relative_node.py-5] [INFO] [1788128977.965403386] [regolith_terrain_relative]: Terrain fix rejected: margin 1.51 < 2.00 - this stretch of terrain does not determine position (75 samples over 15 m)
[terrain_relative_node.py-5] [INFO] [1788129009.541396429] [regolith_terrain_relative]: Terrain fix rejected: margin 1.49 < 2.00 - this stretch of terrain does not determine position (75 samples over 15 m)
[terrain_relative_node.py-5] [INFO] [1788129040.528436817] [regolith_terrain_relative]: Terrain fix rejected: margin 1.52 < 2.00 - this stretch of terrain does not determine position (75 samples over 15 m)
[terrain_relative_node.py-5] [INFO] [1788129071.455122846] [regolith_terrain_relative]: Terrain fix rejected: margin 1.51 < 2.00 - this stretch of terrain does not determine position (75 samples over 15 m)
[terrain_relative_node.py-5] [INFO] [1788129102.208525951] [regolith_terrain_relative]: Terrain fix rejected: margin 1.52 < 2.00 - this stretch of terrain does not determine position (75 samples over 15 m)
[wheel_slip_node.py-4] [WARN] [1788129114.925087314] [regolith_wheel_slip]: WHEEL SLIP #8: over the last 15.0 s the wheels claim 1.64 m and 1.40 rad of turning; the gyro saw 0.20 rad (14% of it) and the attitude spanned 8.81 deg. Feeding the EKF a zero-velocity update instead of the wheels' claim.
[terrain_relative_node.py-5] [INFO] [1788129133.074326586] [regolith_terrain_relative]: Terrain fix rejected: margin 1.84 < 2.00 - this stretch of terrain does not determine position (75 samples over 15 m)
[pure_pursuit_node-10] [INFO] [1788129138.815576076] [regolith_pure_pursuit]: Recovery node has taken over /cmd_vel - pausing path following
[costmap_node-8] [WARN] [1788129138.822149935] [regolith_costmap]: Hazard #5 marked at (-35.64, -9.58): 13 cells lethal (1.2 m + 0.3 m rover radius). The rover got wedged here; the planner will route around it from now on.
[terrain_relative_node.py-5] [INFO] [1788129154.489069132] [regolith_terrain_relative]: Terrain correction #23 at 47.1 m travelled: (-0.09, +0.49) m, margin 2.06, 75 samples, 323 poses published (rejected so far: 151 ambiguous, 0 inconsistent)
[wheel_slip_node.py-4] [WARN] [1788129158.503271044] [regolith_wheel_slip]: WHEEL SLIP #8 cleared - over the last 5.0 s the wheels claimed 0.16 rad of turning and the gyro corroborated 12% of it. Phantom distance kept out of the EKF so far: 5.55 m.
[wheel_slip_node.py-4] [WARN] [1788129158.597349652] [regolith_wheel_slip]: WHEEL SLIP #9: over the last 15.0 s the wheels claim 2.20 m and 2.81 rad of turning; the gyro saw 0.13 rad (5% of it) and the attitude spanned 5.86 deg. Feeding the EKF a zero-velocity update instead of the wheels' claim.
[wheel_slip_node.py-4] [WARN] [1788129168.083974941] [regolith_wheel_slip]: WHEEL SLIP #9 cleared - over the last 5.0 s the wheels claimed 0.00 rad of turning and the gyro corroborated nan% of it. Phantom distance kept out of the EKF so far: 5.95 m.
[wheel_slip_node.py-4] [WARN] [1788129168.172880251] [regolith_wheel_slip]: WHEEL SLIP #10: over the last 15.0 s the wheels claim 2.46 m and 2.45 rad of turning; the gyro saw 0.12 rad (5% of it) and the attitude spanned 5.68 deg. Feeding the EKF a zero-velocity update instead of the wheels' claim.
[wheel_slip_node.py-4] [WARN] [1788129175.164092628] [regolith_wheel_slip]: WHEEL SLIP #10 cleared - over the last 5.0 s the wheels claimed 0.00 rad of turning and the gyro corroborated nan% of it. Phantom distance kept out of the EKF so far: 6.35 m.
[wheel_slip_node.py-4] [WARN] [1788129175.259069101] [regolith_wheel_slip]: WHEEL SLIP #11: over the last 15.0 s the wheels claim 2.59 m and 1.94 rad of turning; the gyro saw 0.04 rad (2% of it) and the attitude spanned 1.30 deg. Feeding the EKF a zero-velocity update instead of the wheels' claim.
[terrain_relative_node.py-5] [INFO] [1788129175.772076723] [regolith_terrain_relative]: Terrain fix rejected: margin 1.92 < 2.00 - this stretch of terrain does not determine position (74 samples over 15 m)
[wheel_slip_node.py-4] [WARN] [1788129184.733228122] [regolith_wheel_slip]: WHEEL SLIP #11 cleared - over the last 5.0 s the wheels claimed 0.15 rad of turning and the gyro corroborated 76% of it. Phantom distance kept out of the EKF so far: 6.65 m.
[wheel_slip_node.py-4] [WARN] [1788129184.830917695] [regolith_wheel_slip]: WHEEL SLIP #12: over the last 15.0 s the wheels claim 2.59 m and 1.49 rad of turning; the gyro saw 0.14 rad (10% of it) and the attitude spanned 6.87 deg. Feeding the EKF a zero-velocity update instead of the wheels' claim.
[wheel_slip_node.py-4] [WARN] [1788129194.428840746] [regolith_wheel_slip]: WHEEL SLIP #12 cleared - over the last 5.0 s the wheels claimed 0.76 rad of turning and the gyro corroborated 65% of it. Phantom distance kept out of the EKF so far: 6.65 m.
[terrain_relative_node.py-5] [INFO] [1788129206.402849445] [regolith_terrain_relative]: Terrain fix rejected: margin 1.84 < 2.00 - this stretch of terrain does not determine position (74 samples over 15 m)
[pure_pursuit_node-10] [INFO] [1788129209.686403632] [regolith_pure_pursuit]: Recovery finished - resuming path following
[flip_recovery_node.py-11] [WARN] [1788129209.747719320] [regolith_flip_recovery]: STUCK RECOVERY #5 (escalation level 3, triggered by wheel slip (onboard); 2 ground-truth / 3 onboard triggers so far). Escape maneuver: reversed 0.20 m/s for 10.0s, then turned right at 0.50 rad/s for 6.5s (sim time, exact - driven by the sim clock directly, not an RTF-estimated wall-clock sleep; RTF over this window measured 0.21x real time, logged for comparison only). A real rover's FDIR could do the same - this is not a simulated teleport.
[planner_node-9] [INFO] [1788129209.768980599] [regolith_planner]: Planned path: 35 waypoints, start=(117, 84) goal=(86, 60)
[flip_recovery_node.py-11] [WARN] [1788129215.073968411] [regolith_flip_recovery]: STUCK RECOVERY #5 result: ground truth moved 1.96 m during the maneuver - FREED (5/5 escapes have freed the rover so far)
[pure_pursuit_node-10] [INFO] [1788129349.717897241] [regolith_pure_pursuit]: Recovery node has taken over /cmd_vel - pausing path following
[costmap_node-8] [WARN] [1788129349.726233277] [regolith_costmap]: Hazard #6 marked at (-36.51, -9.26): 13 cells lethal (1.2 m + 0.3 m rover radius). The rover got wedged here; the planner will route around it from now on.
[terrain_relative_node.py-5] [INFO] [1788129360.082587070] [regolith_terrain_relative]: Terrain correction #27 at 52.3 m travelled: (+0.13, +0.48) m, margin 56.13, 74 samples, 370 poses published (rejected so far: 165 ambiguous, 0 inconsistent)
[pure_pursuit_node-10] [INFO] [1788129429.795280926] [regolith_pure_pursuit]: Recovery finished - resuming path following
[flip_recovery_node.py-11] [WARN] [1788129429.856366465] [regolith_flip_recovery]: STUCK RECOVERY #6 (escalation level 4, triggered by ground truth; 3 ground-truth / 3 onboard triggers so far). Escape maneuver: reversed 0.20 m/s for 10.0s, then turned left at 0.50 rad/s for 8.0s (sim time, exact - driven by the sim clock directly, not an RTF-estimated wall-clock sleep; RTF over this window measured 0.21x real time, logged for comparison only). A real rover's FDIR could do the same - this is not a simulated teleport.
[planner_node-9] [INFO] [1788129429.877378669] [regolith_planner]: Planned path: 36 waypoints, start=(120, 83) goal=(86, 60)
[flip_recovery_node.py-11] [WARN] [1788129435.585218976] [regolith_flip_recovery]: STUCK RECOVERY #6 result: ground truth moved 1.99 m during the maneuver - FREED (6/6 escapes have freed the rover so far)
[terrain_relative_node.py-5] [INFO] [1788129534.710675322] [regolith_terrain_relative]: Terrain fix rejected: disagrees with the previous window by 4.73 m (> 1.50); offset now (+0.56, +0.97), was (-1.13, +5.39)
[terrain_relative_node.py-5] [INFO] [1788129565.490910292] [regolith_terrain_relative]: Terrain correction #32 at 57.9 m travelled: (+0.21, +0.46) m, margin 243.19, 74 samples, 417 poses published (rejected so far: 165 ambiguous, 1 inconsistent)
[terrain_relative_node.py-5] [INFO] [1788129714.835790663] [regolith_terrain_relative]: Terrain correction #37 at 63.3 m travelled: (+0.49, +0.08) m, margin 2.13, 74 samples, 451 poses published (rejected so far: 165 ambiguous, 1 inconsistent)
[terrain_relative_node.py-5] [INFO] [1788129859.814055332] [regolith_terrain_relative]: Terrain correction #42 at 68.5 m travelled: (-0.03, -0.00) m, margin 2.23, 74 samples, 484 poses published (rejected so far: 165 ambiguous, 1 inconsistent)
[terrain_relative_node.py-5] [INFO] [1788130018.943796779] [regolith_terrain_relative]: Terrain fix rejected: disagrees with the previous window by 2.22 m (> 1.50); offset now (-2.05, +0.26), was (+0.15, +0.01)
[terrain_relative_node.py-5] [INFO] [1788130023.716076596] [regolith_terrain_relative]: Terrain fix rejected: margin 1.95 < 2.00 - this stretch of terrain does not determine position (75 samples over 15 m)
[terrain_relative_node.py-5] [INFO] [1788130054.496584168] [regolith_terrain_relative]: Terrain correction #46 at 73.6 m travelled: (-0.49, +0.09) m, margin 2.07, 75 samples, 528 poses published (rejected so far: 172 ambiguous, 2 inconsistent)
[terrain_relative_node.py-5] [INFO] [1788130247.415097979] [regolith_terrain_relative]: Terrain correction #51 at 79.1 m travelled: (-0.49, +0.12) m, margin 4.31, 75 samples, 572 poses published (rejected so far: 172 ambiguous, 2 inconsistent)
[terrain_relative_node.py-5] [INFO] [1788130309.120638718] [regolith_terrain_relative]: Terrain fix rejected: disagrees with the previous window by 3.22 m (> 1.50); offset now (+0.04, -0.14), was (-3.10, +0.63)
[terrain_relative_node.py-5] [INFO] [1788130401.630451129] [regolith_terrain_relative]: Terrain correction #56 at 84.8 m travelled: (+0.09, +0.12) m, margin 4.97, 75 samples, 607 poses published (rejected so far: 172 ambiguous, 3 inconsistent)
[terrain_relative_node.py-5] [INFO] [1788130525.020825819] [regolith_terrain_relative]: Terrain correction #61 at 90.3 m travelled: (+0.02, -0.01) m, margin 24.98, 74 samples, 637 poses published (rejected so far: 172 ambiguous, 3 inconsistent)
[pure_pursuit_node-10] [INFO] [1788130546.308313850] [regolith_pure_pursuit]: Goal reached (within 0.35 m of the commanded goal)
