[INFO] [launch]: All log files can be found below /home/balazs/.ros/log/2026-09-14-14-55-37-881270-DESKTOP-IE5MOME-6163
[INFO] [launch]: Default logging verbosity is set to INFO
[hello_moon.launch] Using ROS_DOMAIN_ID=35 (isolated DDS domain for this launch - see PROGRESS.md)
[hello_moon.launch] TERRAIN-RELATIVE NAVIGATION ENABLED - the EKF is fused with an absolute position fix matched from IMU attitude against the a-priori DEM. No ground truth is read, so runs with this on ARE milestone results. Replayed through 25 recorded runs it cuts final EKF error from 2.97 m to 0.71 m median, but a replay is not a run - see PROGRESS.md before reading anything into a single result.
[INFO] [ruby $(which gz) sim-1]: process started with pid [6207]
[INFO] [robot_state_publisher-2]: process started with pid [6209]
[INFO] [parameter_bridge-3]: process started with pid [6212]
[INFO] [wheel_slip_node.py-4]: process started with pid [6215]
[INFO] [terrain_relative_node.py-5]: process started with pid [6217]
[INFO] [sensor_covariance_relay.py-6]: process started with pid [6219]
[INFO] [ekf_node-7]: process started with pid [6221]
[INFO] [costmap_node-8]: process started with pid [6223]
[INFO] [planner_node-9]: process started with pid [6225]
[INFO] [pure_pursuit_node-10]: process started with pid [6227]
[INFO] [flip_recovery_node.py-11]: process started with pid [6229]
[INFO] [mission_markers_node.py-12]: process started with pid [6231]
[robot_state_publisher-2] [INFO] [1789390539.754890566] [robot_state_publisher]: got segment base_link
[robot_state_publisher-2] [INFO] [1789390539.755172764] [robot_state_publisher]: got segment camera_link
[robot_state_publisher-2] [INFO] [1789390539.755207083] [robot_state_publisher]: got segment chassis
[robot_state_publisher-2] [INFO] [1789390539.755218057] [robot_state_publisher]: got segment front_left_wheel
[robot_state_publisher-2] [INFO] [1789390539.755227288] [robot_state_publisher]: got segment front_right_wheel
[robot_state_publisher-2] [INFO] [1789390539.755236109] [robot_state_publisher]: got segment imu_link
[robot_state_publisher-2] [INFO] [1789390539.755244647] [robot_state_publisher]: got segment rear_left_wheel
[robot_state_publisher-2] [INFO] [1789390539.755252796] [robot_state_publisher]: got segment rear_right_wheel
[parameter_bridge-3] [INFO] [1789390539.778673909] [ros_gz_bridge]: Creating GZ->ROS Bridge: [/clock (gz.msgs.Clock) -> /clock (rosgraph_msgs/msg/Clock)] (Lazy 0)
[parameter_bridge-3] [INFO] [1789390539.780182334] [ros_gz_bridge]: Creating GZ->ROS Bridge: [/cmd_vel (gz.msgs.Twist) -> /cmd_vel (geometry_msgs/msg/Twist)] (Lazy 0)
[parameter_bridge-3] [INFO] [1789390539.781886172] [ros_gz_bridge]: Creating ROS->GZ Bridge: [/cmd_vel (geometry_msgs/msg/Twist) -> /cmd_vel (gz.msgs.Twist)] (Lazy 0)
[parameter_bridge-3] [INFO] [1789390539.782795692] [ros_gz_bridge]: Creating GZ->ROS Bridge: [/odometry (gz.msgs.Odometry) -> /odometry (nav_msgs/msg/Odometry)] (Lazy 0)
[parameter_bridge-3] [INFO] [1789390539.784162630] [ros_gz_bridge]: Creating ROS->GZ Bridge: [/odometry (nav_msgs/msg/Odometry) -> /odometry (gz.msgs.Odometry)] (Lazy 0)
[parameter_bridge-3] [INFO] [1789390539.785625819] [ros_gz_bridge]: Creating GZ->ROS Bridge: [/camera (gz.msgs.Image) -> /camera (sensor_msgs/msg/Image)] (Lazy 0)
[parameter_bridge-3] [INFO] [1789390539.788215990] [ros_gz_bridge]: Creating ROS->GZ Bridge: [/camera (sensor_msgs/msg/Image) -> /camera (gz.msgs.Image)] (Lazy 0)
[parameter_bridge-3] [INFO] [1789390539.789382190] [ros_gz_bridge]: Creating GZ->ROS Bridge: [/camera_info (gz.msgs.CameraInfo) -> /camera_info (sensor_msgs/msg/CameraInfo)] (Lazy 0)
[parameter_bridge-3] [INFO] [1789390539.790716584] [ros_gz_bridge]: Creating ROS->GZ Bridge: [/camera_info (sensor_msgs/msg/CameraInfo) -> /camera_info (gz.msgs.CameraInfo)] (Lazy 0)
[parameter_bridge-3] [INFO] [1789390539.792062592] [ros_gz_bridge]: Creating GZ->ROS Bridge: [/depth_camera (gz.msgs.Image) -> /depth_camera (sensor_msgs/msg/Image)] (Lazy 0)
[parameter_bridge-3] [INFO] [1789390539.792700573] [ros_gz_bridge]: Creating ROS->GZ Bridge: [/depth_camera (sensor_msgs/msg/Image) -> /depth_camera (gz.msgs.Image)] (Lazy 0)
[parameter_bridge-3] [INFO] [1789390539.793378219] [ros_gz_bridge]: Creating GZ->ROS Bridge: [/imu (gz.msgs.IMU) -> /imu (sensor_msgs/msg/Imu)] (Lazy 0)
[parameter_bridge-3] [INFO] [1789390539.794527637] [ros_gz_bridge]: Creating ROS->GZ Bridge: [/imu (sensor_msgs/msg/Imu) -> /imu (gz.msgs.IMU)] (Lazy 0)
[parameter_bridge-3] [INFO] [1789390539.795781661] [ros_gz_bridge]: Creating GZ->ROS Bridge: [/world/regolith_moon/model/rover/joint_state (gz.msgs.Model) -> /world/regolith_moon/model/rover/joint_state (sensor_msgs/msg/JointState)] (Lazy 0)
[parameter_bridge-3] [INFO] [1789390539.796705642] [ros_gz_bridge]: Creating ROS->GZ Bridge: [/world/regolith_moon/model/rover/joint_state (sensor_msgs/msg/JointState) -> /world/regolith_moon/model/rover/joint_state (gz.msgs.Model)] (Lazy 0)
[parameter_bridge-3] [INFO] [1789390539.797655499] [ros_gz_bridge]: Creating GZ->ROS Bridge: [/model/rover/pose (gz.msgs.Pose) -> /model/rover/pose (geometry_msgs/msg/PoseStamped)] (Lazy 0)
[wheel_slip_node.py-4] [INFO] [1789390540.200420943] [regolith_wheel_slip]: Wheel-slip ZUPT armed: /odom -> /odom/gated (onboard signals only - wheel odometry and IMU, never ground truth). legacy_rigid_body_signature=False
[flip_recovery_node.py-11] [INFO] [1789390540.237122046] [regolith_flip_recovery]: Flip/stuck recovery armed (simulated set_pose backstop for flips, straight-line cmd_vel override for stuck-but-upright). Detection uses GROUND TRUTH - a simulation oracle; see onboard_only for the hardware-runnable path.
[terrain_relative_node.py-5] [INFO] [1789390540.323345375] [regolith_terrain_relative]: A-priori DEM used as generated: perfect map, 0.39 m posts.
[costmap_node-8] [INFO] [1789390540.344749727] [regolith_costmap]: Published costmap: 256x256 cells at 0.781 m/cell
[terrain_relative_node.py-5] [INFO] [1789390540.356585516] [regolith_terrain_relative]: Terrain-relative navigation active: 15 m window, fixing at 1.0 Hz, +-6 m search at 0.25 m, DEM 0.391 m/px from /home/balazs/.cache/regolith/worlds/seed_123/manifest.json. Onboard sensors only - no ground truth is read by this node.
[mission_markers_node.py-12] [INFO] [1789390540.359058554] [regolith_mission_markers]: Mission markers active - start at (0.0, 0.0), Gazebo flags on, RViz on /mission_markers
[planner_node-9] [WARN] [1789390545.029298382] [regolith_planner]: No costmap or current pose yet - ignoring goal
[planner_node-9] [INFO] [1789390554.082524064] [regolith_planner]: Planned path: 73 waypoints, start=(127, 128) goal=(86, 60)
[parameter_bridge-3] [INFO] [1789390554.106533172] [ros_gz_bridge]: Passing message from ROS geometry_msgs/msg/Twist to Gazebo gz.msgs.Twist (showing msg only once per type)
[pure_pursuit_node-10] [WARN] [1789390590.230422052] [regolith_pure_pursuit]: Stalled for 8s - stopping and replanning
[planner_node-9] [INFO] [1789390590.307987280] [regolith_planner]: Planned path: 73 waypoints, start=(127, 128) goal=(86, 60)
[pure_pursuit_node-10] [INFO] [1789390593.765107173] [regolith_pure_pursuit]: Recovery node has taken over /cmd_vel - pausing path following
[costmap_node-8] [WARN] [1789390593.772496748] [regolith_costmap]: Hazard #1 marked at (-0.32, -0.73): 13 cells lethal (1.2 m + 0.3 m rover radius). The rover got wedged here; the planner will route around it from now on.
[pure_pursuit_node-10] [INFO] [1789390593.772749977] [regolith_pure_pursuit]: Costmap changed (a new keep-out zone) - restoring the replan budget: the route being retried is not the one that already failed
[pure_pursuit_node-10] [INFO] [1789390615.175949924] [regolith_pure_pursuit]: Recovery finished - resuming path following
[flip_recovery_node.py-11] [WARN] [1789390615.237350011] [regolith_flip_recovery]: STUCK RECOVERY #1 (escalation level 0, triggered by ground truth; 1 ground-truth / 0 onboard-estimate / 0 wheel-slip triggers so far). Escape maneuver: reversed 0.20 m/s for 3.0s, then turned left at 0.50 rad/s for 2.0s (sim time, exact - driven by the sim clock directly, not an RTF-estimated wall-clock sleep; RTF over this window measured 0.24x real time, logged for comparison only). A real rover's FDIR could do the same - this is not a simulated teleport.
[planner_node-9] [WARN] [1789390615.238601965] [regolith_planner]: Current-position cell (128, 128) is lethal (drift, or a keep-out zone this rover marked itself) - planning from the nearest free cell (128, 129) instead
[planner_node-9] [INFO] [1789390615.319052233] [regolith_planner]: Planned path: 74 waypoints, start=(128, 129) goal=(86, 60)
[flip_recovery_node.py-11] [WARN] [1789390618.732045464] [regolith_flip_recovery]: STUCK RECOVERY #1 result: ground truth moved 0.61 m during the maneuver - FREED (1/1 escapes have freed the rover so far)
[pure_pursuit_node-10] [WARN] [1789390647.353860604] [regolith_pure_pursuit]: Stalled for 8s - stopping and replanning
[planner_node-9] [WARN] [1789390647.355287907] [regolith_planner]: Current-position cell (128, 128) is lethal (drift, or a keep-out zone this rover marked itself) - planning from the nearest free cell (128, 129) instead
[planner_node-9] [INFO] [1789390647.422014569] [regolith_planner]: Planned path: 74 waypoints, start=(128, 129) goal=(86, 60)
[terrain_relative_node.py-5] [INFO] [1789390827.999934575] [regolith_terrain_relative]: Terrain fix held: first window, offset (+0.06, +0.47), margin 4.42 - waiting for an independent window to confirm
[terrain_relative_node.py-5] [INFO] [1789390832.336482570] [regolith_terrain_relative]: Terrain correction #1 at 7.8 m travelled: (+0.05, +0.46) m, margin 4.56, 39 samples, 2 poses published (rejected so far: 0 ambiguous, 0 inconsistent)
[terrain_relative_node.py-5] [INFO] [1789390968.314714704] [regolith_terrain_relative]: Terrain correction #6 at 13.4 m travelled: (-0.16, -0.47) m, margin 3.23, 66 samples, 36 poses published (rejected so far: 0 ambiguous, 0 inconsistent)
[terrain_relative_node.py-5] [INFO] [1789391253.097889817] [regolith_terrain_relative]: Terrain correction #11 at 18.7 m travelled: (-0.01, +0.02) m, margin 5.42, 74 samples, 101 poses published (rejected so far: 0 ambiguous, 0 inconsistent)
[terrain_relative_node.py-5] [INFO] [1789391395.579129200] [regolith_terrain_relative]: Terrain correction #16 at 23.9 m travelled: (+0.14, +0.18) m, margin 2.30, 74 samples, 132 poses published (rejected so far: 0 ambiguous, 0 inconsistent)
[terrain_relative_node.py-5] [INFO] [1789391526.299226517] [regolith_terrain_relative]: Terrain correction #21 at 29.2 m travelled: (+0.03, +0.04) m, margin 4.33, 74 samples, 162 poses published (rejected so far: 0 ambiguous, 0 inconsistent)
[terrain_relative_node.py-5] [INFO] [1789391614.338922138] [regolith_terrain_relative]: Terrain fix rejected: margin 1.82 < 2.00 - this stretch of terrain does not determine position (74 samples over 15 m)
[wheel_slip_node.py-4] [WARN] [1789391625.079979303] [regolith_wheel_slip]: WHEEL SLIP #1: over the last 15.0 s the wheels claim 2.36 m and 2.99 rad of turning; the gyro saw 0.43 rad (14% of it) and the attitude spanned 10.08 deg. Feeding the EKF a zero-velocity update instead of the wheels' claim.
[terrain_relative_node.py-5] [INFO] [1789391646.194343236] [regolith_terrain_relative]: Terrain fix rejected: margin 1.53 < 2.00 - this stretch of terrain does not determine position (74 samples over 15 m)
[pure_pursuit_node-10] [INFO] [1789391648.140250820] [regolith_pure_pursuit]: Recovery node has taken over /cmd_vel - pausing path following
[pure_pursuit_node-10] [INFO] [1789391648.149897828] [regolith_pure_pursuit]: Costmap changed (a new keep-out zone) - restoring the replan budget: the route being retried is not the one that already failed
[costmap_node-8] [WARN] [1789391648.150571672] [regolith_costmap]: Hazard #2 marked at (-29.38, -7.99): 13 cells lethal (1.2 m + 0.3 m rover radius). The rover got wedged here; the planner will route around it from now on.
[wheel_slip_node.py-4] [WARN] [1789391663.432108790] [regolith_wheel_slip]: WHEEL SLIP #1 cleared - over the last 5.0 s the wheels claimed 0.59 rad of turning and the gyro corroborated 25% of it. Phantom distance kept out of the EKF so far: 1.32 m.
[wheel_slip_node.py-4] [WARN] [1789391663.515675172] [regolith_wheel_slip]: WHEEL SLIP #2: over the last 15.0 s the wheels claim 2.23 m and 3.53 rad of turning; the gyro saw 0.24 rad (7% of it) and the attitude spanned 17.16 deg. Feeding the EKF a zero-velocity update instead of the wheels' claim.
[pure_pursuit_node-10] [INFO] [1789391669.589131054] [regolith_pure_pursuit]: Recovery finished - resuming path following
[flip_recovery_node.py-11] [WARN] [1789391669.650435288] [regolith_flip_recovery]: STUCK RECOVERY #2 (escalation level 0, triggered by wheel slip (onboard); 1 ground-truth / 0 onboard-estimate / 1 wheel-slip triggers so far). Escape maneuver: reversed 0.20 m/s for 3.0s, then turned left at 0.50 rad/s for 2.0s (sim time, exact - driven by the sim clock directly, not an RTF-estimated wall-clock sleep; RTF over this window measured 0.21x real time, logged for comparison only). A real rover's FDIR could do the same - this is not a simulated teleport.
[planner_node-9] [WARN] [1789391669.653229107] [regolith_planner]: Current-position cell (118, 91) is lethal (drift, or a keep-out zone this rover marked itself) - planning from the nearest free cell (118, 92) instead
[planner_node-9] [INFO] [1789391669.677063613] [regolith_planner]: Planned path: 39 waypoints, start=(118, 92) goal=(86, 60)
[wheel_slip_node.py-4] [WARN] [1789391673.476319716] [regolith_wheel_slip]: WHEEL SLIP #2 cleared - over the last 5.0 s the wheels claimed 0.76 rad of turning and the gyro corroborated 76% of it. Phantom distance kept out of the EKF so far: 1.32 m.
[flip_recovery_node.py-11] [WARN] [1789391675.546434825] [regolith_flip_recovery]: STUCK RECOVERY #2 result: ground truth moved 0.57 m during the maneuver - FREED (2/2 escapes have freed the rover so far)
[terrain_relative_node.py-5] [INFO] [1789391677.611024759] [regolith_terrain_relative]: Terrain fix rejected: margin 1.55 < 2.00 - this stretch of terrain does not determine position (74 samples over 15 m)
[terrain_relative_node.py-5] [INFO] [1789391711.879980209] [regolith_terrain_relative]: Terrain fix rejected: margin 1.70 < 2.00 - this stretch of terrain does not determine position (74 samples over 15 m)
[pure_pursuit_node-10] [INFO] [1789391712.851061992] [regolith_pure_pursuit]: Recovery node has taken over /cmd_vel - pausing path following
[costmap_node-8] [WARN] [1789391712.859297159] [regolith_costmap]: Hazard #3 marked at (-28.28, -8.65): 13 cells lethal (1.2 m + 0.3 m rover radius). The rover got wedged here; the planner will route around it from now on.
[terrain_relative_node.py-5] [INFO] [1789391742.225836734] [regolith_terrain_relative]: Terrain fix rejected: margin 1.66 < 2.00 - this stretch of terrain does not determine position (75 samples over 15 m)
[pure_pursuit_node-10] [INFO] [1789391759.481651940] [regolith_pure_pursuit]: Recovery finished - resuming path following
[flip_recovery_node.py-11] [WARN] [1789391759.542671020] [regolith_flip_recovery]: STUCK RECOVERY #3 (escalation level 1, triggered by ground truth; 2 ground-truth / 0 onboard-estimate / 1 wheel-slip triggers so far). Escape maneuver: reversed 0.20 m/s for 6.0s, then turned right at 0.50 rad/s for 3.5s (sim time, exact - driven by the sim clock directly, not an RTF-estimated wall-clock sleep; RTF over this window measured 0.19x real time, logged for comparison only). A real rover's FDIR could do the same - this is not a simulated teleport.
[planner_node-9] [WARN] [1789391759.544229581] [regolith_planner]: Current-position cell (119, 90) is lethal (drift, or a keep-out zone this rover marked itself) - planning from the nearest free cell (119, 89) instead
[planner_node-9] [INFO] [1789391759.566159750] [regolith_planner]: Planned path: 34 waypoints, start=(119, 89) goal=(86, 60)
[flip_recovery_node.py-11] [WARN] [1789391764.858925876] [regolith_flip_recovery]: STUCK RECOVERY #3 result: ground truth moved 1.23 m during the maneuver - FREED (3/3 escapes have freed the rover so far)
[terrain_relative_node.py-5] [INFO] [1789391775.106864917] [regolith_terrain_relative]: Terrain fix rejected: margin 1.70 < 2.00 - this stretch of terrain does not determine position (75 samples over 15 m)
[terrain_relative_node.py-5] [INFO] [1789391807.268450515] [regolith_terrain_relative]: Terrain fix rejected: margin 1.70 < 2.00 - this stretch of terrain does not determine position (75 samples over 15 m)
[terrain_relative_node.py-5] [INFO] [1789391843.389610052] [regolith_terrain_relative]: Terrain fix rejected: margin 1.70 < 2.00 - this stretch of terrain does not determine position (75 samples over 15 m)
[terrain_relative_node.py-5] [INFO] [1789391874.639123581] [regolith_terrain_relative]: Terrain fix rejected: margin 1.64 < 2.00 - this stretch of terrain does not determine position (75 samples over 15 m)
[terrain_relative_node.py-5] [INFO] [1789391905.614002484] [regolith_terrain_relative]: Terrain fix rejected: margin 1.61 < 2.00 - this stretch of terrain does not determine position (75 samples over 15 m)
[wheel_slip_node.py-4] [WARN] [1789391924.711580493] [regolith_wheel_slip]: WHEEL SLIP #3: over the last 15.0 s the wheels claim 1.63 m and 3.02 rad of turning; the gyro saw 0.44 rad (14% of it) and the attitude spanned 9.51 deg. Feeding the EKF a zero-velocity update instead of the wheels' claim.
[terrain_relative_node.py-5] [INFO] [1789391938.679204990] [regolith_terrain_relative]: Terrain fix rejected: margin 1.64 < 2.00 - this stretch of terrain does not determine position (75 samples over 15 m)
[pure_pursuit_node-10] [INFO] [1789391950.972188610] [regolith_pure_pursuit]: Recovery node has taken over /cmd_vel - pausing path following
[costmap_node-8] [WARN] [1789391950.979723586] [regolith_costmap]: Hazard #4 marked at (-32.71, -8.90): 13 cells lethal (1.2 m + 0.3 m rover radius). The rover got wedged here; the planner will route around it from now on.
[terrain_relative_node.py-5] [INFO] [1789391969.313233375] [regolith_terrain_relative]: Terrain fix rejected: margin 1.60 < 2.00 - this stretch of terrain does not determine position (74 samples over 15 m)
[wheel_slip_node.py-4] [WARN] [1789391970.348696203] [regolith_wheel_slip]: WHEEL SLIP #3 cleared - over the last 5.0 s the wheels claimed 0.16 rad of turning and the gyro corroborated 13% of it. Phantom distance kept out of the EKF so far: 2.90 m.
[wheel_slip_node.py-4] [WARN] [1789391970.435941999] [regolith_wheel_slip]: WHEEL SLIP #4: over the last 15.0 s the wheels claim 2.30 m and 3.04 rad of turning; the gyro saw 0.13 rad (4% of it) and the attitude spanned 5.66 deg. Feeding the EKF a zero-velocity update instead of the wheels' claim.
[wheel_slip_node.py-4] [WARN] [1789391979.455667191] [regolith_wheel_slip]: WHEEL SLIP #4 cleared - over the last 5.0 s the wheels claimed 0.00 rad of turning and the gyro corroborated nan% of it. Phantom distance kept out of the EKF so far: 3.30 m.
[wheel_slip_node.py-4] [WARN] [1789391979.542738739] [regolith_wheel_slip]: WHEEL SLIP #5: over the last 15.0 s the wheels claim 2.44 m and 2.55 rad of turning; the gyro saw 0.05 rad (2% of it) and the attitude spanned 1.87 deg. Feeding the EKF a zero-velocity update instead of the wheels' claim.
[wheel_slip_node.py-4] [WARN] [1789391989.025520866] [regolith_wheel_slip]: WHEEL SLIP #5 cleared - over the last 5.0 s the wheels claimed 0.00 rad of turning and the gyro corroborated nan% of it. Phantom distance kept out of the EKF so far: 3.70 m.
[wheel_slip_node.py-4] [WARN] [1789391989.124049385] [regolith_wheel_slip]: WHEEL SLIP #6: over the last 15.0 s the wheels claim 2.55 m and 1.94 rad of turning; the gyro saw 0.03 rad (2% of it) and the attitude spanned 1.87 deg. Feeding the EKF a zero-velocity update instead of the wheels' claim.
[wheel_slip_node.py-4] [WARN] [1789391999.302645769] [regolith_wheel_slip]: WHEEL SLIP #6 cleared - over the last 5.0 s the wheels claimed 0.15 rad of turning and the gyro corroborated 76% of it. Phantom distance kept out of the EKF so far: 3.99 m.
[wheel_slip_node.py-4] [WARN] [1789391999.414787868] [regolith_wheel_slip]: WHEEL SLIP #7: over the last 15.0 s the wheels claim 2.56 m and 1.49 rad of turning; the gyro saw 0.15 rad (10% of it) and the attitude spanned 8.54 deg. Feeding the EKF a zero-velocity update instead of the wheels' claim.
[terrain_relative_node.py-5] [INFO] [1789392001.685788647] [regolith_terrain_relative]: Terrain fix rejected: margin 1.61 < 2.00 - this stretch of terrain does not determine position (74 samples over 15 m)
[wheel_slip_node.py-4] [WARN] [1789392008.655975554] [regolith_wheel_slip]: WHEEL SLIP #7 cleared - over the last 5.0 s the wheels claimed 0.76 rad of turning and the gyro corroborated 77% of it. Phantom distance kept out of the EKF so far: 3.99 m.
[pure_pursuit_node-10] [INFO] [1789392020.640874861] [regolith_pure_pursuit]: Recovery finished - resuming path following
[flip_recovery_node.py-11] [WARN] [1789392020.701837400] [regolith_flip_recovery]: STUCK RECOVERY #4 (escalation level 2, triggered by wheel slip (onboard); 2 ground-truth / 0 onboard-estimate / 2 wheel-slip triggers so far). Escape maneuver: reversed 0.20 m/s for 10.0s, then turned left at 0.50 rad/s for 5.0s (sim time, exact - driven by the sim clock directly, not an RTF-estimated wall-clock sleep; RTF over this window measured 0.19x real time, logged for comparison only). A real rover's FDIR could do the same - this is not a simulated teleport.
[planner_node-9] [WARN] [1789392020.704006845] [regolith_planner]: Current-position cell (117, 88) is lethal (drift, or a keep-out zone this rover marked itself) - planning from the nearest free cell (118, 88) instead
[planner_node-9] [INFO] [1789392020.731690941] [regolith_planner]: Planned path: 36 waypoints, start=(118, 88) goal=(86, 60)
[flip_recovery_node.py-11] [WARN] [1789392027.087309626] [regolith_flip_recovery]: STUCK RECOVERY #4 result: ground truth moved 1.92 m during the maneuver - FREED (4/4 escapes have freed the rover so far)
[terrain_relative_node.py-5] [INFO] [1789392031.968766613] [regolith_terrain_relative]: Terrain fix rejected: margin 1.61 < 2.00 - this stretch of terrain does not determine position (74 samples over 15 m)
[terrain_relative_node.py-5] [INFO] [1789392062.460368047] [regolith_terrain_relative]: Terrain fix rejected: margin 1.61 < 2.00 - this stretch of terrain does not determine position (74 samples over 15 m)
[terrain_relative_node.py-5] [INFO] [1789392098.180053379] [regolith_terrain_relative]: Terrain fix rejected: margin 1.55 < 2.00 - this stretch of terrain does not determine position (74 samples over 15 m)
[terrain_relative_node.py-5] [INFO] [1789392129.237238649] [regolith_terrain_relative]: Terrain fix rejected: margin 1.53 < 2.00 - this stretch of terrain does not determine position (74 samples over 15 m)
[terrain_relative_node.py-5] [INFO] [1789392159.434785963] [regolith_terrain_relative]: Terrain fix rejected: margin 1.55 < 2.00 - this stretch of terrain does not determine position (74 samples over 15 m)
[terrain_relative_node.py-5] [INFO] [1789392190.124133464] [regolith_terrain_relative]: Terrain fix rejected: margin 1.50 < 2.00 - this stretch of terrain does not determine position (74 samples over 15 m)
[terrain_relative_node.py-5] [INFO] [1789392220.307067296] [regolith_terrain_relative]: Terrain fix rejected: margin 1.49 < 2.00 - this stretch of terrain does not determine position (74 samples over 15 m)
[terrain_relative_node.py-5] [INFO] [1789392253.327966094] [regolith_terrain_relative]: Terrain fix rejected: margin 1.59 < 2.00 - this stretch of terrain does not determine position (74 samples over 15 m)
[wheel_slip_node.py-4] [WARN] [1789392284.460362284] [regolith_wheel_slip]: WHEEL SLIP #8: over the last 15.0 s the wheels claim 1.65 m and 1.50 rad of turning; the gyro saw 0.22 rad (14% of it) and the attitude spanned 8.89 deg. Feeding the EKF a zero-velocity update instead of the wheels' claim.
[terrain_relative_node.py-5] [INFO] [1789392288.117371997] [regolith_terrain_relative]: Terrain fix rejected: margin 1.75 < 2.00 - this stretch of terrain does not determine position (74 samples over 15 m)
[pure_pursuit_node-10] [INFO] [1789392313.419727117] [regolith_pure_pursuit]: Recovery node has taken over /cmd_vel - pausing path following
[costmap_node-8] [WARN] [1789392313.429513050] [regolith_costmap]: Hazard #5 marked at (-35.65, -9.58): 13 cells lethal (1.2 m + 0.3 m rover radius). The rover got wedged here; the planner will route around it from now on.
[terrain_relative_node.py-5] [INFO] [1789392322.957410863] [regolith_terrain_relative]: Terrain correction #24 at 46.7 m travelled: (-0.09, +0.49) m, margin 2.02, 74 samples, 325 poses published (rejected so far: 144 ambiguous, 0 inconsistent)
[wheel_slip_node.py-4] [WARN] [1789392339.456975258] [regolith_wheel_slip]: WHEEL SLIP #8 cleared - over the last 5.0 s the wheels claimed 0.17 rad of turning and the gyro corroborated 7% of it. Phantom distance kept out of the EKF so far: 5.57 m.
[wheel_slip_node.py-4] [WARN] [1789392339.575335302] [regolith_wheel_slip]: WHEEL SLIP #9: over the last 15.0 s the wheels claim 2.21 m and 2.86 rad of turning; the gyro saw 0.12 rad (4% of it) and the attitude spanned 5.67 deg. Feeding the EKF a zero-velocity update instead of the wheels' claim.
[terrain_relative_node.py-5] [INFO] [1789392351.076010722] [regolith_terrain_relative]: Terrain fix rejected: margin 1.99 < 2.00 - this stretch of terrain does not determine position (74 samples over 15 m)
[wheel_slip_node.py-4] [WARN] [1789392351.289625803] [regolith_wheel_slip]: WHEEL SLIP #9 cleared - over the last 5.0 s the wheels claimed 0.00 rad of turning and the gyro corroborated nan% of it. Phantom distance kept out of the EKF so far: 5.97 m.
[wheel_slip_node.py-4] [WARN] [1789392351.402354813] [regolith_wheel_slip]: WHEEL SLIP #10: over the last 15.0 s the wheels claim 2.47 m and 2.48 rad of turning; the gyro saw 0.11 rad (5% of it) and the attitude spanned 5.67 deg. Feeding the EKF a zero-velocity update instead of the wheels' claim.
[wheel_slip_node.py-4] [WARN] [1789392363.181711843] [regolith_wheel_slip]: WHEEL SLIP #10 cleared - over the last 5.0 s the wheels claimed 0.00 rad of turning and the gyro corroborated nan% of it. Phantom distance kept out of the EKF so far: 6.37 m.
[wheel_slip_node.py-4] [WARN] [1789392363.299310451] [regolith_wheel_slip]: WHEEL SLIP #11: over the last 15.0 s the wheels claim 2.58 m and 1.95 rad of turning; the gyro saw 0.03 rad (1% of it) and the attitude spanned 0.84 deg. Feeding the EKF a zero-velocity update instead of the wheels' claim.
[wheel_slip_node.py-4] [WARN] [1789392373.642389745] [regolith_wheel_slip]: WHEEL SLIP #11 cleared - over the last 5.0 s the wheels claimed 0.14 rad of turning and the gyro corroborated 65% of it. Phantom distance kept out of the EKF so far: 6.67 m.
[wheel_slip_node.py-4] [WARN] [1789392373.756855023] [regolith_wheel_slip]: WHEEL SLIP #12: over the last 15.0 s the wheels claim 2.59 m and 1.49 rad of turning; the gyro saw 0.11 rad (8% of it) and the attitude spanned 5.88 deg. Feeding the EKF a zero-velocity update instead of the wheels' claim.
[terrain_relative_node.py-5] [INFO] [1789392385.092608409] [regolith_terrain_relative]: Terrain fix rejected: margin 1.83 < 2.00 - this stretch of terrain does not determine position (74 samples over 15 m)
[wheel_slip_node.py-4] [WARN] [1789392385.657358212] [regolith_wheel_slip]: WHEEL SLIP #12 cleared - over the last 5.0 s the wheels claimed 0.75 rad of turning and the gyro corroborated 66% of it. Phantom distance kept out of the EKF so far: 6.67 m.
[pure_pursuit_node-10] [INFO] [1789392407.064521944] [regolith_pure_pursuit]: Recovery finished - resuming path following
[flip_recovery_node.py-11] [WARN] [1789392407.125982833] [regolith_flip_recovery]: STUCK RECOVERY #5 (escalation level 3, triggered by wheel slip (onboard); 2 ground-truth / 0 onboard-estimate / 3 wheel-slip triggers so far). Escape maneuver: reversed 0.20 m/s for 10.0s, then turned right at 0.50 rad/s for 6.5s (sim time, exact - driven by the sim clock directly, not an RTF-estimated wall-clock sleep; RTF over this window measured 0.17x real time, logged for comparison only). A real rover's FDIR could do the same - this is not a simulated teleport.
[planner_node-9] [INFO] [1789392407.154842428] [regolith_planner]: Planned path: 35 waypoints, start=(117, 84) goal=(86, 60)
[flip_recovery_node.py-11] [WARN] [1789392413.668350179] [regolith_flip_recovery]: STUCK RECOVERY #5 result: ground truth moved 1.96 m during the maneuver - FREED (5/5 escapes have freed the rover so far)
[terrain_relative_node.py-5] [INFO] [1789392419.673217883] [regolith_terrain_relative]: Terrain fix rejected: margin 1.83 < 2.00 - this stretch of terrain does not determine position (74 samples over 15 m)
[pure_pursuit_node-10] [INFO] [1789392584.052031971] [regolith_pure_pursuit]: Recovery node has taken over /cmd_vel - pausing path following
[costmap_node-8] [WARN] [1789392584.064508072] [regolith_costmap]: Hazard #6 marked at (-36.56, -9.32): 13 cells lethal (1.2 m + 0.3 m rover radius). The rover got wedged here; the planner will route around it from now on.
[terrain_relative_node.py-5] [INFO] [1789392594.501827387] [regolith_terrain_relative]: Terrain correction #28 at 52.5 m travelled: (+0.11, +0.49) m, margin 56.83, 74 samples, 376 poses published (rejected so far: 161 ambiguous, 0 inconsistent)
[pure_pursuit_node-10] [INFO] [1789392675.787359082] [regolith_pure_pursuit]: Recovery finished - resuming path following
[flip_recovery_node.py-11] [WARN] [1789392675.848359274] [regolith_flip_recovery]: STUCK RECOVERY #6 (escalation level 4, triggered by ground truth; 3 ground-truth / 0 onboard-estimate / 3 wheel-slip triggers so far). Escape maneuver: reversed 0.20 m/s for 10.0s, then turned left at 0.50 rad/s for 8.0s (sim time, exact - driven by the sim clock directly, not an RTF-estimated wall-clock sleep; RTF over this window measured 0.19x real time, logged for comparison only). A real rover's FDIR could do the same - this is not a simulated teleport.
[planner_node-9] [INFO] [1789392675.877248277] [regolith_planner]: Planned path: 36 waypoints, start=(120, 83) goal=(86, 60)
[flip_recovery_node.py-11] [WARN] [1789392680.673570119] [regolith_flip_recovery]: STUCK RECOVERY #6 result: ground truth moved 1.91 m during the maneuver - FREED (6/6 escapes have freed the rover so far)
[pure_pursuit_node-10] [WARN] [1789392716.077139154] [regolith_pure_pursuit]: Stalled for 8s - stopping and replanning
[planner_node-9] [INFO] [1789392716.116797512] [regolith_planner]: Planned path: 36 waypoints, start=(120, 83) goal=(86, 60)
[terrain_relative_node.py-5] [INFO] [1789392796.604229740] [regolith_terrain_relative]: Terrain fix rejected: disagrees with the previous window by 4.69 m (> 1.50); offset now (+0.56, +1.08), was (-1.01, +5.50)
[terrain_relative_node.py-5] [INFO] [1789392832.101884510] [regolith_terrain_relative]: Terrain correction #33 at 58.1 m travelled: (+0.20, +0.46) m, margin 112.38, 74 samples, 423 poses published (rejected so far: 161 ambiguous, 1 inconsistent)
[wheel_slip_node.py-4] [WARN] [1789392928.616772982] [regolith_wheel_slip]: WHEEL SLIP #13: over the last 15.0 s the wheels claim 1.60 m and 4.26 rad of turning; the gyro saw 0.62 rad (14% of it) and the attitude spanned 26.68 deg. Feeding the EKF a zero-velocity update instead of the wheels' claim.
[pure_pursuit_node-10] [INFO] [1789392953.301386068] [regolith_pure_pursuit]: Recovery node has taken over /cmd_vel - pausing path following
[costmap_node-8] [WARN] [1789392953.312121760] [regolith_costmap]: Hazard #7 marked at (-38.84, -8.22): 13 cells lethal (1.2 m + 0.3 m rover radius). The rover got wedged here; the planner will route around it from now on.
[pure_pursuit_node-10] [INFO] [1789392953.312275557] [regolith_pure_pursuit]: Costmap changed (a new keep-out zone) - restoring the replan budget: the route being retried is not the one that already failed
[wheel_slip_node.py-4] [WARN] [1789392976.447962970] [regolith_wheel_slip]: WHEEL SLIP #13 cleared - over the last 5.0 s the wheels claimed 0.16 rad of turning and the gyro corroborated 11% of it. Phantom distance kept out of the EKF so far: 8.04 m.
[wheel_slip_node.py-4] [WARN] [1789392976.545322926] [regolith_wheel_slip]: WHEEL SLIP #14: over the last 15.0 s the wheels claim 1.86 m and 3.15 rad of turning; the gyro saw 0.09 rad (3% of it) and the attitude spanned 14.00 deg. Feeding the EKF a zero-velocity update instead of the wheels' claim.
[wheel_slip_node.py-4] [WARN] [1789392985.111456868] [regolith_wheel_slip]: WHEEL SLIP #14 cleared - over the last 5.0 s the wheels claimed 0.00 rad of turning and the gyro corroborated nan% of it. Phantom distance kept out of the EKF so far: 8.44 m.
[wheel_slip_node.py-4] [WARN] [1789392985.219460240] [regolith_wheel_slip]: WHEEL SLIP #15: over the last 15.0 s the wheels claim 2.09 m and 2.54 rad of turning; the gyro saw 0.05 rad (2% of it) and the attitude spanned 14.00 deg. Feeding the EKF a zero-velocity update instead of the wheels' claim.
[wheel_slip_node.py-4] [WARN] [1789392995.390224582] [regolith_wheel_slip]: WHEEL SLIP #15 cleared - over the last 5.0 s the wheels claimed 0.00 rad of turning and the gyro corroborated nan% of it. Phantom distance kept out of the EKF so far: 8.84 m.
[wheel_slip_node.py-4] [WARN] [1789392995.485289066] [regolith_wheel_slip]: WHEEL SLIP #16: over the last 15.0 s the wheels claim 2.31 m and 1.94 rad of turning; the gyro saw 0.03 rad (2% of it) and the attitude spanned 14.00 deg. Feeding the EKF a zero-velocity update instead of the wheels' claim.
[wheel_slip_node.py-4] [WARN] [1789393005.790300577] [regolith_wheel_slip]: WHEEL SLIP #16 cleared - over the last 5.0 s the wheels claimed 0.15 rad of turning and the gyro corroborated 87% of it. Phantom distance kept out of the EKF so far: 9.14 m.
[wheel_slip_node.py-4] [WARN] [1789393005.902723934] [regolith_wheel_slip]: WHEEL SLIP #17: over the last 15.0 s the wheels claim 2.41 m and 1.49 rad of turning; the gyro saw 0.17 rad (11% of it) and the attitude spanned 14.00 deg. Feeding the EKF a zero-velocity update instead of the wheels' claim.
[wheel_slip_node.py-4] [WARN] [1789393014.760505236] [regolith_wheel_slip]: WHEEL SLIP #17 cleared - over the last 5.0 s the wheels claimed 0.76 rad of turning and the gyro corroborated 80% of it. Phantom distance kept out of the EKF so far: 9.14 m.
[pure_pursuit_node-10] [INFO] [1789393041.121878971] [regolith_pure_pursuit]: Recovery finished - resuming path following
[flip_recovery_node.py-11] [WARN] [1789393041.182913142] [regolith_flip_recovery]: STUCK RECOVERY #7 (escalation level 5, triggered by wheel slip (onboard); 3 ground-truth / 0 onboard-estimate / 4 wheel-slip triggers so far). Escape maneuver: reversed 0.20 m/s for 10.0s, then turned right at 0.50 rad/s for 8.0s (sim time, exact - driven by the sim clock directly, not an RTF-estimated wall-clock sleep; RTF over this window measured 0.20x real time, logged for comparison only). A real rover's FDIR could do the same - this is not a simulated teleport.
[planner_node-9] [INFO] [1789393041.212090365] [regolith_planner]: Planned path: 39 waypoints, start=(119, 82) goal=(86, 60)
[flip_recovery_node.py-11] [WARN] [1789393045.905878520] [regolith_flip_recovery]: STUCK RECOVERY #7 result: ground truth moved 2.01 m during the maneuver - FREED (7/7 escapes have freed the rover so far)
[terrain_relative_node.py-5] [INFO] [1789393076.754297800] [regolith_terrain_relative]: Terrain correction #38 at 63.3 m travelled: (+0.47, +0.18) m, margin 2.04, 74 samples, 473 poses published (rejected so far: 161 ambiguous, 1 inconsistent)
[terrain_relative_node.py-5] [INFO] [1789393136.487937324] [regolith_terrain_relative]: Terrain fix rejected: margin 1.98 < 2.00 - this stretch of terrain does not determine position (74 samples over 15 m)
[terrain_relative_node.py-5] [INFO] [1789393169.221313796] [regolith_terrain_relative]: Terrain fix rejected: margin 1.92 < 2.00 - this stretch of terrain does not determine position (74 samples over 15 m)
[terrain_relative_node.py-5] [INFO] [1789393203.357426022] [regolith_terrain_relative]: Terrain fix rejected: margin 1.90 < 2.00 - this stretch of terrain does not determine position (74 samples over 15 m)
[terrain_relative_node.py-5] [INFO] [1789393237.246776943] [regolith_terrain_relative]: Terrain fix rejected: margin 1.88 < 2.00 - this stretch of terrain does not determine position (74 samples over 15 m)
[terrain_relative_node.py-5] [INFO] [1789393271.762512840] [regolith_terrain_relative]: Terrain fix rejected: margin 1.87 < 2.00 - this stretch of terrain does not determine position (74 samples over 15 m)
[terrain_relative_node.py-5] [INFO] [1789393305.758947960] [regolith_terrain_relative]: Terrain fix rejected: margin 1.63 < 2.00 - this stretch of terrain does not determine position (74 samples over 15 m)
[terrain_relative_node.py-5] [INFO] [1789393340.130779529] [regolith_terrain_relative]: Terrain fix rejected: margin 1.59 < 2.00 - this stretch of terrain does not determine position (74 samples over 15 m)
[terrain_relative_node.py-5] [INFO] [1789393375.036010800] [regolith_terrain_relative]: Terrain fix rejected: margin 1.56 < 2.00 - this stretch of terrain does not determine position (74 samples over 15 m)
[terrain_relative_node.py-5] [INFO] [1789393408.831883454] [regolith_terrain_relative]: Terrain fix rejected: margin 1.57 < 2.00 - this stretch of terrain does not determine position (74 samples over 15 m)
[pure_pursuit_node-10] [INFO] [1789393425.908686824] [regolith_pure_pursuit]: Recovery node has taken over /cmd_vel - pausing path following
[costmap_node-8] [WARN] [1789393425.917926797] [regolith_costmap]: Hazard #8 marked at (-43.02, -11.77): 13 cells lethal (1.2 m + 0.3 m rover radius). The rover got wedged here; the planner will route around it from now on.
[terrain_relative_node.py-5] [INFO] [1789393443.608039978] [regolith_terrain_relative]: Terrain fix rejected: margin 1.66 < 2.00 - this stretch of terrain does not determine position (74 samples over 15 m)
[terrain_relative_node.py-5] [INFO] [1789393475.967199148] [regolith_terrain_relative]: Terrain correction #40 at 75.1 m travelled: (-0.48, +0.12) m, margin 2.04, 74 samples, 555 poses published (rejected so far: 231 ambiguous, 1 inconsistent)
[pure_pursuit_node-10] [INFO] [1789393513.304665998] [regolith_pure_pursuit]: Recovery finished - resuming path following
[flip_recovery_node.py-11] [WARN] [1789393513.365053485] [regolith_flip_recovery]: STUCK RECOVERY #8 (escalation level 6, triggered by ground truth; 4 ground-truth / 0 onboard-estimate / 4 wheel-slip triggers so far). Escape maneuver: reversed 0.20 m/s for 10.0s, then turned left at 0.50 rad/s for 8.0s (sim time, exact - driven by the sim clock directly, not an RTF-estimated wall-clock sleep; RTF over this window measured 0.20x real time, logged for comparison only). A real rover's FDIR could do the same - this is not a simulated teleport.
[planner_node-9] [INFO] [1789393513.383728107] [regolith_planner]: Planned path: 31 waypoints, start=(116, 73) goal=(86, 60)
[flip_recovery_node.py-11] [WARN] [1789393519.484610204] [regolith_flip_recovery]: STUCK RECOVERY #8 result: ground truth moved 1.86 m during the maneuver - FREED (8/8 escapes have freed the rover so far)
[terrain_relative_node.py-5] [INFO] [1789393755.908994686] [regolith_terrain_relative]: Terrain correction #45 at 80.3 m travelled: (-0.34, +0.36) m, margin 2.64, 74 samples, 612 poses published (rejected so far: 231 ambiguous, 1 inconsistent)
[terrain_relative_node.py-5] [INFO] [1789394017.393981741] [regolith_terrain_relative]: Terrain correction #50 at 85.5 m travelled: (+0.30, -0.10) m, margin 2.72, 74 samples, 662 poses published (rejected so far: 231 ambiguous, 1 inconsistent)
[terrain_relative_node.py-5] [INFO] [1789394221.399583398] [regolith_terrain_relative]: Terrain correction #55 at 90.7 m travelled: (-0.01, +0.02) m, margin 3.07, 75 samples, 703 poses published (rejected so far: 231 ambiguous, 1 inconsistent)
[terrain_relative_node.py-5] [INFO] [1789394387.439653885] [regolith_terrain_relative]: Terrain correction #60 at 96.2 m travelled: (-0.03, -0.15) m, margin 3.12, 74 samples, 738 poses published (rejected so far: 231 ambiguous, 1 inconsistent)
[terrain_relative_node.py-5] [INFO] [1789394543.461467653] [regolith_terrain_relative]: Terrain correction #65 at 101.9 m travelled: (-0.02, +0.00) m, margin 25.90, 74 samples, 768 poses published (rejected so far: 231 ambiguous, 1 inconsistent)
[pure_pursuit_node-10] [INFO] [1789394597.782833485] [regolith_pure_pursuit]: Goal reached (within 0.35 m of the commanded goal)
