[INFO] [launch]: All log files can be found below /home/balazs/.ros/log/2026-08-20-20-56-41-718959-DESKTOP-IE5MOME-34060
[INFO] [launch]: Default logging verbosity is set to INFO
[hello_moon.launch] Using ROS_DOMAIN_ID=16 (isolated DDS domain for this launch - see PROGRESS.md)
[INFO] [ruby $(which gz) sim-1]: process started with pid [34104]
[INFO] [robot_state_publisher-2]: process started with pid [34106]
[INFO] [parameter_bridge-3]: process started with pid [34109]
[INFO] [wheel_slip_node.py-4]: process started with pid [34112]
[INFO] [sensor_covariance_relay.py-5]: process started with pid [34114]
[INFO] [ekf_node-6]: process started with pid [34116]
[INFO] [costmap_node-7]: process started with pid [34118]
[INFO] [planner_node-8]: process started with pid [34120]
[INFO] [pure_pursuit_node-9]: process started with pid [34122]
[INFO] [flip_recovery_node.py-10]: process started with pid [34124]
[INFO] [mission_markers_node.py-11]: process started with pid [34126]
[parameter_bridge-3] [INFO] [1787255803.121596914] [ros_gz_bridge]: Creating GZ->ROS Bridge: [/clock (gz.msgs.Clock) -> /clock (rosgraph_msgs/msg/Clock)] (Lazy 0)
[parameter_bridge-3] [INFO] [1787255803.122716455] [ros_gz_bridge]: Creating GZ->ROS Bridge: [/cmd_vel (gz.msgs.Twist) -> /cmd_vel (geometry_msgs/msg/Twist)] (Lazy 0)
[parameter_bridge-3] [INFO] [1787255803.125052778] [ros_gz_bridge]: Creating ROS->GZ Bridge: [/cmd_vel (geometry_msgs/msg/Twist) -> /cmd_vel (gz.msgs.Twist)] (Lazy 0)
[parameter_bridge-3] [INFO] [1787255803.126797821] [ros_gz_bridge]: Creating GZ->ROS Bridge: [/odometry (gz.msgs.Odometry) -> /odometry (nav_msgs/msg/Odometry)] (Lazy 0)
[robot_state_publisher-2] [INFO] [1787255803.129354885] [robot_state_publisher]: got segment base_link
[robot_state_publisher-2] [INFO] [1787255803.129547071] [robot_state_publisher]: got segment camera_link
[robot_state_publisher-2] [INFO] [1787255803.129566134] [robot_state_publisher]: got segment chassis
[robot_state_publisher-2] [INFO] [1787255803.129573115] [robot_state_publisher]: got segment front_left_wheel
[robot_state_publisher-2] [INFO] [1787255803.129579441] [robot_state_publisher]: got segment front_right_wheel
[robot_state_publisher-2] [INFO] [1787255803.129585692] [robot_state_publisher]: got segment imu_link
[robot_state_publisher-2] [INFO] [1787255803.129592346] [robot_state_publisher]: got segment rear_left_wheel
[robot_state_publisher-2] [INFO] [1787255803.129598840] [robot_state_publisher]: got segment rear_right_wheel
[parameter_bridge-3] [INFO] [1787255803.129998172] [ros_gz_bridge]: Creating ROS->GZ Bridge: [/odometry (nav_msgs/msg/Odometry) -> /odometry (gz.msgs.Odometry)] (Lazy 0)
[parameter_bridge-3] [INFO] [1787255803.131047360] [ros_gz_bridge]: Creating GZ->ROS Bridge: [/camera (gz.msgs.Image) -> /camera (sensor_msgs/msg/Image)] (Lazy 0)
[parameter_bridge-3] [INFO] [1787255803.133315321] [ros_gz_bridge]: Creating ROS->GZ Bridge: [/camera (sensor_msgs/msg/Image) -> /camera (gz.msgs.Image)] (Lazy 0)
[parameter_bridge-3] [INFO] [1787255803.135078219] [ros_gz_bridge]: Creating GZ->ROS Bridge: [/camera_info (gz.msgs.CameraInfo) -> /camera_info (sensor_msgs/msg/CameraInfo)] (Lazy 0)
[parameter_bridge-3] [INFO] [1787255803.136489133] [ros_gz_bridge]: Creating ROS->GZ Bridge: [/camera_info (sensor_msgs/msg/CameraInfo) -> /camera_info (gz.msgs.CameraInfo)] (Lazy 0)
[parameter_bridge-3] [INFO] [1787255803.137755474] [ros_gz_bridge]: Creating GZ->ROS Bridge: [/depth_camera (gz.msgs.Image) -> /depth_camera (sensor_msgs/msg/Image)] (Lazy 0)
[parameter_bridge-3] [INFO] [1787255803.138983968] [ros_gz_bridge]: Creating ROS->GZ Bridge: [/depth_camera (sensor_msgs/msg/Image) -> /depth_camera (gz.msgs.Image)] (Lazy 0)
[parameter_bridge-3] [INFO] [1787255803.140352568] [ros_gz_bridge]: Creating GZ->ROS Bridge: [/imu (gz.msgs.IMU) -> /imu (sensor_msgs/msg/Imu)] (Lazy 0)
[parameter_bridge-3] [INFO] [1787255803.141178528] [ros_gz_bridge]: Creating ROS->GZ Bridge: [/imu (sensor_msgs/msg/Imu) -> /imu (gz.msgs.IMU)] (Lazy 0)
[parameter_bridge-3] [INFO] [1787255803.142791370] [ros_gz_bridge]: Creating GZ->ROS Bridge: [/world/regolith_moon/model/rover/joint_state (gz.msgs.Model) -> /world/regolith_moon/model/rover/joint_state (sensor_msgs/msg/JointState)] (Lazy 0)
[parameter_bridge-3] [INFO] [1787255803.143943187] [ros_gz_bridge]: Creating ROS->GZ Bridge: [/world/regolith_moon/model/rover/joint_state (sensor_msgs/msg/JointState) -> /world/regolith_moon/model/rover/joint_state (gz.msgs.Model)] (Lazy 0)
[parameter_bridge-3] [INFO] [1787255803.145038126] [ros_gz_bridge]: Creating GZ->ROS Bridge: [/model/rover/pose (gz.msgs.Pose) -> /model/rover/pose (geometry_msgs/msg/PoseStamped)] (Lazy 0)
[wheel_slip_node.py-4] [INFO] [1787255803.494224563] [regolith_wheel_slip]: Wheel-slip ZUPT armed: /odom -> /odom/gated (onboard signals only - wheel odometry and IMU, never ground truth). legacy_rigid_body_signature=True [A/B LEVER: retired signature 2 re-enabled]
[flip_recovery_node.py-10] [INFO] [1787255803.509561709] [regolith_flip_recovery]: Flip/stuck recovery armed (simulated set_pose backstop for flips, straight-line cmd_vel override for stuck-but-upright)
[mission_markers_node.py-11] [INFO] [1787255803.574437104] [regolith_mission_markers]: Mission markers active - start at (0.0, 0.0), Gazebo flags on, RViz on /mission_markers
[costmap_node-7] [INFO] [1787255803.580367902] [regolith_costmap]: Published costmap: 256x256 cells at 0.781 m/cell
[planner_node-8] [WARN] [1787255810.808632227] [regolith_planner]: No costmap or current pose yet - ignoring goal
[planner_node-8] [INFO] [1787255820.836965484] [regolith_planner]: Planned path: 109 waypoints, start=(127, 127) goal=(110, 19)
[parameter_bridge-3] [INFO] [1787255821.289734115] [ros_gz_bridge]: Passing message from ROS geometry_msgs/msg/Twist to Gazebo gz.msgs.Twist (showing msg only once per type)
[pure_pursuit_node-9] [WARN] [1787255855.908545394] [regolith_pure_pursuit]: Stalled for 8s - stopping and replanning
[planner_node-8] [INFO] [1787255855.954978103] [regolith_planner]: Planned path: 109 waypoints, start=(127, 127) goal=(110, 19)
[pure_pursuit_node-9] [INFO] [1787255858.330089300] [regolith_pure_pursuit]: Recovery node has taken over /cmd_vel - pausing path following
[pure_pursuit_node-9] [INFO] [1787255858.337175143] [regolith_pure_pursuit]: Costmap changed (a new keep-out zone) - restoring the replan budget: the route being retried is not the one that already failed
[costmap_node-7] [WARN] [1787255858.337931490] [regolith_costmap]: Hazard #1 marked at (-0.29, 0.74): 13 cells lethal (1.2 m + 0.3 m rover radius). The rover got wedged here; the planner will route around it from now on.
[ruby $(which gz) sim-1] NodeShared::Publish() Error: Interrupted system call
[pure_pursuit_node-9] [INFO] [1787255880.719392410] [regolith_pure_pursuit]: Recovery finished - resuming path following
[flip_recovery_node.py-10] [WARN] [1787255880.779858070] [regolith_flip_recovery]: STUCK RECOVERY #1 (escalation level 0, triggered by ground truth; 1 ground-truth / 0 onboard triggers so far). Escape maneuver: reversed 0.20 m/s for 3.0s, then turned left at 0.50 rad/s for 2.0s (sim time, at a measured 0.25x real time). A real rover's FDIR could do the same - this is not a simulated teleport.
[planner_node-8] [WARN] [1787255880.781235479] [regolith_planner]: Current-position cell (127, 128) is lethal (drift, or a keep-out zone this rover marked itself) - planning from the nearest free cell (126, 128) instead
[planner_node-8] [INFO] [1787255880.826394542] [regolith_planner]: Planned path: 110 waypoints, start=(126, 128) goal=(110, 19)
[flip_recovery_node.py-10] [WARN] [1787255885.020006463] [regolith_flip_recovery]: STUCK RECOVERY #1 result: ground truth moved 0.59 m during the maneuver - FREED (1/1 escapes have freed the rover so far)
[pure_pursuit_node-9] [INFO] [1787255893.657014616] [regolith_pure_pursuit]: Recovery node has taken over /cmd_vel - pausing path following
[costmap_node-7] [WARN] [1787255893.664328501] [regolith_costmap]: Hazard #2 marked at (-0.56, -0.58): 13 cells lethal (1.2 m + 0.3 m rover radius). The rover got wedged here; the planner will route around it from now on.
[pure_pursuit_node-9] [INFO] [1787255933.973715462] [regolith_pure_pursuit]: Recovery finished - resuming path following
[flip_recovery_node.py-10] [WARN] [1787255934.034143707] [regolith_flip_recovery]: STUCK RECOVERY #2 (escalation level 1, triggered by ground truth; 2 ground-truth / 0 onboard triggers so far). Escape maneuver: reversed 0.20 m/s for 6.0s, then turned right at 0.50 rad/s for 3.5s (sim time, at a measured 0.25x real time). A real rover's FDIR could do the same - this is not a simulated teleport.
[planner_node-8] [WARN] [1787255934.035287480] [regolith_planner]: Current-position cell (127, 129) is lethal (drift, or a keep-out zone this rover marked itself) - planning from the nearest free cell (126, 129) instead
[planner_node-8] [INFO] [1787255934.077927492] [regolith_planner]: Planned path: 111 waypoints, start=(126, 129) goal=(110, 19)
[flip_recovery_node.py-10] [WARN] [1787255938.811847430] [regolith_flip_recovery]: STUCK RECOVERY #2 result: ground truth moved 1.20 m during the maneuver - FREED (2/2 escapes have freed the rover so far)
[pure_pursuit_node-9] [INFO] [1787255949.546189792] [regolith_pure_pursuit]: Recovery node has taken over /cmd_vel - pausing path following
[costmap_node-7] [WARN] [1787255949.553265689] [regolith_costmap]: Hazard #3 marked at (0.62, -0.36): 13 cells lethal (1.2 m + 0.3 m rover radius). The rover got wedged here; the planner will route around it from now on.
[pure_pursuit_node-9] [INFO] [1787256012.816253947] [regolith_pure_pursuit]: Recovery finished - resuming path following
[flip_recovery_node.py-10] [WARN] [1787256012.876807539] [regolith_flip_recovery]: STUCK RECOVERY #3 (escalation level 2, triggered by ground truth; 3 ground-truth / 0 onboard triggers so far). Escape maneuver: reversed 0.20 m/s for 10.0s, then turned left at 0.50 rad/s for 5.0s (sim time, at a measured 0.25x real time). A real rover's FDIR could do the same - this is not a simulated teleport.
[planner_node-8] [INFO] [1787256012.924892237] [regolith_planner]: Planned path: 114 waypoints, start=(127, 132) goal=(110, 19)
[flip_recovery_node.py-10] [WARN] [1787256020.243351315] [regolith_flip_recovery]: STUCK RECOVERY #3 result: ground truth moved 2.08 m during the maneuver - FREED (3/3 escapes have freed the rover so far)
[pure_pursuit_node-9] [WARN] [1787256048.180003164] [regolith_pure_pursuit]: Stalled for 8s - stopping and replanning
[planner_node-8] [INFO] [1787256048.243209338] [regolith_planner]: Planned path: 114 waypoints, start=(127, 132) goal=(110, 19)
[wheel_slip_node.py-4] [WARN] [1787256402.623013302] [regolith_wheel_slip]: WHEEL SLIP #1: over the last 15.0 s the wheels claim 2.91 m and 0.01 rad of turning; the gyro saw 0.01 rad (91% of it) and the attitude spanned 0.57 deg. Feeding the EKF a zero-velocity update instead of the wheels' claim.
[pure_pursuit_node-9] [INFO] [1787256423.422794729] [regolith_pure_pursuit]: Recovery node has taken over /cmd_vel - pausing path following
[costmap_node-7] [WARN] [1787256423.431115436] [regolith_costmap]: Hazard #4 marked at (-10.91, 4.30): 13 cells lethal (1.2 m + 0.3 m rover radius). The rover got wedged here; the planner will route around it from now on.
[pure_pursuit_node-9] [INFO] [1787256423.431192336] [regolith_pure_pursuit]: Costmap changed (a new keep-out zone) - restoring the replan budget: the route being retried is not the one that already failed
[wheel_slip_node.py-4] [WARN] [1787256469.475204377] [regolith_wheel_slip]: WHEEL SLIP #1 cleared - over the last 5.0 s the wheels claimed 0.02 rad of turning and the gyro corroborated 23% of it. Phantom distance kept out of the EKF so far: 3.03 m.
[wheel_slip_node.py-4] [WARN] [1787256469.558022752] [regolith_wheel_slip]: WHEEL SLIP #2: over the last 15.0 s the wheels claim 2.90 m and 0.03 rad of turning; the gyro saw 0.01 rad (23% of it) and the attitude spanned 0.41 deg. Feeding the EKF a zero-velocity update instead of the wheels' claim.
[wheel_slip_node.py-4] [WARN] [1787256477.367827938] [regolith_wheel_slip]: WHEEL SLIP #2 cleared - over the last 5.0 s the wheels claimed 0.62 rad of turning and the gyro corroborated 74% of it. Phantom distance kept out of the EKF so far: 3.03 m.
[pure_pursuit_node-9] [INFO] [1787256494.963123743] [regolith_pure_pursuit]: Recovery finished - resuming path following
[flip_recovery_node.py-10] [WARN] [1787256495.023509215] [regolith_flip_recovery]: STUCK RECOVERY #4 (escalation level 3, triggered by wheel slip (onboard); 3 ground-truth / 1 onboard triggers so far). Escape maneuver: reversed 0.20 m/s for 10.0s, then turned right at 0.50 rad/s for 6.5s (sim time, at a measured 0.25x real time). A real rover's FDIR could do the same - this is not a simulated teleport.
[planner_node-8] [WARN] [1787256495.025196424] [regolith_planner]: Current-position cell (133, 115) is lethal (drift, or a keep-out zone this rover marked itself) - planning from the nearest free cell (132, 116) instead
[planner_node-8] [INFO] [1787256495.059203089] [regolith_planner]: Planned path: 98 waypoints, start=(132, 116) goal=(110, 19)
[flip_recovery_node.py-10] [WARN] [1787256502.365007129] [regolith_flip_recovery]: STUCK RECOVERY #4 result: ground truth moved 2.00 m during the maneuver - FREED (4/4 escapes have freed the rover so far)
[pure_pursuit_node-9] [INFO] [1787256510.403481729] [regolith_pure_pursuit]: Recovery node has taken over /cmd_vel - pausing path following
[costmap_node-7] [WARN] [1787256510.409778371] [regolith_costmap]: Hazard #5 marked at (-10.62, 4.91): 13 cells lethal (1.2 m + 0.3 m rover radius). The rover got wedged here; the planner will route around it from now on.
[pure_pursuit_node-9] [INFO] [1787256587.833365448] [regolith_pure_pursuit]: Recovery finished - resuming path following
[flip_recovery_node.py-10] [WARN] [1787256587.893428566] [regolith_flip_recovery]: STUCK RECOVERY #5 (escalation level 4, triggered by ground truth; 4 ground-truth / 1 onboard triggers so far). Escape maneuver: reversed 0.20 m/s for 10.0s, then turned left at 0.50 rad/s for 8.0s (sim time, at a measured 0.25x real time). A real rover's FDIR could do the same - this is not a simulated teleport.
[planner_node-8] [INFO] [1787256587.928715974] [regolith_planner]: Planned path: 98 waypoints, start=(131, 116) goal=(110, 19)
[flip_recovery_node.py-10] [WARN] [1787256591.947707342] [regolith_flip_recovery]: STUCK RECOVERY #5 result: ground truth moved 2.21 m during the maneuver - FREED (5/5 escapes have freed the rover so far)
[wheel_slip_node.py-4] [WARN] [1787256927.707314064] [regolith_wheel_slip]: WHEEL SLIP #3: over the last 15.0 s the wheels claim 2.90 m and 0.01 rad of turning; the gyro saw 0.01 rad (78% of it) and the attitude spanned 0.57 deg. Feeding the EKF a zero-velocity update instead of the wheels' claim.
[wheel_slip_node.py-4] [WARN] [1787256944.827705657] [regolith_wheel_slip]: WHEEL SLIP #3 cleared - over the last 5.0 s the wheels claimed 0.00 rad of turning and the gyro corroborated 3415% of it. Phantom distance kept out of the EKF so far: 3.86 m.
[wheel_slip_node.py-4] [WARN] [1787257016.261248738] [regolith_wheel_slip]: WHEEL SLIP #4: over the last 15.0 s the wheels claim 2.93 m and 0.00 rad of turning; the gyro saw 0.00 rad (98% of it) and the attitude spanned 0.53 deg. Feeding the EKF a zero-velocity update instead of the wheels' claim.
[pure_pursuit_node-9] [INFO] [1787257039.620559544] [regolith_pure_pursuit]: Recovery node has taken over /cmd_vel - pausing path following
[costmap_node-7] [WARN] [1787257039.628552884] [regolith_costmap]: Hazard #6 marked at (-24.31, 4.30): 13 cells lethal (1.2 m + 0.3 m rover radius). The rover got wedged here; the planner will route around it from now on.
[wheel_slip_node.py-4] [WARN] [1787257054.991502925] [regolith_wheel_slip]: WHEEL SLIP #4 cleared - over the last 5.0 s the wheels claimed 0.04 rad of turning and the gyro corroborated 14% of it. Phantom distance kept out of the EKF so far: 5.47 m.
[wheel_slip_node.py-4] [WARN] [1787257055.075675758] [regolith_wheel_slip]: WHEEL SLIP #5: over the last 15.0 s the wheels claim 2.87 m and 0.04 rad of turning; the gyro saw 0.01 rad (16% of it) and the attitude spanned 0.42 deg. Feeding the EKF a zero-velocity update instead of the wheels' claim.
[pure_pursuit_node-9] [INFO] [1787257061.779706038] [regolith_pure_pursuit]: Recovery finished - resuming path following
[flip_recovery_node.py-10] [WARN] [1787257061.840099462] [regolith_flip_recovery]: STUCK RECOVERY #6 (escalation level 0, triggered by wheel slip (onboard); 4 ground-truth / 2 onboard triggers so far). Escape maneuver: reversed 0.20 m/s for 3.0s, then turned left at 0.50 rad/s for 2.0s (sim time, at a measured 0.25x real time). A real rover's FDIR could do the same - this is not a simulated teleport.
[planner_node-8] [WARN] [1787257061.841461965] [regolith_planner]: Current-position cell (133, 97) is lethal (drift, or a keep-out zone this rover marked itself) - planning from the nearest free cell (132, 98) instead
[planner_node-8] [INFO] [1787257061.862584723] [regolith_planner]: Planned path: 80 waypoints, start=(132, 98) goal=(110, 19)
[wheel_slip_node.py-4] [WARN] [1787257063.555905498] [regolith_wheel_slip]: WHEEL SLIP #5 cleared - over the last 5.0 s the wheels claimed 0.63 rad of turning and the gyro corroborated 80% of it. Phantom distance kept out of the EKF so far: 5.47 m.
[flip_recovery_node.py-10] [WARN] [1787257066.159207455] [regolith_flip_recovery]: STUCK RECOVERY #6 result: ground truth moved 0.52 m during the maneuver - FREED (6/6 escapes have freed the rover so far)
[ruby $(which gz) sim-1] NodeShared::Publish() Error: Interrupted system call
[wheel_slip_node.py-4] [WARN] [1787257891.489425509] [regolith_wheel_slip]: WHEEL SLIP #6: over the last 15.0 s the wheels claim 2.82 m and 0.01 rad of turning; the gyro saw 0.01 rad (97% of it) and the attitude spanned 0.57 deg. Feeding the EKF a zero-velocity update instead of the wheels' claim.
[pure_pursuit_node-9] [INFO] [1787257912.422715778] [regolith_pure_pursuit]: Recovery node has taken over /cmd_vel - pausing path following
[costmap_node-7] [WARN] [1787257912.430499757] [regolith_costmap]: Hazard #7 marked at (-53.15, -1.17): 13 cells lethal (1.2 m + 0.3 m rover radius). The rover got wedged here; the planner will route around it from now on.
[wheel_slip_node.py-4] [WARN] [1787257912.583723007] [regolith_wheel_slip]: WHEEL SLIP #6 cleared - over the last 5.0 s the wheels claimed 0.00 rad of turning and the gyro corroborated 131% of it. Phantom distance kept out of the EKF so far: 6.42 m.
[pure_pursuit_node-9] [INFO] [1787257935.410021687] [regolith_pure_pursuit]: Recovery finished - resuming path following
[flip_recovery_node.py-10] [WARN] [1787257935.469919467] [regolith_flip_recovery]: STUCK RECOVERY #7 (escalation level 0, triggered by wheel slip (onboard); 4 ground-truth / 3 onboard triggers so far). Escape maneuver: reversed 0.20 m/s for 3.0s, then turned left at 0.50 rad/s for 2.0s (sim time, at a measured 0.24x real time). A real rover's FDIR could do the same - this is not a simulated teleport.
[planner_node-8] [WARN] [1787257935.471282800] [regolith_planner]: Current-position cell (126, 61) is lethal (drift, or a keep-out zone this rover marked itself) - planning from the nearest free cell (125, 61) instead
[planner_node-8] [INFO] [1787257935.478446645] [regolith_planner]: Planned path: 43 waypoints, start=(125, 61) goal=(110, 19)
[flip_recovery_node.py-10] [WARN] [1787257940.105675756] [regolith_flip_recovery]: STUCK RECOVERY #7 result: ground truth moved 0.48 m during the maneuver - FREED (7/7 escapes have freed the rover so far)
[wheel_slip_node.py-4] [WARN] [1787258137.336968534] [regolith_wheel_slip]: WHEEL SLIP #7: over the last 15.0 s the wheels claim 1.62 m and 0.02 rad of turning; the gyro saw 0.02 rad (86% of it) and the attitude spanned 0.56 deg. Feeding the EKF a zero-velocity update instead of the wheels' claim.
[wheel_slip_node.py-4] [WARN] [1787258159.366076334] [regolith_wheel_slip]: WHEEL SLIP #7 cleared - over the last 5.0 s the wheels claimed 0.00 rad of turning and the gyro corroborated 137471% of it. Phantom distance kept out of the EKF so far: 7.31 m.
[wheel_slip_node.py-4] [WARN] [1787258159.456710714] [regolith_wheel_slip]: WHEEL SLIP #8: over the last 15.0 s the wheels claim 2.13 m and 0.01 rad of turning; the gyro saw 0.01 rad (124% of it) and the attitude spanned 0.47 deg. Feeding the EKF a zero-velocity update instead of the wheels' claim.
[wheel_slip_node.py-4] [WARN] [1787258168.098222063] [regolith_wheel_slip]: WHEEL SLIP #8 cleared - over the last 5.0 s the wheels claimed 0.01 rad of turning and the gyro corroborated 203% of it. Phantom distance kept out of the EKF so far: 7.68 m.
[pure_pursuit_node-9] [INFO] [1787258955.748936942] [regolith_pure_pursuit]: Goal reached (within 0.33 m of the commanded goal)
