[INFO] [launch]: All log files can be found below /home/balazs/.ros/log/2026-08-20-15-05-34-906544-DESKTOP-IE5MOME-24043
[INFO] [launch]: Default logging verbosity is set to INFO
[hello_moon.launch] Using ROS_DOMAIN_ID=71 (isolated DDS domain for this launch - see PROGRESS.md)
[INFO] [ruby $(which gz) sim-1]: process started with pid [24087]
[INFO] [robot_state_publisher-2]: process started with pid [24089]
[INFO] [parameter_bridge-3]: process started with pid [24092]
[INFO] [wheel_slip_node.py-4]: process started with pid [24095]
[INFO] [sensor_covariance_relay.py-5]: process started with pid [24097]
[INFO] [ekf_node-6]: process started with pid [24099]
[INFO] [costmap_node-7]: process started with pid [24101]
[INFO] [planner_node-8]: process started with pid [24103]
[INFO] [pure_pursuit_node-9]: process started with pid [24105]
[INFO] [flip_recovery_node.py-10]: process started with pid [24107]
[INFO] [mission_markers_node.py-11]: process started with pid [24109]
[parameter_bridge-3] [INFO] [1787234736.520722352] [ros_gz_bridge]: Creating GZ->ROS Bridge: [/clock (gz.msgs.Clock) -> /clock (rosgraph_msgs/msg/Clock)] (Lazy 0)
[parameter_bridge-3] [INFO] [1787234736.522291047] [ros_gz_bridge]: Creating GZ->ROS Bridge: [/cmd_vel (gz.msgs.Twist) -> /cmd_vel (geometry_msgs/msg/Twist)] (Lazy 0)
[parameter_bridge-3] [INFO] [1787234736.524821844] [ros_gz_bridge]: Creating ROS->GZ Bridge: [/cmd_vel (geometry_msgs/msg/Twist) -> /cmd_vel (gz.msgs.Twist)] (Lazy 0)
[parameter_bridge-3] [INFO] [1787234736.526493231] [ros_gz_bridge]: Creating GZ->ROS Bridge: [/odometry (gz.msgs.Odometry) -> /odometry (nav_msgs/msg/Odometry)] (Lazy 0)
[robot_state_publisher-2] [INFO] [1787234736.528171005] [robot_state_publisher]: got segment base_link
[robot_state_publisher-2] [INFO] [1787234736.528320725] [robot_state_publisher]: got segment camera_link
[robot_state_publisher-2] [INFO] [1787234736.528332394] [robot_state_publisher]: got segment chassis
[robot_state_publisher-2] [INFO] [1787234736.528338585] [robot_state_publisher]: got segment front_left_wheel
[robot_state_publisher-2] [INFO] [1787234736.528345376] [robot_state_publisher]: got segment front_right_wheel
[robot_state_publisher-2] [INFO] [1787234736.528354301] [robot_state_publisher]: got segment imu_link
[robot_state_publisher-2] [INFO] [1787234736.528362196] [robot_state_publisher]: got segment rear_left_wheel
[robot_state_publisher-2] [INFO] [1787234736.528368623] [robot_state_publisher]: got segment rear_right_wheel
[parameter_bridge-3] [INFO] [1787234736.528637515] [ros_gz_bridge]: Creating ROS->GZ Bridge: [/odometry (nav_msgs/msg/Odometry) -> /odometry (gz.msgs.Odometry)] (Lazy 0)
[parameter_bridge-3] [INFO] [1787234736.529350362] [ros_gz_bridge]: Creating GZ->ROS Bridge: [/camera (gz.msgs.Image) -> /camera (sensor_msgs/msg/Image)] (Lazy 0)
[parameter_bridge-3] [INFO] [1787234736.530813360] [ros_gz_bridge]: Creating ROS->GZ Bridge: [/camera (sensor_msgs/msg/Image) -> /camera (gz.msgs.Image)] (Lazy 0)
[parameter_bridge-3] [INFO] [1787234736.531676757] [ros_gz_bridge]: Creating GZ->ROS Bridge: [/camera_info (gz.msgs.CameraInfo) -> /camera_info (sensor_msgs/msg/CameraInfo)] (Lazy 0)
[parameter_bridge-3] [INFO] [1787234736.532674367] [ros_gz_bridge]: Creating ROS->GZ Bridge: [/camera_info (sensor_msgs/msg/CameraInfo) -> /camera_info (gz.msgs.CameraInfo)] (Lazy 0)
[parameter_bridge-3] [INFO] [1787234736.533414891] [ros_gz_bridge]: Creating GZ->ROS Bridge: [/depth_camera (gz.msgs.Image) -> /depth_camera (sensor_msgs/msg/Image)] (Lazy 0)
[parameter_bridge-3] [INFO] [1787234736.534238176] [ros_gz_bridge]: Creating ROS->GZ Bridge: [/depth_camera (sensor_msgs/msg/Image) -> /depth_camera (gz.msgs.Image)] (Lazy 0)
[parameter_bridge-3] [INFO] [1787234736.535290512] [ros_gz_bridge]: Creating GZ->ROS Bridge: [/imu (gz.msgs.IMU) -> /imu (sensor_msgs/msg/Imu)] (Lazy 0)
[parameter_bridge-3] [INFO] [1787234736.536394366] [ros_gz_bridge]: Creating ROS->GZ Bridge: [/imu (sensor_msgs/msg/Imu) -> /imu (gz.msgs.IMU)] (Lazy 0)
[parameter_bridge-3] [INFO] [1787234736.537079471] [ros_gz_bridge]: Creating GZ->ROS Bridge: [/world/regolith_moon/model/rover/joint_state (gz.msgs.Model) -> /world/regolith_moon/model/rover/joint_state (sensor_msgs/msg/JointState)] (Lazy 0)
[parameter_bridge-3] [INFO] [1787234736.538233538] [ros_gz_bridge]: Creating ROS->GZ Bridge: [/world/regolith_moon/model/rover/joint_state (sensor_msgs/msg/JointState) -> /world/regolith_moon/model/rover/joint_state (gz.msgs.Model)] (Lazy 0)
[parameter_bridge-3] [INFO] [1787234736.539341239] [ros_gz_bridge]: Creating GZ->ROS Bridge: [/model/rover/pose (gz.msgs.Pose) -> /model/rover/pose (geometry_msgs/msg/PoseStamped)] (Lazy 0)
[flip_recovery_node.py-10] [INFO] [1787234736.838410227] [regolith_flip_recovery]: Flip/stuck recovery armed (simulated set_pose backstop for flips, straight-line cmd_vel override for stuck-but-upright)
[wheel_slip_node.py-4] [INFO] [1787234736.856915614] [regolith_wheel_slip]: Wheel-slip ZUPT armed: /odom -> /odom/gated (onboard signals only - wheel odometry and IMU, never ground truth)
[costmap_node-7] [INFO] [1787234736.898889990] [regolith_costmap]: Published costmap: 256x256 cells at 0.781 m/cell
[mission_markers_node.py-11] [INFO] [1787234736.939185849] [regolith_mission_markers]: Mission markers active - start at (0.0, 0.0), Gazebo flags on, RViz on /mission_markers
[planner_node-8] [WARN] [1787234745.280246935] [regolith_planner]: No costmap or current pose yet - ignoring goal
[planner_node-8] [INFO] [1787234755.331969785] [regolith_planner]: Planned path: 103 waypoints, start=(128, 128) goal=(52, 73)
[parameter_bridge-3] [INFO] [1787234755.423948492] [ros_gz_bridge]: Passing message from ROS geometry_msgs/msg/Twist to Gazebo gz.msgs.Twist (showing msg only once per type)
[costmap_node-7] [WARN] [1787234766.363182355] [regolith_costmap]: Hazard #1 marked at (0.64, -0.49): 13 cells lethal (1.2 m + 0.3 m rover radius). The rover got wedged here; the planner will route around it from now on.
[pure_pursuit_node-9] [INFO] [1787234766.372660195] [regolith_pure_pursuit]: Recovery node has taken over /cmd_vel - pausing path following
[pure_pursuit_node-9] [INFO] [1787234785.315639813] [regolith_pure_pursuit]: Recovery finished - resuming path following
[flip_recovery_node.py-10] [WARN] [1787234785.376494478] [regolith_flip_recovery]: STUCK RECOVERY #1 (escalation level 0, triggered by ground truth; 1 ground-truth / 0 onboard triggers so far). Escape maneuver: reversed 0.20 m/s for 3.0s, then turned left at 0.50 rad/s for 2.0s (sim time, at a measured 0.32x real time). A real rover's FDIR could do the same - this is not a simulated teleport.
[planner_node-8] [WARN] [1787234785.377713424] [regolith_planner]: Current-position cell (128, 127) is lethal (drift, or a keep-out zone this rover marked itself) - planning from the nearest free cell (128, 126) instead
[planner_node-8] [INFO] [1787234785.460092586] [regolith_planner]: Planned path: 103 waypoints, start=(128, 126) goal=(52, 73)
[flip_recovery_node.py-10] [WARN] [1787234789.058077575] [regolith_flip_recovery]: STUCK RECOVERY #1 result: ground truth moved 0.55 m during the maneuver - FREED (1/1 escapes have freed the rover so far)
[pure_pursuit_node-9] [INFO] [1787234797.563610795] [regolith_pure_pursuit]: Recovery node has taken over /cmd_vel - pausing path following
[costmap_node-7] [WARN] [1787234797.569818270] [regolith_costmap]: Hazard #2 marked at (-0.02, -0.33): 13 cells lethal (1.2 m + 0.3 m rover radius). The rover got wedged here; the planner will route around it from now on.
[pure_pursuit_node-9] [INFO] [1787234833.928052500] [regolith_pure_pursuit]: Recovery finished - resuming path following
[flip_recovery_node.py-10] [WARN] [1787234833.988074260] [regolith_flip_recovery]: STUCK RECOVERY #2 (escalation level 1, triggered by ground truth; 2 ground-truth / 0 onboard triggers so far). Escape maneuver: reversed 0.20 m/s for 6.0s, then turned right at 0.50 rad/s for 3.5s (sim time, at a measured 0.29x real time). A real rover's FDIR could do the same - this is not a simulated teleport.
[planner_node-8] [INFO] [1787234834.066442103] [regolith_planner]: Planned path: 104 waypoints, start=(129, 126) goal=(52, 73)
[flip_recovery_node.py-10] [WARN] [1787234838.334797207] [regolith_flip_recovery]: STUCK RECOVERY #2 result: ground truth moved 1.19 m during the maneuver - FREED (2/2 escapes have freed the rover so far)
[wheel_slip_node.py-4] [WARN] [1787235447.297269649] [regolith_wheel_slip]: WHEEL SLIP #1: over the last 15.0 s the wheels claim 2.94 m and 0.00 rad of turning; the gyro saw 0.00 rad (68% of it) and the attitude spanned 0.52 deg. Feeding the EKF a zero-velocity update instead of the wheels' claim.
[wheel_slip_node.py-4] [WARN] [1787235465.904809164] [regolith_wheel_slip]: WHEEL SLIP #1 cleared - over the last 5.0 s the wheels claimed 0.00 rad of turning and the gyro corroborated 105882% of it. Phantom distance kept out of the EKF so far: 0.85 m.
[wheel_slip_node.py-4] [WARN] [1787235767.434074123] [regolith_wheel_slip]: WHEEL SLIP #2: over the last 15.0 s the wheels claim 2.48 m and 3.07 rad of turning; the gyro saw 0.44 rad (14% of it) and the attitude spanned 8.90 deg. Feeding the EKF a zero-velocity update instead of the wheels' claim.
[pure_pursuit_node-9] [INFO] [1787235788.861910405] [regolith_pure_pursuit]: Recovery node has taken over /cmd_vel - pausing path following
[costmap_node-7] [WARN] [1787235788.869231182] [regolith_costmap]: Hazard #3 marked at (-11.32, -38.76): 13 cells lethal (1.2 m + 0.3 m rover radius). The rover got wedged here; the planner will route around it from now on.
[wheel_slip_node.py-4] [WARN] [1787235801.796059425] [regolith_wheel_slip]: WHEEL SLIP #2 cleared - over the last 5.0 s the wheels claimed 0.58 rad of turning and the gyro corroborated 25% of it. Phantom distance kept out of the EKF so far: 2.11 m.
[wheel_slip_node.py-4] [WARN] [1787235801.870907951] [regolith_wheel_slip]: WHEEL SLIP #3: over the last 15.0 s the wheels claim 2.15 m and 3.57 rad of turning; the gyro saw 0.35 rad (10% of it) and the attitude spanned 7.05 deg. Feeding the EKF a zero-velocity update instead of the wheels' claim.
[pure_pursuit_node-9] [INFO] [1787235810.286343723] [regolith_pure_pursuit]: Recovery finished - resuming path following
[flip_recovery_node.py-10] [WARN] [1787235810.346807229] [regolith_flip_recovery]: STUCK RECOVERY #3 (escalation level 0, triggered by wheel slip (onboard); 2 ground-truth / 1 onboard triggers so far). Escape maneuver: reversed 0.20 m/s for 3.0s, then turned left at 0.50 rad/s for 2.0s (sim time, at a measured 0.28x real time). A real rover's FDIR could do the same - this is not a simulated teleport.
[planner_node-8] [WARN] [1787235810.348057233] [regolith_planner]: Current-position cell (79, 113) is lethal (drift, or a keep-out zone this rover marked itself) - planning from the nearest free cell (80, 112) instead
[planner_node-8] [INFO] [1787235810.370210400] [regolith_planner]: Planned path: 55 waypoints, start=(80, 112) goal=(52, 73)
[wheel_slip_node.py-4] [WARN] [1787235812.064339360] [regolith_wheel_slip]: WHEEL SLIP #3 cleared - over the last 5.0 s the wheels claimed 0.66 rad of turning and the gyro corroborated 90% of it. Phantom distance kept out of the EKF so far: 2.11 m.
[flip_recovery_node.py-10] [WARN] [1787235814.402613739] [regolith_flip_recovery]: STUCK RECOVERY #3 result: ground truth moved 0.53 m during the maneuver - FREED (3/3 escapes have freed the rover so far)
[pure_pursuit_node-9] [WARN] [1787235842.969522568] [regolith_pure_pursuit]: Stalled for 8s - stopping and replanning
[planner_node-8] [WARN] [1787235842.970625242] [regolith_planner]: Current-position cell (79, 113) is lethal (drift, or a keep-out zone this rover marked itself) - planning from the nearest free cell (80, 112) instead
[planner_node-8] [INFO] [1787235842.993363387] [regolith_planner]: Planned path: 55 waypoints, start=(80, 112) goal=(52, 73)
[wheel_slip_node.py-4] [WARN] [1787236163.891837596] [regolith_wheel_slip]: WHEEL SLIP #4: over the last 15.0 s the wheels claim 2.88 m and 0.01 rad of turning; the gyro saw 0.01 rad (78% of it) and the attitude spanned 0.57 deg. Feeding the EKF a zero-velocity update instead of the wheels' claim.
[pure_pursuit_node-9] [INFO] [1787236183.015875132] [regolith_pure_pursuit]: Recovery node has taken over /cmd_vel - pausing path following
[costmap_node-7] [WARN] [1787236183.021583001] [regolith_costmap]: Hazard #4 marked at (-14.45, -48.33): 13 cells lethal (1.2 m + 0.3 m rover radius). The rover got wedged here; the planner will route around it from now on.
[pure_pursuit_node-9] [INFO] [1787236183.021724130] [regolith_pure_pursuit]: Costmap changed (a new keep-out zone) - restoring the replan budget: the route being retried is not the one that already failed
[wheel_slip_node.py-4] [WARN] [1787236207.243644779] [regolith_wheel_slip]: WHEEL SLIP #4 cleared - over the last 5.0 s the wheels claimed 0.01 rad of turning and the gyro corroborated 44% of it. Phantom distance kept out of the EKF so far: 4.26 m.
[wheel_slip_node.py-4] [WARN] [1787236207.309795306] [regolith_wheel_slip]: WHEEL SLIP #5: over the last 15.0 s the wheels claim 2.87 m and 0.01 rad of turning; the gyro saw 0.01 rad (48% of it) and the attitude spanned 0.30 deg. Feeding the EKF a zero-velocity update instead of the wheels' claim.
[wheel_slip_node.py-4] [WARN] [1787236214.394229467] [regolith_wheel_slip]: WHEEL SLIP #5 cleared - over the last 5.0 s the wheels claimed 0.60 rad of turning and the gyro corroborated 74% of it. Phantom distance kept out of the EKF so far: 4.27 m.
[pure_pursuit_node-9] [INFO] [1787236219.440373329] [regolith_pure_pursuit]: Recovery finished - resuming path following
[flip_recovery_node.py-10] [WARN] [1787236219.500868973] [regolith_flip_recovery]: STUCK RECOVERY #4 (escalation level 1, triggered by wheel slip (onboard); 2 ground-truth / 2 onboard triggers so far). Escape maneuver: reversed 0.20 m/s for 6.0s, then turned right at 0.50 rad/s for 3.5s (sim time, at a measured 0.28x real time). A real rover's FDIR could do the same - this is not a simulated teleport.
[planner_node-8] [WARN] [1787236219.502802054] [regolith_planner]: Current-position cell (67, 109) is lethal (drift, or a keep-out zone this rover marked itself) - planning from the nearest free cell (68, 108) instead
[planner_node-8] [INFO] [1787236219.518766244] [regolith_planner]: Planned path: 45 waypoints, start=(68, 108) goal=(52, 73)
[flip_recovery_node.py-10] [WARN] [1787236223.806338092] [regolith_flip_recovery]: STUCK RECOVERY #4 result: ground truth moved 1.10 m during the maneuver - FREED (4/4 escapes have freed the rover so far)
[pure_pursuit_node-9] [INFO] [1787236234.634706694] [regolith_pure_pursuit]: Recovery node has taken over /cmd_vel - pausing path following
[costmap_node-7] [WARN] [1787236234.640952358] [regolith_costmap]: Hazard #5 marked at (-14.62, -48.32): 13 cells lethal (1.2 m + 0.3 m rover radius). The rover got wedged here; the planner will route around it from now on.
[pure_pursuit_node-9] [INFO] [1787236292.393776684] [regolith_pure_pursuit]: Recovery finished - resuming path following
[flip_recovery_node.py-10] [WARN] [1787236292.454019628] [regolith_flip_recovery]: STUCK RECOVERY #5 (escalation level 2, triggered by ground truth; 3 ground-truth / 2 onboard triggers so far). Escape maneuver: reversed 0.20 m/s for 10.0s, then turned left at 0.50 rad/s for 5.0s (sim time, at a measured 0.27x real time). A real rover's FDIR could do the same - this is not a simulated teleport.
[planner_node-8] [INFO] [1787236292.470146931] [regolith_planner]: Planned path: 44 waypoints, start=(69, 109) goal=(52, 73)
[flip_recovery_node.py-10] [WARN] [1787236296.552692742] [regolith_flip_recovery]: STUCK RECOVERY #5 result: ground truth moved 2.00 m during the maneuver - FREED (5/5 escapes have freed the rover so far)
[wheel_slip_node.py-4] [WARN] [1787236853.405809378] [regolith_wheel_slip]: WHEEL SLIP #6: over the last 15.0 s the wheels claim 2.52 m and 0.01 rad of turning; the gyro saw 0.00 rad (63% of it) and the attitude spanned 0.33 deg. Feeding the EKF a zero-velocity update instead of the wheels' claim.
[pure_pursuit_node-9] [INFO] [1787236874.756993005] [regolith_pure_pursuit]: Recovery node has taken over /cmd_vel - pausing path following
[costmap_node-7] [WARN] [1787236874.763699332] [regolith_costmap]: Hazard #6 marked at (-29.40, -55.08): 13 cells lethal (1.2 m + 0.3 m rover radius). The rover got wedged here; the planner will route around it from now on.
[wheel_slip_node.py-4] [WARN] [1787236886.016018763] [regolith_wheel_slip]: WHEEL SLIP #6 cleared - over the last 5.0 s the wheels claimed 0.01 rad of turning and the gyro corroborated 62% of it. Phantom distance kept out of the EKF so far: 5.72 m.
[wheel_slip_node.py-4] [WARN] [1787236886.086826530] [regolith_wheel_slip]: WHEEL SLIP #7: over the last 15.0 s the wheels claim 2.57 m and 0.01 rad of turning; the gyro saw 0.01 rad (63% of it) and the attitude spanned 0.31 deg. Feeding the EKF a zero-velocity update instead of the wheels' claim.
[pure_pursuit_node-9] [INFO] [1787236892.829924911] [regolith_pure_pursuit]: Recovery finished - resuming path following
[flip_recovery_node.py-10] [WARN] [1787236892.889968158] [regolith_flip_recovery]: STUCK RECOVERY #6 (escalation level 0, triggered by wheel slip (onboard); 3 ground-truth / 3 onboard triggers so far). Escape maneuver: reversed 0.20 m/s for 3.0s, then turned left at 0.50 rad/s for 2.0s (sim time, at a measured 0.28x real time). A real rover's FDIR could do the same - this is not a simulated teleport.
[planner_node-8] [WARN] [1787236892.891303761] [regolith_planner]: Current-position cell (57, 91) is lethal (drift, or a keep-out zone this rover marked itself) - planning from the nearest free cell (58, 92) instead
[planner_node-8] [INFO] [1787236892.895842462] [regolith_planner]: Planned path: 20 waypoints, start=(58, 92) goal=(52, 73)
[wheel_slip_node.py-4] [WARN] [1787236893.009779261] [regolith_wheel_slip]: WHEEL SLIP #7 cleared - over the last 5.0 s the wheels claimed 0.59 rad of turning and the gyro corroborated 70% of it. Phantom distance kept out of the EKF so far: 5.73 m.
[flip_recovery_node.py-10] [WARN] [1787236896.978421709] [regolith_flip_recovery]: STUCK RECOVERY #6 result: ground truth moved 0.54 m during the maneuver - FREED (6/6 escapes have freed the rover so far)
[pure_pursuit_node-9] [INFO] [1787236912.498809059] [regolith_pure_pursuit]: Recovery node has taken over /cmd_vel - pausing path following
[costmap_node-7] [WARN] [1787236912.505581085] [regolith_costmap]: Hazard #7 marked at (-29.35, -54.80): 13 cells lethal (1.2 m + 0.3 m rover radius). The rover got wedged here; the planner will route around it from now on.
[pure_pursuit_node-9] [INFO] [1787236951.492219370] [regolith_pure_pursuit]: Recovery finished - resuming path following
[flip_recovery_node.py-10] [WARN] [1787236951.552538559] [regolith_flip_recovery]: STUCK RECOVERY #7 (escalation level 1, triggered by ground truth; 4 ground-truth / 3 onboard triggers so far). Escape maneuver: reversed 0.20 m/s for 6.0s, then turned right at 0.50 rad/s for 3.5s (sim time, at a measured 0.27x real time). A real rover's FDIR could do the same - this is not a simulated teleport.
[planner_node-8] [WARN] [1787236951.554125098] [regolith_planner]: Current-position cell (56, 92) is lethal (drift, or a keep-out zone this rover marked itself) - planning from the nearest free cell (57, 93) instead
[planner_node-8] [INFO] [1787236951.561912726] [regolith_planner]: Planned path: 21 waypoints, start=(57, 93) goal=(52, 73)
[flip_recovery_node.py-10] [WARN] [1787236955.707069587] [regolith_flip_recovery]: STUCK RECOVERY #7 result: ground truth moved 1.26 m during the maneuver - FREED (7/7 escapes have freed the rover so far)
[pure_pursuit_node-9] [INFO] [1787237466.822047555] [regolith_pure_pursuit]: Goal reached (within 0.99 m of the commanded goal)
