[INFO] [launch]: All log files can be found below /home/balazs/.ros/log/2026-08-30-23-56-03-050653-DESKTOP-IE5MOME-25223
[INFO] [launch]: Default logging verbosity is set to INFO
[hello_moon.launch] Using ROS_DOMAIN_ID=96 (isolated DDS domain for this launch - see PROGRESS.md)
[INFO] [ruby $(which gz) sim-1]: process started with pid [25267]
[INFO] [robot_state_publisher-2]: process started with pid [25269]
[INFO] [parameter_bridge-3]: process started with pid [25272]
[INFO] [wheel_slip_node.py-4]: process started with pid [25274]
[INFO] [sensor_covariance_relay.py-5]: process started with pid [25277]
[INFO] [ekf_node-6]: process started with pid [25279]
[INFO] [costmap_node-7]: process started with pid [25281]
[INFO] [planner_node-8]: process started with pid [25283]
[INFO] [pure_pursuit_node-9]: process started with pid [25285]
[INFO] [flip_recovery_node.py-10]: process started with pid [25287]
[INFO] [mission_markers_node.py-11]: process started with pid [25289]
[parameter_bridge-3] [INFO] [1788130564.764037114] [ros_gz_bridge]: Creating GZ->ROS Bridge: [/clock (gz.msgs.Clock) -> /clock (rosgraph_msgs/msg/Clock)] (Lazy 0)
[parameter_bridge-3] [INFO] [1788130564.766415582] [ros_gz_bridge]: Creating GZ->ROS Bridge: [/cmd_vel (gz.msgs.Twist) -> /cmd_vel (geometry_msgs/msg/Twist)] (Lazy 0)
[robot_state_publisher-2] [INFO] [1788130564.769539513] [robot_state_publisher]: got segment base_link
[robot_state_publisher-2] [INFO] [1788130564.769758255] [robot_state_publisher]: got segment camera_link
[robot_state_publisher-2] [INFO] [1788130564.769776437] [robot_state_publisher]: got segment chassis
[robot_state_publisher-2] [INFO] [1788130564.769784729] [robot_state_publisher]: got segment front_left_wheel
[robot_state_publisher-2] [INFO] [1788130564.769792815] [robot_state_publisher]: got segment front_right_wheel
[robot_state_publisher-2] [INFO] [1788130564.769801075] [robot_state_publisher]: got segment imu_link
[robot_state_publisher-2] [INFO] [1788130564.769822021] [robot_state_publisher]: got segment rear_left_wheel
[robot_state_publisher-2] [INFO] [1788130564.769830647] [robot_state_publisher]: got segment rear_right_wheel
[parameter_bridge-3] [INFO] [1788130564.769770079] [ros_gz_bridge]: Creating ROS->GZ Bridge: [/cmd_vel (geometry_msgs/msg/Twist) -> /cmd_vel (gz.msgs.Twist)] (Lazy 0)
[parameter_bridge-3] [INFO] [1788130564.771793933] [ros_gz_bridge]: Creating GZ->ROS Bridge: [/odometry (gz.msgs.Odometry) -> /odometry (nav_msgs/msg/Odometry)] (Lazy 0)
[parameter_bridge-3] [INFO] [1788130564.774594985] [ros_gz_bridge]: Creating ROS->GZ Bridge: [/odometry (nav_msgs/msg/Odometry) -> /odometry (gz.msgs.Odometry)] (Lazy 0)
[parameter_bridge-3] [INFO] [1788130564.775940129] [ros_gz_bridge]: Creating GZ->ROS Bridge: [/camera (gz.msgs.Image) -> /camera (sensor_msgs/msg/Image)] (Lazy 0)
[parameter_bridge-3] [INFO] [1788130564.778219839] [ros_gz_bridge]: Creating ROS->GZ Bridge: [/camera (sensor_msgs/msg/Image) -> /camera (gz.msgs.Image)] (Lazy 0)
[parameter_bridge-3] [INFO] [1788130564.779966989] [ros_gz_bridge]: Creating GZ->ROS Bridge: [/camera_info (gz.msgs.CameraInfo) -> /camera_info (sensor_msgs/msg/CameraInfo)] (Lazy 0)
[parameter_bridge-3] [INFO] [1788130564.781459585] [ros_gz_bridge]: Creating ROS->GZ Bridge: [/camera_info (sensor_msgs/msg/CameraInfo) -> /camera_info (gz.msgs.CameraInfo)] (Lazy 0)
[parameter_bridge-3] [INFO] [1788130564.782943747] [ros_gz_bridge]: Creating GZ->ROS Bridge: [/depth_camera (gz.msgs.Image) -> /depth_camera (sensor_msgs/msg/Image)] (Lazy 0)
[parameter_bridge-3] [INFO] [1788130564.783934445] [ros_gz_bridge]: Creating ROS->GZ Bridge: [/depth_camera (sensor_msgs/msg/Image) -> /depth_camera (gz.msgs.Image)] (Lazy 0)
[parameter_bridge-3] [INFO] [1788130564.784958775] [ros_gz_bridge]: Creating GZ->ROS Bridge: [/imu (gz.msgs.IMU) -> /imu (sensor_msgs/msg/Imu)] (Lazy 0)
[parameter_bridge-3] [INFO] [1788130564.786537323] [ros_gz_bridge]: Creating ROS->GZ Bridge: [/imu (sensor_msgs/msg/Imu) -> /imu (gz.msgs.IMU)] (Lazy 0)
[parameter_bridge-3] [INFO] [1788130564.787761015] [ros_gz_bridge]: Creating GZ->ROS Bridge: [/world/regolith_moon/model/rover/joint_state (gz.msgs.Model) -> /world/regolith_moon/model/rover/joint_state (sensor_msgs/msg/JointState)] (Lazy 0)
[parameter_bridge-3] [INFO] [1788130564.788927311] [ros_gz_bridge]: Creating ROS->GZ Bridge: [/world/regolith_moon/model/rover/joint_state (sensor_msgs/msg/JointState) -> /world/regolith_moon/model/rover/joint_state (gz.msgs.Model)] (Lazy 0)
[parameter_bridge-3] [INFO] [1788130564.790061810] [ros_gz_bridge]: Creating GZ->ROS Bridge: [/model/rover/pose (gz.msgs.Pose) -> /model/rover/pose (geometry_msgs/msg/PoseStamped)] (Lazy 0)
[flip_recovery_node.py-10] [INFO] [1788130565.204577635] [regolith_flip_recovery]: Flip/stuck recovery armed (simulated set_pose backstop for flips, straight-line cmd_vel override for stuck-but-upright)
[wheel_slip_node.py-4] [INFO] [1788130565.227794073] [regolith_wheel_slip]: Wheel-slip ZUPT armed: /odom -> /odom/gated (onboard signals only - wheel odometry and IMU, never ground truth). legacy_rigid_body_signature=False
[mission_markers_node.py-11] [INFO] [1788130565.270847295] [regolith_mission_markers]: Mission markers active - start at (0.0, 0.0), Gazebo flags on, RViz on /mission_markers
[costmap_node-7] [INFO] [1788130565.283457387] [regolith_costmap]: Published costmap: 256x256 cells at 0.781 m/cell
[planner_node-8] [WARN] [1788130569.200120625] [regolith_planner]: No costmap or current pose yet - ignoring goal
[planner_node-8] [INFO] [1788130579.244985852] [regolith_planner]: Planned path: 73 waypoints, start=(127, 128) goal=(86, 60)
[parameter_bridge-3] [INFO] [1788130579.461193211] [ros_gz_bridge]: Passing message from ROS geometry_msgs/msg/Twist to Gazebo gz.msgs.Twist (showing msg only once per type)
[pure_pursuit_node-9] [WARN] [1788130611.963434997] [regolith_pure_pursuit]: Stalled for 8s - stopping and replanning
[planner_node-8] [INFO] [1788130612.034135092] [regolith_planner]: Planned path: 73 waypoints, start=(127, 128) goal=(86, 60)
[pure_pursuit_node-9] [INFO] [1788130615.675789703] [regolith_pure_pursuit]: Recovery node has taken over /cmd_vel - pausing path following
[costmap_node-7] [WARN] [1788130615.683054356] [regolith_costmap]: Hazard #1 marked at (-0.31, -0.74): 13 cells lethal (1.2 m + 0.3 m rover radius). The rover got wedged here; the planner will route around it from now on.
[pure_pursuit_node-9] [INFO] [1788130615.683203015] [regolith_pure_pursuit]: Costmap changed (a new keep-out zone) - restoring the replan budget: the route being retried is not the one that already failed
[pure_pursuit_node-9] [INFO] [1788130634.692788608] [regolith_pure_pursuit]: Recovery finished - resuming path following
[flip_recovery_node.py-10] [WARN] [1788130634.753857212] [regolith_flip_recovery]: STUCK RECOVERY #1 (escalation level 0, triggered by ground truth; 1 ground-truth / 0 onboard triggers so far). Escape maneuver: reversed 0.20 m/s for 3.0s, then turned left at 0.50 rad/s for 2.0s (sim time, exact - driven by the sim clock directly, not an RTF-estimated wall-clock sleep; RTF over this window measured 0.23x real time, logged for comparison only). A real rover's FDIR could do the same - this is not a simulated teleport.
[planner_node-8] [WARN] [1788130634.755901553] [regolith_planner]: Current-position cell (128, 128) is lethal (drift, or a keep-out zone this rover marked itself) - planning from the nearest free cell (128, 129) instead
[planner_node-8] [INFO] [1788130634.848986945] [regolith_planner]: Planned path: 74 waypoints, start=(128, 129) goal=(86, 60)
[flip_recovery_node.py-10] [WARN] [1788130640.021050146] [regolith_flip_recovery]: STUCK RECOVERY #1 result: ground truth moved 0.61 m during the maneuver - FREED (1/1 escapes have freed the rover so far)
[pure_pursuit_node-9] [WARN] [1788130667.634638107] [regolith_pure_pursuit]: Stalled for 8s - stopping and replanning
[planner_node-8] [WARN] [1788130667.636211591] [regolith_planner]: Current-position cell (128, 128) is lethal (drift, or a keep-out zone this rover marked itself) - planning from the nearest free cell (128, 129) instead
[planner_node-8] [INFO] [1788130667.714726369] [regolith_planner]: Planned path: 74 waypoints, start=(128, 129) goal=(86, 60)
[wheel_slip_node.py-4] [WARN] [1788131403.561218846] [regolith_wheel_slip]: WHEEL SLIP #1: over the last 15.0 s the wheels claim 2.39 m and 2.56 rad of turning; the gyro saw 0.37 rad (14% of it) and the attitude spanned 11.81 deg. Feeding the EKF a zero-velocity update instead of the wheels' claim.
[pure_pursuit_node-9] [INFO] [1788131425.436514949] [regolith_pure_pursuit]: Recovery node has taken over /cmd_vel - pausing path following
[pure_pursuit_node-9] [INFO] [1788131425.445060730] [regolith_pure_pursuit]: Costmap changed (a new keep-out zone) - restoring the replan budget: the route being retried is not the one that already failed
[costmap_node-7] [WARN] [1788131425.445189566] [regolith_costmap]: Hazard #2 marked at (-28.39, -7.52): 13 cells lethal (1.2 m + 0.3 m rover radius). The rover got wedged here; the planner will route around it from now on.
[wheel_slip_node.py-4] [WARN] [1788131441.143420650] [regolith_wheel_slip]: WHEEL SLIP #1 cleared - over the last 5.0 s the wheels claimed 0.39 rad of turning and the gyro corroborated 26% of it. Phantom distance kept out of the EKF so far: 1.44 m.
[wheel_slip_node.py-4] [WARN] [1788131441.227765009] [regolith_wheel_slip]: WHEEL SLIP #2: over the last 15.0 s the wheels claim 2.44 m and 2.04 rad of turning; the gyro saw 0.18 rad (9% of it) and the attitude spanned 15.75 deg. Feeding the EKF a zero-velocity update instead of the wheels' claim.
[pure_pursuit_node-9] [INFO] [1788131447.057250070] [regolith_pure_pursuit]: Recovery finished - resuming path following
[flip_recovery_node.py-10] [WARN] [1788131447.118317564] [regolith_flip_recovery]: STUCK RECOVERY #2 (escalation level 0, triggered by wheel slip (onboard); 1 ground-truth / 1 onboard triggers so far). Escape maneuver: reversed 0.20 m/s for 3.0s, then turned left at 0.50 rad/s for 2.0s (sim time, exact - driven by the sim clock directly, not an RTF-estimated wall-clock sleep; RTF over this window measured 0.23x real time, logged for comparison only). A real rover's FDIR could do the same - this is not a simulated teleport.
[planner_node-8] [WARN] [1788131447.120083527] [regolith_planner]: Current-position cell (118, 92) is lethal (drift, or a keep-out zone this rover marked itself) - planning from the nearest free cell (117, 93) instead
[planner_node-8] [INFO] [1788131447.141528968] [regolith_planner]: Planned path: 38 waypoints, start=(117, 93) goal=(86, 60)
[wheel_slip_node.py-4] [WARN] [1788131449.997466668] [regolith_wheel_slip]: WHEEL SLIP #2 cleared - over the last 5.0 s the wheels claimed 0.73 rad of turning and the gyro corroborated 79% of it. Phantom distance kept out of the EKF so far: 1.47 m.
[flip_recovery_node.py-10] [WARN] [1788131452.337511570] [regolith_flip_recovery]: STUCK RECOVERY #2 result: ground truth moved 0.53 m during the maneuver - FREED (2/2 escapes have freed the rover so far)
[pure_pursuit_node-9] [INFO] [1788131479.014873228] [regolith_pure_pursuit]: Recovery node has taken over /cmd_vel - pausing path following
[costmap_node-7] [WARN] [1788131479.021519276] [regolith_costmap]: Hazard #3 marked at (-27.94, -8.41): 13 cells lethal (1.2 m + 0.3 m rover radius). The rover got wedged here; the planner will route around it from now on.
[pure_pursuit_node-9] [INFO] [1788131514.684783576] [regolith_pure_pursuit]: Recovery finished - resuming path following
[flip_recovery_node.py-10] [WARN] [1788131514.746308136] [regolith_flip_recovery]: STUCK RECOVERY #3 (escalation level 1, triggered by ground truth; 2 ground-truth / 1 onboard triggers so far). Escape maneuver: reversed 0.20 m/s for 6.0s, then turned right at 0.50 rad/s for 3.5s (sim time, exact - driven by the sim clock directly, not an RTF-estimated wall-clock sleep; RTF over this window measured 0.23x real time, logged for comparison only). A real rover's FDIR could do the same - this is not a simulated teleport.
[planner_node-8] [WARN] [1788131514.748211133] [regolith_planner]: Current-position cell (119, 92) is lethal (drift, or a keep-out zone this rover marked itself) - planning from the nearest free cell (119, 93) instead
[planner_node-8] [INFO] [1788131514.775193167] [regolith_planner]: Planned path: 38 waypoints, start=(119, 93) goal=(86, 60)
[flip_recovery_node.py-10] [WARN] [1788131519.497476673] [regolith_flip_recovery]: STUCK RECOVERY #3 result: ground truth moved 1.21 m during the maneuver - FREED (3/3 escapes have freed the rover so far)
[wheel_slip_node.py-4] [WARN] [1788131705.975415662] [regolith_wheel_slip]: WHEEL SLIP #3: over the last 15.0 s the wheels claim 1.66 m and 2.04 rad of turning; the gyro saw 0.30 rad (14% of it) and the attitude spanned 11.95 deg. Feeding the EKF a zero-velocity update instead of the wheels' claim.
[pure_pursuit_node-9] [INFO] [1788131725.647468599] [regolith_pure_pursuit]: Recovery node has taken over /cmd_vel - pausing path following
[costmap_node-7] [WARN] [1788131725.654765147] [regolith_costmap]: Hazard #4 marked at (-32.01, -8.23): 13 cells lethal (1.2 m + 0.3 m rover radius). The rover got wedged here; the planner will route around it from now on.
[wheel_slip_node.py-4] [WARN] [1788131745.687326801] [regolith_wheel_slip]: WHEEL SLIP #3 cleared - over the last 5.0 s the wheels claimed 0.16 rad of turning and the gyro corroborated 10% of it. Phantom distance kept out of the EKF so far: 3.03 m.
[wheel_slip_node.py-4] [WARN] [1788131745.775268969] [regolith_wheel_slip]: WHEEL SLIP #4: over the last 15.0 s the wheels claim 2.32 m and 3.16 rad of turning; the gyro saw 0.06 rad (2% of it) and the attitude spanned 2.16 deg. Feeding the EKF a zero-velocity update instead of the wheels' claim.
[wheel_slip_node.py-4] [WARN] [1788131751.808020605] [regolith_wheel_slip]: WHEEL SLIP #4 cleared - over the last 5.0 s the wheels claimed 0.00 rad of turning and the gyro corroborated nan% of it. Phantom distance kept out of the EKF so far: 3.43 m.
[wheel_slip_node.py-4] [WARN] [1788131751.890710281] [regolith_wheel_slip]: WHEEL SLIP #5: over the last 15.0 s the wheels claim 2.43 m and 2.55 rad of turning; the gyro saw 0.04 rad (1% of it) and the attitude spanned 2.16 deg. Feeding the EKF a zero-velocity update instead of the wheels' claim.
[wheel_slip_node.py-4] [WARN] [1788131760.525687382] [regolith_wheel_slip]: WHEEL SLIP #5 cleared - over the last 5.0 s the wheels claimed 0.00 rad of turning and the gyro corroborated nan% of it. Phantom distance kept out of the EKF so far: 3.83 m.
[wheel_slip_node.py-4] [WARN] [1788131760.612520456] [regolith_wheel_slip]: WHEEL SLIP #6: over the last 15.0 s the wheels claim 2.55 m and 1.94 rad of turning; the gyro saw 0.03 rad (2% of it) and the attitude spanned 1.82 deg. Feeding the EKF a zero-velocity update instead of the wheels' claim.
[wheel_slip_node.py-4] [WARN] [1788131769.335568091] [regolith_wheel_slip]: WHEEL SLIP #6 cleared - over the last 5.0 s the wheels claimed 0.15 rad of turning and the gyro corroborated 69% of it. Phantom distance kept out of the EKF so far: 4.12 m.
[wheel_slip_node.py-4] [WARN] [1788131769.423851230] [regolith_wheel_slip]: WHEEL SLIP #7: over the last 15.0 s the wheels claim 2.57 m and 1.49 rad of turning; the gyro saw 0.13 rad (9% of it) and the attitude spanned 7.54 deg. Feeding the EKF a zero-velocity update instead of the wheels' claim.
[wheel_slip_node.py-4] [WARN] [1788131778.077050968] [regolith_wheel_slip]: WHEEL SLIP #7 cleared - over the last 5.0 s the wheels claimed 0.76 rad of turning and the gyro corroborated 86% of it. Phantom distance kept out of the EKF so far: 4.12 m.
[pure_pursuit_node-9] [INFO] [1788131785.213731459] [regolith_pure_pursuit]: Recovery finished - resuming path following
[flip_recovery_node.py-10] [WARN] [1788131785.275107879] [regolith_flip_recovery]: STUCK RECOVERY #4 (escalation level 2, triggered by wheel slip (onboard); 2 ground-truth / 2 onboard triggers so far). Escape maneuver: reversed 0.20 m/s for 10.0s, then turned left at 0.50 rad/s for 5.0s (sim time, exact - driven by the sim clock directly, not an RTF-estimated wall-clock sleep; RTF over this window measured 0.23x real time, logged for comparison only). A real rover's FDIR could do the same - this is not a simulated teleport.
[planner_node-8] [WARN] [1788131785.276869351] [regolith_planner]: Current-position cell (117, 87) is lethal (drift, or a keep-out zone this rover marked itself) - planning from the nearest free cell (115, 86) instead
[planner_node-8] [INFO] [1788131785.292346824] [regolith_planner]: Planned path: 31 waypoints, start=(115, 86) goal=(86, 60)
[flip_recovery_node.py-10] [WARN] [1788131790.473762975] [regolith_flip_recovery]: STUCK RECOVERY #4 result: ground truth moved 1.94 m during the maneuver - FREED (4/4 escapes have freed the rover so far)
[pure_pursuit_node-9] [INFO] [1788131883.421626599] [regolith_pure_pursuit]: Recovery node has taken over /cmd_vel - pausing path following
[costmap_node-7] [WARN] [1788131883.427905490] [regolith_costmap]: Hazard #5 marked at (-33.02, -9.68): 13 cells lethal (1.2 m + 0.3 m rover radius). The rover got wedged here; the planner will route around it from now on.
[pure_pursuit_node-9] [INFO] [1788131949.545838839] [regolith_pure_pursuit]: Recovery finished - resuming path following
[flip_recovery_node.py-10] [WARN] [1788131949.607214735] [regolith_flip_recovery]: STUCK RECOVERY #5 (escalation level 3, triggered by ground truth; 3 ground-truth / 2 onboard triggers so far). Escape maneuver: reversed 0.20 m/s for 10.0s, then turned right at 0.50 rad/s for 6.5s (sim time, exact - driven by the sim clock directly, not an RTF-estimated wall-clock sleep; RTF over this window measured 0.23x real time, logged for comparison only). A real rover's FDIR could do the same - this is not a simulated teleport.
[planner_node-8] [WARN] [1788131949.609246189] [regolith_planner]: Current-position cell (118, 88) is lethal (drift, or a keep-out zone this rover marked itself) - planning from the nearest free cell (119, 88) instead
[planner_node-8] [INFO] [1788131949.629979958] [regolith_planner]: Planned path: 36 waypoints, start=(119, 88) goal=(86, 60)
[flip_recovery_node.py-10] [WARN] [1788131954.336107390] [regolith_flip_recovery]: STUCK RECOVERY #5 result: ground truth moved 1.94 m during the maneuver - FREED (5/5 escapes have freed the rover so far)
[wheel_slip_node.py-4] [WARN] [1788132213.204994361] [regolith_wheel_slip]: WHEEL SLIP #8: over the last 15.0 s the wheels claim 1.78 m and 3.68 rad of turning; the gyro saw 0.53 rad (14% of it) and the attitude spanned 16.37 deg. Feeding the EKF a zero-velocity update instead of the wheels' claim.
[pure_pursuit_node-9] [INFO] [1788132233.129633721] [regolith_pure_pursuit]: Recovery node has taken over /cmd_vel - pausing path following
[costmap_node-7] [WARN] [1788132233.137063595] [regolith_costmap]: Hazard #6 marked at (-37.19, -10.66): 13 cells lethal (1.2 m + 0.3 m rover radius). The rover got wedged here; the planner will route around it from now on.
[wheel_slip_node.py-4] [WARN] [1788132253.118667151] [regolith_wheel_slip]: WHEEL SLIP #8 cleared - over the last 5.0 s the wheels claimed 0.17 rad of turning and the gyro corroborated 8% of it. Phantom distance kept out of the EKF so far: 5.55 m.
[wheel_slip_node.py-4] [WARN] [1788132253.203411298] [regolith_wheel_slip]: WHEEL SLIP #9: over the last 15.0 s the wheels claim 2.08 m and 3.16 rad of turning; the gyro saw 0.16 rad (5% of it) and the attitude spanned 6.94 deg. Feeding the EKF a zero-velocity update instead of the wheels' claim.
[wheel_slip_node.py-4] [WARN] [1788132259.097809418] [regolith_wheel_slip]: WHEEL SLIP #9 cleared - over the last 5.0 s the wheels claimed 0.00 rad of turning and the gyro corroborated nan% of it. Phantom distance kept out of the EKF so far: 5.95 m.
[wheel_slip_node.py-4] [WARN] [1788132259.183655841] [regolith_wheel_slip]: WHEEL SLIP #10: over the last 15.0 s the wheels claim 2.21 m and 2.55 rad of turning; the gyro saw 0.16 rad (6% of it) and the attitude spanned 11.59 deg. Feeding the EKF a zero-velocity update instead of the wheels' claim.
[wheel_slip_node.py-4] [WARN] [1788132267.770701267] [regolith_wheel_slip]: WHEEL SLIP #10 cleared - over the last 5.0 s the wheels claimed 0.00 rad of turning and the gyro corroborated nan% of it. Phantom distance kept out of the EKF so far: 6.35 m.
[wheel_slip_node.py-4] [WARN] [1788132267.859218341] [regolith_wheel_slip]: WHEEL SLIP #11: over the last 15.0 s the wheels claim 2.36 m and 1.95 rad of turning; the gyro saw 0.08 rad (4% of it) and the attitude spanned 11.59 deg. Feeding the EKF a zero-velocity update instead of the wheels' claim.
[wheel_slip_node.py-4] [WARN] [1788132276.625154837] [regolith_wheel_slip]: WHEEL SLIP #11 cleared - over the last 5.0 s the wheels claimed 0.14 rad of turning and the gyro corroborated 80% of it. Phantom distance kept out of the EKF so far: 6.64 m.
[wheel_slip_node.py-4] [WARN] [1788132276.717688193] [regolith_wheel_slip]: WHEEL SLIP #12: over the last 15.0 s the wheels claim 2.44 m and 1.49 rad of turning; the gyro saw 0.17 rad (11% of it) and the attitude spanned 11.59 deg. Feeding the EKF a zero-velocity update instead of the wheels' claim.
[wheel_slip_node.py-4] [WARN] [1788132282.725340022] [regolith_wheel_slip]: WHEEL SLIP #12 cleared - over the last 5.0 s the wheels claimed 0.75 rad of turning and the gyro corroborated 94% of it. Phantom distance kept out of the EKF so far: 6.64 m.
[pure_pursuit_node-9] [INFO] [1788132305.640833146] [regolith_pure_pursuit]: Recovery finished - resuming path following
[flip_recovery_node.py-10] [WARN] [1788132305.701873610] [regolith_flip_recovery]: STUCK RECOVERY #6 (escalation level 4, triggered by wheel slip (onboard); 3 ground-truth / 3 onboard triggers so far). Escape maneuver: reversed 0.20 m/s for 10.0s, then turned left at 0.50 rad/s for 8.0s (sim time, exact - driven by the sim clock directly, not an RTF-estimated wall-clock sleep; RTF over this window measured 0.23x real time, logged for comparison only). A real rover's FDIR could do the same - this is not a simulated teleport.
[planner_node-8] [WARN] [1788132305.703297507] [regolith_planner]: Current-position cell (114, 81) is lethal (drift, or a keep-out zone this rover marked itself) - planning from the nearest free cell (113, 82) instead
[planner_node-8] [INFO] [1788132305.715980044] [regolith_planner]: Planned path: 28 waypoints, start=(113, 82) goal=(86, 60)
[flip_recovery_node.py-10] [WARN] [1788132310.893633068] [regolith_flip_recovery]: STUCK RECOVERY #6 result: ground truth moved 1.94 m during the maneuver - FREED (6/6 escapes have freed the rover so far)
[pure_pursuit_node-9] [INFO] [1788132363.429432122] [regolith_pure_pursuit]: Recovery node has taken over /cmd_vel - pausing path following
[costmap_node-7] [WARN] [1788132363.438037689] [regolith_costmap]: Hazard #7 marked at (-36.71, -11.92): 13 cells lethal (1.2 m + 0.3 m rover radius). The rover got wedged here; the planner will route around it from now on.
[pure_pursuit_node-9] [INFO] [1788132433.381154440] [regolith_pure_pursuit]: Recovery finished - resuming path following
[flip_recovery_node.py-10] [WARN] [1788132433.442252893] [regolith_flip_recovery]: STUCK RECOVERY #7 (escalation level 5, triggered by ground truth; 4 ground-truth / 3 onboard triggers so far). Escape maneuver: reversed 0.20 m/s for 10.0s, then turned right at 0.50 rad/s for 8.0s (sim time, exact - driven by the sim clock directly, not an RTF-estimated wall-clock sleep; RTF over this window measured 0.23x real time, logged for comparison only). A real rover's FDIR could do the same - this is not a simulated teleport.
[planner_node-8] [INFO] [1788132433.458847893] [regolith_planner]: Planned path: 33 waypoints, start=(116, 81) goal=(86, 60)
[flip_recovery_node.py-10] [WARN] [1788132438.642696276] [regolith_flip_recovery]: STUCK RECOVERY #7 result: ground truth moved 2.12 m during the maneuver - FREED (7/7 escapes have freed the rover so far)
[wheel_slip_node.py-4] [WARN] [1788132679.175630063] [regolith_wheel_slip]: WHEEL SLIP #13: over the last 15.0 s the wheels claim 1.67 m and 3.20 rad of turning; the gyro saw 0.46 rad (14% of it) and the attitude spanned 19.05 deg. Feeding the EKF a zero-velocity update instead of the wheels' claim.
[pure_pursuit_node-9] [INFO] [1788132692.380734613] [regolith_pure_pursuit]: Recovery node has taken over /cmd_vel - pausing path following
[costmap_node-7] [WARN] [1788132692.388001506] [regolith_costmap]: Hazard #8 marked at (-42.66, -13.10): 13 cells lethal (1.2 m + 0.3 m rover radius). The rover got wedged here; the planner will route around it from now on.
[wheel_slip_node.py-4] [WARN] [1788132709.659826599] [regolith_wheel_slip]: WHEEL SLIP #13 cleared - over the last 5.0 s the wheels claimed 0.16 rad of turning and the gyro corroborated 16% of it. Phantom distance kept out of the EKF so far: 7.79 m.
[wheel_slip_node.py-4] [WARN] [1788132709.742940667] [regolith_wheel_slip]: WHEEL SLIP #14: over the last 15.0 s the wheels claim 1.82 m and 3.16 rad of turning; the gyro saw 0.07 rad (2% of it) and the attitude spanned 14.28 deg. Feeding the EKF a zero-velocity update instead of the wheels' claim.
[wheel_slip_node.py-4] [WARN] [1788132718.408559424] [regolith_wheel_slip]: WHEEL SLIP #14 cleared - over the last 5.0 s the wheels claimed 0.00 rad of turning and the gyro corroborated nan% of it. Phantom distance kept out of the EKF so far: 8.19 m.
[wheel_slip_node.py-4] [WARN] [1788132718.494849988] [regolith_wheel_slip]: WHEEL SLIP #15: over the last 15.0 s the wheels claim 2.03 m and 2.55 rad of turning; the gyro saw 0.05 rad (2% of it) and the attitude spanned 14.28 deg. Feeding the EKF a zero-velocity update instead of the wheels' claim.
[wheel_slip_node.py-4] [WARN] [1788132727.157786516] [regolith_wheel_slip]: WHEEL SLIP #15 cleared - over the last 5.0 s the wheels claimed 0.00 rad of turning and the gyro corroborated nan% of it. Phantom distance kept out of the EKF so far: 8.59 m.
[wheel_slip_node.py-4] [WARN] [1788132727.244397120] [regolith_wheel_slip]: WHEEL SLIP #16: over the last 15.0 s the wheels claim 2.24 m and 1.94 rad of turning; the gyro saw 0.04 rad (2% of it) and the attitude spanned 14.28 deg. Feeding the EKF a zero-velocity update instead of the wheels' claim.
[wheel_slip_node.py-4] [WARN] [1788132733.285101967] [regolith_wheel_slip]: WHEEL SLIP #16 cleared - over the last 5.0 s the wheels claimed 0.15 rad of turning and the gyro corroborated 63% of it. Phantom distance kept out of the EKF so far: 8.88 m.
[wheel_slip_node.py-4] [WARN] [1788132733.373863209] [regolith_wheel_slip]: WHEEL SLIP #17: over the last 15.0 s the wheels claim 2.36 m and 1.49 rad of turning; the gyro saw 0.14 rad (9% of it) and the attitude spanned 14.28 deg. Feeding the EKF a zero-velocity update instead of the wheels' claim.
[wheel_slip_node.py-4] [WARN] [1788132742.057058869] [regolith_wheel_slip]: WHEEL SLIP #17 cleared - over the last 5.0 s the wheels claimed 0.76 rad of turning and the gyro corroborated 75% of it. Phantom distance kept out of the EKF so far: 8.88 m.
[pure_pursuit_node-9] [INFO] [1788132762.359209378] [regolith_pure_pursuit]: Recovery finished - resuming path following
[flip_recovery_node.py-10] [WARN] [1788132762.420721656] [regolith_flip_recovery]: STUCK RECOVERY #8 (escalation level 6, triggered by ground truth; 5 ground-truth / 3 onboard triggers so far). Escape maneuver: reversed 0.20 m/s for 10.0s, then turned left at 0.50 rad/s for 8.0s (sim time, exact - driven by the sim clock directly, not an RTF-estimated wall-clock sleep; RTF over this window measured 0.23x real time, logged for comparison only). A real rover's FDIR could do the same - this is not a simulated teleport.
[planner_node-8] [WARN] [1788132762.422456442] [regolith_planner]: Current-position cell (111, 74) is lethal (drift, or a keep-out zone this rover marked itself) - planning from the nearest free cell (110, 75) instead
[planner_node-8] [INFO] [1788132762.429835727] [regolith_planner]: Planned path: 25 waypoints, start=(110, 75) goal=(86, 60)
[flip_recovery_node.py-10] [WARN] [1788132767.703684225] [regolith_flip_recovery]: STUCK RECOVERY #8 result: ground truth moved 1.96 m during the maneuver - FREED (8/8 escapes have freed the rover so far)
[pure_pursuit_node-9] [INFO] [1788132820.552540619] [regolith_pure_pursuit]: Recovery node has taken over /cmd_vel - pausing path following
[costmap_node-7] [WARN] [1788132820.560405580] [regolith_costmap]: Hazard #9 marked at (-42.08, -14.40): 13 cells lethal (1.2 m + 0.3 m rover radius). The rover got wedged here; the planner will route around it from now on.
[pure_pursuit_node-9] [INFO] [1788132893.651461014] [regolith_pure_pursuit]: Recovery finished - resuming path following
[flip_recovery_node.py-10] [WARN] [1788132893.712519510] [regolith_flip_recovery]: STUCK RECOVERY #9 (escalation level 7, triggered by ground truth; 6 ground-truth / 3 onboard triggers so far). Escape maneuver: reversed 0.20 m/s for 10.0s, then turned right at 0.50 rad/s for 8.0s (sim time, exact - driven by the sim clock directly, not an RTF-estimated wall-clock sleep; RTF over this window measured 0.23x real time, logged for comparison only). A real rover's FDIR could do the same - this is not a simulated teleport.
[planner_node-8] [INFO] [1788132893.724861805] [regolith_planner]: Planned path: 28 waypoints, start=(113, 74) goal=(86, 60)
[flip_recovery_node.py-10] [WARN] [1788132898.961725339] [regolith_flip_recovery]: STUCK RECOVERY #9 result: ground truth moved 2.10 m during the maneuver - FREED (9/9 escapes have freed the rover so far)
[pure_pursuit_node-9] [WARN] [1788132926.730109976] [regolith_pure_pursuit]: Stalled for 8s - stopping and replanning
[planner_node-8] [INFO] [1788132926.744190378] [regolith_planner]: Planned path: 28 waypoints, start=(113, 74) goal=(86, 60)
[pure_pursuit_node-9] [INFO] [1788132933.879854328] [regolith_pure_pursuit]: Recovery node has taken over /cmd_vel - pausing path following
[costmap_node-7] [WARN] [1788132933.886835685] [regolith_costmap]: Hazard #10 marked at (-41.70, -12.41): 13 cells lethal (1.2 m + 0.3 m rover radius). The rover got wedged here; the planner will route around it from now on.
[pure_pursuit_node-9] [INFO] [1788132933.887250484] [regolith_pure_pursuit]: Costmap changed (a new keep-out zone) - restoring the replan budget: the route being retried is not the one that already failed
[pure_pursuit_node-9] [INFO] [1788133003.875258103] [regolith_pure_pursuit]: Recovery finished - resuming path following
[flip_recovery_node.py-10] [WARN] [1788133003.936920144] [regolith_flip_recovery]: STUCK RECOVERY #10 (escalation level 8, triggered by ground truth; 7 ground-truth / 3 onboard triggers so far). Escape maneuver: reversed 0.20 m/s for 10.0s, then turned left at 0.50 rad/s for 8.0s (sim time, exact - driven by the sim clock directly, not an RTF-estimated wall-clock sleep; RTF over this window measured 0.23x real time, logged for comparison only). A real rover's FDIR could do the same - this is not a simulated teleport.
[planner_node-8] [INFO] [1788133003.952155186] [regolith_planner]: Planned path: 31 waypoints, start=(115, 73) goal=(86, 60)
[flip_recovery_node.py-10] [WARN] [1788133009.085115235] [regolith_flip_recovery]: STUCK RECOVERY #10 result: ground truth moved 2.06 m during the maneuver - FREED (10/10 escapes have freed the rover so far)
[pure_pursuit_node-9] [INFO] [1788133206.172532139] [regolith_pure_pursuit]: Recovery node has taken over /cmd_vel - pausing path following
[costmap_node-7] [WARN] [1788133206.181053988] [regolith_costmap]: Hazard #11 marked at (-40.01, -15.08): 13 cells lethal (1.2 m + 0.3 m rover radius). The rover got wedged here; the planner will route around it from now on.
[wheel_slip_node.py-4] [WARN] [1788133235.267637175] [regolith_wheel_slip]: WHEEL SLIP #18: over the last 15.0 s the wheels claim 2.25 m and 1.16 rad of turning; the gyro saw 0.17 rad (14% of it) and the attitude spanned 5.71 deg. Feeding the EKF a zero-velocity update instead of the wheels' claim.
[wheel_slip_node.py-4] [WARN] [1788133244.073003662] [regolith_wheel_slip]: WHEEL SLIP #18 cleared - over the last 5.0 s the wheels claimed 0.00 rad of turning and the gyro corroborated nan% of it. Phantom distance kept out of the EKF so far: 9.28 m.
[wheel_slip_node.py-4] [WARN] [1788133244.156513724] [regolith_wheel_slip]: WHEEL SLIP #19: over the last 15.0 s the wheels claim 2.38 m and 1.05 rad of turning; the gyro saw 0.10 rad (9% of it) and the attitude spanned 2.39 deg. Feeding the EKF a zero-velocity update instead of the wheels' claim.
[wheel_slip_node.py-4] [WARN] [1788133252.950093278] [regolith_wheel_slip]: WHEEL SLIP #19 cleared - over the last 5.0 s the wheels claimed 0.32 rad of turning and the gyro corroborated 64% of it. Phantom distance kept out of the EKF so far: 9.47 m.
[pure_pursuit_node-9] [INFO] [1788133279.705482692] [regolith_pure_pursuit]: Recovery finished - resuming path following
[flip_recovery_node.py-10] [WARN] [1788133279.766911001] [regolith_flip_recovery]: STUCK RECOVERY #11 (escalation level 9, triggered by ground truth; 8 ground-truth / 3 onboard triggers so far). Escape maneuver: reversed 0.20 m/s for 10.0s, then turned right at 0.50 rad/s for 8.0s (sim time, exact - driven by the sim clock directly, not an RTF-estimated wall-clock sleep; RTF over this window measured 0.23x real time, logged for comparison only). A real rover's FDIR could do the same - this is not a simulated teleport.
[planner_node-8] [INFO] [1788133279.777512796] [regolith_planner]: Planned path: 26 waypoints, start=(111, 77) goal=(86, 60)
[flip_recovery_node.py-10] [WARN] [1788133285.027277074] [regolith_flip_recovery]: STUCK RECOVERY #11 result: ground truth moved 2.10 m during the maneuver - FREED (11/11 escapes have freed the rover so far)
[pure_pursuit_node-9] [WARN] [1788133312.812921630] [regolith_pure_pursuit]: Stalled for 8s - stopping and replanning
[planner_node-8] [INFO] [1788133312.824295246] [regolith_planner]: Planned path: 26 waypoints, start=(111, 77) goal=(86, 60)
[pure_pursuit_node-9] [INFO] [1788133318.132302535] [regolith_pure_pursuit]: Recovery node has taken over /cmd_vel - pausing path following
[costmap_node-7] [WARN] [1788133318.140085427] [regolith_costmap]: Hazard #12 marked at (-39.67, -13.70): 13 cells lethal (1.2 m + 0.3 m rover radius). The rover got wedged here; the planner will route around it from now on.
[pure_pursuit_node-9] [INFO] [1788133318.140474028] [regolith_pure_pursuit]: Costmap changed (a new keep-out zone) - restoring the replan budget: the route being retried is not the one that already failed
[pure_pursuit_node-9] [INFO] [1788133387.929133914] [regolith_pure_pursuit]: Recovery finished - resuming path following
[flip_recovery_node.py-10] [WARN] [1788133387.990251446] [regolith_flip_recovery]: STUCK RECOVERY #12 (escalation level 10, triggered by ground truth; 9 ground-truth / 3 onboard triggers so far). Escape maneuver: reversed 0.20 m/s for 10.0s, then turned left at 0.50 rad/s for 8.0s (sim time, exact - driven by the sim clock directly, not an RTF-estimated wall-clock sleep; RTF over this window measured 0.23x real time, logged for comparison only). A real rover's FDIR could do the same - this is not a simulated teleport.
[planner_node-8] [INFO] [1788133388.004298388] [regolith_planner]: Planned path: 29 waypoints, start=(114, 76) goal=(86, 60)
[flip_recovery_node.py-10] [WARN] [1788133393.186393792] [regolith_flip_recovery]: STUCK RECOVERY #12 result: ground truth moved 2.09 m during the maneuver - FREED (12/12 escapes have freed the rover so far)
[pure_pursuit_node-9] [INFO] [1788133637.767362209] [regolith_pure_pursuit]: Recovery node has taken over /cmd_vel - pausing path following
[costmap_node-7] [WARN] [1788133637.775096030] [regolith_costmap]: Hazard #13 marked at (-39.25, -16.66): 13 cells lethal (1.2 m + 0.3 m rover radius). The rover got wedged here; the planner will route around it from now on.
[pure_pursuit_node-9] [INFO] [1788133708.211823940] [regolith_pure_pursuit]: Recovery finished - resuming path following
[flip_recovery_node.py-10] [WARN] [1788133708.273061366] [regolith_flip_recovery]: STUCK RECOVERY #13 (escalation level 11, triggered by ground truth; 10 ground-truth / 3 onboard triggers so far). Escape maneuver: reversed 0.20 m/s for 10.0s, then turned right at 0.50 rad/s for 8.0s (sim time, exact - driven by the sim clock directly, not an RTF-estimated wall-clock sleep; RTF over this window measured 0.23x real time, logged for comparison only). A real rover's FDIR could do the same - this is not a simulated teleport.
[planner_node-8] [INFO] [1788133708.282006394] [regolith_planner]: Planned path: 24 waypoints, start=(109, 79) goal=(86, 60)
[flip_recovery_node.py-10] [WARN] [1788133713.491088477] [regolith_flip_recovery]: STUCK RECOVERY #13 result: ground truth moved 2.01 m during the maneuver - FREED (13/13 escapes have freed the rover so far)
[pure_pursuit_node-9] [WARN] [1788133741.163226496] [regolith_pure_pursuit]: Stalled for 8s - stopping and replanning
[planner_node-8] [INFO] [1788133741.171133282] [regolith_planner]: Planned path: 24 waypoints, start=(109, 79) goal=(86, 60)
[pure_pursuit_node-9] [INFO] [1788133839.971164097] [regolith_pure_pursuit]: Recovery node has taken over /cmd_vel - pausing path following
[costmap_node-7] [WARN] [1788133839.977579286] [regolith_costmap]: Hazard #14 marked at (-37.73, -17.25): 13 cells lethal (1.2 m + 0.3 m rover radius). The rover got wedged here; the planner will route around it from now on.
[pure_pursuit_node-9] [INFO] [1788133839.977942525] [regolith_pure_pursuit]: Costmap changed (a new keep-out zone) - restoring the replan budget: the route being retried is not the one that already failed
[pure_pursuit_node-9] [INFO] [1788133912.900564765] [regolith_pure_pursuit]: Recovery finished - resuming path following
[flip_recovery_node.py-10] [WARN] [1788133912.961225998] [regolith_flip_recovery]: STUCK RECOVERY #14 (escalation level 12, triggered by ground truth; 11 ground-truth / 3 onboard triggers so far). Escape maneuver: reversed 0.20 m/s for 10.0s, then turned left at 0.50 rad/s for 8.0s (sim time, exact - driven by the sim clock directly, not an RTF-estimated wall-clock sleep; RTF over this window measured 0.23x real time, logged for comparison only). A real rover's FDIR could do the same - this is not a simulated teleport.
[planner_node-8] [INFO] [1788133912.973032768] [regolith_planner]: Planned path: 27 waypoints, start=(109, 79) goal=(86, 60)
[flip_recovery_node.py-10] [WARN] [1788133915.580480996] [regolith_flip_recovery]: STUCK RECOVERY #14 result: ground truth moved 2.00 m during the maneuver - FREED (14/14 escapes have freed the rover so far)
[pure_pursuit_node-9] [INFO] [1788134042.848695664] [regolith_pure_pursuit]: Recovery node has taken over /cmd_vel - pausing path following
[costmap_node-7] [WARN] [1788134042.855281734] [regolith_costmap]: Hazard #15 marked at (-36.63, -18.27): 13 cells lethal (1.2 m + 0.3 m rover radius). The rover got wedged here; the planner will route around it from now on.
[wheel_slip_node.py-4] [WARN] [1788134062.704531872] [regolith_wheel_slip]: WHEEL SLIP #20: over the last 15.0 s the wheels claim 1.93 m and 1.60 rad of turning; the gyro saw 0.23 rad (14% of it) and the attitude spanned 15.08 deg. Feeding the EKF a zero-velocity update instead of the wheels' claim.
[wheel_slip_node.py-4] [WARN] [1788134071.282374852] [regolith_wheel_slip]: WHEEL SLIP #20 cleared - over the last 5.0 s the wheels claimed 0.00 rad of turning and the gyro corroborated nan% of it. Phantom distance kept out of the EKF so far: 9.87 m.
[wheel_slip_node.py-4] [WARN] [1788134071.366874608] [regolith_wheel_slip]: WHEEL SLIP #21: over the last 15.0 s the wheels claim 2.08 m and 1.52 rad of turning; the gyro saw 0.16 rad (11% of it) and the attitude spanned 14.91 deg. Feeding the EKF a zero-velocity update instead of the wheels' claim.
[wheel_slip_node.py-4] [WARN] [1788134080.114688095] [regolith_wheel_slip]: WHEEL SLIP #21 cleared - over the last 5.0 s the wheels claimed 0.00 rad of turning and the gyro corroborated nan% of it. Phantom distance kept out of the EKF so far: 10.27 m.
[wheel_slip_node.py-4] [WARN] [1788134080.203004195] [regolith_wheel_slip]: WHEEL SLIP #22: over the last 15.0 s the wheels claim 2.25 m and 1.34 rad of turning; the gyro saw 0.07 rad (5% of it) and the attitude spanned 14.91 deg. Feeding the EKF a zero-velocity update instead of the wheels' claim.
[wheel_slip_node.py-4] [WARN] [1788134088.958393847] [regolith_wheel_slip]: WHEEL SLIP #22 cleared - over the last 5.0 s the wheels claimed 0.31 rad of turning and the gyro corroborated 73% of it. Phantom distance kept out of the EKF so far: 10.46 m.
[pure_pursuit_node-9] [INFO] [1788134115.853745256] [regolith_pure_pursuit]: Recovery finished - resuming path following
[flip_recovery_node.py-10] [WARN] [1788134115.915135411] [regolith_flip_recovery]: STUCK RECOVERY #15 (escalation level 13, triggered by ground truth; 12 ground-truth / 3 onboard triggers so far). Escape maneuver: reversed 0.20 m/s for 10.0s, then turned right at 0.50 rad/s for 8.0s (sim time, exact - driven by the sim clock directly, not an RTF-estimated wall-clock sleep; RTF over this window measured 0.23x real time, logged for comparison only). A real rover's FDIR could do the same - this is not a simulated teleport.
[planner_node-8] [WARN] [1788134115.916379224] [regolith_planner]: Current-position cell (106, 81) is lethal (drift, or a keep-out zone this rover marked itself) - planning from the nearest free cell (106, 82) instead
[planner_node-8] [INFO] [1788134115.922502382] [regolith_planner]: Planned path: 27 waypoints, start=(106, 82) goal=(86, 60)
[flip_recovery_node.py-10] [WARN] [1788134121.134610352] [regolith_flip_recovery]: STUCK RECOVERY #15 result: ground truth moved 2.06 m during the maneuver - FREED (15/15 escapes have freed the rover so far)
[pure_pursuit_node-9] [WARN] [1788134148.993639252] [regolith_pure_pursuit]: Stalled for 8s - stopping and replanning
[planner_node-8] [WARN] [1788134148.994867675] [regolith_planner]: Current-position cell (106, 81) is lethal (drift, or a keep-out zone this rover marked itself) - planning from the nearest free cell (106, 82) instead
[planner_node-8] [INFO] [1788134149.002010864] [regolith_planner]: Planned path: 27 waypoints, start=(106, 82) goal=(86, 60)
[pure_pursuit_node-9] [INFO] [1788134295.654456194] [regolith_pure_pursuit]: Recovery node has taken over /cmd_vel - pausing path following
[costmap_node-7] [WARN] [1788134295.661465987] [regolith_costmap]: Hazard #16 marked at (-35.32, -19.42): 13 cells lethal (1.2 m + 0.3 m rover radius). The rover got wedged here; the planner will route around it from now on.
[pure_pursuit_node-9] [INFO] [1788134295.661860149] [regolith_pure_pursuit]: Costmap changed (a new keep-out zone) - restoring the replan budget: the route being retried is not the one that already failed
[pure_pursuit_node-9] [INFO] [1788134366.275896181] [regolith_pure_pursuit]: Recovery finished - resuming path following
[flip_recovery_node.py-10] [WARN] [1788134366.336484321] [regolith_flip_recovery]: STUCK RECOVERY #16 (escalation level 14, triggered by ground truth; 13 ground-truth / 3 onboard triggers so far). Escape maneuver: reversed 0.20 m/s for 10.0s, then turned left at 0.50 rad/s for 8.0s (sim time, exact - driven by the sim clock directly, not an RTF-estimated wall-clock sleep; RTF over this window measured 0.23x real time, logged for comparison only). A real rover's FDIR could do the same - this is not a simulated teleport.
[planner_node-8] [WARN] [1788134366.338480418] [regolith_planner]: Current-position cell (106, 83) is lethal (drift, or a keep-out zone this rover marked itself) - planning from the nearest free cell (105, 83) instead
[planner_node-8] [INFO] [1788134366.345167779] [regolith_planner]: Planned path: 28 waypoints, start=(105, 83) goal=(86, 60)
[flip_recovery_node.py-10] [WARN] [1788134371.534290067] [regolith_flip_recovery]: STUCK RECOVERY #16 result: ground truth moved 2.00 m during the maneuver - FREED (16/16 escapes have freed the rover so far)
[pure_pursuit_node-9] [INFO] [1788134500.573482683] [regolith_pure_pursuit]: Recovery node has taken over /cmd_vel - pausing path following
[costmap_node-7] [WARN] [1788134500.580596910] [regolith_costmap]: Hazard #17 marked at (-34.41, -20.02): 13 cells lethal (1.2 m + 0.3 m rover radius). The rover got wedged here; the planner will route around it from now on.
[pure_pursuit_node-9] [INFO] [1788134571.275868500] [regolith_pure_pursuit]: Recovery finished - resuming path following
[flip_recovery_node.py-10] [WARN] [1788134571.336817109] [regolith_flip_recovery]: STUCK RECOVERY #17 (escalation level 15, triggered by ground truth; 14 ground-truth / 3 onboard triggers so far). Escape maneuver: reversed 0.20 m/s for 10.0s, then turned right at 0.50 rad/s for 8.0s (sim time, exact - driven by the sim clock directly, not an RTF-estimated wall-clock sleep; RTF over this window measured 0.23x real time, logged for comparison only). A real rover's FDIR could do the same - this is not a simulated teleport.
[planner_node-8] [INFO] [1788134571.344253962] [regolith_planner]: Planned path: 30 waypoints, start=(105, 84) goal=(86, 60)
[flip_recovery_node.py-10] [WARN] [1788134576.587873077] [regolith_flip_recovery]: STUCK RECOVERY #17 result: ground truth moved 2.03 m during the maneuver - FREED (17/17 escapes have freed the rover so far)
[pure_pursuit_node-9] [WARN] [1788134604.335195715] [regolith_pure_pursuit]: Stalled for 8s - stopping and replanning
[planner_node-8] [INFO] [1788134604.343081381] [regolith_planner]: Planned path: 30 waypoints, start=(105, 84) goal=(86, 60)
[pure_pursuit_node-9] [INFO] [1788134705.680496594] [regolith_pure_pursuit]: Recovery node has taken over /cmd_vel - pausing path following
[pure_pursuit_node-9] [INFO] [1788134705.688428271] [regolith_pure_pursuit]: Costmap changed (a new keep-out zone) - restoring the replan budget: the route being retried is not the one that already failed
[costmap_node-7] [WARN] [1788134705.688423662] [regolith_costmap]: Hazard #18 marked at (-33.30, -20.52): 13 cells lethal (1.2 m + 0.3 m rover radius). The rover got wedged here; the planner will route around it from now on.
[pure_pursuit_node-9] [INFO] [1788134775.740140189] [regolith_pure_pursuit]: Recovery finished - resuming path following
[flip_recovery_node.py-10] [WARN] [1788134775.802071779] [regolith_flip_recovery]: STUCK RECOVERY #18 (escalation level 16, triggered by ground truth; 15 ground-truth / 3 onboard triggers so far). Escape maneuver: reversed 0.20 m/s for 10.0s, then turned left at 0.50 rad/s for 8.0s (sim time, exact - driven by the sim clock directly, not an RTF-estimated wall-clock sleep; RTF over this window measured 0.23x real time, logged for comparison only). A real rover's FDIR could do the same - this is not a simulated teleport.
[planner_node-8] [INFO] [1788134775.811148322] [regolith_planner]: Planned path: 33 waypoints, start=(105, 85) goal=(86, 60)
[flip_recovery_node.py-10] [WARN] [1788134780.988927358] [regolith_flip_recovery]: STUCK RECOVERY #18 result: ground truth moved 1.98 m during the maneuver - FREED (18/18 escapes have freed the rover so far)
[wheel_slip_node.py-4] [WARN] [1788135180.001518655] [regolith_wheel_slip]: WHEEL SLIP #23: over the last 15.0 s the wheels claim 1.68 m and 2.45 rad of turning; the gyro saw 0.35 rad (14% of it) and the attitude spanned 16.74 deg. Feeding the EKF a zero-velocity update instead of the wheels' claim.
[pure_pursuit_node-9] [INFO] [1788135199.405131856] [regolith_pure_pursuit]: Recovery node has taken over /cmd_vel - pausing path following
[costmap_node-7] [WARN] [1788135199.412170250] [regolith_costmap]: Hazard #19 marked at (-38.32, -25.13): 13 cells lethal (1.2 m + 0.3 m rover radius). The rover got wedged here; the planner will route around it from now on.
[wheel_slip_node.py-4] [WARN] [1788135215.934862677] [regolith_wheel_slip]: WHEEL SLIP #23 cleared - over the last 5.0 s the wheels claimed 0.59 rad of turning and the gyro corroborated 25% of it. Phantom distance kept out of the EKF so far: 11.46 m.
[wheel_slip_node.py-4] [WARN] [1788135216.014629478] [regolith_wheel_slip]: WHEEL SLIP #24: over the last 15.0 s the wheels claim 1.56 m and 3.59 rad of turning; the gyro saw 0.27 rad (7% of it) and the attitude spanned 8.48 deg. Feeding the EKF a zero-velocity update instead of the wheels' claim.
[pure_pursuit_node-9] [INFO] [1788135218.366156651] [regolith_pure_pursuit]: Recovery finished - resuming path following
[flip_recovery_node.py-10] [WARN] [1788135218.427132794] [regolith_flip_recovery]: STUCK RECOVERY #19 (escalation level 0, triggered by wheel slip (onboard); 15 ground-truth / 4 onboard triggers so far). Escape maneuver: reversed 0.20 m/s for 3.0s, then turned left at 0.50 rad/s for 2.0s (sim time, exact - driven by the sim clock directly, not an RTF-estimated wall-clock sleep; RTF over this window measured 0.23x real time, logged for comparison only). A real rover's FDIR could do the same - this is not a simulated teleport.
[planner_node-8] [WARN] [1788135218.428762090] [regolith_planner]: Current-position cell (96, 79) is lethal (drift, or a keep-out zone this rover marked itself) - planning from the nearest free cell (96, 80) instead
[planner_node-8] [INFO] [1788135218.433700990] [regolith_planner]: Planned path: 21 waypoints, start=(96, 80) goal=(86, 60)
[wheel_slip_node.py-4] [WARN] [1788135222.535156572] [regolith_wheel_slip]: WHEEL SLIP #24 cleared - over the last 5.0 s the wheels claimed 0.70 rad of turning and the gyro corroborated 65% of it. Phantom distance kept out of the EKF so far: 11.46 m.
[flip_recovery_node.py-10] [WARN] [1788135224.074633230] [regolith_flip_recovery]: STUCK RECOVERY #19 result: ground truth moved 0.54 m during the maneuver - FREED (19/19 escapes have freed the rover so far)
[pure_pursuit_node-9] [WARN] [1788135251.581369661] [regolith_pure_pursuit]: Stalled for 8s - stopping and replanning
[planner_node-8] [WARN] [1788135251.582829237] [regolith_planner]: Current-position cell (96, 79) is lethal (drift, or a keep-out zone this rover marked itself) - planning from the nearest free cell (96, 80) instead
[planner_node-8] [INFO] [1788135251.586913953] [regolith_planner]: Planned path: 21 waypoints, start=(96, 80) goal=(86, 60)
[wheel_slip_node.py-4] [WARN] [1788135392.819767616] [regolith_wheel_slip]: WHEEL SLIP #25: over the last 15.0 s the wheels claim 1.23 m and 1.55 rad of turning; the gyro saw 0.22 rad (14% of it) and the attitude spanned 5.15 deg. Feeding the EKF a zero-velocity update instead of the wheels' claim.
[pure_pursuit_node-9] [INFO] [1788135412.689431475] [regolith_pure_pursuit]: Recovery node has taken over /cmd_vel - pausing path following
[costmap_node-7] [WARN] [1788135412.696617069] [regolith_costmap]: Hazard #20 marked at (-40.84, -25.22): 13 cells lethal (1.2 m + 0.3 m rover radius). The rover got wedged here; the planner will route around it from now on.
[pure_pursuit_node-9] [INFO] [1788135412.696751548] [regolith_pure_pursuit]: Costmap changed (a new keep-out zone) - restoring the replan budget: the route being retried is not the one that already failed
[wheel_slip_node.py-4] [WARN] [1788135426.810868067] [regolith_wheel_slip]: WHEEL SLIP #25 cleared - over the last 5.0 s the wheels claimed 0.29 rad of turning and the gyro corroborated 25% of it. Phantom distance kept out of the EKF so far: 12.74 m.
[wheel_slip_node.py-4] [WARN] [1788135426.893131362] [regolith_wheel_slip]: WHEEL SLIP #26: over the last 15.0 s the wheels claim 1.81 m and 2.82 rad of turning; the gyro saw 0.26 rad (9% of it) and the attitude spanned 5.89 deg. Feeding the EKF a zero-velocity update instead of the wheels' claim.
[wheel_slip_node.py-4] [WARN] [1788135435.443383257] [regolith_wheel_slip]: WHEEL SLIP #26 cleared - over the last 5.0 s the wheels claimed 0.00 rad of turning and the gyro corroborated nan% of it. Phantom distance kept out of the EKF so far: 13.14 m.
[wheel_slip_node.py-4] [WARN] [1788135435.530037146] [regolith_wheel_slip]: WHEEL SLIP #27: over the last 15.0 s the wheels claim 2.07 m and 2.46 rad of turning; the gyro saw 0.22 rad (9% of it) and the attitude spanned 5.90 deg. Feeding the EKF a zero-velocity update instead of the wheels' claim.
[wheel_slip_node.py-4] [WARN] [1788135444.318231001] [regolith_wheel_slip]: WHEEL SLIP #27 cleared - over the last 5.0 s the wheels claimed 0.50 rad of turning and the gyro corroborated 101% of it. Phantom distance kept out of the EKF so far: 13.21 m.
[pure_pursuit_node-9] [INFO] [1788135451.477184215] [regolith_pure_pursuit]: Recovery finished - resuming path following
[flip_recovery_node.py-10] [WARN] [1788135451.538404163] [regolith_flip_recovery]: STUCK RECOVERY #20 (escalation level 1, triggered by wheel slip (onboard); 15 ground-truth / 5 onboard triggers so far). Escape maneuver: reversed 0.20 m/s for 6.0s, then turned right at 0.50 rad/s for 3.5s (sim time, exact - driven by the sim clock directly, not an RTF-estimated wall-clock sleep; RTF over this window measured 0.23x real time, logged for comparison only). A real rover's FDIR could do the same - this is not a simulated teleport.
[planner_node-8] [WARN] [1788135451.541218582] [regolith_planner]: Current-position cell (96, 76) is lethal (drift, or a keep-out zone this rover marked itself) - planning from the nearest free cell (97, 76) instead
[planner_node-8] [INFO] [1788135451.544303519] [regolith_planner]: Planned path: 17 waypoints, start=(97, 76) goal=(86, 60)
[flip_recovery_node.py-10] [WARN] [1788135453.754921708] [regolith_flip_recovery]: STUCK RECOVERY #20 result: ground truth moved 1.14 m during the maneuver - FREED (20/20 escapes have freed the rover so far)
[wheel_slip_node.py-4] [WARN] [1788135677.216130419] [regolith_wheel_slip]: WHEEL SLIP #28: over the last 15.0 s the wheels claim 2.30 m and 2.92 rad of turning; the gyro saw 0.42 rad (14% of it) and the attitude spanned 20.68 deg. Feeding the EKF a zero-velocity update instead of the wheels' claim.
[pure_pursuit_node-9] [INFO] [1788135696.423995686] [regolith_pure_pursuit]: Recovery node has taken over /cmd_vel - pausing path following
[costmap_node-7] [WARN] [1788135696.432029908] [regolith_costmap]: Hazard #21 marked at (-45.88, -26.66): 13 cells lethal (1.2 m + 0.3 m rover radius). The rover got wedged here; the planner will route around it from now on.
[wheel_slip_node.py-4] [WARN] [1788135696.685623638] [regolith_wheel_slip]: WHEEL SLIP #28 cleared - over the last 5.0 s the wheels claimed 1.12 rad of turning and the gyro corroborated 25% of it. Phantom distance kept out of the EKF so far: 14.00 m.
[wheel_slip_node.py-4] [WARN] [1788135696.771386864] [regolith_wheel_slip]: WHEEL SLIP #29: over the last 15.0 s the wheels claim 2.22 m and 3.96 rad of turning; the gyro saw 0.47 rad (12% of it) and the attitude spanned 14.75 deg. Feeding the EKF a zero-velocity update instead of the wheels' claim.
[wheel_slip_node.py-4] [WARN] [1788135705.359357657] [regolith_wheel_slip]: WHEEL SLIP #29 cleared - over the last 5.0 s the wheels claimed 0.52 rad of turning and the gyro corroborated 50% of it. Phantom distance kept out of the EKF so far: 14.35 m.
[wheel_slip_node.py-4] [WARN] [1788135705.441429879] [regolith_wheel_slip]: WHEEL SLIP #30: over the last 15.0 s the wheels claim 2.25 m and 3.51 rad of turning; the gyro saw 0.36 rad (10% of it) and the attitude spanned 15.65 deg. Feeding the EKF a zero-velocity update instead of the wheels' claim.
[wheel_slip_node.py-4] [WARN] [1788135714.092862644] [regolith_wheel_slip]: WHEEL SLIP #30 cleared - over the last 5.0 s the wheels claimed 0.06 rad of turning and the gyro corroborated 90% of it. Phantom distance kept out of the EKF so far: 14.75 m.
[wheel_slip_node.py-4] [WARN] [1788135714.181210752] [regolith_wheel_slip]: WHEEL SLIP #31: over the last 15.0 s the wheels claim 2.37 m and 2.90 rad of turning; the gyro saw 0.34 rad (12% of it) and the attitude spanned 15.98 deg. Feeding the EKF a zero-velocity update instead of the wheels' claim.
[wheel_slip_node.py-4] [WARN] [1788135720.103618968] [regolith_wheel_slip]: WHEEL SLIP #31 cleared - over the last 5.0 s the wheels claimed 0.00 rad of turning and the gyro corroborated nan% of it. Phantom distance kept out of the EKF so far: 15.15 m.
[wheel_slip_node.py-4] [WARN] [1788135720.186850823] [regolith_wheel_slip]: WHEEL SLIP #32: over the last 15.0 s the wheels claim 2.51 m and 2.30 rad of turning; the gyro saw 0.33 rad (14% of it) and the attitude spanned 15.99 deg. Feeding the EKF a zero-velocity update instead of the wheels' claim.
[wheel_slip_node.py-4] [WARN] [1788135728.696685887] [regolith_wheel_slip]: WHEEL SLIP #32 cleared - over the last 5.0 s the wheels claimed 0.00 rad of turning and the gyro corroborated nan% of it. Phantom distance kept out of the EKF so far: 15.55 m.
[pure_pursuit_node-9] [INFO] [1788135756.083982822] [regolith_pure_pursuit]: Recovery finished - resuming path following
[flip_recovery_node.py-10] [WARN] [1788135756.145294601] [regolith_flip_recovery]: STUCK RECOVERY #21 (escalation level 2, triggered by wheel slip (onboard); 15 ground-truth / 6 onboard triggers so far). Escape maneuver: reversed 0.20 m/s for 10.0s, then turned left at 0.50 rad/s for 5.0s (sim time, exact - driven by the sim clock directly, not an RTF-estimated wall-clock sleep; RTF over this window measured 0.23x real time, logged for comparison only). A real rover's FDIR could do the same - this is not a simulated teleport.
[planner_node-8] [WARN] [1788135756.146570841] [regolith_planner]: Current-position cell (94, 70) is lethal (drift, or a keep-out zone this rover marked itself) - planning from the nearest free cell (94, 71) instead
[planner_node-8] [INFO] [1788135756.149433052] [regolith_planner]: Planned path: 14 waypoints, start=(94, 71) goal=(86, 60)
[flip_recovery_node.py-10] [WARN] [1788135761.422018629] [regolith_flip_recovery]: STUCK RECOVERY #21 result: ground truth moved 1.87 m during the maneuver - FREED (21/21 escapes have freed the rover so far)
[pure_pursuit_node-9] [INFO] [1788136092.915087542] [regolith_pure_pursuit]: Goal reached (within 0.35 m of the commanded goal)
