[INFO] [launch]: All log files can be found below /home/balazs/.ros/log/2026-08-29-11-22-56-495533-DESKTOP-IE5MOME-3536
[INFO] [launch]: Default logging verbosity is set to INFO
[hello_moon.launch] Using ROS_DOMAIN_ID=93 (isolated DDS domain for this launch - see PROGRESS.md)
[INFO] [ruby $(which gz) sim-1]: process started with pid [3588]
[INFO] [robot_state_publisher-2]: process started with pid [3590]
[INFO] [parameter_bridge-3]: process started with pid [3593]
[INFO] [wheel_slip_node.py-4]: process started with pid [3596]
[INFO] [sensor_covariance_relay.py-5]: process started with pid [3598]
[INFO] [ekf_node-6]: process started with pid [3600]
[INFO] [costmap_node-7]: process started with pid [3602]
[INFO] [planner_node-8]: process started with pid [3604]
[INFO] [pure_pursuit_node-9]: process started with pid [3606]
[INFO] [flip_recovery_node.py-10]: process started with pid [3608]
[INFO] [mission_markers_node.py-11]: process started with pid [3610]
[robot_state_publisher-2] [INFO] [1787998978.075164557] [robot_state_publisher]: got segment base_link
[robot_state_publisher-2] [INFO] [1787998978.075360891] [robot_state_publisher]: got segment camera_link
[robot_state_publisher-2] [INFO] [1787998978.075377342] [robot_state_publisher]: got segment chassis
[robot_state_publisher-2] [INFO] [1787998978.075386379] [robot_state_publisher]: got segment front_left_wheel
[robot_state_publisher-2] [INFO] [1787998978.075394505] [robot_state_publisher]: got segment front_right_wheel
[robot_state_publisher-2] [INFO] [1787998978.075401939] [robot_state_publisher]: got segment imu_link
[robot_state_publisher-2] [INFO] [1787998978.075409543] [robot_state_publisher]: got segment rear_left_wheel
[robot_state_publisher-2] [INFO] [1787998978.075418009] [robot_state_publisher]: got segment rear_right_wheel
[parameter_bridge-3] [INFO] [1787998978.104058574] [ros_gz_bridge]: Creating GZ->ROS Bridge: [/clock (gz.msgs.Clock) -> /clock (rosgraph_msgs/msg/Clock)] (Lazy 0)
[parameter_bridge-3] [INFO] [1787998978.106293946] [ros_gz_bridge]: Creating GZ->ROS Bridge: [/cmd_vel (gz.msgs.Twist) -> /cmd_vel (geometry_msgs/msg/Twist)] (Lazy 0)
[parameter_bridge-3] [INFO] [1787998978.109894539] [ros_gz_bridge]: Creating ROS->GZ Bridge: [/cmd_vel (geometry_msgs/msg/Twist) -> /cmd_vel (gz.msgs.Twist)] (Lazy 0)
[parameter_bridge-3] [INFO] [1787998978.111832669] [ros_gz_bridge]: Creating GZ->ROS Bridge: [/odometry (gz.msgs.Odometry) -> /odometry (nav_msgs/msg/Odometry)] (Lazy 0)
[parameter_bridge-3] [INFO] [1787998978.115641941] [ros_gz_bridge]: Creating ROS->GZ Bridge: [/odometry (nav_msgs/msg/Odometry) -> /odometry (gz.msgs.Odometry)] (Lazy 0)
[parameter_bridge-3] [INFO] [1787998978.117048870] [ros_gz_bridge]: Creating GZ->ROS Bridge: [/camera (gz.msgs.Image) -> /camera (sensor_msgs/msg/Image)] (Lazy 0)
[parameter_bridge-3] [INFO] [1787998978.119622299] [ros_gz_bridge]: Creating ROS->GZ Bridge: [/camera (sensor_msgs/msg/Image) -> /camera (gz.msgs.Image)] (Lazy 0)
[parameter_bridge-3] [INFO] [1787998978.121046892] [ros_gz_bridge]: Creating GZ->ROS Bridge: [/camera_info (gz.msgs.CameraInfo) -> /camera_info (sensor_msgs/msg/CameraInfo)] (Lazy 0)
[parameter_bridge-3] [INFO] [1787998978.122551286] [ros_gz_bridge]: Creating ROS->GZ Bridge: [/camera_info (sensor_msgs/msg/CameraInfo) -> /camera_info (gz.msgs.CameraInfo)] (Lazy 0)
[parameter_bridge-3] [INFO] [1787998978.123931434] [ros_gz_bridge]: Creating GZ->ROS Bridge: [/depth_camera (gz.msgs.Image) -> /depth_camera (sensor_msgs/msg/Image)] (Lazy 0)
[parameter_bridge-3] [INFO] [1787998978.124860904] [ros_gz_bridge]: Creating ROS->GZ Bridge: [/depth_camera (sensor_msgs/msg/Image) -> /depth_camera (gz.msgs.Image)] (Lazy 0)
[parameter_bridge-3] [INFO] [1787998978.125689862] [ros_gz_bridge]: Creating GZ->ROS Bridge: [/imu (gz.msgs.IMU) -> /imu (sensor_msgs/msg/Imu)] (Lazy 0)
[parameter_bridge-3] [INFO] [1787998978.126669447] [ros_gz_bridge]: Creating ROS->GZ Bridge: [/imu (sensor_msgs/msg/Imu) -> /imu (gz.msgs.IMU)] (Lazy 0)
[parameter_bridge-3] [INFO] [1787998978.127649684] [ros_gz_bridge]: Creating GZ->ROS Bridge: [/world/regolith_moon/model/rover/joint_state (gz.msgs.Model) -> /world/regolith_moon/model/rover/joint_state (sensor_msgs/msg/JointState)] (Lazy 0)
[parameter_bridge-3] [INFO] [1787998978.129041345] [ros_gz_bridge]: Creating ROS->GZ Bridge: [/world/regolith_moon/model/rover/joint_state (sensor_msgs/msg/JointState) -> /world/regolith_moon/model/rover/joint_state (gz.msgs.Model)] (Lazy 0)
[parameter_bridge-3] [INFO] [1787998978.130387087] [ros_gz_bridge]: Creating GZ->ROS Bridge: [/model/rover/pose (gz.msgs.Pose) -> /model/rover/pose (geometry_msgs/msg/PoseStamped)] (Lazy 0)
[flip_recovery_node.py-10] [INFO] [1787998978.479129748] [regolith_flip_recovery]: Flip/stuck recovery armed (simulated set_pose backstop for flips, straight-line cmd_vel override for stuck-but-upright)
[wheel_slip_node.py-4] [INFO] [1787998978.507855430] [regolith_wheel_slip]: Wheel-slip ZUPT armed: /odom -> /odom/gated (onboard signals only - wheel odometry and IMU, never ground truth). legacy_rigid_body_signature=False
[mission_markers_node.py-11] [INFO] [1787998978.575271496] [regolith_mission_markers]: Mission markers active - start at (0.0, 0.0), Gazebo flags on, RViz on /mission_markers
[costmap_node-7] [INFO] [1787998978.607475704] [regolith_costmap]: Published costmap: 256x256 cells at 0.781 m/cell
[planner_node-8] [WARN] [1787998982.553500609] [regolith_planner]: No costmap or current pose yet - ignoring goal
[planner_node-8] [INFO] [1787998992.602201290] [regolith_planner]: Planned path: 103 waypoints, start=(128, 128) goal=(52, 73)
[parameter_bridge-3] [INFO] [1787998993.021079301] [ros_gz_bridge]: Passing message from ROS geometry_msgs/msg/Twist to Gazebo gz.msgs.Twist (showing msg only once per type)
[flip_recovery_node.py-10] [INFO] [1787998993.498900936] [regolith_flip_recovery]: [stuck_debug] shadow streak START (gt_speed=0.0004 commanded=0.0690 t=2.20)
[flip_recovery_node.py-10] [INFO] [1787998993.499341065] [regolith_flip_recovery]: [stuck_debug] streak START (gt_speed=0.0004 commanded=0.0690 dt=0.200 t=2.20)
[flip_recovery_node.py-10] [INFO] [1787999005.040267348] [regolith_flip_recovery]: [stuck_debug] shadow streak PASSED the 3.00s bar (started t=2.20, t=5.20)
[flip_recovery_node.py-10] [INFO] [1787999005.040687830] [regolith_flip_recovery]: [stuck_debug] streak FIRED after 3.00s (t=5.20)
[costmap_node-7] [WARN] [1787999005.050120288] [regolith_costmap]: Hazard #1 marked at (0.64, -0.48): 13 cells lethal (1.2 m + 0.3 m rover radius). The rover got wedged here; the planner will route around it from now on.
[pure_pursuit_node-9] [INFO] [1787999005.064766318] [regolith_pure_pursuit]: Recovery node has taken over /cmd_vel - pausing path following
[pure_pursuit_node-9] [INFO] [1787999024.363638715] [regolith_pure_pursuit]: Recovery finished - resuming path following
[flip_recovery_node.py-10] [WARN] [1787999024.423947129] [regolith_flip_recovery]: STUCK RECOVERY #1 (escalation level 0, triggered by ground truth; 1 ground-truth / 0 onboard triggers so far). Escape maneuver: reversed 0.20 m/s for 3.0s, then turned left at 0.50 rad/s for 2.0s (sim time, exact - driven by the sim clock directly, not an RTF-estimated wall-clock sleep; RTF over this window measured 0.26x real time, logged for comparison only). A real rover's FDIR could do the same - this is not a simulated teleport.
[flip_recovery_node.py-10] [INFO] [1787999024.424424650] [regolith_flip_recovery]: [stuck_debug] shadow streak tally at recovery #1: 0 cuts, longest 3.00s (bar 3.00s)
[planner_node-8] [WARN] [1787999024.425804286] [regolith_planner]: Current-position cell (128, 127) is lethal (drift, or a keep-out zone this rover marked itself) - planning from the nearest free cell (128, 126) instead
[planner_node-8] [INFO] [1787999024.499836614] [regolith_planner]: Planned path: 103 waypoints, start=(128, 126) goal=(52, 73)
[flip_recovery_node.py-10] [INFO] [1787999026.069817268] [regolith_flip_recovery]: [stuck_debug] shadow streak DROPPED at 8.40s (tick gap of 5.40s, t=10.60)
[flip_recovery_node.py-10] [INFO] [1787999026.070294719] [regolith_flip_recovery]: [stuck_debug] shadow streak START (gt_speed=0.0014 commanded=0.0690 t=10.60)
[flip_recovery_node.py-10] [WARN] [1787999029.238467444] [regolith_flip_recovery]: STUCK RECOVERY #1 result: ground truth moved 0.61 m during the maneuver - FREED (1/1 escapes have freed the rover so far)
[flip_recovery_node.py-10] [INFO] [1787999037.970700720] [regolith_flip_recovery]: [stuck_debug] shadow streak PASSED the 3.00s bar (started t=10.60, t=13.60)
[flip_recovery_node.py-10] [INFO] [1787999044.057638349] [regolith_flip_recovery]: [stuck_debug] streak START (gt_speed=0.0011 commanded=0.0690 dt=0.200 t=15.20)
[flip_recovery_node.py-10] [INFO] [1787999055.556387162] [regolith_flip_recovery]: [stuck_debug] shadow streak CUT at 7.60s (gt_speed>=min: gt_speed=0.0221 commanded=0.0690 t=18.20; 1 cuts so far, longest 7.60s)
[flip_recovery_node.py-10] [INFO] [1787999055.556805409] [regolith_flip_recovery]: [stuck_debug] streak RESET after 3.00s (gt_speed>=min: gt_speed=0.0221 commanded=0.0690 dt=0.200 t=18.20)
[pure_pursuit_node-9] [WARN] [1787999056.329300355] [regolith_pure_pursuit]: Stalled for 8s - stopping and replanning
[planner_node-8] [WARN] [1787999056.330720328] [regolith_planner]: Current-position cell (128, 127) is lethal (drift, or a keep-out zone this rover marked itself) - planning from the nearest free cell (128, 126) instead
[planner_node-8] [INFO] [1787999056.427654130] [regolith_planner]: Planned path: 103 waypoints, start=(128, 126) goal=(52, 73)
[flip_recovery_node.py-10] [INFO] [1787999935.241814998] [regolith_flip_recovery]: [stuck_debug] slip ASSERTED (t=250.42)
[wheel_slip_node.py-4] [WARN] [1787999935.242015580] [regolith_wheel_slip]: WHEEL SLIP #1: over the last 15.0 s the wheels claim 2.54 m and 2.73 rad of turning; the gyro saw 0.39 rad (14% of it) and the attitude spanned 10.57 deg. Feeding the EKF a zero-velocity update instead of the wheels' claim.
[flip_recovery_node.py-10] [INFO] [1787999954.425095412] [regolith_flip_recovery]: [stuck_debug] slip PREEMPTED the ground-truth path after 5.18s asserted (live streak=none shadow streak=none gt_speed=0.0601 commanded=0.1985 t=255.60)
[pure_pursuit_node-9] [INFO] [1787999954.426295420] [regolith_pure_pursuit]: Recovery node has taken over /cmd_vel - pausing path following
[costmap_node-7] [WARN] [1787999954.434746674] [regolith_costmap]: Hazard #2 marked at (-11.18, -38.49): 13 cells lethal (1.2 m + 0.3 m rover radius). The rover got wedged here; the planner will route around it from now on.
[pure_pursuit_node-9] [INFO] [1787999954.435049185] [regolith_pure_pursuit]: Costmap changed (a new keep-out zone) - restoring the replan budget: the route being retried is not the one that already failed
[flip_recovery_node.py-10] [INFO] [1787999970.105253075] [regolith_flip_recovery]: [stuck_debug] slip CLEARED after nans (trigger bar: 5.00s, t=259.24)
[wheel_slip_node.py-4] [WARN] [1787999970.105836793] [regolith_wheel_slip]: WHEEL SLIP #1 cleared - over the last 5.0 s the wheels claimed 0.59 rad of turning and the gyro corroborated 25% of it. Phantom distance kept out of the EKF so far: 1.25 m.
[flip_recovery_node.py-10] [INFO] [1787999970.206072323] [regolith_flip_recovery]: [stuck_debug] slip ASSERTED (t=259.26)
[wheel_slip_node.py-4] [WARN] [1787999970.206229421] [regolith_wheel_slip]: WHEEL SLIP #2: over the last 15.0 s the wheels claim 2.16 m and 3.55 rad of turning; the gyro saw 0.35 rad (10% of it) and the attitude spanned 6.95 deg. Feeding the EKF a zero-velocity update instead of the wheels' claim.
[pure_pursuit_node-9] [INFO] [1787999975.959805666] [regolith_pure_pursuit]: Recovery finished - resuming path following
[flip_recovery_node.py-10] [WARN] [1787999976.020825534] [regolith_flip_recovery]: STUCK RECOVERY #2 (escalation level 0, triggered by wheel slip (onboard); 1 ground-truth / 1 onboard triggers so far). Escape maneuver: reversed 0.20 m/s for 3.0s, then turned left at 0.50 rad/s for 2.0s (sim time, exact - driven by the sim clock directly, not an RTF-estimated wall-clock sleep; RTF over this window measured 0.23x real time, logged for comparison only). A real rover's FDIR could do the same - this is not a simulated teleport.
[flip_recovery_node.py-10] [INFO] [1787999976.021529306] [regolith_flip_recovery]: [stuck_debug] shadow streak tally at recovery #2: 1 cuts, longest 7.60s (bar 3.00s)
[planner_node-8] [WARN] [1787999976.023085833] [regolith_planner]: Current-position cell (79, 113) is lethal (drift, or a keep-out zone this rover marked itself) - planning from the nearest free cell (80, 112) instead
[planner_node-8] [INFO] [1787999976.046234570] [regolith_planner]: Planned path: 55 waypoints, start=(80, 112) goal=(52, 73)
[flip_recovery_node.py-10] [INFO] [1787999977.803655770] [regolith_flip_recovery]: [stuck_debug] shadow streak START (gt_speed=0.0027 commanded=0.0690 t=261.00)
[flip_recovery_node.py-10] [INFO] [1787999978.970585158] [regolith_flip_recovery]: [stuck_debug] slip CLEARED after 2.00s (trigger bar: 5.00s, t=261.26)
[wheel_slip_node.py-4] [WARN] [1787999978.970720480] [regolith_wheel_slip]: WHEEL SLIP #2 cleared - over the last 5.0 s the wheels claimed 0.65 rad of turning and the gyro corroborated 89% of it. Phantom distance kept out of the EKF so far: 1.25 m.
[flip_recovery_node.py-10] [INFO] [1787999979.587732699] [regolith_flip_recovery]: [stuck_debug] shadow streak CUT at 0.40s (gt_speed>=min: gt_speed=0.0224 commanded=0.0690 t=261.40; 2 cuts so far, longest 7.60s)
[flip_recovery_node.py-10] [WARN] [1787999981.198296058] [regolith_flip_recovery]: STUCK RECOVERY #2 result: ground truth moved 0.53 m during the maneuver - FREED (2/2 escapes have freed the rover so far)
[pure_pursuit_node-9] [INFO] [1788001076.903188374] [regolith_pure_pursuit]: Goal reached (within 0.34 m of the commanded goal)
