[INFO] [launch]: All log files can be found below /home/balazs/.ros/log/2026-08-22-10-07-55-538278-DESKTOP-IE5MOME-86818
[INFO] [launch]: Default logging verbosity is set to INFO
[hello_moon.launch] Using ROS_DOMAIN_ID=41 (isolated DDS domain for this launch - see PROGRESS.md)
[INFO] [ruby $(which gz) sim-1]: process started with pid [86862]
[INFO] [robot_state_publisher-2]: process started with pid [86864]
[INFO] [parameter_bridge-3]: process started with pid [86867]
[INFO] [wheel_slip_node.py-4]: process started with pid [86869]
[INFO] [sensor_covariance_relay.py-5]: process started with pid [86872]
[INFO] [ekf_node-6]: process started with pid [86874]
[INFO] [costmap_node-7]: process started with pid [86876]
[INFO] [planner_node-8]: process started with pid [86878]
[INFO] [pure_pursuit_node-9]: process started with pid [86880]
[INFO] [flip_recovery_node.py-10]: process started with pid [86882]
[INFO] [mission_markers_node.py-11]: process started with pid [86884]
[parameter_bridge-3] [INFO] [1787389677.149252550] [ros_gz_bridge]: Creating GZ->ROS Bridge: [/clock (gz.msgs.Clock) -> /clock (rosgraph_msgs/msg/Clock)] (Lazy 0)
[parameter_bridge-3] [INFO] [1787389677.150791480] [ros_gz_bridge]: Creating GZ->ROS Bridge: [/cmd_vel (gz.msgs.Twist) -> /cmd_vel (geometry_msgs/msg/Twist)] (Lazy 0)
[parameter_bridge-3] [INFO] [1787389677.152915636] [ros_gz_bridge]: Creating ROS->GZ Bridge: [/cmd_vel (geometry_msgs/msg/Twist) -> /cmd_vel (gz.msgs.Twist)] (Lazy 0)
[parameter_bridge-3] [INFO] [1787389677.154079177] [ros_gz_bridge]: Creating GZ->ROS Bridge: [/odometry (gz.msgs.Odometry) -> /odometry (nav_msgs/msg/Odometry)] (Lazy 0)
[robot_state_publisher-2] [INFO] [1787389677.155612453] [robot_state_publisher]: got segment base_link
[robot_state_publisher-2] [INFO] [1787389677.155849690] [robot_state_publisher]: got segment camera_link
[robot_state_publisher-2] [INFO] [1787389677.155874887] [robot_state_publisher]: got segment chassis
[robot_state_publisher-2] [INFO] [1787389677.155883749] [robot_state_publisher]: got segment front_left_wheel
[robot_state_publisher-2] [INFO] [1787389677.155891562] [robot_state_publisher]: got segment front_right_wheel
[robot_state_publisher-2] [INFO] [1787389677.155898666] [robot_state_publisher]: got segment imu_link
[robot_state_publisher-2] [INFO] [1787389677.155905929] [robot_state_publisher]: got segment rear_left_wheel
[robot_state_publisher-2] [INFO] [1787389677.155913351] [robot_state_publisher]: got segment rear_right_wheel
[parameter_bridge-3] [INFO] [1787389677.156249885] [ros_gz_bridge]: Creating ROS->GZ Bridge: [/odometry (nav_msgs/msg/Odometry) -> /odometry (gz.msgs.Odometry)] (Lazy 0)
[parameter_bridge-3] [INFO] [1787389677.157331798] [ros_gz_bridge]: Creating GZ->ROS Bridge: [/camera (gz.msgs.Image) -> /camera (sensor_msgs/msg/Image)] (Lazy 0)
[parameter_bridge-3] [INFO] [1787389677.159564315] [ros_gz_bridge]: Creating ROS->GZ Bridge: [/camera (sensor_msgs/msg/Image) -> /camera (gz.msgs.Image)] (Lazy 0)
[parameter_bridge-3] [INFO] [1787389677.160860195] [ros_gz_bridge]: Creating GZ->ROS Bridge: [/camera_info (gz.msgs.CameraInfo) -> /camera_info (sensor_msgs/msg/CameraInfo)] (Lazy 0)
[parameter_bridge-3] [INFO] [1787389677.162482773] [ros_gz_bridge]: Creating ROS->GZ Bridge: [/camera_info (sensor_msgs/msg/CameraInfo) -> /camera_info (gz.msgs.CameraInfo)] (Lazy 0)
[parameter_bridge-3] [INFO] [1787389677.163796461] [ros_gz_bridge]: Creating GZ->ROS Bridge: [/depth_camera (gz.msgs.Image) -> /depth_camera (sensor_msgs/msg/Image)] (Lazy 0)
[parameter_bridge-3] [INFO] [1787389677.165057244] [ros_gz_bridge]: Creating ROS->GZ Bridge: [/depth_camera (sensor_msgs/msg/Image) -> /depth_camera (gz.msgs.Image)] (Lazy 0)
[parameter_bridge-3] [INFO] [1787389677.166235437] [ros_gz_bridge]: Creating GZ->ROS Bridge: [/imu (gz.msgs.IMU) -> /imu (sensor_msgs/msg/Imu)] (Lazy 0)
[parameter_bridge-3] [INFO] [1787389677.167655992] [ros_gz_bridge]: Creating ROS->GZ Bridge: [/imu (sensor_msgs/msg/Imu) -> /imu (gz.msgs.IMU)] (Lazy 0)
[parameter_bridge-3] [INFO] [1787389677.168989922] [ros_gz_bridge]: Creating GZ->ROS Bridge: [/world/regolith_moon/model/rover/joint_state (gz.msgs.Model) -> /world/regolith_moon/model/rover/joint_state (sensor_msgs/msg/JointState)] (Lazy 0)
[parameter_bridge-3] [INFO] [1787389677.170449946] [ros_gz_bridge]: Creating ROS->GZ Bridge: [/world/regolith_moon/model/rover/joint_state (sensor_msgs/msg/JointState) -> /world/regolith_moon/model/rover/joint_state (gz.msgs.Model)] (Lazy 0)
[parameter_bridge-3] [INFO] [1787389677.171576039] [ros_gz_bridge]: Creating GZ->ROS Bridge: [/model/rover/pose (gz.msgs.Pose) -> /model/rover/pose (geometry_msgs/msg/PoseStamped)] (Lazy 0)
[flip_recovery_node.py-10] [INFO] [1787389677.544231828] [regolith_flip_recovery]: Flip/stuck recovery armed (simulated set_pose backstop for flips, straight-line cmd_vel override for stuck-but-upright)
[wheel_slip_node.py-4] [INFO] [1787389677.565937434] [regolith_wheel_slip]: Wheel-slip ZUPT armed: /odom -> /odom/gated (onboard signals only - wheel odometry and IMU, never ground truth). legacy_rigid_body_signature=False
[mission_markers_node.py-11] [INFO] [1787389677.676258980] [regolith_mission_markers]: Mission markers active - start at (0.0, 0.0), Gazebo flags on, RViz on /mission_markers
[costmap_node-7] [INFO] [1787389677.682445792] [regolith_costmap]: Published costmap: 256x256 cells at 0.781 m/cell
[planner_node-8] [WARN] [1787389680.654628626] [regolith_planner]: No costmap or current pose yet - ignoring goal
[planner_node-8] [INFO] [1787389690.693509825] [regolith_planner]: Planned path: 82 waypoints, start=(128, 127) goal=(152, 50)
[parameter_bridge-3] [INFO] [1787389691.041710500] [ros_gz_bridge]: Passing message from ROS geometry_msgs/msg/Twist to Gazebo gz.msgs.Twist (showing msg only once per type)
[costmap_node-7] [WARN] [1787389705.474728631] [regolith_costmap]: Hazard #1 marked at (0.54, 0.59): 13 cells lethal (1.2 m + 0.3 m rover radius). The rover got wedged here; the planner will route around it from now on.
[pure_pursuit_node-9] [INFO] [1787389705.485813090] [regolith_pure_pursuit]: Recovery node has taken over /cmd_vel - pausing path following
[pure_pursuit_node-9] [INFO] [1787389722.131678519] [regolith_pure_pursuit]: Recovery finished - resuming path following
[flip_recovery_node.py-10] [WARN] [1787389722.192416041] [regolith_flip_recovery]: STUCK RECOVERY #1 (escalation level 0, triggered by ground truth; 1 ground-truth / 0 onboard triggers so far). Escape maneuver: reversed 0.20 m/s for 3.0s, then turned left at 0.50 rad/s for 2.0s (sim time, at a measured 0.27x real time). A real rover's FDIR could do the same - this is not a simulated teleport.
[planner_node-8] [WARN] [1787389722.194217042] [regolith_planner]: Current-position cell (127, 127) is lethal (drift, or a keep-out zone this rover marked itself) - planning from the nearest free cell (126, 127) instead
[flip_recovery_node.py-10] [WARN] [1787389722.203039375] [regolith_flip_recovery]: STUCK RECOVERY #1 result: ground truth moved 0.52 m during the maneuver - FREED (1/1 escapes have freed the rover so far)
[planner_node-8] [INFO] [1787389722.262107660] [regolith_planner]: Planned path: 82 waypoints, start=(126, 127) goal=(152, 50)
[pure_pursuit_node-9] [INFO] [1787389755.128719729] [regolith_pure_pursuit]: Recovery node has taken over /cmd_vel - pausing path following
[costmap_node-7] [WARN] [1787389755.136405472] [regolith_costmap]: Hazard #2 marked at (-1.14, -0.33): 13 cells lethal (1.2 m + 0.3 m rover radius). The rover got wedged here; the planner will route around it from now on.
[pure_pursuit_node-9] [INFO] [1787389795.049259168] [regolith_pure_pursuit]: Recovery finished - resuming path following
[flip_recovery_node.py-10] [WARN] [1787389795.109657152] [regolith_flip_recovery]: STUCK RECOVERY #2 (escalation level 1, triggered by ground truth; 2 ground-truth / 0 onboard triggers so far). Escape maneuver: reversed 0.20 m/s for 6.0s, then turned right at 0.50 rad/s for 3.5s (sim time, at a measured 0.23x real time). A real rover's FDIR could do the same - this is not a simulated teleport.
[planner_node-8] [WARN] [1787389795.111389943] [regolith_planner]: Current-position cell (127, 129) is lethal (drift, or a keep-out zone this rover marked itself) - planning from the nearest free cell (126, 129) instead
[planner_node-8] [INFO] [1787389795.168417317] [regolith_planner]: Planned path: 84 waypoints, start=(126, 129) goal=(152, 50)
[flip_recovery_node.py-10] [WARN] [1787389800.060525235] [regolith_flip_recovery]: STUCK RECOVERY #2 result: ground truth moved 1.25 m during the maneuver - FREED (2/2 escapes have freed the rover so far)
[pure_pursuit_node-9] [INFO] [1787389807.947930879] [regolith_pure_pursuit]: Recovery node has taken over /cmd_vel - pausing path following
[costmap_node-7] [WARN] [1787389807.956919229] [regolith_costmap]: Hazard #3 marked at (0.10, -0.28): 13 cells lethal (1.2 m + 0.3 m rover radius). The rover got wedged here; the planner will route around it from now on.
[pure_pursuit_node-9] [INFO] [1787389869.707814771] [regolith_pure_pursuit]: Recovery finished - resuming path following
[flip_recovery_node.py-10] [WARN] [1787389869.768554345] [regolith_flip_recovery]: STUCK RECOVERY #3 (escalation level 2, triggered by ground truth; 3 ground-truth / 0 onboard triggers so far). Escape maneuver: reversed 0.20 m/s for 10.0s, then turned left at 0.50 rad/s for 5.0s (sim time, at a measured 0.23x real time). A real rover's FDIR could do the same - this is not a simulated teleport.
[planner_node-8] [INFO] [1787389869.845831246] [regolith_planner]: Planned path: 86 waypoints, start=(126, 131) goal=(152, 50)
[flip_recovery_node.py-10] [WARN] [1787389874.354900942] [regolith_flip_recovery]: STUCK RECOVERY #3 result: ground truth moved 2.00 m during the maneuver - FREED (3/3 escapes have freed the rover so far)
[wheel_slip_node.py-4] [WARN] [1787390681.702376535] [regolith_wheel_slip]: WHEEL SLIP #1: over the last 15.0 s the wheels claim 2.69 m and 1.65 rad of turning; the gyro saw 0.24 rad (14% of it) and the attitude spanned 4.92 deg. Feeding the EKF a zero-velocity update instead of the wheels' claim.
[pure_pursuit_node-9] [INFO] [1787390701.152436797] [regolith_pure_pursuit]: Recovery node has taken over /cmd_vel - pausing path following
[costmap_node-7] [WARN] [1787390701.161733643] [regolith_costmap]: Hazard #4 marked at (-34.94, -1.07): 13 cells lethal (1.2 m + 0.3 m rover radius). The rover got wedged here; the planner will route around it from now on.
[wheel_slip_node.py-4] [WARN] [1787390704.450168142] [regolith_wheel_slip]: WHEEL SLIP #1 cleared - over the last 5.0 s the wheels claimed 0.51 rad of turning and the gyro corroborated 25% of it. Phantom distance kept out of the EKF so far: 1.01 m.
[pure_pursuit_node-9] [INFO] [1787390720.089227223] [regolith_pure_pursuit]: Recovery finished - resuming path following
[flip_recovery_node.py-10] [WARN] [1787390720.150265152] [regolith_flip_recovery]: STUCK RECOVERY #4 (escalation level 0, triggered by wheel slip (onboard); 3 ground-truth / 1 onboard triggers so far). Escape maneuver: reversed 0.20 m/s for 3.0s, then turned left at 0.50 rad/s for 2.0s (sim time, at a measured 0.24x real time). A real rover's FDIR could do the same - this is not a simulated teleport.
[planner_node-8] [WARN] [1787390720.152285461] [regolith_planner]: Current-position cell (126, 84) is lethal (drift, or a keep-out zone this rover marked itself) - planning from the nearest free cell (125, 85) instead
[planner_node-8] [INFO] [1787390720.174983756] [regolith_planner]: Planned path: 40 waypoints, start=(125, 85) goal=(152, 50)
[flip_recovery_node.py-10] [WARN] [1787390725.089908218] [regolith_flip_recovery]: STUCK RECOVERY #4 result: ground truth moved 0.54 m during the maneuver - FREED (4/4 escapes have freed the rover so far)
[pure_pursuit_node-9] [INFO] [1787391691.150063934] [regolith_pure_pursuit]: Goal reached (within 0.34 m of the commanded goal)
