[INFO] [launch]: All log files can be found below /home/balazs/.ros/log/2026-09-14-16-53-45-365049-DESKTOP-IE5MOME-8112
[INFO] [launch]: Default logging verbosity is set to INFO
[hello_moon.launch] Using ROS_DOMAIN_ID=56 (isolated DDS domain for this launch - see PROGRESS.md)
[hello_moon.launch] TERRAIN-RELATIVE NAVIGATION ENABLED - the EKF is fused with an absolute position fix matched from IMU attitude against the a-priori DEM. No ground truth is read, so runs with this on ARE milestone results. Replayed through 25 recorded runs it cuts final EKF error from 2.97 m to 0.71 m median, but a replay is not a run - see PROGRESS.md before reading anything into a single result.
[hello_moon.launch] A-PRIORI DEM DEGRADED: posts 0.0 m, noise 0.0 m, registration shift 3.0 m (seed 1). This run's localisation numbers are NOT perfect-map numbers.
[INFO] [ruby $(which gz) sim-1]: process started with pid [8156]
[INFO] [robot_state_publisher-2]: process started with pid [8158]
[INFO] [parameter_bridge-3]: process started with pid [8161]
[INFO] [wheel_slip_node.py-4]: process started with pid [8163]
[INFO] [terrain_relative_node.py-5]: process started with pid [8166]
[INFO] [sensor_covariance_relay.py-6]: process started with pid [8168]
[INFO] [ekf_node-7]: process started with pid [8170]
[INFO] [costmap_node-8]: process started with pid [8172]
[INFO] [planner_node-9]: process started with pid [8174]
[INFO] [pure_pursuit_node-10]: process started with pid [8176]
[INFO] [flip_recovery_node.py-11]: process started with pid [8178]
[INFO] [mission_markers_node.py-12]: process started with pid [8180]
[robot_state_publisher-2] [INFO] [1789397627.305128799] [robot_state_publisher]: got segment base_link
[robot_state_publisher-2] [INFO] [1789397627.305356907] [robot_state_publisher]: got segment camera_link
[robot_state_publisher-2] [INFO] [1789397627.305378606] [robot_state_publisher]: got segment chassis
[robot_state_publisher-2] [INFO] [1789397627.305387225] [robot_state_publisher]: got segment front_left_wheel
[robot_state_publisher-2] [INFO] [1789397627.305394594] [robot_state_publisher]: got segment front_right_wheel
[robot_state_publisher-2] [INFO] [1789397627.305402132] [robot_state_publisher]: got segment imu_link
[robot_state_publisher-2] [INFO] [1789397627.305409848] [robot_state_publisher]: got segment rear_left_wheel
[robot_state_publisher-2] [INFO] [1789397627.305416482] [robot_state_publisher]: got segment rear_right_wheel
[parameter_bridge-3] [INFO] [1789397627.362004068] [ros_gz_bridge]: Creating GZ->ROS Bridge: [/clock (gz.msgs.Clock) -> /clock (rosgraph_msgs/msg/Clock)] (Lazy 0)
[parameter_bridge-3] [INFO] [1789397627.364824183] [ros_gz_bridge]: Creating GZ->ROS Bridge: [/cmd_vel (gz.msgs.Twist) -> /cmd_vel (geometry_msgs/msg/Twist)] (Lazy 0)
[parameter_bridge-3] [INFO] [1789397627.368858829] [ros_gz_bridge]: Creating ROS->GZ Bridge: [/cmd_vel (geometry_msgs/msg/Twist) -> /cmd_vel (gz.msgs.Twist)] (Lazy 0)
[parameter_bridge-3] [INFO] [1789397627.370945480] [ros_gz_bridge]: Creating GZ->ROS Bridge: [/odometry (gz.msgs.Odometry) -> /odometry (nav_msgs/msg/Odometry)] (Lazy 0)
[parameter_bridge-3] [INFO] [1789397627.375280543] [ros_gz_bridge]: Creating ROS->GZ Bridge: [/odometry (nav_msgs/msg/Odometry) -> /odometry (gz.msgs.Odometry)] (Lazy 0)
[parameter_bridge-3] [INFO] [1789397627.377375467] [ros_gz_bridge]: Creating GZ->ROS Bridge: [/camera (gz.msgs.Image) -> /camera (sensor_msgs/msg/Image)] (Lazy 0)
[parameter_bridge-3] [INFO] [1789397627.381446996] [ros_gz_bridge]: Creating ROS->GZ Bridge: [/camera (sensor_msgs/msg/Image) -> /camera (gz.msgs.Image)] (Lazy 0)
[parameter_bridge-3] [INFO] [1789397627.383272406] [ros_gz_bridge]: Creating GZ->ROS Bridge: [/camera_info (gz.msgs.CameraInfo) -> /camera_info (sensor_msgs/msg/CameraInfo)] (Lazy 0)
[parameter_bridge-3] [INFO] [1789397627.385592268] [ros_gz_bridge]: Creating ROS->GZ Bridge: [/camera_info (sensor_msgs/msg/CameraInfo) -> /camera_info (gz.msgs.CameraInfo)] (Lazy 0)
[parameter_bridge-3] [INFO] [1789397627.387883616] [ros_gz_bridge]: Creating GZ->ROS Bridge: [/depth_camera (gz.msgs.Image) -> /depth_camera (sensor_msgs/msg/Image)] (Lazy 0)
[parameter_bridge-3] [INFO] [1789397627.389102995] [ros_gz_bridge]: Creating ROS->GZ Bridge: [/depth_camera (sensor_msgs/msg/Image) -> /depth_camera (gz.msgs.Image)] (Lazy 0)
[parameter_bridge-3] [INFO] [1789397627.390058763] [ros_gz_bridge]: Creating GZ->ROS Bridge: [/imu (gz.msgs.IMU) -> /imu (sensor_msgs/msg/Imu)] (Lazy 0)
[parameter_bridge-3] [INFO] [1789397627.391642608] [ros_gz_bridge]: Creating ROS->GZ Bridge: [/imu (sensor_msgs/msg/Imu) -> /imu (gz.msgs.IMU)] (Lazy 0)
[parameter_bridge-3] [INFO] [1789397627.393185385] [ros_gz_bridge]: Creating GZ->ROS Bridge: [/world/regolith_moon/model/rover/joint_state (gz.msgs.Model) -> /world/regolith_moon/model/rover/joint_state (sensor_msgs/msg/JointState)] (Lazy 0)
[parameter_bridge-3] [INFO] [1789397627.395033440] [ros_gz_bridge]: Creating ROS->GZ Bridge: [/world/regolith_moon/model/rover/joint_state (sensor_msgs/msg/JointState) -> /world/regolith_moon/model/rover/joint_state (gz.msgs.Model)] (Lazy 0)
[parameter_bridge-3] [INFO] [1789397627.396702738] [ros_gz_bridge]: Creating GZ->ROS Bridge: [/model/rover/pose (gz.msgs.Pose) -> /model/rover/pose (geometry_msgs/msg/PoseStamped)] (Lazy 0)
[terrain_relative_node.py-5] [WARN] [1789397627.858050873] [regolith_terrain_relative]: A-PRIORI DEM DELIBERATELY DEGRADED: posts 0.00 m (native 0.39 m), elevation noise 0.00 m sigma -> 0.000 m realised rms (seed 1), registration shift 3.00 m on both axes.
[wheel_slip_node.py-4] [INFO] [1789397627.908310665] [regolith_wheel_slip]: Wheel-slip ZUPT armed: /odom -> /odom/gated (onboard signals only - wheel odometry and IMU, never ground truth). legacy_rigid_body_signature=False
[terrain_relative_node.py-5] [INFO] [1789397627.911120273] [regolith_terrain_relative]: Terrain-relative navigation active: 15 m window, fixing at 1.0 Hz, +-6 m search at 0.25 m, DEM 0.391 m/px from /home/balazs/.cache/regolith/worlds/seed_7/manifest.json. Onboard sensors only - no ground truth is read by this node.
[flip_recovery_node.py-11] [INFO] [1789397627.914255420] [regolith_flip_recovery]: Flip/stuck recovery armed (simulated set_pose backstop for flips, straight-line cmd_vel override for stuck-but-upright). Detection uses GROUND TRUTH - a simulation oracle; see onboard_only for the hardware-runnable path.
[costmap_node-8] [INFO] [1789397627.947436722] [regolith_costmap]: Published costmap: 256x256 cells at 0.781 m/cell
[mission_markers_node.py-12] [INFO] [1789397627.972034549] [regolith_mission_markers]: Mission markers active - start at (0.0, 0.0), Gazebo flags on, RViz on /mission_markers
[planner_node-9] [WARN] [1789397631.570958215] [regolith_planner]: No costmap or current pose yet - ignoring goal
[planner_node-9] [INFO] [1789397640.639947510] [regolith_planner]: Planned path: 103 waypoints, start=(128, 128) goal=(52, 73)
[parameter_bridge-3] [INFO] [1789397640.991882924] [ros_gz_bridge]: Passing message from ROS geometry_msgs/msg/Twist to Gazebo gz.msgs.Twist (showing msg only once per type)
[costmap_node-8] [WARN] [1789397654.905008301] [regolith_costmap]: Hazard #1 marked at (0.64, -0.49): 13 cells lethal (1.2 m + 0.3 m rover radius). The rover got wedged here; the planner will route around it from now on.
[pure_pursuit_node-10] [INFO] [1789397654.919960192] [regolith_pure_pursuit]: Recovery node has taken over /cmd_vel - pausing path following
[pure_pursuit_node-10] [INFO] [1789397676.567984823] [regolith_pure_pursuit]: Recovery finished - resuming path following
[flip_recovery_node.py-11] [WARN] [1789397676.629306754] [regolith_flip_recovery]: STUCK RECOVERY #1 (escalation level 0, triggered by ground truth; 1 ground-truth / 0 onboard-estimate / 0 wheel-slip triggers so far). Escape maneuver: reversed 0.20 m/s for 3.0s, then turned left at 0.50 rad/s for 2.0s (sim time, exact - driven by the sim clock directly, not an RTF-estimated wall-clock sleep; RTF over this window measured 0.22x real time, logged for comparison only). A real rover's FDIR could do the same - this is not a simulated teleport.
[planner_node-9] [WARN] [1789397676.631378931] [regolith_planner]: Current-position cell (128, 127) is lethal (drift, or a keep-out zone this rover marked itself) - planning from the nearest free cell (128, 126) instead
[planner_node-9] [INFO] [1789397676.708298906] [regolith_planner]: Planned path: 103 waypoints, start=(128, 126) goal=(52, 73)
[flip_recovery_node.py-11] [WARN] [1789397682.678569480] [regolith_flip_recovery]: STUCK RECOVERY #1 result: ground truth moved 0.61 m during the maneuver - FREED (1/1 escapes have freed the rover so far)
[pure_pursuit_node-10] [WARN] [1789397713.426115030] [regolith_pure_pursuit]: Stalled for 8s - stopping and replanning
[planner_node-9] [WARN] [1789397713.427727642] [regolith_planner]: Current-position cell (128, 127) is lethal (drift, or a keep-out zone this rover marked itself) - planning from the nearest free cell (128, 126) instead
[planner_node-9] [INFO] [1789397713.537994321] [regolith_planner]: Planned path: 103 waypoints, start=(128, 126) goal=(52, 73)
[terrain_relative_node.py-5] [INFO] [1789397919.428911979] [regolith_terrain_relative]: Terrain fix held: first window, offset (+3.24, +3.24), margin 4.56 - waiting for an independent window to confirm
[terrain_relative_node.py-5] [INFO] [1789397923.606327112] [regolith_terrain_relative]: Terrain correction #1 at 7.9 m travelled: (+0.35, +0.35) m, margin 4.66, 39 samples, 2 poses published (rejected so far: 0 ambiguous, 0 inconsistent)
[terrain_relative_node.py-5] [INFO] [1789398034.428259229] [regolith_terrain_relative]: Terrain correction #6 at 13.5 m travelled: (+0.34, +0.36) m, margin 3.07, 67 samples, 32 poses published (rejected so far: 0 ambiguous, 0 inconsistent)
[terrain_relative_node.py-5] [INFO] [1789398079.572653824] [regolith_terrain_relative]: Terrain fix rejected: disagrees with the previous window by 3.42 m (> 1.50); offset now (+0.76, +0.89), was (+3.24, +3.24)
[terrain_relative_node.py-5] [INFO] [1789398150.744578971] [regolith_terrain_relative]: Terrain correction #11 at 19.3 m travelled: (+0.04, -0.50) m, margin 2.73, 74 samples, 63 poses published (rejected so far: 0 ambiguous, 1 inconsistent)
[pure_pursuit_node-10] [INFO] [1789398182.590121728] [regolith_pure_pursuit]: Recovery node has taken over /cmd_vel - pausing path following
[costmap_node-8] [WARN] [1789398182.598232894] [regolith_costmap]: Hazard #2 marked at (-10.63, -12.35): 13 cells lethal (1.2 m + 0.3 m rover radius). The rover got wedged here; the planner will route around it from now on.
[pure_pursuit_node-10] [INFO] [1789398182.598554148] [regolith_pure_pursuit]: Costmap changed (a new keep-out zone) - restoring the replan budget: the route being retried is not the one that already failed
[pure_pursuit_node-10] [INFO] [1789398201.009777664] [regolith_pure_pursuit]: Recovery finished - resuming path following
[flip_recovery_node.py-11] [WARN] [1789398201.070391315] [regolith_flip_recovery]: STUCK RECOVERY #2 (escalation level 0, triggered by ground truth; 2 ground-truth / 0 onboard-estimate / 0 wheel-slip triggers so far). Escape maneuver: reversed 0.20 m/s for 3.0s, then turned left at 0.50 rad/s for 2.0s (sim time, exact - driven by the sim clock directly, not an RTF-estimated wall-clock sleep; RTF over this window measured 0.26x real time, logged for comparison only). A real rover's FDIR could do the same - this is not a simulated teleport.
[planner_node-9] [WARN] [1789398201.072161000] [regolith_planner]: Current-position cell (113, 115) is lethal (drift, or a keep-out zone this rover marked itself) - planning from the nearest free cell (113, 116) instead
[planner_node-9] [INFO] [1789398201.133926722] [regolith_planner]: Planned path: 88 waypoints, start=(113, 116) goal=(52, 73)
[flip_recovery_node.py-11] [WARN] [1789398205.826043711] [regolith_flip_recovery]: STUCK RECOVERY #2 result: ground truth moved 0.57 m during the maneuver - FREED (2/2 escapes have freed the rover so far)
[pure_pursuit_node-10] [INFO] [1789398279.659810171] [regolith_pure_pursuit]: Recovery node has taken over /cmd_vel - pausing path following
[costmap_node-8] [WARN] [1789398279.667605991] [regolith_costmap]: Hazard #3 marked at (-10.53, -13.76): 13 cells lethal (1.2 m + 0.3 m rover radius). The rover got wedged here; the planner will route around it from now on.
[pure_pursuit_node-10] [INFO] [1789398318.560361568] [regolith_pure_pursuit]: Recovery finished - resuming path following
[flip_recovery_node.py-11] [WARN] [1789398318.621836137] [regolith_flip_recovery]: STUCK RECOVERY #3 (escalation level 1, triggered by ground truth; 3 ground-truth / 0 onboard-estimate / 0 wheel-slip triggers so far). Escape maneuver: reversed 0.20 m/s for 6.0s, then turned right at 0.50 rad/s for 3.5s (sim time, exact - driven by the sim clock directly, not an RTF-estimated wall-clock sleep; RTF over this window measured 0.21x real time, logged for comparison only). A real rover's FDIR could do the same - this is not a simulated teleport.
[planner_node-9] [WARN] [1789398318.623403650] [regolith_planner]: Current-position cell (113, 114) is lethal (drift, or a keep-out zone this rover marked itself) - planning from the nearest free cell (114, 113) instead
[planner_node-9] [INFO] [1789398318.679953620] [regolith_planner]: Planned path: 71 waypoints, start=(114, 113) goal=(52, 73)
[flip_recovery_node.py-11] [WARN] [1789398323.265452220] [regolith_flip_recovery]: STUCK RECOVERY #3 result: ground truth moved 1.21 m during the maneuver - FREED (3/3 escapes have freed the rover so far)
[terrain_relative_node.py-5] [INFO] [1789398361.112362188] [regolith_terrain_relative]: Terrain correction #16 at 24.4 m travelled: (-0.25, +0.43) m, margin 7.47, 74 samples, 117 poses published (rejected so far: 0 ambiguous, 1 inconsistent)
[terrain_relative_node.py-5] [INFO] [1789398493.084387776] [regolith_terrain_relative]: Terrain correction #21 at 29.9 m travelled: (+0.01, +0.50) m, margin 2.76, 74 samples, 148 poses published (rejected so far: 0 ambiguous, 1 inconsistent)
[terrain_relative_node.py-5] [INFO] [1789398521.646192507] [regolith_terrain_relative]: Terrain fix rejected: disagrees with the previous window by 2.44 m (> 1.50); offset now (+0.13, +3.27), was (-0.38, +0.88)
[terrain_relative_node.py-5] [INFO] [1789398551.614840272] [regolith_terrain_relative]: Terrain fix rejected: margin 1.88 < 2.00 - this stretch of terrain does not determine position (74 samples over 15 m)
[terrain_relative_node.py-5] [INFO] [1789398633.017247241] [regolith_terrain_relative]: Terrain correction #25 at 35.4 m travelled: (+0.04, -0.44) m, margin 2.35, 74 samples, 178 poses published (rejected so far: 5 ambiguous, 2 inconsistent)
[terrain_relative_node.py-5] [INFO] [1789398866.892201144] [regolith_terrain_relative]: Terrain fix rejected: disagrees with the previous window by 2.04 m (> 1.50); offset now (+0.03, +0.63), was (+0.03, -1.41)
[terrain_relative_node.py-5] [INFO] [1789398872.572256333] [regolith_terrain_relative]: Terrain correction #30 at 40.8 m travelled: (+0.01, +0.50) m, margin 2.80, 74 samples, 219 poses published (rejected so far: 5 ambiguous, 3 inconsistent)
[terrain_relative_node.py-5] [INFO] [1789399020.834506768] [regolith_terrain_relative]: Terrain correction #35 at 46.4 m travelled: (+0.37, +0.09) m, margin 2.27, 74 samples, 253 poses published (rejected so far: 5 ambiguous, 3 inconsistent)
[terrain_relative_node.py-5] [INFO] [1789399172.401608804] [regolith_terrain_relative]: Terrain correction #40 at 51.8 m travelled: (-0.06, -0.05) m, margin 2.57, 74 samples, 290 poses published (rejected so far: 5 ambiguous, 3 inconsistent)
[terrain_relative_node.py-5] [INFO] [1789399303.453799766] [regolith_terrain_relative]: Terrain correction #45 at 57.1 m travelled: (-0.14, -0.11) m, margin 2.35, 74 samples, 325 poses published (rejected so far: 5 ambiguous, 3 inconsistent)
[terrain_relative_node.py-5] [INFO] [1789399423.164792337] [regolith_terrain_relative]: Terrain correction #50 at 62.3 m travelled: (-0.16, -0.20) m, margin 3.02, 74 samples, 357 poses published (rejected so far: 5 ambiguous, 3 inconsistent)
[terrain_relative_node.py-5] [INFO] [1789399534.831488222] [regolith_terrain_relative]: Terrain correction #55 at 67.8 m travelled: (-0.02, -0.04) m, margin 2.99, 74 samples, 387 poses published (rejected so far: 5 ambiguous, 3 inconsistent)
[terrain_relative_node.py-5] [INFO] [1789399645.817904533] [regolith_terrain_relative]: Terrain correction #60 at 73.4 m travelled: (-0.06, -0.10) m, margin 3.12, 74 samples, 417 poses published (rejected so far: 5 ambiguous, 3 inconsistent)
[terrain_relative_node.py-5] [INFO] [1789399761.139628684] [regolith_terrain_relative]: Terrain correction #65 at 78.6 m travelled: (-0.01, -0.07) m, margin 2.84, 74 samples, 448 poses published (rejected so far: 5 ambiguous, 3 inconsistent)
[terrain_relative_node.py-5] [INFO] [1789399871.277832146] [regolith_terrain_relative]: Terrain correction #70 at 83.8 m travelled: (+0.50, +0.03) m, margin 3.00, 74 samples, 478 poses published (rejected so far: 5 ambiguous, 3 inconsistent)
[pure_pursuit_node-10] [INFO] [1789399984.723025484] [regolith_pure_pursuit]: Goal reached (within 0.35 m of the commanded goal)
