[INFO] [launch]: All log files can be found below /home/balazs/.ros/log/2026-08-29-10-38-57-554162-DESKTOP-IE5MOME-1441
[INFO] [launch]: Default logging verbosity is set to INFO
[hello_moon.launch] Using ROS_DOMAIN_ID=7 (isolated DDS domain for this launch - see PROGRESS.md)
[INFO] [ruby $(which gz) sim-1]: process started with pid [1485]
[INFO] [robot_state_publisher-2]: process started with pid [1487]
[INFO] [parameter_bridge-3]: process started with pid [1490]
[INFO] [wheel_slip_node.py-4]: process started with pid [1493]
[INFO] [sensor_covariance_relay.py-5]: process started with pid [1495]
[INFO] [ekf_node-6]: process started with pid [1497]
[INFO] [costmap_node-7]: process started with pid [1499]
[INFO] [planner_node-8]: process started with pid [1501]
[INFO] [pure_pursuit_node-9]: process started with pid [1503]
[INFO] [flip_recovery_node.py-10]: process started with pid [1505]
[INFO] [mission_markers_node.py-11]: process started with pid [1507]
[parameter_bridge-3] [INFO] [1787996339.327809747] [ros_gz_bridge]: Creating GZ->ROS Bridge: [/clock (gz.msgs.Clock) -> /clock (rosgraph_msgs/msg/Clock)] (Lazy 0)
[parameter_bridge-3] [INFO] [1787996339.329465726] [ros_gz_bridge]: Creating GZ->ROS Bridge: [/cmd_vel (gz.msgs.Twist) -> /cmd_vel (geometry_msgs/msg/Twist)] (Lazy 0)
[parameter_bridge-3] [INFO] [1787996339.331731030] [ros_gz_bridge]: Creating ROS->GZ Bridge: [/cmd_vel (geometry_msgs/msg/Twist) -> /cmd_vel (gz.msgs.Twist)] (Lazy 0)
[parameter_bridge-3] [INFO] [1787996339.333114092] [ros_gz_bridge]: Creating GZ->ROS Bridge: [/odometry (gz.msgs.Odometry) -> /odometry (nav_msgs/msg/Odometry)] (Lazy 0)
[parameter_bridge-3] [INFO] [1787996339.335587693] [ros_gz_bridge]: Creating ROS->GZ Bridge: [/odometry (nav_msgs/msg/Odometry) -> /odometry (gz.msgs.Odometry)] (Lazy 0)
[parameter_bridge-3] [INFO] [1787996339.336657670] [ros_gz_bridge]: Creating GZ->ROS Bridge: [/camera (gz.msgs.Image) -> /camera (sensor_msgs/msg/Image)] (Lazy 0)
[parameter_bridge-3] [INFO] [1787996339.338716287] [ros_gz_bridge]: Creating ROS->GZ Bridge: [/camera (sensor_msgs/msg/Image) -> /camera (gz.msgs.Image)] (Lazy 0)
[parameter_bridge-3] [INFO] [1787996339.339682795] [ros_gz_bridge]: Creating GZ->ROS Bridge: [/camera_info (gz.msgs.CameraInfo) -> /camera_info (sensor_msgs/msg/CameraInfo)] (Lazy 0)
[parameter_bridge-3] [INFO] [1787996339.340911256] [ros_gz_bridge]: Creating ROS->GZ Bridge: [/camera_info (sensor_msgs/msg/CameraInfo) -> /camera_info (gz.msgs.CameraInfo)] (Lazy 0)
[robot_state_publisher-2] [INFO] [1787996339.341483554] [robot_state_publisher]: got segment base_link
[robot_state_publisher-2] [INFO] [1787996339.341632069] [robot_state_publisher]: got segment camera_link
[robot_state_publisher-2] [INFO] [1787996339.341642770] [robot_state_publisher]: got segment chassis
[robot_state_publisher-2] [INFO] [1787996339.341649894] [robot_state_publisher]: got segment front_left_wheel
[robot_state_publisher-2] [INFO] [1787996339.341656717] [robot_state_publisher]: got segment front_right_wheel
[robot_state_publisher-2] [INFO] [1787996339.341663390] [robot_state_publisher]: got segment imu_link
[robot_state_publisher-2] [INFO] [1787996339.341670724] [robot_state_publisher]: got segment rear_left_wheel
[robot_state_publisher-2] [INFO] [1787996339.341677757] [robot_state_publisher]: got segment rear_right_wheel
[parameter_bridge-3] [INFO] [1787996339.341967636] [ros_gz_bridge]: Creating GZ->ROS Bridge: [/depth_camera (gz.msgs.Image) -> /depth_camera (sensor_msgs/msg/Image)] (Lazy 0)
[parameter_bridge-3] [INFO] [1787996339.342740021] [ros_gz_bridge]: Creating ROS->GZ Bridge: [/depth_camera (sensor_msgs/msg/Image) -> /depth_camera (gz.msgs.Image)] (Lazy 0)
[parameter_bridge-3] [INFO] [1787996339.343625082] [ros_gz_bridge]: Creating GZ->ROS Bridge: [/imu (gz.msgs.IMU) -> /imu (sensor_msgs/msg/Imu)] (Lazy 0)
[parameter_bridge-3] [INFO] [1787996339.344724015] [ros_gz_bridge]: Creating ROS->GZ Bridge: [/imu (sensor_msgs/msg/Imu) -> /imu (gz.msgs.IMU)] (Lazy 0)
[parameter_bridge-3] [INFO] [1787996339.345699049] [ros_gz_bridge]: Creating GZ->ROS Bridge: [/world/regolith_moon/model/rover/joint_state (gz.msgs.Model) -> /world/regolith_moon/model/rover/joint_state (sensor_msgs/msg/JointState)] (Lazy 0)
[parameter_bridge-3] [INFO] [1787996339.346546027] [ros_gz_bridge]: Creating ROS->GZ Bridge: [/world/regolith_moon/model/rover/joint_state (sensor_msgs/msg/JointState) -> /world/regolith_moon/model/rover/joint_state (gz.msgs.Model)] (Lazy 0)
[parameter_bridge-3] [INFO] [1787996339.347387975] [ros_gz_bridge]: Creating GZ->ROS Bridge: [/model/rover/pose (gz.msgs.Pose) -> /model/rover/pose (geometry_msgs/msg/PoseStamped)] (Lazy 0)
[wheel_slip_node.py-4] [INFO] [1787996339.721391306] [regolith_wheel_slip]: Wheel-slip ZUPT armed: /odom -> /odom/gated (onboard signals only - wheel odometry and IMU, never ground truth). legacy_rigid_body_signature=False
[flip_recovery_node.py-10] [INFO] [1787996339.733880182] [regolith_flip_recovery]: Flip/stuck recovery armed (simulated set_pose backstop for flips, straight-line cmd_vel override for stuck-but-upright)
[costmap_node-7] [INFO] [1787996339.808606235] [regolith_costmap]: Published costmap: 256x256 cells at 0.781 m/cell
[mission_markers_node.py-11] [INFO] [1787996339.817630726] [regolith_mission_markers]: Mission markers active - start at (0.0, 0.0), Gazebo flags on, RViz on /mission_markers
[planner_node-8] [WARN] [1787996343.765671033] [regolith_planner]: No costmap or current pose yet - ignoring goal
[planner_node-8] [INFO] [1787996353.735884799] [regolith_planner]: Planned path: 103 waypoints, start=(128, 128) goal=(52, 73)
[parameter_bridge-3] [INFO] [1787996354.088820570] [ros_gz_bridge]: Passing message from ROS geometry_msgs/msg/Twist to Gazebo gz.msgs.Twist (showing msg only once per type)
[flip_recovery_node.py-10] [INFO] [1787996354.941842450] [regolith_flip_recovery]: [stuck_debug] shadow streak START (gt_speed=0.0017 commanded=0.0690 t=1.60)
[flip_recovery_node.py-10] [INFO] [1787996354.942241305] [regolith_flip_recovery]: [stuck_debug] streak START (gt_speed=0.0017 commanded=0.0690 dt=0.200 t=1.60)
[flip_recovery_node.py-10] [INFO] [1787996368.590944734] [regolith_flip_recovery]: [stuck_debug] shadow streak PASSED the 3.00s bar (started t=1.60, t=4.80)
[flip_recovery_node.py-10] [INFO] [1787996368.591366831] [regolith_flip_recovery]: [stuck_debug] streak FIRED after 3.20s (t=4.80)
[costmap_node-7] [WARN] [1787996368.600110211] [regolith_costmap]: Hazard #1 marked at (0.60, -0.53): 13 cells lethal (1.2 m + 0.3 m rover radius). The rover got wedged here; the planner will route around it from now on.
[pure_pursuit_node-9] [INFO] [1787996368.633718179] [regolith_pure_pursuit]: Recovery node has taken over /cmd_vel - pausing path following
[pure_pursuit_node-9] [INFO] [1787996389.070965456] [regolith_pure_pursuit]: Recovery finished - resuming path following
[flip_recovery_node.py-10] [WARN] [1787996389.131486525] [regolith_flip_recovery]: STUCK RECOVERY #1 (escalation level 0, triggered by ground truth; 1 ground-truth / 0 onboard triggers so far). Escape maneuver: reversed 0.20 m/s for 3.0s, then turned left at 0.50 rad/s for 2.0s (sim time, exact - driven by the sim clock directly, not an RTF-estimated wall-clock sleep; RTF over this window measured 0.24x real time, logged for comparison only). A real rover's FDIR could do the same - this is not a simulated teleport.
[flip_recovery_node.py-10] [INFO] [1787996389.132013022] [regolith_flip_recovery]: [stuck_debug] shadow streak tally at recovery #1: 0 cuts, longest 3.20s (bar 3.00s)
[planner_node-8] [WARN] [1787996389.133803087] [regolith_planner]: Current-position cell (128, 127) is lethal (drift, or a keep-out zone this rover marked itself) - planning from the nearest free cell (128, 126) instead
[planner_node-8] [INFO] [1787996389.214963170] [regolith_planner]: Planned path: 103 waypoints, start=(128, 126) goal=(52, 73)
[flip_recovery_node.py-10] [INFO] [1787996390.751509945] [regolith_flip_recovery]: [stuck_debug] shadow streak DROPPED at 8.60s (tick gap of 5.40s, t=10.20)
[flip_recovery_node.py-10] [INFO] [1787996390.751916664] [regolith_flip_recovery]: [stuck_debug] shadow streak START (gt_speed=0.0011 commanded=0.0690 t=10.20)
[flip_recovery_node.py-10] [WARN] [1787996393.991974344] [regolith_flip_recovery]: STUCK RECOVERY #1 result: ground truth moved 0.60 m during the maneuver - FREED (1/1 escapes have freed the rover so far)
[flip_recovery_node.py-10] [INFO] [1787996402.739684945] [regolith_flip_recovery]: [stuck_debug] shadow streak PASSED the 3.00s bar (started t=10.20, t=13.20)
[flip_recovery_node.py-10] [INFO] [1787996409.079170330] [regolith_flip_recovery]: [stuck_debug] streak START (gt_speed=0.0000 commanded=0.0690 dt=0.200 t=14.80)
[flip_recovery_node.py-10] [INFO] [1787996419.566184791] [regolith_flip_recovery]: [stuck_debug] shadow streak CUT at 7.20s (gt_speed>=min: gt_speed=0.0206 commanded=0.0690 t=17.40; 1 cuts so far, longest 7.20s)
[flip_recovery_node.py-10] [INFO] [1787996419.566635342] [regolith_flip_recovery]: [stuck_debug] streak RESET after 2.60s (gt_speed>=min: gt_speed=0.0206 commanded=0.0690 dt=0.200 t=17.40)
[pure_pursuit_node-9] [WARN] [1787996422.060298988] [regolith_pure_pursuit]: Stalled for 8s - stopping and replanning
[planner_node-8] [WARN] [1787996422.061509051] [regolith_planner]: Current-position cell (128, 127) is lethal (drift, or a keep-out zone this rover marked itself) - planning from the nearest free cell (128, 126) instead
[planner_node-8] [INFO] [1787996422.166233232] [regolith_planner]: Planned path: 103 waypoints, start=(128, 126) goal=(52, 73)
[ruby $(which gz) sim-1] NodeShared::Publish() Error: Interrupted system call
[flip_recovery_node.py-10] [INFO] [1787997391.271683930] [regolith_flip_recovery]: [stuck_debug] slip ASSERTED (t=250.44)
[wheel_slip_node.py-4] [WARN] [1787997391.272090101] [regolith_wheel_slip]: WHEEL SLIP #1: over the last 15.0 s the wheels claim 2.53 m and 2.72 rad of turning; the gyro saw 0.39 rad (14% of it) and the attitude spanned 8.82 deg. Feeding the EKF a zero-velocity update instead of the wheels' claim.
[flip_recovery_node.py-10] [INFO] [1787997411.501645160] [regolith_flip_recovery]: [stuck_debug] slip PREEMPTED the ground-truth path after 5.16s asserted (live streak=none shadow streak=none gt_speed=0.0593 commanded=0.1961 t=255.60)
[pure_pursuit_node-9] [INFO] [1787997411.508700940] [regolith_pure_pursuit]: Recovery node has taken over /cmd_vel - pausing path following
[pure_pursuit_node-9] [INFO] [1787997411.523150141] [regolith_pure_pursuit]: Costmap changed (a new keep-out zone) - restoring the replan budget: the route being retried is not the one that already failed
[costmap_node-7] [WARN] [1787997411.527869428] [regolith_costmap]: Hazard #2 marked at (-11.20, -38.54): 13 cells lethal (1.2 m + 0.3 m rover radius). The rover got wedged here; the planner will route around it from now on.
[flip_recovery_node.py-10] [INFO] [1787997425.816906155] [regolith_flip_recovery]: [stuck_debug] slip CLEARED after nans (trigger bar: 5.00s, t=259.28)
[wheel_slip_node.py-4] [WARN] [1787997425.817028127] [regolith_wheel_slip]: WHEEL SLIP #1 cleared - over the last 5.0 s the wheels claimed 0.59 rad of turning and the gyro corroborated 26% of it. Phantom distance kept out of the EKF so far: 1.24 m.
[flip_recovery_node.py-10] [INFO] [1787997425.895309046] [regolith_flip_recovery]: [stuck_debug] slip ASSERTED (t=259.30)
[wheel_slip_node.py-4] [WARN] [1787997425.895700720] [regolith_wheel_slip]: WHEEL SLIP #2: over the last 15.0 s the wheels claim 2.13 m and 3.59 rad of turning; the gyro saw 0.33 rad (9% of it) and the attitude spanned 7.31 deg. Feeding the EKF a zero-velocity update instead of the wheels' claim.
[pure_pursuit_node-9] [INFO] [1787997431.077057636] [regolith_pure_pursuit]: Recovery finished - resuming path following
[flip_recovery_node.py-10] [WARN] [1787997431.138003786] [regolith_flip_recovery]: STUCK RECOVERY #2 (escalation level 0, triggered by wheel slip (onboard); 1 ground-truth / 1 onboard triggers so far). Escape maneuver: reversed 0.20 m/s for 3.0s, then turned left at 0.50 rad/s for 2.0s (sim time, exact - driven by the sim clock directly, not an RTF-estimated wall-clock sleep; RTF over this window measured 0.25x real time, logged for comparison only). A real rover's FDIR could do the same - this is not a simulated teleport.
[flip_recovery_node.py-10] [INFO] [1787997431.138708071] [regolith_flip_recovery]: [stuck_debug] shadow streak tally at recovery #2: 1 cuts, longest 7.20s (bar 3.00s)
[planner_node-8] [WARN] [1787997431.148504345] [regolith_planner]: Current-position cell (79, 113) is lethal (drift, or a keep-out zone this rover marked itself) - planning from the nearest free cell (80, 112) instead
[planner_node-8] [INFO] [1787997431.182606917] [regolith_planner]: Planned path: 55 waypoints, start=(80, 112) goal=(52, 73)
[flip_recovery_node.py-10] [INFO] [1787997432.727017364] [regolith_flip_recovery]: [stuck_debug] shadow streak START (gt_speed=0.0013 commanded=0.0690 t=261.00)
[flip_recovery_node.py-10] [INFO] [1787997433.867824155] [regolith_flip_recovery]: [stuck_debug] slip CLEARED after 2.00s (trigger bar: 5.00s, t=261.30)
[wheel_slip_node.py-4] [WARN] [1787997433.868885416] [regolith_wheel_slip]: WHEEL SLIP #2 cleared - over the last 5.0 s the wheels claimed 0.66 rad of turning and the gyro corroborated 88% of it. Phantom distance kept out of the EKF so far: 1.24 m.
[flip_recovery_node.py-10] [INFO] [1787997434.240830464] [regolith_flip_recovery]: [stuck_debug] shadow streak CUT at 0.40s (gt_speed>=min: gt_speed=0.0217 commanded=0.0690 t=261.40; 2 cuts so far, longest 7.20s)
[flip_recovery_node.py-10] [WARN] [1787997435.795445230] [regolith_flip_recovery]: STUCK RECOVERY #2 result: ground truth moved 0.53 m during the maneuver - FREED (2/2 escapes have freed the rover so far)
[ruby $(which gz) sim-1] NodeShared::Publish() Error: Interrupted system call
[flip_recovery_node.py-10] [INFO] [1787997950.055677353] [regolith_flip_recovery]: [stuck_debug] shadow streak START (gt_speed=0.0196 commanded=0.1152 t=373.80)
[flip_recovery_node.py-10] [INFO] [1787997950.056125487] [regolith_flip_recovery]: [stuck_debug] streak START (gt_speed=0.0196 commanded=0.1152 dt=0.200 t=373.80)
[flip_recovery_node.py-10] [INFO] [1787997961.805825366] [regolith_flip_recovery]: [stuck_debug] shadow streak PASSED the 3.00s bar (started t=373.80, t=376.80)
[flip_recovery_node.py-10] [INFO] [1787997961.806269573] [regolith_flip_recovery]: [stuck_debug] streak FIRED after 3.00s (t=376.80)
[pure_pursuit_node-9] [INFO] [1787997961.807647711] [regolith_pure_pursuit]: Recovery node has taken over /cmd_vel - pausing path following
[costmap_node-7] [WARN] [1787997961.816980424] [regolith_costmap]: Hazard #3 marked at (-16.47, -52.62): 13 cells lethal (1.2 m + 0.3 m rover radius). The rover got wedged here; the planner will route around it from now on.
[pure_pursuit_node-9] [INFO] [1787997981.104836617] [regolith_pure_pursuit]: Recovery finished - resuming path following
[flip_recovery_node.py-10] [WARN] [1787997981.165736658] [regolith_flip_recovery]: STUCK RECOVERY #3 (escalation level 0, triggered by ground truth; 2 ground-truth / 1 onboard triggers so far). Escape maneuver: reversed 0.20 m/s for 3.0s, then turned left at 0.50 rad/s for 2.0s (sim time, exact - driven by the sim clock directly, not an RTF-estimated wall-clock sleep; RTF over this window measured 0.25x real time, logged for comparison only). A real rover's FDIR could do the same - this is not a simulated teleport.
[flip_recovery_node.py-10] [INFO] [1787997981.166401195] [regolith_flip_recovery]: [stuck_debug] shadow streak tally at recovery #3: 2 cuts, longest 7.20s (bar 3.00s)
[planner_node-8] [INFO] [1787997981.185529374] [regolith_planner]: Planned path: 38 waypoints, start=(61, 108) goal=(52, 73)
[flip_recovery_node.py-10] [INFO] [1787997982.945126352] [regolith_flip_recovery]: [stuck_debug] shadow streak DROPPED at 8.40s (tick gap of 5.40s, t=382.20)
[flip_recovery_node.py-10] [WARN] [1787997985.972023176] [regolith_flip_recovery]: STUCK RECOVERY #3 result: ground truth moved 0.50 m during the maneuver - FREED (3/3 escapes have freed the rover so far)
[flip_recovery_node.py-10] [INFO] [1787998085.402785973] [regolith_flip_recovery]: [stuck_debug] shadow streak START (gt_speed=0.0199 commanded=0.1170 t=408.00)
[flip_recovery_node.py-10] [INFO] [1787998085.403230302] [regolith_flip_recovery]: [stuck_debug] streak START (gt_speed=0.0199 commanded=0.1170 dt=0.200 t=408.00)
[flip_recovery_node.py-10] [INFO] [1787998095.210049595] [regolith_flip_recovery]: [stuck_debug] shadow streak CUT at 2.60s (gt_speed>=min: gt_speed=0.0301 commanded=0.2129 t=410.60; 3 cuts so far, longest 7.20s)
[flip_recovery_node.py-10] [INFO] [1787998095.210610586] [regolith_flip_recovery]: [stuck_debug] streak RESET after 2.60s (gt_speed>=min: gt_speed=0.0301 commanded=0.2129 dt=0.200 t=410.60)
[flip_recovery_node.py-10] [INFO] [1787998107.066117182] [regolith_flip_recovery]: [stuck_debug] shadow streak START (gt_speed=0.0183 commanded=0.1176 t=413.80)
[flip_recovery_node.py-10] [INFO] [1787998107.066527302] [regolith_flip_recovery]: [stuck_debug] streak START (gt_speed=0.0183 commanded=0.1176 dt=0.200 t=413.80)
[flip_recovery_node.py-10] [INFO] [1787998118.231149569] [regolith_flip_recovery]: [stuck_debug] shadow streak PASSED the 3.00s bar (started t=413.80, t=416.80)
[flip_recovery_node.py-10] [INFO] [1787998118.231566786] [regolith_flip_recovery]: [stuck_debug] streak FIRED after 3.00s (t=416.80)
[pure_pursuit_node-9] [INFO] [1787998118.232495077] [regolith_pure_pursuit]: Recovery node has taken over /cmd_vel - pausing path following
[costmap_node-7] [WARN] [1787998118.241539021] [regolith_costmap]: Hazard #4 marked at (-17.18, -54.88): 13 cells lethal (1.2 m + 0.3 m rover radius). The rover got wedged here; the planner will route around it from now on.
[flip_recovery_node.py-10] [INFO] [1787998128.975590314] [regolith_flip_recovery]: [stuck_debug] slip ASSERTED (t=419.74)
[wheel_slip_node.py-4] [WARN] [1787998128.976303328] [regolith_wheel_slip]: WHEEL SLIP #3: over the last 15.0 s the wheels claim 1.46 m and 2.97 rad of turning; the gyro saw 0.43 rad (14% of it) and the attitude spanned 9.19 deg. Feeding the EKF a zero-velocity update instead of the wheels' claim.
[flip_recovery_node.py-10] [INFO] [1787998136.384464153] [regolith_flip_recovery]: [stuck_debug] slip CLEARED after 2.00s (trigger bar: 5.00s, t=421.74)
[wheel_slip_node.py-4] [WARN] [1787998136.384557079] [regolith_wheel_slip]: WHEEL SLIP #3 cleared - over the last 5.0 s the wheels claimed 0.07 rad of turning and the gyro corroborated 43% of it. Phantom distance kept out of the EKF so far: 1.64 m.
[flip_recovery_node.py-10] [INFO] [1787998136.460615529] [regolith_flip_recovery]: [stuck_debug] slip ASSERTED (t=421.76)
[wheel_slip_node.py-4] [WARN] [1787998136.460824764] [regolith_wheel_slip]: WHEEL SLIP #4: over the last 15.0 s the wheels claim 1.72 m and 2.55 rad of turning; the gyro saw 0.33 rad (13% of it) and the attitude spanned 9.19 deg. Feeding the EKF a zero-velocity update instead of the wheels' claim.
[flip_recovery_node.py-10] [INFO] [1787998143.868522285] [regolith_flip_recovery]: [stuck_debug] slip CLEARED after 2.00s (trigger bar: 5.00s, t=423.76)
[wheel_slip_node.py-4] [WARN] [1787998143.868851837] [regolith_wheel_slip]: WHEEL SLIP #4 cleared - over the last 5.0 s the wheels claimed 0.23 rad of turning and the gyro corroborated 88% of it. Phantom distance kept out of the EKF so far: 1.88 m.
[pure_pursuit_node-9] [INFO] [1787998153.233968763] [regolith_pure_pursuit]: Recovery finished - resuming path following
[flip_recovery_node.py-10] [WARN] [1787998153.294392738] [regolith_flip_recovery]: STUCK RECOVERY #4 (escalation level 1, triggered by ground truth; 3 ground-truth / 1 onboard triggers so far). Escape maneuver: reversed 0.20 m/s for 6.0s, then turned right at 0.50 rad/s for 3.5s (sim time, exact - driven by the sim clock directly, not an RTF-estimated wall-clock sleep; RTF over this window measured 0.27x real time, logged for comparison only). A real rover's FDIR could do the same - this is not a simulated teleport.
[flip_recovery_node.py-10] [INFO] [1787998153.294795243] [regolith_flip_recovery]: [stuck_debug] shadow streak tally at recovery #4: 3 cuts, longest 7.20s (bar 3.00s)
[planner_node-8] [WARN] [1787998153.296138272] [regolith_planner]: Current-position cell (58, 107) is lethal (drift, or a keep-out zone this rover marked itself) - planning from the nearest free cell (58, 108) instead
[planner_node-8] [INFO] [1787998153.310829571] [regolith_planner]: Planned path: 38 waypoints, start=(58, 108) goal=(52, 73)
[flip_recovery_node.py-10] [INFO] [1787998154.473944942] [regolith_flip_recovery]: [stuck_debug] shadow streak DROPPED at 12.80s (tick gap of 9.80s, t=426.60)
[flip_recovery_node.py-10] [INFO] [1787998154.474439352] [regolith_flip_recovery]: [stuck_debug] shadow streak START (gt_speed=0.0060 commanded=0.0690 t=426.60)
[flip_recovery_node.py-10] [WARN] [1787998157.722099695] [regolith_flip_recovery]: STUCK RECOVERY #4 result: ground truth moved 1.20 m during the maneuver - FREED (4/4 escapes have freed the rover so far)
[flip_recovery_node.py-10] [INFO] [1787998166.079879905] [regolith_flip_recovery]: [stuck_debug] shadow streak PASSED the 3.00s bar (started t=426.60, t=429.60)
[flip_recovery_node.py-10] [INFO] [1787998173.288119235] [regolith_flip_recovery]: [stuck_debug] streak START (gt_speed=0.0045 commanded=0.0690 dt=0.200 t=431.40)
[flip_recovery_node.py-10] [INFO] [1787998182.111712816] [regolith_flip_recovery]: [stuck_debug] shadow streak CUT at 7.00s (gt_speed>=min: gt_speed=0.0213 commanded=0.0690 t=433.60; 4 cuts so far, longest 7.20s)
[flip_recovery_node.py-10] [INFO] [1787998182.112118350] [regolith_flip_recovery]: [stuck_debug] streak RESET after 2.20s (gt_speed>=min: gt_speed=0.0213 commanded=0.0690 dt=0.200 t=433.60)
[pure_pursuit_node-9] [WARN] [1787998185.594038382] [regolith_pure_pursuit]: Stalled for 8s - stopping and replanning
[planner_node-8] [WARN] [1787998185.595892386] [regolith_planner]: Current-position cell (58, 107) is lethal (drift, or a keep-out zone this rover marked itself) - planning from the nearest free cell (58, 108) instead
[planner_node-8] [INFO] [1787998185.610016079] [regolith_planner]: Planned path: 38 waypoints, start=(58, 108) goal=(52, 73)
[flip_recovery_node.py-10] [INFO] [1787998234.387292527] [regolith_flip_recovery]: [stuck_debug] shadow streak START (gt_speed=0.0057 commanded=0.1098 t=447.20)
[flip_recovery_node.py-10] [INFO] [1787998234.387712973] [regolith_flip_recovery]: [stuck_debug] streak START (gt_speed=0.0057 commanded=0.1098 dt=0.200 t=447.20)
[flip_recovery_node.py-10] [INFO] [1787998235.112568991] [regolith_flip_recovery]: [stuck_debug] shadow streak CUT at 0.20s (gt_speed>=min: gt_speed=0.0527 commanded=0.1128 t=447.40; 5 cuts so far, longest 7.20s)
[flip_recovery_node.py-10] [INFO] [1787998235.112974795] [regolith_flip_recovery]: [stuck_debug] streak RESET after 0.20s (gt_speed>=min: gt_speed=0.0527 commanded=0.1128 dt=0.200 t=447.40)
[flip_recovery_node.py-10] [INFO] [1787998315.658417357] [regolith_flip_recovery]: [stuck_debug] shadow streak START (gt_speed=0.0034 commanded=0.0690 t=469.00)
[flip_recovery_node.py-10] [INFO] [1787998315.658847278] [regolith_flip_recovery]: [stuck_debug] streak START (gt_speed=0.0034 commanded=0.0690 dt=0.200 t=469.00)
[flip_recovery_node.py-10] [INFO] [1787998316.415101782] [regolith_flip_recovery]: [stuck_debug] shadow streak CUT at 0.20s (gt_speed>=min: gt_speed=0.0344 commanded=0.1114 t=469.20; 6 cuts so far, longest 7.20s)
[flip_recovery_node.py-10] [INFO] [1787998316.415536090] [regolith_flip_recovery]: [stuck_debug] streak RESET after 0.20s (gt_speed>=min: gt_speed=0.0344 commanded=0.1114 dt=0.200 t=469.20)
[flip_recovery_node.py-10] [INFO] [1787998335.607012560] [regolith_flip_recovery]: [stuck_debug] shadow streak START (gt_speed=0.0142 commanded=0.1318 t=474.40)
[flip_recovery_node.py-10] [INFO] [1787998335.607421140] [regolith_flip_recovery]: [stuck_debug] streak START (gt_speed=0.0142 commanded=0.1318 dt=0.200 t=474.40)
[flip_recovery_node.py-10] [INFO] [1787998337.812751888] [regolith_flip_recovery]: [stuck_debug] shadow streak CUT at 0.60s (gt_speed>=min: gt_speed=0.0229 commanded=0.1241 t=475.00; 7 cuts so far, longest 7.20s)
[flip_recovery_node.py-10] [INFO] [1787998337.813180190] [regolith_flip_recovery]: [stuck_debug] streak RESET after 0.60s (gt_speed>=min: gt_speed=0.0229 commanded=0.1241 dt=0.200 t=475.00)
[pure_pursuit_node-9] [INFO] [1787998963.081033955] [regolith_pure_pursuit]: Goal reached (within 0.34 m of the commanded goal)
