[INFO] [launch]: All log files can be found below /home/balazs/.ros/log/2026-08-21-22-20-25-805732-DESKTOP-IE5MOME-65513
[INFO] [launch]: Default logging verbosity is set to INFO
[hello_moon.launch] Using ROS_DOMAIN_ID=8 (isolated DDS domain for this launch - see PROGRESS.md)
[INFO] [ruby $(which gz) sim-1]: process started with pid [65557]
[INFO] [robot_state_publisher-2]: process started with pid [65559]
[INFO] [parameter_bridge-3]: process started with pid [65562]
[INFO] [wheel_slip_node.py-4]: process started with pid [65564]
[INFO] [sensor_covariance_relay.py-5]: process started with pid [65567]
[INFO] [ekf_node-6]: process started with pid [65569]
[INFO] [costmap_node-7]: process started with pid [65571]
[INFO] [planner_node-8]: process started with pid [65573]
[INFO] [pure_pursuit_node-9]: process started with pid [65575]
[INFO] [flip_recovery_node.py-10]: process started with pid [65577]
[INFO] [mission_markers_node.py-11]: process started with pid [65579]
[robot_state_publisher-2] [INFO] [1787347227.522917835] [robot_state_publisher]: got segment base_link
[robot_state_publisher-2] [INFO] [1787347227.523059648] [robot_state_publisher]: got segment camera_link
[robot_state_publisher-2] [INFO] [1787347227.523076601] [robot_state_publisher]: got segment chassis
[robot_state_publisher-2] [INFO] [1787347227.523085099] [robot_state_publisher]: got segment front_left_wheel
[robot_state_publisher-2] [INFO] [1787347227.523093138] [robot_state_publisher]: got segment front_right_wheel
[robot_state_publisher-2] [INFO] [1787347227.523100440] [robot_state_publisher]: got segment imu_link
[robot_state_publisher-2] [INFO] [1787347227.523107263] [robot_state_publisher]: got segment rear_left_wheel
[robot_state_publisher-2] [INFO] [1787347227.523114273] [robot_state_publisher]: got segment rear_right_wheel
[parameter_bridge-3] [INFO] [1787347227.536623430] [ros_gz_bridge]: Creating GZ->ROS Bridge: [/clock (gz.msgs.Clock) -> /clock (rosgraph_msgs/msg/Clock)] (Lazy 0)
[parameter_bridge-3] [INFO] [1787347227.538999219] [ros_gz_bridge]: Creating GZ->ROS Bridge: [/cmd_vel (gz.msgs.Twist) -> /cmd_vel (geometry_msgs/msg/Twist)] (Lazy 0)
[parameter_bridge-3] [INFO] [1787347227.541373465] [ros_gz_bridge]: Creating ROS->GZ Bridge: [/cmd_vel (geometry_msgs/msg/Twist) -> /cmd_vel (gz.msgs.Twist)] (Lazy 0)
[parameter_bridge-3] [INFO] [1787347227.543109297] [ros_gz_bridge]: Creating GZ->ROS Bridge: [/odometry (gz.msgs.Odometry) -> /odometry (nav_msgs/msg/Odometry)] (Lazy 0)
[parameter_bridge-3] [INFO] [1787347227.546605422] [ros_gz_bridge]: Creating ROS->GZ Bridge: [/odometry (nav_msgs/msg/Odometry) -> /odometry (gz.msgs.Odometry)] (Lazy 0)
[parameter_bridge-3] [INFO] [1787347227.548202831] [ros_gz_bridge]: Creating GZ->ROS Bridge: [/camera (gz.msgs.Image) -> /camera (sensor_msgs/msg/Image)] (Lazy 0)
[parameter_bridge-3] [INFO] [1787347227.550826163] [ros_gz_bridge]: Creating ROS->GZ Bridge: [/camera (sensor_msgs/msg/Image) -> /camera (gz.msgs.Image)] (Lazy 0)
[parameter_bridge-3] [INFO] [1787347227.552166581] [ros_gz_bridge]: Creating GZ->ROS Bridge: [/camera_info (gz.msgs.CameraInfo) -> /camera_info (sensor_msgs/msg/CameraInfo)] (Lazy 0)
[parameter_bridge-3] [INFO] [1787347227.553388224] [ros_gz_bridge]: Creating ROS->GZ Bridge: [/camera_info (sensor_msgs/msg/CameraInfo) -> /camera_info (gz.msgs.CameraInfo)] (Lazy 0)
[parameter_bridge-3] [INFO] [1787347227.554677950] [ros_gz_bridge]: Creating GZ->ROS Bridge: [/depth_camera (gz.msgs.Image) -> /depth_camera (sensor_msgs/msg/Image)] (Lazy 0)
[parameter_bridge-3] [INFO] [1787347227.556126078] [ros_gz_bridge]: Creating ROS->GZ Bridge: [/depth_camera (sensor_msgs/msg/Image) -> /depth_camera (gz.msgs.Image)] (Lazy 0)
[parameter_bridge-3] [INFO] [1787347227.557240147] [ros_gz_bridge]: Creating GZ->ROS Bridge: [/imu (gz.msgs.IMU) -> /imu (sensor_msgs/msg/Imu)] (Lazy 0)
[parameter_bridge-3] [INFO] [1787347227.558586036] [ros_gz_bridge]: Creating ROS->GZ Bridge: [/imu (sensor_msgs/msg/Imu) -> /imu (gz.msgs.IMU)] (Lazy 0)
[parameter_bridge-3] [INFO] [1787347227.559883042] [ros_gz_bridge]: Creating GZ->ROS Bridge: [/world/regolith_moon/model/rover/joint_state (gz.msgs.Model) -> /world/regolith_moon/model/rover/joint_state (sensor_msgs/msg/JointState)] (Lazy 0)
[parameter_bridge-3] [INFO] [1787347227.561131976] [ros_gz_bridge]: Creating ROS->GZ Bridge: [/world/regolith_moon/model/rover/joint_state (sensor_msgs/msg/JointState) -> /world/regolith_moon/model/rover/joint_state (gz.msgs.Model)] (Lazy 0)
[parameter_bridge-3] [INFO] [1787347227.562462629] [ros_gz_bridge]: Creating GZ->ROS Bridge: [/model/rover/pose (gz.msgs.Pose) -> /model/rover/pose (geometry_msgs/msg/PoseStamped)] (Lazy 0)
[flip_recovery_node.py-10] [INFO] [1787347227.986644808] [regolith_flip_recovery]: Flip/stuck recovery armed (simulated set_pose backstop for flips, straight-line cmd_vel override for stuck-but-upright)
[wheel_slip_node.py-4] [INFO] [1787347228.011154156] [regolith_wheel_slip]: Wheel-slip ZUPT armed: /odom -> /odom/gated (onboard signals only - wheel odometry and IMU, never ground truth). legacy_rigid_body_signature=False
[mission_markers_node.py-11] [INFO] [1787347228.059838151] [regolith_mission_markers]: Mission markers active - start at (0.0, 0.0), Gazebo flags on, RViz on /mission_markers
[costmap_node-7] [INFO] [1787347228.087484725] [regolith_costmap]: Published costmap: 256x256 cells at 0.781 m/cell
[planner_node-8] [WARN] [1787347231.939041517] [regolith_planner]: No costmap or current pose yet - ignoring goal
[planner_node-8] [INFO] [1787347240.988452345] [regolith_planner]: Planned path: 73 waypoints, start=(127, 128) goal=(86, 60)
[parameter_bridge-3] [INFO] [1787347241.591211016] [ros_gz_bridge]: Passing message from ROS geometry_msgs/msg/Twist to Gazebo gz.msgs.Twist (showing msg only once per type)
[pure_pursuit_node-9] [WARN] [1787347275.438131784] [regolith_pure_pursuit]: Stalled for 8s - stopping and replanning
[planner_node-8] [INFO] [1787347275.517505785] [regolith_planner]: Planned path: 73 waypoints, start=(127, 128) goal=(86, 60)
[pure_pursuit_node-9] [INFO] [1787347279.065193227] [regolith_pure_pursuit]: Recovery node has taken over /cmd_vel - pausing path following
[pure_pursuit_node-9] [INFO] [1787347279.072859637] [regolith_pure_pursuit]: Costmap changed (a new keep-out zone) - restoring the replan budget: the route being retried is not the one that already failed
[costmap_node-7] [WARN] [1787347279.073090701] [regolith_costmap]: Hazard #1 marked at (-0.32, -0.73): 13 cells lethal (1.2 m + 0.3 m rover radius). The rover got wedged here; the planner will route around it from now on.
[pure_pursuit_node-9] [INFO] [1787347299.601650659] [regolith_pure_pursuit]: Recovery finished - resuming path following
[flip_recovery_node.py-10] [WARN] [1787347299.662213668] [regolith_flip_recovery]: STUCK RECOVERY #1 (escalation level 0, triggered by ground truth; 1 ground-truth / 0 onboard triggers so far). Escape maneuver: reversed 0.20 m/s for 3.0s, then turned left at 0.50 rad/s for 2.0s (sim time, at a measured 0.23x real time). A real rover's FDIR could do the same - this is not a simulated teleport.
[planner_node-8] [WARN] [1787347299.663535306] [regolith_planner]: Current-position cell (128, 128) is lethal (drift, or a keep-out zone this rover marked itself) - planning from the nearest free cell (128, 129) instead
[flip_recovery_node.py-10] [WARN] [1787347299.666888559] [regolith_flip_recovery]: STUCK RECOVERY #1 result: ground truth moved 0.63 m during the maneuver - FREED (1/1 escapes have freed the rover so far)
[planner_node-8] [INFO] [1787347299.751592412] [regolith_planner]: Planned path: 74 waypoints, start=(128, 129) goal=(86, 60)
[pure_pursuit_node-9] [INFO] [1787347314.201780312] [regolith_pure_pursuit]: Recovery node has taken over /cmd_vel - pausing path following
[costmap_node-7] [WARN] [1787347314.210403035] [regolith_costmap]: Hazard #2 marked at (-0.23, -0.06): 13 cells lethal (1.2 m + 0.3 m rover radius). The rover got wedged here; the planner will route around it from now on.
[pure_pursuit_node-9] [INFO] [1787347354.128592015] [regolith_pure_pursuit]: Recovery finished - resuming path following
[flip_recovery_node.py-10] [WARN] [1787347354.189080003] [regolith_flip_recovery]: STUCK RECOVERY #2 (escalation level 1, triggered by ground truth; 2 ground-truth / 0 onboard triggers so far). Escape maneuver: reversed 0.20 m/s for 6.0s, then turned right at 0.50 rad/s for 3.5s (sim time, at a measured 0.23x real time). A real rover's FDIR could do the same - this is not a simulated teleport.
[planner_node-8] [INFO] [1787347354.259485148] [regolith_planner]: Planned path: 74 waypoints, start=(129, 129) goal=(86, 60)
[flip_recovery_node.py-10] [WARN] [1787347358.093110416] [regolith_flip_recovery]: STUCK RECOVERY #2 result: ground truth moved 1.14 m during the maneuver - FREED (2/2 escapes have freed the rover so far)
[wheel_slip_node.py-4] [WARN] [1787348135.008180672] [regolith_wheel_slip]: WHEEL SLIP #1: over the last 15.0 s the wheels claim 2.40 m and 2.55 rad of turning; the gyro saw 0.37 rad (14% of it) and the attitude spanned 12.21 deg. Feeding the EKF a zero-velocity update instead of the wheels' claim.
[pure_pursuit_node-9] [INFO] [1787348155.354192431] [regolith_pure_pursuit]: Recovery node has taken over /cmd_vel - pausing path following
[costmap_node-7] [WARN] [1787348155.362224477] [regolith_costmap]: Hazard #3 marked at (-28.41, -7.53): 13 cells lethal (1.2 m + 0.3 m rover radius). The rover got wedged here; the planner will route around it from now on.
[wheel_slip_node.py-4] [WARN] [1787348168.852885178] [regolith_wheel_slip]: WHEEL SLIP #1 cleared - over the last 5.0 s the wheels claimed 0.34 rad of turning and the gyro corroborated 25% of it. Phantom distance kept out of the EKF so far: 1.47 m.
[wheel_slip_node.py-4] [WARN] [1787348168.925958906] [regolith_wheel_slip]: WHEEL SLIP #2: over the last 15.0 s the wheels claim 2.46 m and 2.01 rad of turning; the gyro saw 0.15 rad (7% of it) and the attitude spanned 16.01 deg. Feeding the EKF a zero-velocity update instead of the wheels' claim.
[pure_pursuit_node-9] [INFO] [1787348175.134080526] [regolith_pure_pursuit]: Recovery finished - resuming path following
[flip_recovery_node.py-10] [WARN] [1787348175.195202118] [regolith_flip_recovery]: STUCK RECOVERY #3 (escalation level 0, triggered by wheel slip (onboard); 2 ground-truth / 1 onboard triggers so far). Escape maneuver: reversed 0.20 m/s for 3.0s, then turned left at 0.50 rad/s for 2.0s (sim time, at a measured 0.24x real time). A real rover's FDIR could do the same - this is not a simulated teleport.
[planner_node-8] [WARN] [1787348175.197641887] [regolith_planner]: Current-position cell (118, 92) is lethal (drift, or a keep-out zone this rover marked itself) - planning from the nearest free cell (117, 93) instead
[planner_node-8] [INFO] [1787348175.224423952] [regolith_planner]: Planned path: 38 waypoints, start=(117, 93) goal=(86, 60)
[wheel_slip_node.py-4] [WARN] [1787348176.897970010] [regolith_wheel_slip]: WHEEL SLIP #2 cleared - over the last 5.0 s the wheels claimed 0.71 rad of turning and the gyro corroborated 80% of it. Phantom distance kept out of the EKF so far: 1.49 m.
[flip_recovery_node.py-10] [WARN] [1787348179.410267187] [regolith_flip_recovery]: STUCK RECOVERY #3 result: ground truth moved 0.58 m during the maneuver - FREED (3/3 escapes have freed the rover so far)
[pure_pursuit_node-9] [INFO] [1787348201.347295147] [regolith_pure_pursuit]: Recovery node has taken over /cmd_vel - pausing path following
[costmap_node-7] [WARN] [1787348201.356006859] [regolith_costmap]: Hazard #4 marked at (-27.93, -8.34): 13 cells lethal (1.2 m + 0.3 m rover radius). The rover got wedged here; the planner will route around it from now on.
[pure_pursuit_node-9] [INFO] [1787348240.626046815] [regolith_pure_pursuit]: Recovery finished - resuming path following
[flip_recovery_node.py-10] [WARN] [1787348240.686753394] [regolith_flip_recovery]: STUCK RECOVERY #4 (escalation level 1, triggered by ground truth; 3 ground-truth / 1 onboard triggers so far). Escape maneuver: reversed 0.20 m/s for 6.0s, then turned right at 0.50 rad/s for 3.5s (sim time, at a measured 0.24x real time). A real rover's FDIR could do the same - this is not a simulated teleport.
[planner_node-8] [WARN] [1787348240.688183771] [regolith_planner]: Current-position cell (119, 92) is lethal (drift, or a keep-out zone this rover marked itself) - planning from the nearest free cell (119, 93) instead
[planner_node-8] [INFO] [1787348240.716604803] [regolith_planner]: Planned path: 38 waypoints, start=(119, 93) goal=(86, 60)
[flip_recovery_node.py-10] [WARN] [1787348245.492027942] [regolith_flip_recovery]: STUCK RECOVERY #4 result: ground truth moved 1.19 m during the maneuver - FREED (4/4 escapes have freed the rover so far)
[wheel_slip_node.py-4] [WARN] [1787348421.840013015] [regolith_wheel_slip]: WHEEL SLIP #3: over the last 15.0 s the wheels claim 1.58 m and 1.33 rad of turning; the gyro saw 0.19 rad (14% of it) and the attitude spanned 8.78 deg. Feeding the EKF a zero-velocity update instead of the wheels' claim.
[pure_pursuit_node-9] [INFO] [1787348445.121906347] [regolith_pure_pursuit]: Recovery node has taken over /cmd_vel - pausing path following
[costmap_node-7] [WARN] [1787348445.129172701] [regolith_costmap]: Hazard #5 marked at (-31.58, -7.96): 13 cells lethal (1.2 m + 0.3 m rover radius). The rover got wedged here; the planner will route around it from now on.
[wheel_slip_node.py-4] [WARN] [1787348462.277038559] [regolith_wheel_slip]: WHEEL SLIP #3 cleared - over the last 5.0 s the wheels claimed 0.17 rad of turning and the gyro corroborated 9% of it. Phantom distance kept out of the EKF so far: 3.10 m.
[wheel_slip_node.py-4] [WARN] [1787348462.383739592] [regolith_wheel_slip]: WHEEL SLIP #4: over the last 15.0 s the wheels claim 2.22 m and 2.80 rad of turning; the gyro saw 0.13 rad (5% of it) and the attitude spanned 6.70 deg. Feeding the EKF a zero-velocity update instead of the wheels' claim.
[wheel_slip_node.py-4] [WARN] [1787348470.464307535] [regolith_wheel_slip]: WHEEL SLIP #4 cleared - over the last 5.0 s the wheels claimed 0.00 rad of turning and the gyro corroborated nan% of it. Phantom distance kept out of the EKF so far: 3.50 m.
[wheel_slip_node.py-4] [WARN] [1787348470.540753650] [regolith_wheel_slip]: WHEEL SLIP #5: over the last 15.0 s the wheels claim 2.48 m and 2.46 rad of turning; the gyro saw 0.11 rad (5% of it) and the attitude spanned 5.46 deg. Feeding the EKF a zero-velocity update instead of the wheels' claim.
[wheel_slip_node.py-4] [WARN] [1787348477.435488579] [regolith_wheel_slip]: WHEEL SLIP #5 cleared - over the last 5.0 s the wheels claimed 0.00 rad of turning and the gyro corroborated nan% of it. Phantom distance kept out of the EKF so far: 3.90 m.
[wheel_slip_node.py-4] [WARN] [1787348477.518271312] [regolith_wheel_slip]: WHEEL SLIP #6: over the last 15.0 s the wheels claim 2.60 m and 1.95 rad of turning; the gyro saw 0.03 rad (2% of it) and the attitude spanned 0.92 deg. Feeding the EKF a zero-velocity update instead of the wheels' claim.
[wheel_slip_node.py-4] [WARN] [1787348485.447683481] [regolith_wheel_slip]: WHEEL SLIP #6 cleared - over the last 5.0 s the wheels claimed 0.00 rad of turning and the gyro corroborated nan% of it. Phantom distance kept out of the EKF so far: 4.30 m.
[wheel_slip_node.py-4] [WARN] [1787348485.530030892] [regolith_wheel_slip]: WHEEL SLIP #7: over the last 15.0 s the wheels claim 2.71 m and 1.34 rad of turning; the gyro saw 0.02 rad (1% of it) and the attitude spanned 0.87 deg. Feeding the EKF a zero-velocity update instead of the wheels' claim.
[wheel_slip_node.py-4] [WARN] [1787348493.341019811] [regolith_wheel_slip]: WHEEL SLIP #7 cleared - over the last 5.0 s the wheels claimed 0.49 rad of turning and the gyro corroborated 72% of it. Phantom distance kept out of the EKF so far: 4.37 m.
[pure_pursuit_node-9] [INFO] [1787348508.070675717] [regolith_pure_pursuit]: Recovery finished - resuming path following
[flip_recovery_node.py-10] [WARN] [1787348508.131271624] [regolith_flip_recovery]: STUCK RECOVERY #5 (escalation level 2, triggered by wheel slip (onboard); 3 ground-truth / 2 onboard triggers so far). Escape maneuver: reversed 0.20 m/s for 10.0s, then turned left at 0.50 rad/s for 5.0s (sim time, at a measured 0.23x real time). A real rover's FDIR could do the same - this is not a simulated teleport.
[planner_node-8] [WARN] [1787348508.133311078] [regolith_planner]: Current-position cell (118, 88) is lethal (drift, or a keep-out zone this rover marked itself) - planning from the nearest free cell (119, 88) instead
[planner_node-8] [INFO] [1787348508.154819700] [regolith_planner]: Planned path: 36 waypoints, start=(119, 88) goal=(86, 60)
[flip_recovery_node.py-10] [WARN] [1787348512.122005372] [regolith_flip_recovery]: STUCK RECOVERY #5 result: ground truth moved 2.10 m during the maneuver - FREED (5/5 escapes have freed the rover so far)
[pure_pursuit_node-9] [WARN] [1787348540.410186053] [regolith_pure_pursuit]: Stalled for 8s - stopping and replanning
[planner_node-8] [WARN] [1787348540.411634343] [regolith_planner]: Current-position cell (118, 88) is lethal (drift, or a keep-out zone this rover marked itself) - planning from the nearest free cell (119, 88) instead
[planner_node-8] [INFO] [1787348540.434366472] [regolith_planner]: Planned path: 36 waypoints, start=(119, 88) goal=(86, 60)
[wheel_slip_node.py-4] [WARN] [1787348751.740248238] [regolith_wheel_slip]: WHEEL SLIP #8: over the last 15.0 s the wheels claim 2.03 m and 2.43 rad of turning; the gyro saw 0.35 rad (14% of it) and the attitude spanned 12.46 deg. Feeding the EKF a zero-velocity update instead of the wheels' claim.
[pure_pursuit_node-9] [INFO] [1787348771.628466260] [regolith_pure_pursuit]: Recovery node has taken over /cmd_vel - pausing path following
[costmap_node-7] [WARN] [1787348771.635660669] [regolith_costmap]: Hazard #6 marked at (-35.73, -9.62): 13 cells lethal (1.2 m + 0.3 m rover radius). The rover got wedged here; the planner will route around it from now on.
[pure_pursuit_node-9] [INFO] [1787348771.635787228] [regolith_pure_pursuit]: Costmap changed (a new keep-out zone) - restoring the replan budget: the route being retried is not the one that already failed
[wheel_slip_node.py-4] [WARN] [1787348784.719272397] [regolith_wheel_slip]: WHEEL SLIP #8 cleared - over the last 5.0 s the wheels claimed 0.56 rad of turning and the gyro corroborated 25% of it. Phantom distance kept out of the EKF so far: 5.66 m.
[wheel_slip_node.py-4] [WARN] [1787348784.797259152] [regolith_wheel_slip]: WHEEL SLIP #9: over the last 15.0 s the wheels claim 2.19 m and 3.55 rad of turning; the gyro saw 0.18 rad (5% of it) and the attitude spanned 10.68 deg. Feeding the EKF a zero-velocity update instead of the wheels' claim.
[wheel_slip_node.py-4] [WARN] [1787348791.462818496] [regolith_wheel_slip]: WHEEL SLIP #9 cleared - over the last 5.0 s the wheels claimed 0.00 rad of turning and the gyro corroborated nan% of it. Phantom distance kept out of the EKF so far: 6.06 m.
[wheel_slip_node.py-4] [WARN] [1787348791.544184358] [regolith_wheel_slip]: WHEEL SLIP #10: over the last 15.0 s the wheels claim 2.30 m and 2.94 rad of turning; the gyro saw 0.18 rad (6% of it) and the attitude spanned 10.36 deg. Feeding the EKF a zero-velocity update instead of the wheels' claim.
[wheel_slip_node.py-4] [WARN] [1787348799.412318346] [regolith_wheel_slip]: WHEEL SLIP #10 cleared - over the last 5.0 s the wheels claimed 0.00 rad of turning and the gyro corroborated nan% of it. Phantom distance kept out of the EKF so far: 6.46 m.
[wheel_slip_node.py-4] [WARN] [1787348799.492399971] [regolith_wheel_slip]: WHEEL SLIP #11: over the last 15.0 s the wheels claim 2.43 m and 2.34 rad of turning; the gyro saw 0.17 rad (7% of it) and the attitude spanned 9.77 deg. Feeding the EKF a zero-velocity update instead of the wheels' claim.
[wheel_slip_node.py-4] [WARN] [1787348807.391425144] [regolith_wheel_slip]: WHEEL SLIP #11 cleared - over the last 5.0 s the wheels claimed 0.00 rad of turning and the gyro corroborated nan% of it. Phantom distance kept out of the EKF so far: 6.86 m.
[wheel_slip_node.py-4] [WARN] [1787348807.469460749] [regolith_wheel_slip]: WHEEL SLIP #12: over the last 15.0 s the wheels claim 2.57 m and 1.73 rad of turning; the gyro saw 0.15 rad (9% of it) and the attitude spanned 8.96 deg. Feeding the EKF a zero-velocity update instead of the wheels' claim.
[wheel_slip_node.py-4] [WARN] [1787348815.394948124] [regolith_wheel_slip]: WHEEL SLIP #12 cleared - over the last 5.0 s the wheels claimed 0.24 rad of turning and the gyro corroborated 67% of it. Phantom distance kept out of the EKF so far: 7.09 m.
[pure_pursuit_node-9] [INFO] [1787348837.035326722] [regolith_pure_pursuit]: Recovery finished - resuming path following
[flip_recovery_node.py-10] [WARN] [1787348837.096107099] [regolith_flip_recovery]: STUCK RECOVERY #6 (escalation level 3, triggered by wheel slip (onboard); 3 ground-truth / 3 onboard triggers so far). Escape maneuver: reversed 0.20 m/s for 10.0s, then turned right at 0.50 rad/s for 6.5s (sim time, at a measured 0.24x real time). A real rover's FDIR could do the same - this is not a simulated teleport.
[planner_node-8] [WARN] [1787348837.097944425] [regolith_planner]: Current-position cell (116, 83) is lethal (drift, or a keep-out zone this rover marked itself) - planning from the nearest free cell (116, 84) instead
[planner_node-8] [INFO] [1787348837.118844633] [regolith_planner]: Planned path: 31 waypoints, start=(116, 84) goal=(86, 60)
[flip_recovery_node.py-10] [WARN] [1787348841.546159942] [regolith_flip_recovery]: STUCK RECOVERY #6 result: ground truth moved 2.04 m during the maneuver - FREED (6/6 escapes have freed the rover so far)
[pure_pursuit_node-9] [INFO] [1787348849.376054595] [regolith_pure_pursuit]: Recovery node has taken over /cmd_vel - pausing path following
[costmap_node-7] [WARN] [1787348849.384078410] [regolith_costmap]: Hazard #7 marked at (-35.86, -9.07): 13 cells lethal (1.2 m + 0.3 m rover radius). The rover got wedged here; the planner will route around it from now on.
[pure_pursuit_node-9] [INFO] [1787348921.200108746] [regolith_pure_pursuit]: Recovery finished - resuming path following
[flip_recovery_node.py-10] [WARN] [1787348921.260841428] [regolith_flip_recovery]: STUCK RECOVERY #7 (escalation level 4, triggered by ground truth; 4 ground-truth / 3 onboard triggers so far). Escape maneuver: reversed 0.20 m/s for 10.0s, then turned left at 0.50 rad/s for 8.0s (sim time, at a measured 0.24x real time). A real rover's FDIR could do the same - this is not a simulated teleport.
[planner_node-8] [INFO] [1787348921.278258738] [regolith_planner]: Planned path: 31 waypoints, start=(116, 85) goal=(86, 60)
[flip_recovery_node.py-10] [WARN] [1787348926.054102202] [regolith_flip_recovery]: STUCK RECOVERY #7 result: ground truth moved 1.96 m during the maneuver - FREED (7/7 escapes have freed the rover so far)
[ruby $(which gz) sim-1] NodeShared::Publish() Error: Interrupted system call
[wheel_slip_node.py-4] [WARN] [1787349037.321879247] [regolith_wheel_slip]: WHEEL SLIP #13: over the last 15.0 s the wheels claim 1.15 m and 4.21 rad of turning; the gyro saw 0.61 rad (14% of it) and the attitude spanned 28.12 deg. Feeding the EKF a zero-velocity update instead of the wheels' claim.
[pure_pursuit_node-9] [WARN] [1787349048.767402790] [regolith_pure_pursuit]: Stalled for 8s - stopping and replanning
[planner_node-8] [WARN] [1787349048.768738864] [regolith_planner]: Current-position cell (113, 82) is lethal (drift, or a keep-out zone this rover marked itself) - planning from the nearest free cell (112, 82) instead
[planner_node-8] [INFO] [1787349048.781180058] [regolith_planner]: Planned path: 27 waypoints, start=(112, 82) goal=(86, 60)
[pure_pursuit_node-9] [INFO] [1787349058.013089324] [regolith_pure_pursuit]: Recovery node has taken over /cmd_vel - pausing path following
[costmap_node-7] [WARN] [1787349058.019825997] [regolith_costmap]: Hazard #8 marked at (-36.08, -11.78): 13 cells lethal (1.2 m + 0.3 m rover radius). The rover got wedged here; the planner will route around it from now on.
[pure_pursuit_node-9] [INFO] [1787349058.019961473] [regolith_pure_pursuit]: Costmap changed (a new keep-out zone) - restoring the replan budget: the route being retried is not the one that already failed
[wheel_slip_node.py-4] [WARN] [1787349074.727627448] [regolith_wheel_slip]: WHEEL SLIP #13 cleared - over the last 5.0 s the wheels claimed 0.16 rad of turning and the gyro corroborated 10% of it. Phantom distance kept out of the EKF so far: 8.16 m.
[wheel_slip_node.py-4] [WARN] [1787349074.804093107] [regolith_wheel_slip]: WHEEL SLIP #14: over the last 15.0 s the wheels claim 1.20 m and 3.15 rad of turning; the gyro saw 0.15 rad (5% of it) and the attitude spanned 14.50 deg. Feeding the EKF a zero-velocity update instead of the wheels' claim.
[wheel_slip_node.py-4] [WARN] [1787349082.601725322] [regolith_wheel_slip]: WHEEL SLIP #14 cleared - over the last 5.0 s the wheels claimed 0.00 rad of turning and the gyro corroborated nan% of it. Phantom distance kept out of the EKF so far: 8.56 m.
[wheel_slip_node.py-4] [WARN] [1787349082.674690672] [regolith_wheel_slip]: WHEEL SLIP #15: over the last 15.0 s the wheels claim 1.55 m and 2.54 rad of turning; the gyro saw 0.12 rad (5% of it) and the attitude spanned 15.57 deg. Feeding the EKF a zero-velocity update instead of the wheels' claim.
[wheel_slip_node.py-4] [WARN] [1787349090.352606219] [regolith_wheel_slip]: WHEEL SLIP #15 cleared - over the last 5.0 s the wheels claimed 0.00 rad of turning and the gyro corroborated nan% of it. Phantom distance kept out of the EKF so far: 8.96 m.
[wheel_slip_node.py-4] [WARN] [1787349090.425984578] [regolith_wheel_slip]: WHEEL SLIP #16: over the last 15.0 s the wheels claim 1.90 m and 1.93 rad of turning; the gyro saw 0.10 rad (5% of it) and the attitude spanned 15.57 deg. Feeding the EKF a zero-velocity update instead of the wheels' claim.
[wheel_slip_node.py-4] [WARN] [1787349098.218650110] [regolith_wheel_slip]: WHEEL SLIP #16 cleared - over the last 5.0 s the wheels claimed 0.06 rad of turning and the gyro corroborated 55% of it. Phantom distance kept out of the EKF so far: 9.31 m.
[wheel_slip_node.py-4] [WARN] [1787349098.298406797] [regolith_wheel_slip]: WHEEL SLIP #17: over the last 15.0 s the wheels claim 2.21 m and 1.40 rad of turning; the gyro saw 0.11 rad (8% of it) and the attitude spanned 15.57 deg. Feeding the EKF a zero-velocity update instead of the wheels' claim.
[wheel_slip_node.py-4] [WARN] [1787349104.986603702] [regolith_wheel_slip]: WHEEL SLIP #17 cleared - over the last 5.0 s the wheels claimed 0.67 rad of turning and the gyro corroborated 67% of it. Phantom distance kept out of the EKF so far: 9.31 m.
[pure_pursuit_node-9] [INFO] [1787349127.508899206] [regolith_pure_pursuit]: Recovery finished - resuming path following
[flip_recovery_node.py-10] [WARN] [1787349127.569218302] [regolith_flip_recovery]: STUCK RECOVERY #8 (escalation level 5, triggered by wheel slip (onboard); 4 ground-truth / 4 onboard triggers so far). Escape maneuver: reversed 0.20 m/s for 10.0s, then turned right at 0.50 rad/s for 8.0s (sim time, at a measured 0.25x real time). A real rover's FDIR could do the same - this is not a simulated teleport.
[planner_node-8] [WARN] [1787349127.571078446] [regolith_planner]: Current-position cell (113, 82) is lethal (drift, or a keep-out zone this rover marked itself) - planning from the nearest free cell (113, 83) instead
[planner_node-8] [INFO] [1787349127.594284789] [regolith_planner]: Planned path: 40 waypoints, start=(113, 83) goal=(86, 60)
[flip_recovery_node.py-10] [WARN] [1787349131.622984610] [regolith_flip_recovery]: STUCK RECOVERY #8 result: ground truth moved 2.02 m during the maneuver - FREED (8/8 escapes have freed the rover so far)
[wheel_slip_node.py-4] [WARN] [1787349631.926466431] [regolith_wheel_slip]: WHEEL SLIP #18: over the last 15.0 s the wheels claim 1.63 m and 3.35 rad of turning; the gyro saw 0.48 rad (14% of it) and the attitude spanned 20.09 deg. Feeding the EKF a zero-velocity update instead of the wheels' claim.
[pure_pursuit_node-9] [INFO] [1787349635.056636368] [regolith_pure_pursuit]: Recovery node has taken over /cmd_vel - pausing path following
[costmap_node-7] [WARN] [1787349635.064151699] [regolith_costmap]: Hazard #9 marked at (-42.98, -13.40): 13 cells lethal (1.2 m + 0.3 m rover radius). The rover got wedged here; the planner will route around it from now on.
[wheel_slip_node.py-4] [WARN] [1787349648.896358106] [regolith_wheel_slip]: WHEEL SLIP #18 cleared - over the last 5.0 s the wheels claimed 0.56 rad of turning and the gyro corroborated 25% of it. Phantom distance kept out of the EKF so far: 9.99 m.
[wheel_slip_node.py-4] [WARN] [1787349648.969836800] [regolith_wheel_slip]: WHEEL SLIP #19: over the last 15.0 s the wheels claim 1.67 m and 3.53 rad of turning; the gyro saw 0.33 rad (9% of it) and the attitude spanned 18.86 deg. Feeding the EKF a zero-velocity update instead of the wheels' claim.
[pure_pursuit_node-9] [INFO] [1787349654.403902733] [regolith_pure_pursuit]: Recovery finished - resuming path following
[flip_recovery_node.py-10] [WARN] [1787349654.464738177] [regolith_flip_recovery]: STUCK RECOVERY #9 (escalation level 0, triggered by ground truth; 5 ground-truth / 4 onboard triggers so far). Escape maneuver: reversed 0.20 m/s for 3.0s, then turned left at 0.50 rad/s for 2.0s (sim time, at a measured 0.26x real time). A real rover's FDIR could do the same - this is not a simulated teleport.
[planner_node-8] [WARN] [1787349654.466141499] [regolith_planner]: Current-position cell (111, 73) is lethal (drift, or a keep-out zone this rover marked itself) - planning from the nearest free cell (111, 74) instead
[planner_node-8] [INFO] [1787349654.473953045] [regolith_planner]: Planned path: 26 waypoints, start=(111, 74) goal=(86, 60)
[pure_pursuit_node-9] [INFO] [1787349655.203866963] [regolith_pure_pursuit]: Recovery node has taken over /cmd_vel - pausing path following
[costmap_node-7] [WARN] [1787349655.210928157] [regolith_costmap]: Hazard #10 marked at (-42.69, -13.71): 13 cells lethal (1.2 m + 0.3 m rover radius). The rover got wedged here; the planner will route around it from now on.
[wheel_slip_node.py-4] [WARN] [1787349656.538752955] [regolith_wheel_slip]: WHEEL SLIP #19 cleared - over the last 5.0 s the wheels claimed 0.68 rad of turning and the gyro corroborated 83% of it. Phantom distance kept out of the EKF so far: 10.03 m.
[pure_pursuit_node-9] [INFO] [1787349689.853714239] [regolith_pure_pursuit]: Recovery finished - resuming path following
[flip_recovery_node.py-10] [WARN] [1787349689.914490868] [regolith_flip_recovery]: STUCK RECOVERY #10 (escalation level 1, triggered by wheel slip (onboard); 5 ground-truth / 5 onboard triggers so far). Escape maneuver: reversed 0.20 m/s for 6.0s, then turned right at 0.50 rad/s for 3.5s (sim time, at a measured 0.26x real time). A real rover's FDIR could do the same - this is not a simulated teleport.
[planner_node-8] [INFO] [1787349689.925253382] [regolith_planner]: Planned path: 27 waypoints, start=(112, 74) goal=(86, 60)
[flip_recovery_node.py-10] [WARN] [1787349694.384966191] [regolith_flip_recovery]: STUCK RECOVERY #10 result: ground truth moved 1.29 m during the maneuver - FREED (9/10 escapes have freed the rover so far)
[pure_pursuit_node-9] [WARN] [1787349720.205906610] [regolith_pure_pursuit]: Stalled for 8s - stopping and replanning
[planner_node-8] [INFO] [1787349720.216972844] [regolith_planner]: Planned path: 27 waypoints, start=(112, 74) goal=(86, 60)
[pure_pursuit_node-9] [INFO] [1787349795.093375182] [regolith_pure_pursuit]: Recovery node has taken over /cmd_vel - pausing path following
[costmap_node-7] [WARN] [1787349795.100581970] [regolith_costmap]: Hazard #11 marked at (-41.19, -14.83): 13 cells lethal (1.2 m + 0.3 m rover radius). The rover got wedged here; the planner will route around it from now on.
[pure_pursuit_node-9] [INFO] [1787349795.101301311] [regolith_pure_pursuit]: Costmap changed (a new keep-out zone) - restoring the replan budget: the route being retried is not the one that already failed
[wheel_slip_node.py-4] [WARN] [1787349811.141627900] [regolith_wheel_slip]: WHEEL SLIP #20: over the last 15.0 s the wheels claim 1.58 m and 1.94 rad of turning; the gyro saw 0.28 rad (14% of it) and the attitude spanned 14.08 deg. Feeding the EKF a zero-velocity update instead of the wheels' claim.
[wheel_slip_node.py-4] [WARN] [1787349818.568491924] [regolith_wheel_slip]: WHEEL SLIP #20 cleared - over the last 5.0 s the wheels claimed 0.00 rad of turning and the gyro corroborated nan% of it. Phantom distance kept out of the EKF so far: 10.43 m.
[wheel_slip_node.py-4] [WARN] [1787349818.652183404] [regolith_wheel_slip]: WHEEL SLIP #21: over the last 15.0 s the wheels claim 1.81 m and 1.44 rad of turning; the gyro saw 0.12 rad (8% of it) and the attitude spanned 6.50 deg. Feeding the EKF a zero-velocity update instead of the wheels' claim.
[wheel_slip_node.py-4] [WARN] [1787349827.033239506] [regolith_wheel_slip]: WHEEL SLIP #21 cleared - over the last 5.0 s the wheels claimed 0.00 rad of turning and the gyro corroborated nan% of it. Phantom distance kept out of the EKF so far: 10.83 m.
[wheel_slip_node.py-4] [WARN] [1787349827.107961985] [regolith_wheel_slip]: WHEEL SLIP #22: over the last 15.0 s the wheels claim 2.06 m and 1.19 rad of turning; the gyro saw 0.01 rad (1% of it) and the attitude spanned 0.33 deg. Feeding the EKF a zero-velocity update instead of the wheels' claim.
[wheel_slip_node.py-4] [WARN] [1787349835.511819107] [regolith_wheel_slip]: WHEEL SLIP #22 cleared - over the last 5.0 s the wheels claimed 0.13 rad of turning and the gyro corroborated 68% of it. Phantom distance kept out of the EKF so far: 11.14 m.
[wheel_slip_node.py-4] [WARN] [1787349835.595329202] [regolith_wheel_slip]: WHEEL SLIP #23: over the last 15.0 s the wheels claim 2.22 m and 1.03 rad of turning; the gyro saw 0.10 rad (10% of it) and the attitude spanned 5.87 deg. Feeding the EKF a zero-velocity update instead of the wheels' claim.
[wheel_slip_node.py-4] [WARN] [1787349844.089906079] [regolith_wheel_slip]: WHEEL SLIP #23 cleared - over the last 5.0 s the wheels claimed 0.74 rad of turning and the gyro corroborated 85% of it. Phantom distance kept out of the EKF so far: 11.14 m.
[pure_pursuit_node-9] [INFO] [1787349851.236309223] [regolith_pure_pursuit]: Recovery finished - resuming path following
[flip_recovery_node.py-10] [WARN] [1787349851.297859123] [regolith_flip_recovery]: STUCK RECOVERY #11 (escalation level 2, triggered by ground truth; 6 ground-truth / 5 onboard triggers so far). Escape maneuver: reversed 0.20 m/s for 10.0s, then turned left at 0.50 rad/s for 5.0s (sim time, at a measured 0.26x real time). A real rover's FDIR could do the same - this is not a simulated teleport.
[planner_node-8] [WARN] [1787349851.300997149] [regolith_planner]: Current-position cell (111, 75) is lethal (drift, or a keep-out zone this rover marked itself) - planning from the nearest free cell (111, 76) instead
[planner_node-8] [INFO] [1787349851.311944976] [regolith_planner]: Planned path: 26 waypoints, start=(111, 76) goal=(86, 60)
[flip_recovery_node.py-10] [WARN] [1787349856.325356076] [regolith_flip_recovery]: STUCK RECOVERY #11 result: ground truth moved 1.86 m during the maneuver - FREED (10/11 escapes have freed the rover so far)
[ruby $(which gz) sim-1] NodeShared::Publish() Error: Interrupted system call
[pure_pursuit_node-9] [INFO] [1787350006.366396095] [regolith_pure_pursuit]: Recovery node has taken over /cmd_vel - pausing path following
[costmap_node-7] [WARN] [1787350006.376137582] [regolith_costmap]: Hazard #12 marked at (-40.02, -16.25): 13 cells lethal (1.2 m + 0.3 m rover radius). The rover got wedged here; the planner will route around it from now on.
[pure_pursuit_node-9] [INFO] [1787350076.977545137] [regolith_pure_pursuit]: Recovery finished - resuming path following
[flip_recovery_node.py-10] [WARN] [1787350077.038355034] [regolith_flip_recovery]: STUCK RECOVERY #12 (escalation level 3, triggered by ground truth; 7 ground-truth / 5 onboard triggers so far). Escape maneuver: reversed 0.20 m/s for 10.0s, then turned right at 0.50 rad/s for 6.5s (sim time, at a measured 0.23x real time). A real rover's FDIR could do the same - this is not a simulated teleport.
[planner_node-8] [INFO] [1787350077.048286167] [regolith_planner]: Planned path: 26 waypoints, start=(111, 77) goal=(86, 60)
[flip_recovery_node.py-10] [WARN] [1787350081.487513269] [regolith_flip_recovery]: STUCK RECOVERY #12 result: ground truth moved 2.42 m during the maneuver - FREED (11/12 escapes have freed the rover so far)
[pure_pursuit_node-9] [WARN] [1787350107.428418397] [regolith_pure_pursuit]: Stalled for 8s - stopping and replanning
[planner_node-8] [INFO] [1787350107.440363230] [regolith_planner]: Planned path: 26 waypoints, start=(111, 77) goal=(86, 60)
[pure_pursuit_node-9] [INFO] [1787350112.159988347] [regolith_pure_pursuit]: Recovery node has taken over /cmd_vel - pausing path following
[costmap_node-7] [WARN] [1787350112.166984119] [regolith_costmap]: Hazard #13 marked at (-39.56, -13.93): 13 cells lethal (1.2 m + 0.3 m rover radius). The rover got wedged here; the planner will route around it from now on.
[pure_pursuit_node-9] [INFO] [1787350112.167568175] [regolith_pure_pursuit]: Costmap changed (a new keep-out zone) - restoring the replan budget: the route being retried is not the one that already failed
[pure_pursuit_node-9] [INFO] [1787350180.112503744] [regolith_pure_pursuit]: Recovery finished - resuming path following
[flip_recovery_node.py-10] [WARN] [1787350180.173104078] [regolith_flip_recovery]: STUCK RECOVERY #13 (escalation level 4, triggered by ground truth; 8 ground-truth / 5 onboard triggers so far). Escape maneuver: reversed 0.20 m/s for 10.0s, then turned left at 0.50 rad/s for 8.0s (sim time, at a measured 0.26x real time). A real rover's FDIR could do the same - this is not a simulated teleport.
[planner_node-8] [INFO] [1787350180.187474169] [regolith_planner]: Planned path: 29 waypoints, start=(113, 76) goal=(86, 60)
[flip_recovery_node.py-10] [WARN] [1787350184.818628616] [regolith_flip_recovery]: STUCK RECOVERY #13 result: ground truth moved 1.97 m during the maneuver - FREED (12/13 escapes have freed the rover so far)
[wheel_slip_node.py-4] [WARN] [1787350247.626753948] [regolith_wheel_slip]: WHEEL SLIP #24: over the last 15.0 s the wheels claim 1.53 m and 4.50 rad of turning; the gyro saw 0.65 rad (14% of it) and the attitude spanned 29.65 deg. Feeding the EKF a zero-velocity update instead of the wheels' claim.
[wheel_slip_node.py-4] [WARN] [1787350255.471134853] [regolith_wheel_slip]: WHEEL SLIP #24 cleared - over the last 5.0 s the wheels claimed 1.50 rad of turning and the gyro corroborated 34% of it. Phantom distance kept out of the EKF so far: 11.35 m.
[wheel_slip_node.py-4] [WARN] [1787350255.544265999] [regolith_wheel_slip]: WHEEL SLIP #25: over the last 15.0 s the wheels claim 1.51 m and 4.50 rad of turning; the gyro saw 0.63 rad (14% of it) and the attitude spanned 32.29 deg. Feeding the EKF a zero-velocity update instead of the wheels' claim.
[wheel_slip_node.py-4] [WARN] [1787350263.239207200] [regolith_wheel_slip]: WHEEL SLIP #25 cleared - over the last 5.0 s the wheels claimed 1.03 rad of turning and the gyro corroborated 46% of it. Phantom distance kept out of the EKF so far: 11.64 m.
[pure_pursuit_node-9] [INFO] [1787350422.972630038] [regolith_pure_pursuit]: Recovery node has taken over /cmd_vel - pausing path following
[costmap_node-7] [WARN] [1787350422.979779285] [regolith_costmap]: Hazard #14 marked at (-38.80, -16.79): 13 cells lethal (1.2 m + 0.3 m rover radius). The rover got wedged here; the planner will route around it from now on.
[pure_pursuit_node-9] [INFO] [1787350489.773514863] [regolith_pure_pursuit]: Recovery finished - resuming path following
[flip_recovery_node.py-10] [WARN] [1787350489.834363255] [regolith_flip_recovery]: STUCK RECOVERY #14 (escalation level 5, triggered by ground truth; 9 ground-truth / 5 onboard triggers so far). Escape maneuver: reversed 0.20 m/s for 10.0s, then turned right at 0.50 rad/s for 8.0s (sim time, at a measured 0.26x real time). A real rover's FDIR could do the same - this is not a simulated teleport.
[planner_node-8] [INFO] [1787350489.843085230] [regolith_planner]: Planned path: 25 waypoints, start=(109, 79) goal=(86, 60)
[flip_recovery_node.py-10] [WARN] [1787350494.659664802] [regolith_flip_recovery]: STUCK RECOVERY #14 result: ground truth moved 2.05 m during the maneuver - FREED (13/14 escapes have freed the rover so far)
[pure_pursuit_node-9] [INFO] [1787350502.057289833] [regolith_pure_pursuit]: Recovery node has taken over /cmd_vel - pausing path following
[costmap_node-7] [WARN] [1787350502.064673788] [regolith_costmap]: Hazard #15 marked at (-38.61, -14.12): 13 cells lethal (1.2 m + 0.3 m rover radius). The rover got wedged here; the planner will route around it from now on.
[pure_pursuit_node-9] [INFO] [1787350570.721096510] [regolith_pure_pursuit]: Recovery finished - resuming path following
[flip_recovery_node.py-10] [WARN] [1787350570.781512367] [regolith_flip_recovery]: STUCK RECOVERY #15 (escalation level 6, triggered by ground truth; 10 ground-truth / 5 onboard triggers so far). Escape maneuver: reversed 0.20 m/s for 10.0s, then turned left at 0.50 rad/s for 8.0s (sim time, at a measured 0.25x real time). A real rover's FDIR could do the same - this is not a simulated teleport.
[planner_node-8] [INFO] [1787350570.789626275] [regolith_planner]: Planned path: 25 waypoints, start=(109, 82) goal=(86, 60)
[flip_recovery_node.py-10] [WARN] [1787350575.605954757] [regolith_flip_recovery]: STUCK RECOVERY #15 result: ground truth moved 1.99 m during the maneuver - FREED (14/15 escapes have freed the rover so far)
[pure_pursuit_node-9] [INFO] [1787350909.644429755] [regolith_pure_pursuit]: Recovery node has taken over /cmd_vel - pausing path following
[costmap_node-7] [WARN] [1787350909.651900149] [regolith_costmap]: Hazard #16 marked at (-42.31, -22.13): 13 cells lethal (1.2 m + 0.3 m rover radius). The rover got wedged here; the planner will route around it from now on.
[wheel_slip_node.py-4] [WARN] [1787350936.051114367] [regolith_wheel_slip]: WHEEL SLIP #26: over the last 15.0 s the wheels claim 2.17 m and 2.22 rad of turning; the gyro saw 0.32 rad (14% of it) and the attitude spanned 17.82 deg. Feeding the EKF a zero-velocity update instead of the wheels' claim.
[wheel_slip_node.py-4] [WARN] [1787350943.693488826] [regolith_wheel_slip]: WHEEL SLIP #26 cleared - over the last 5.0 s the wheels claimed 0.00 rad of turning and the gyro corroborated nan% of it. Phantom distance kept out of the EKF so far: 12.04 m.
[wheel_slip_node.py-4] [WARN] [1787350943.772244495] [regolith_wheel_slip]: WHEEL SLIP #27: over the last 15.0 s the wheels claim 2.33 m and 1.82 rad of turning; the gyro saw 0.16 rad (9% of it) and the attitude spanned 11.35 deg. Feeding the EKF a zero-velocity update instead of the wheels' claim.
[wheel_slip_node.py-4] [WARN] [1787350951.339100343] [regolith_wheel_slip]: WHEEL SLIP #27 cleared - over the last 5.0 s the wheels claimed 0.26 rad of turning and the gyro corroborated 82% of it. Phantom distance kept out of the EKF so far: 12.26 m.
[pure_pursuit_node-9] [INFO] [1787350977.412680431] [regolith_pure_pursuit]: Recovery finished - resuming path following
[flip_recovery_node.py-10] [WARN] [1787350977.473367165] [regolith_flip_recovery]: STUCK RECOVERY #16 (escalation level 7, triggered by ground truth; 11 ground-truth / 5 onboard triggers so far). Escape maneuver: reversed 0.20 m/s for 10.0s, then turned right at 0.50 rad/s for 8.0s (sim time, at a measured 0.26x real time). A real rover's FDIR could do the same - this is not a simulated teleport.
[planner_node-8] [INFO] [1787350977.478872273] [regolith_planner]: Planned path: 18 waypoints, start=(100, 76) goal=(86, 60)
[flip_recovery_node.py-10] [WARN] [1787350982.202678047] [regolith_flip_recovery]: STUCK RECOVERY #16 result: ground truth moved 1.88 m during the maneuver - FREED (15/16 escapes have freed the rover so far)
[pure_pursuit_node-9] [INFO] [1787351002.001070963] [regolith_pure_pursuit]: Recovery node has taken over /cmd_vel - pausing path following
[costmap_node-7] [WARN] [1787351002.008033328] [regolith_costmap]: Hazard #17 marked at (-41.16, -21.13): 13 cells lethal (1.2 m + 0.3 m rover radius). The rover got wedged here; the planner will route around it from now on.
[pure_pursuit_node-9] [INFO] [1787351069.896345133] [regolith_pure_pursuit]: Recovery finished - resuming path following
[flip_recovery_node.py-10] [WARN] [1787351069.957027060] [regolith_flip_recovery]: STUCK RECOVERY #17 (escalation level 8, triggered by ground truth; 12 ground-truth / 5 onboard triggers so far). Escape maneuver: reversed 0.20 m/s for 10.0s, then turned left at 0.50 rad/s for 8.0s (sim time, at a measured 0.26x real time). A real rover's FDIR could do the same - this is not a simulated teleport.
[planner_node-8] [INFO] [1787351069.962643153] [regolith_planner]: Planned path: 19 waypoints, start=(100, 78) goal=(86, 60)
[flip_recovery_node.py-10] [WARN] [1787351074.503488487] [regolith_flip_recovery]: STUCK RECOVERY #17 result: ground truth moved 1.94 m during the maneuver - FREED (16/17 escapes have freed the rover so far)
[pure_pursuit_node-9] [INFO] [1787351139.293182230] [regolith_pure_pursuit]: Recovery node has taken over /cmd_vel - pausing path following
[costmap_node-7] [WARN] [1787351139.299459247] [regolith_costmap]: Hazard #18 marked at (-40.34, -22.60): 13 cells lethal (1.2 m + 0.3 m rover radius). The rover got wedged here; the planner will route around it from now on.
[wheel_slip_node.py-4] [WARN] [1787351165.258453262] [regolith_wheel_slip]: WHEEL SLIP #28: over the last 15.0 s the wheels claim 2.16 m and 2.18 rad of turning; the gyro saw 0.32 rad (14% of it) and the attitude spanned 17.26 deg. Feeding the EKF a zero-velocity update instead of the wheels' claim.
[wheel_slip_node.py-4] [WARN] [1787351172.807570127] [regolith_wheel_slip]: WHEEL SLIP #28 cleared - over the last 5.0 s the wheels claimed 0.00 rad of turning and the gyro corroborated nan% of it. Phantom distance kept out of the EKF so far: 12.66 m.
[wheel_slip_node.py-4] [WARN] [1787351172.882978575] [regolith_wheel_slip]: WHEEL SLIP #29: over the last 15.0 s the wheels claim 2.33 m and 1.81 rad of turning; the gyro saw 0.15 rad (8% of it) and the attitude spanned 11.59 deg. Feeding the EKF a zero-velocity update instead of the wheels' claim.
[wheel_slip_node.py-4] [WARN] [1787351179.310293239] [regolith_wheel_slip]: WHEEL SLIP #29 cleared - over the last 5.0 s the wheels claimed 0.21 rad of turning and the gyro corroborated 89% of it. Phantom distance kept out of the EKF so far: 12.92 m.
[pure_pursuit_node-9] [INFO] [1787351207.347290106] [regolith_pure_pursuit]: Recovery finished - resuming path following
[flip_recovery_node.py-10] [WARN] [1787351207.407778426] [regolith_flip_recovery]: STUCK RECOVERY #18 (escalation level 9, triggered by ground truth; 13 ground-truth / 5 onboard triggers so far). Escape maneuver: reversed 0.20 m/s for 10.0s, then turned right at 0.50 rad/s for 8.0s (sim time, at a measured 0.26x real time). A real rover's FDIR could do the same - this is not a simulated teleport.
[planner_node-8] [INFO] [1787351207.412449903] [regolith_planner]: Planned path: 21 waypoints, start=(100, 78) goal=(86, 60)
[flip_recovery_node.py-10] [WARN] [1787351210.335530956] [regolith_flip_recovery]: STUCK RECOVERY #18 result: ground truth moved 1.93 m during the maneuver - FREED (17/18 escapes have freed the rover so far)
[pure_pursuit_node-9] [INFO] [1787351231.006491027] [regolith_pure_pursuit]: Recovery node has taken over /cmd_vel - pausing path following
[costmap_node-7] [WARN] [1787351231.013585361] [regolith_costmap]: Hazard #19 marked at (-39.14, -21.54): 13 cells lethal (1.2 m + 0.3 m rover radius). The rover got wedged here; the planner will route around it from now on.
[pure_pursuit_node-9] [INFO] [1787351299.660932512] [regolith_pure_pursuit]: Recovery finished - resuming path following
[flip_recovery_node.py-10] [WARN] [1787351299.721596006] [regolith_flip_recovery]: STUCK RECOVERY #19 (escalation level 10, triggered by ground truth; 14 ground-truth / 5 onboard triggers so far). Escape maneuver: reversed 0.20 m/s for 10.0s, then turned left at 0.50 rad/s for 8.0s (sim time, at a measured 0.25x real time). A real rover's FDIR could do the same - this is not a simulated teleport.
[planner_node-8] [INFO] [1787351299.726070097] [regolith_planner]: Planned path: 22 waypoints, start=(99, 81) goal=(86, 60)
[flip_recovery_node.py-10] [WARN] [1787351302.701234997] [regolith_flip_recovery]: STUCK RECOVERY #19 result: ground truth moved 1.97 m during the maneuver - FREED (18/19 escapes have freed the rover so far)
[pure_pursuit_node-9] [INFO] [1787351353.692627637] [regolith_pure_pursuit]: Recovery node has taken over /cmd_vel - pausing path following
[costmap_node-7] [WARN] [1787351353.700023035] [regolith_costmap]: Hazard #20 marked at (-37.96, -23.23): 13 cells lethal (1.2 m + 0.3 m rover radius). The rover got wedged here; the planner will route around it from now on.
[wheel_slip_node.py-4] [WARN] [1787351379.355601661] [regolith_wheel_slip]: WHEEL SLIP #30: over the last 15.0 s the wheels claim 2.16 m and 2.23 rad of turning; the gyro saw 0.32 rad (14% of it) and the attitude spanned 17.48 deg. Feeding the EKF a zero-velocity update instead of the wheels' claim.
[wheel_slip_node.py-4] [WARN] [1787351387.112461792] [regolith_wheel_slip]: WHEEL SLIP #30 cleared - over the last 5.0 s the wheels claimed 0.00 rad of turning and the gyro corroborated nan% of it. Phantom distance kept out of the EKF so far: 13.32 m.
[wheel_slip_node.py-4] [WARN] [1787351387.188706933] [regolith_wheel_slip]: WHEEL SLIP #31: over the last 15.0 s the wheels claim 2.33 m and 1.81 rad of turning; the gyro saw 0.16 rad (9% of it) and the attitude spanned 11.76 deg. Feeding the EKF a zero-velocity update instead of the wheels' claim.
[wheel_slip_node.py-4] [WARN] [1787351394.741418746] [regolith_wheel_slip]: WHEEL SLIP #31 cleared - over the last 5.0 s the wheels claimed 0.19 rad of turning and the gyro corroborated 89% of it. Phantom distance kept out of the EKF so far: 13.59 m.
[pure_pursuit_node-9] [INFO] [1787351421.915953212] [regolith_pure_pursuit]: Recovery finished - resuming path following
[flip_recovery_node.py-10] [WARN] [1787351421.976653595] [regolith_flip_recovery]: STUCK RECOVERY #20 (escalation level 11, triggered by ground truth; 15 ground-truth / 5 onboard triggers so far). Escape maneuver: reversed 0.20 m/s for 10.0s, then turned right at 0.50 rad/s for 8.0s (sim time, at a measured 0.26x real time). A real rover's FDIR could do the same - this is not a simulated teleport.
[planner_node-8] [INFO] [1787351421.981687031] [regolith_planner]: Planned path: 24 waypoints, start=(99, 81) goal=(86, 60)
[flip_recovery_node.py-10] [WARN] [1787351426.129646140] [regolith_flip_recovery]: STUCK RECOVERY #20 result: ground truth moved 1.92 m during the maneuver - FREED (19/20 escapes have freed the rover so far)
[pure_pursuit_node-9] [INFO] [1787351446.639893509] [regolith_pure_pursuit]: Recovery node has taken over /cmd_vel - pausing path following
[costmap_node-7] [WARN] [1787351446.647196291] [regolith_costmap]: Hazard #21 marked at (-36.82, -22.22): 13 cells lethal (1.2 m + 0.3 m rover radius). The rover got wedged here; the planner will route around it from now on.
[pure_pursuit_node-9] [INFO] [1787351514.222850758] [regolith_pure_pursuit]: Recovery finished - resuming path following
[flip_recovery_node.py-10] [WARN] [1787351514.283763118] [regolith_flip_recovery]: STUCK RECOVERY #21 (escalation level 12, triggered by ground truth; 16 ground-truth / 5 onboard triggers so far). Escape maneuver: reversed 0.20 m/s for 10.0s, then turned left at 0.50 rad/s for 8.0s (sim time, at a measured 0.26x real time). A real rover's FDIR could do the same - this is not a simulated teleport.
[planner_node-8] [INFO] [1787351514.288850750] [regolith_planner]: Planned path: 25 waypoints, start=(99, 84) goal=(86, 60)
[flip_recovery_node.py-10] [WARN] [1787351518.876453973] [regolith_flip_recovery]: STUCK RECOVERY #21 result: ground truth moved 1.98 m during the maneuver - FREED (20/21 escapes have freed the rover so far)
[wheel_slip_node.py-4] [WARN] [1787351603.501028303] [regolith_wheel_slip]: WHEEL SLIP #32: over the last 15.0 s the wheels claim 1.66 m and 2.63 rad of turning; the gyro saw 0.38 rad (14% of it) and the attitude spanned 14.48 deg. Feeding the EKF a zero-velocity update instead of the wheels' claim.
[pure_pursuit_node-9] [INFO] [1787351621.792531471] [regolith_pure_pursuit]: Recovery node has taken over /cmd_vel - pausing path following
[costmap_node-7] [WARN] [1787351621.798903720] [regolith_costmap]: Hazard #22 marked at (-36.56, -23.59): 13 cells lethal (1.2 m + 0.3 m rover radius). The rover got wedged here; the planner will route around it from now on.
[wheel_slip_node.py-4] [WARN] [1787351639.172762724] [regolith_wheel_slip]: WHEEL SLIP #32 cleared - over the last 5.0 s the wheels claimed 0.16 rad of turning and the gyro corroborated 11% of it. Phantom distance kept out of the EKF so far: 14.87 m.
[wheel_slip_node.py-4] [WARN] [1787351639.244694316] [regolith_wheel_slip]: WHEEL SLIP #33: over the last 15.0 s the wheels claim 1.74 m and 3.16 rad of turning; the gyro saw 0.09 rad (3% of it) and the attitude spanned 3.53 deg. Feeding the EKF a zero-velocity update instead of the wheels' claim.
[wheel_slip_node.py-4] [WARN] [1787351645.713345780] [regolith_wheel_slip]: WHEEL SLIP #33 cleared - over the last 5.0 s the wheels claimed 0.00 rad of turning and the gyro corroborated nan% of it. Phantom distance kept out of the EKF so far: 15.27 m.
[wheel_slip_node.py-4] [WARN] [1787351645.797925537] [regolith_wheel_slip]: WHEEL SLIP #34: over the last 15.0 s the wheels claim 1.96 m and 2.55 rad of turning; the gyro saw 0.05 rad (2% of it) and the attitude spanned 8.31 deg. Feeding the EKF a zero-velocity update instead of the wheels' claim.
[wheel_slip_node.py-4] [WARN] [1787351653.532740966] [regolith_wheel_slip]: WHEEL SLIP #34 cleared - over the last 5.0 s the wheels claimed 0.00 rad of turning and the gyro corroborated nan% of it. Phantom distance kept out of the EKF so far: 15.67 m.
[wheel_slip_node.py-4] [WARN] [1787351653.609293329] [regolith_wheel_slip]: WHEEL SLIP #35: over the last 15.0 s the wheels claim 2.19 m and 1.94 rad of turning; the gyro saw 0.03 rad (2% of it) and the attitude spanned 8.31 deg. Feeding the EKF a zero-velocity update instead of the wheels' claim.
[wheel_slip_node.py-4] [WARN] [1787351661.195287407] [regolith_wheel_slip]: WHEEL SLIP #35 cleared - over the last 5.0 s the wheels claimed 0.10 rad of turning and the gyro corroborated 55% of it. Phantom distance kept out of the EKF so far: 16.00 m.
[wheel_slip_node.py-4] [WARN] [1787351661.272575625] [regolith_wheel_slip]: WHEEL SLIP #36: over the last 15.0 s the wheels claim 2.36 m and 1.45 rad of turning; the gyro saw 0.09 rad (6% of it) and the attitude spanned 8.31 deg. Feeding the EKF a zero-velocity update instead of the wheels' claim.
[wheel_slip_node.py-4] [WARN] [1787351668.854893979] [regolith_wheel_slip]: WHEEL SLIP #36 cleared - over the last 5.0 s the wheels claimed 0.71 rad of turning and the gyro corroborated 74% of it. Phantom distance kept out of the EKF so far: 16.00 m.
[pure_pursuit_node-9] [INFO] [1787351688.966410099] [regolith_pure_pursuit]: Recovery finished - resuming path following
[flip_recovery_node.py-10] [WARN] [1787351689.027568822] [regolith_flip_recovery]: STUCK RECOVERY #22 (escalation level 13, triggered by wheel slip (onboard); 16 ground-truth / 6 onboard triggers so far). Escape maneuver: reversed 0.20 m/s for 10.0s, then turned right at 0.50 rad/s for 8.0s (sim time, at a measured 0.26x real time). A real rover's FDIR could do the same - this is not a simulated teleport.
[planner_node-8] [WARN] [1787351689.028838399] [regolith_planner]: Current-position cell (98, 82) is lethal (drift, or a keep-out zone this rover marked itself) - planning from the nearest free cell (98, 83) instead
[planner_node-8] [INFO] [1787351689.038070554] [regolith_planner]: Planned path: 38 waypoints, start=(98, 83) goal=(86, 60)
[flip_recovery_node.py-10] [WARN] [1787351693.039221480] [regolith_flip_recovery]: STUCK RECOVERY #22 result: ground truth moved 1.87 m during the maneuver - FREED (21/22 escapes have freed the rover so far)
[pure_pursuit_node-9] [INFO] [1787351704.659919540] [regolith_pure_pursuit]: Recovery node has taken over /cmd_vel - pausing path following
[costmap_node-7] [WARN] [1787351704.666877502] [regolith_costmap]: Hazard #23 marked at (-35.23, -22.75): 13 cells lethal (1.2 m + 0.3 m rover radius). The rover got wedged here; the planner will route around it from now on.
[pure_pursuit_node-9] [INFO] [1787351770.974824360] [regolith_pure_pursuit]: Recovery finished - resuming path following
[flip_recovery_node.py-10] [WARN] [1787351771.035218606] [regolith_flip_recovery]: STUCK RECOVERY #23 (escalation level 14, triggered by ground truth; 17 ground-truth / 6 onboard triggers so far). Escape maneuver: reversed 0.20 m/s for 10.0s, then turned left at 0.50 rad/s for 8.0s (sim time, at a measured 0.26x real time). A real rover's FDIR could do the same - this is not a simulated teleport.
[planner_node-8] [WARN] [1787351771.036767173] [regolith_planner]: Current-position cell (96, 80) is lethal (drift, or a keep-out zone this rover marked itself) - planning from the nearest free cell (95, 79) instead
[planner_node-8] [INFO] [1787351771.042134834] [regolith_planner]: Planned path: 20 waypoints, start=(95, 79) goal=(86, 60)
[flip_recovery_node.py-10] [WARN] [1787351775.362459130] [regolith_flip_recovery]: STUCK RECOVERY #23 result: ground truth moved 2.12 m during the maneuver - FREED (22/23 escapes have freed the rover so far)
[pure_pursuit_node-9] [INFO] [1787352173.693167087] [regolith_pure_pursuit]: Goal reached (within 0.35 m of the commanded goal)
