[INFO] [launch]: All log files can be found below /home/balazs/.ros/log/2026-09-02-18-00-12-790455-DESKTOP-IE5MOME-47852
[INFO] [launch]: Default logging verbosity is set to INFO
[hello_moon.launch] Using ROS_DOMAIN_ID=9 (isolated DDS domain for this launch - see PROGRESS.md)
[INFO] [ruby $(which gz) sim-1]: process started with pid [47896]
[INFO] [robot_state_publisher-2]: process started with pid [47898]
[INFO] [parameter_bridge-3]: process started with pid [47901]
[INFO] [wheel_slip_node.py-4]: process started with pid [47903]
[INFO] [sensor_covariance_relay.py-5]: process started with pid [47906]
[INFO] [ekf_node-6]: process started with pid [47908]
[INFO] [costmap_node-7]: process started with pid [47910]
[INFO] [planner_node-8]: process started with pid [47912]
[INFO] [pure_pursuit_node-9]: process started with pid [47914]
[INFO] [flip_recovery_node.py-10]: process started with pid [47916]
[INFO] [mission_markers_node.py-11]: process started with pid [47918]
[robot_state_publisher-2] [INFO] [1788368414.837524880] [robot_state_publisher]: got segment base_link
[robot_state_publisher-2] [INFO] [1788368414.837816677] [robot_state_publisher]: got segment camera_link
[robot_state_publisher-2] [INFO] [1788368414.837845135] [robot_state_publisher]: got segment chassis
[robot_state_publisher-2] [INFO] [1788368414.837854600] [robot_state_publisher]: got segment front_left_wheel
[robot_state_publisher-2] [INFO] [1788368414.837862075] [robot_state_publisher]: got segment front_right_wheel
[robot_state_publisher-2] [INFO] [1788368414.837868904] [robot_state_publisher]: got segment imu_link
[robot_state_publisher-2] [INFO] [1788368414.837876809] [robot_state_publisher]: got segment rear_left_wheel
[robot_state_publisher-2] [INFO] [1788368414.837884564] [robot_state_publisher]: got segment rear_right_wheel
[parameter_bridge-3] [INFO] [1788368414.839435634] [ros_gz_bridge]: Creating GZ->ROS Bridge: [/clock (gz.msgs.Clock) -> /clock (rosgraph_msgs/msg/Clock)] (Lazy 0)
[parameter_bridge-3] [INFO] [1788368414.842617545] [ros_gz_bridge]: Creating GZ->ROS Bridge: [/cmd_vel (gz.msgs.Twist) -> /cmd_vel (geometry_msgs/msg/Twist)] (Lazy 0)
[parameter_bridge-3] [INFO] [1788368414.847087736] [ros_gz_bridge]: Creating ROS->GZ Bridge: [/cmd_vel (geometry_msgs/msg/Twist) -> /cmd_vel (gz.msgs.Twist)] (Lazy 0)
[parameter_bridge-3] [INFO] [1788368414.848985766] [ros_gz_bridge]: Creating GZ->ROS Bridge: [/odometry (gz.msgs.Odometry) -> /odometry (nav_msgs/msg/Odometry)] (Lazy 0)
[parameter_bridge-3] [INFO] [1788368414.852234187] [ros_gz_bridge]: Creating ROS->GZ Bridge: [/odometry (nav_msgs/msg/Odometry) -> /odometry (gz.msgs.Odometry)] (Lazy 0)
[parameter_bridge-3] [INFO] [1788368414.853253524] [ros_gz_bridge]: Creating GZ->ROS Bridge: [/camera (gz.msgs.Image) -> /camera (sensor_msgs/msg/Image)] (Lazy 0)
[parameter_bridge-3] [INFO] [1788368414.856603506] [ros_gz_bridge]: Creating ROS->GZ Bridge: [/camera (sensor_msgs/msg/Image) -> /camera (gz.msgs.Image)] (Lazy 0)
[parameter_bridge-3] [INFO] [1788368414.858314935] [ros_gz_bridge]: Creating GZ->ROS Bridge: [/camera_info (gz.msgs.CameraInfo) -> /camera_info (sensor_msgs/msg/CameraInfo)] (Lazy 0)
[parameter_bridge-3] [INFO] [1788368414.859918963] [ros_gz_bridge]: Creating ROS->GZ Bridge: [/camera_info (sensor_msgs/msg/CameraInfo) -> /camera_info (gz.msgs.CameraInfo)] (Lazy 0)
[parameter_bridge-3] [INFO] [1788368414.861290982] [ros_gz_bridge]: Creating GZ->ROS Bridge: [/depth_camera (gz.msgs.Image) -> /depth_camera (sensor_msgs/msg/Image)] (Lazy 0)
[parameter_bridge-3] [INFO] [1788368414.862463322] [ros_gz_bridge]: Creating ROS->GZ Bridge: [/depth_camera (sensor_msgs/msg/Image) -> /depth_camera (gz.msgs.Image)] (Lazy 0)
[parameter_bridge-3] [INFO] [1788368414.863809593] [ros_gz_bridge]: Creating GZ->ROS Bridge: [/imu (gz.msgs.IMU) -> /imu (sensor_msgs/msg/Imu)] (Lazy 0)
[parameter_bridge-3] [INFO] [1788368414.866749780] [ros_gz_bridge]: Creating ROS->GZ Bridge: [/imu (sensor_msgs/msg/Imu) -> /imu (gz.msgs.IMU)] (Lazy 0)
[parameter_bridge-3] [INFO] [1788368414.869283150] [ros_gz_bridge]: Creating GZ->ROS Bridge: [/world/regolith_moon/model/rover/joint_state (gz.msgs.Model) -> /world/regolith_moon/model/rover/joint_state (sensor_msgs/msg/JointState)] (Lazy 0)
[parameter_bridge-3] [INFO] [1788368414.870712322] [ros_gz_bridge]: Creating ROS->GZ Bridge: [/world/regolith_moon/model/rover/joint_state (sensor_msgs/msg/JointState) -> /world/regolith_moon/model/rover/joint_state (gz.msgs.Model)] (Lazy 0)
[parameter_bridge-3] [INFO] [1788368414.872097167] [ros_gz_bridge]: Creating GZ->ROS Bridge: [/model/rover/pose (gz.msgs.Pose) -> /model/rover/pose (geometry_msgs/msg/PoseStamped)] (Lazy 0)
[wheel_slip_node.py-4] [INFO] [1788368415.340998830] [regolith_wheel_slip]: Wheel-slip ZUPT armed: /odom -> /odom/gated (onboard signals only - wheel odometry and IMU, never ground truth). legacy_rigid_body_signature=False
[flip_recovery_node.py-10] [INFO] [1788368415.386555753] [regolith_flip_recovery]: Flip/stuck recovery armed ONBOARD-ONLY: detection reads IMU attitude and the EKF estimate, never /ground_truth/pose; a flip halts the mission instead of teleporting. Ground truth is logged beside each verdict for scoring only.
[costmap_node-7] [INFO] [1788368415.430396744] [regolith_costmap]: Published costmap: 256x256 cells at 0.781 m/cell
[mission_markers_node.py-11] [INFO] [1788368415.451206774] [regolith_mission_markers]: Mission markers active - start at (0.0, 0.0), Gazebo flags on, RViz on /mission_markers
[planner_node-8] [WARN] [1788368419.318189768] [regolith_planner]: No costmap or current pose yet - ignoring goal
[planner_node-8] [INFO] [1788368429.373196077] [regolith_planner]: Planned path: 73 waypoints, start=(127, 128) goal=(86, 60)
[parameter_bridge-3] [INFO] [1788368429.601622896] [ros_gz_bridge]: Passing message from ROS geometry_msgs/msg/Twist to Gazebo gz.msgs.Twist (showing msg only once per type)
[costmap_node-7] [WARN] [1788368442.732997267] [regolith_costmap]: Hazard #1 marked at (0.63, -0.50): 13 cells lethal (1.2 m + 0.3 m rover radius). The rover got wedged here; the planner will route around it from now on.
[pure_pursuit_node-9] [INFO] [1788368442.750682713] [regolith_pure_pursuit]: Recovery node has taken over /cmd_vel - pausing path following
[pure_pursuit_node-9] [INFO] [1788368466.158334232] [regolith_pure_pursuit]: Recovery finished - resuming path following
[flip_recovery_node.py-10] [WARN] [1788368466.219386746] [regolith_flip_recovery]: STUCK RECOVERY #1 (escalation level 0, triggered by onboard estimate; 0 ground-truth / 1 onboard-estimate / 0 wheel-slip triggers so far). Escape maneuver: reversed 0.20 m/s for 3.0s, then turned left at 0.50 rad/s for 2.0s (sim time, exact - driven by the sim clock directly, not an RTF-estimated wall-clock sleep; RTF over this window measured 0.22x real time, logged for comparison only). A real rover's FDIR could do the same - this is not a simulated teleport.
[planner_node-8] [WARN] [1788368466.222075509] [regolith_planner]: Current-position cell (128, 127) is lethal (drift, or a keep-out zone this rover marked itself) - planning from the nearest free cell (128, 126) instead
[planner_node-8] [INFO] [1788368466.288859155] [regolith_planner]: Planned path: 71 waypoints, start=(128, 126) goal=(86, 60)
[flip_recovery_node.py-10] [WARN] [1788368469.333881231] [regolith_flip_recovery]: STUCK RECOVERY #1 result: onboard estimate moved 0.60 m during the maneuver - FREED (1/1 escapes have freed the rover so far) [scoring only: ground truth moved 0.62 m]
[pure_pursuit_node-9] [INFO] [1788368499.005606418] [regolith_pure_pursuit]: Recovery node has taken over /cmd_vel - pausing path following
[costmap_node-7] [WARN] [1788368499.013305416] [regolith_costmap]: Hazard #2 marked at (-0.78, -0.34): 13 cells lethal (1.2 m + 0.3 m rover radius). The rover got wedged here; the planner will route around it from now on.
[pure_pursuit_node-9] [INFO] [1788368541.872675891] [regolith_pure_pursuit]: Recovery finished - resuming path following
[flip_recovery_node.py-10] [WARN] [1788368541.934088245] [regolith_flip_recovery]: STUCK RECOVERY #2 (escalation level 1, triggered by onboard estimate; 0 ground-truth / 2 onboard-estimate / 0 wheel-slip triggers so far). Escape maneuver: reversed 0.20 m/s for 6.0s, then turned right at 0.50 rad/s for 3.5s (sim time, exact - driven by the sim clock directly, not an RTF-estimated wall-clock sleep; RTF over this window measured 0.22x real time, logged for comparison only). A real rover's FDIR could do the same - this is not a simulated teleport.
[planner_node-8] [WARN] [1788368541.936179520] [regolith_planner]: Current-position cell (129, 128) is lethal (drift, or a keep-out zone this rover marked itself) - planning from the nearest free cell (129, 129) instead
[planner_node-8] [INFO] [1788368542.037719728] [regolith_planner]: Planned path: 74 waypoints, start=(129, 129) goal=(86, 60)
[flip_recovery_node.py-10] [WARN] [1788368547.201593477] [regolith_flip_recovery]: STUCK RECOVERY #2 result: onboard estimate moved 1.17 m during the maneuver - FREED (2/2 escapes have freed the rover so far) [scoring only: ground truth moved 1.19 m]
[wheel_slip_node.py-4] [WARN] [1788369325.420596230] [regolith_wheel_slip]: WHEEL SLIP #1: over the last 15.0 s the wheels claim 2.38 m and 2.68 rad of turning; the gyro saw 0.39 rad (14% of it) and the attitude spanned 9.70 deg. Feeding the EKF a zero-velocity update instead of the wheels' claim.
[pure_pursuit_node-9] [INFO] [1788369337.740675153] [regolith_pure_pursuit]: Recovery node has taken over /cmd_vel - pausing path following
[costmap_node-7] [WARN] [1788369337.750180317] [regolith_costmap]: Hazard #3 marked at (-28.35, -7.49): 13 cells lethal (1.2 m + 0.3 m rover radius). The rover got wedged here; the planner will route around it from now on.
[wheel_slip_node.py-4] [WARN] [1788369355.063892092] [regolith_wheel_slip]: WHEEL SLIP #1 cleared - over the last 5.0 s the wheels claimed 0.39 rad of turning and the gyro corroborated 26% of it. Phantom distance kept out of the EKF so far: 1.12 m.
[wheel_slip_node.py-4] [WARN] [1788369355.152558818] [regolith_wheel_slip]: WHEEL SLIP #2: over the last 15.0 s the wheels claim 2.43 m and 2.03 rad of turning; the gyro saw 0.24 rad (12% of it) and the attitude spanned 15.39 deg. Feeding the EKF a zero-velocity update instead of the wheels' claim.
[pure_pursuit_node-9] [INFO] [1788369361.338511298] [regolith_pure_pursuit]: Recovery finished - resuming path following
[flip_recovery_node.py-10] [WARN] [1788369361.399685915] [regolith_flip_recovery]: STUCK RECOVERY #3 (escalation level 0, triggered by onboard estimate; 0 ground-truth / 3 onboard-estimate / 0 wheel-slip triggers so far). Escape maneuver: reversed 0.20 m/s for 3.0s, then turned left at 0.50 rad/s for 2.0s (sim time, exact - driven by the sim clock directly, not an RTF-estimated wall-clock sleep; RTF over this window measured 0.21x real time, logged for comparison only). A real rover's FDIR could do the same - this is not a simulated teleport.
[planner_node-8] [WARN] [1788369361.401664518] [regolith_planner]: Current-position cell (118, 92) is lethal (drift, or a keep-out zone this rover marked itself) - planning from the nearest free cell (117, 93) instead
[planner_node-8] [INFO] [1788369361.427144428] [regolith_planner]: Planned path: 38 waypoints, start=(117, 93) goal=(86, 60)
[wheel_slip_node.py-4] [WARN] [1788369362.197582343] [regolith_wheel_slip]: WHEEL SLIP #2 cleared - over the last 5.0 s the wheels claimed 0.73 rad of turning and the gyro corroborated 76% of it. Phantom distance kept out of the EKF so far: 1.15 m.
[flip_recovery_node.py-10] [WARN] [1788369364.585465124] [regolith_flip_recovery]: STUCK RECOVERY #3 result: onboard estimate moved 0.03 m during the maneuver - STILL WEDGED (2/3 escapes have freed the rover so far) [scoring only: ground truth moved 0.54 m - THE ROVERS VERDICT IS WRONG]
[wheel_slip_node.py-4] [WARN] [1788369426.642363914] [regolith_wheel_slip]: WHEEL SLIP #3: over the last 15.0 s the wheels claim 0.99 m and 3.85 rad of turning; the gyro saw 0.56 rad (14% of it) and the attitude spanned 28.90 deg. Feeding the EKF a zero-velocity update instead of the wheels' claim.
[pure_pursuit_node-9] [INFO] [1788369442.049531811] [regolith_pure_pursuit]: Recovery node has taken over /cmd_vel - pausing path following
[costmap_node-7] [WARN] [1788369442.057829249] [regolith_costmap]: Hazard #4 marked at (-28.11, -8.79): 13 cells lethal (1.2 m + 0.3 m rover radius). The rover got wedged here; the planner will route around it from now on.
[wheel_slip_node.py-4] [WARN] [1788369461.714960519] [regolith_wheel_slip]: WHEEL SLIP #3 cleared - over the last 5.0 s the wheels claimed 0.16 rad of turning and the gyro corroborated 19% of it. Phantom distance kept out of the EKF so far: 2.20 m.
[wheel_slip_node.py-4] [WARN] [1788369461.814645482] [regolith_wheel_slip]: WHEEL SLIP #4: over the last 15.0 s the wheels claim 1.52 m and 3.14 rad of turning; the gyro saw 0.17 rad (5% of it) and the attitude spanned 14.03 deg. Feeding the EKF a zero-velocity update instead of the wheels' claim.
[wheel_slip_node.py-4] [WARN] [1788369471.664143950] [regolith_wheel_slip]: WHEEL SLIP #4 cleared - over the last 5.0 s the wheels claimed 0.14 rad of turning and the gyro corroborated 77% of it. Phantom distance kept out of the EKF so far: 2.51 m.
[wheel_slip_node.py-4] [WARN] [1788369471.754873895] [regolith_wheel_slip]: WHEEL SLIP #5: over the last 15.0 s the wheels claim 1.69 m and 2.68 rad of turning; the gyro saw 0.27 rad (10% of it) and the attitude spanned 15.31 deg. Feeding the EKF a zero-velocity update instead of the wheels' claim.
[wheel_slip_node.py-4] [WARN] [1788369481.376438210] [regolith_wheel_slip]: WHEEL SLIP #5 cleared - over the last 5.0 s the wheels claimed 0.74 rad of turning and the gyro corroborated 81% of it. Phantom distance kept out of the EKF so far: 2.51 m.
[pure_pursuit_node-9] [INFO] [1788369482.882594671] [regolith_pure_pursuit]: Recovery finished - resuming path following
[flip_recovery_node.py-10] [WARN] [1788369482.942777140] [regolith_flip_recovery]: STUCK RECOVERY #4 (escalation level 1, triggered by onboard estimate; 0 ground-truth / 4 onboard-estimate / 0 wheel-slip triggers so far). Escape maneuver: reversed 0.20 m/s for 6.0s, then turned right at 0.50 rad/s for 3.5s (sim time, exact - driven by the sim clock directly, not an RTF-estimated wall-clock sleep; RTF over this window measured 0.21x real time, logged for comparison only). A real rover's FDIR could do the same - this is not a simulated teleport.
[planner_node-8] [WARN] [1788369482.944681477] [regolith_planner]: Current-position cell (117, 92) is lethal (drift, or a keep-out zone this rover marked itself) - planning from the nearest free cell (117, 94) instead
[planner_node-8] [INFO] [1788369482.977600764] [regolith_planner]: Planned path: 41 waypoints, start=(117, 94) goal=(86, 60)
[flip_recovery_node.py-10] [WARN] [1788369488.188393153] [regolith_flip_recovery]: STUCK RECOVERY #4 result: onboard estimate moved 0.00 m during the maneuver - STILL WEDGED (2/4 escapes have freed the rover so far) [scoring only: ground truth moved 1.19 m - THE ROVERS VERDICT IS WRONG]
[pure_pursuit_node-9] [WARN] [1788369519.467992191] [regolith_pure_pursuit]: Stalled for 8s - stopping and replanning
[planner_node-8] [WARN] [1788369519.469932924] [regolith_planner]: Current-position cell (117, 92) is lethal (drift, or a keep-out zone this rover marked itself) - planning from the nearest free cell (117, 94) instead
[planner_node-8] [INFO] [1788369519.502448505] [regolith_planner]: Planned path: 41 waypoints, start=(117, 94) goal=(86, 60)
[wheel_slip_node.py-4] [WARN] [1788369853.948352070] [regolith_wheel_slip]: WHEEL SLIP #6: over the last 15.0 s the wheels claim 2.25 m and 3.58 rad of turning; the gyro saw 0.52 rad (14% of it) and the attitude spanned 13.93 deg. Feeding the EKF a zero-velocity update instead of the wheels' claim.
[pure_pursuit_node-9] [INFO] [1788369869.608040596] [regolith_pure_pursuit]: Recovery node has taken over /cmd_vel - pausing path following
[costmap_node-7] [WARN] [1788369869.615499109] [regolith_costmap]: Hazard #5 marked at (-34.73, -11.07): 13 cells lethal (1.2 m + 0.3 m rover radius). The rover got wedged here; the planner will route around it from now on.
[pure_pursuit_node-9] [INFO] [1788369869.616035030] [regolith_pure_pursuit]: Costmap changed (a new keep-out zone) - restoring the replan budget: the route being retried is not the one that already failed
[wheel_slip_node.py-4] [WARN] [1788369889.514078382] [regolith_wheel_slip]: WHEEL SLIP #6 cleared - over the last 5.0 s the wheels claimed 0.16 rad of turning and the gyro corroborated 6% of it. Phantom distance kept out of the EKF so far: 3.80 m.
[wheel_slip_node.py-4] [WARN] [1788369889.605084675] [regolith_wheel_slip]: WHEEL SLIP #7: over the last 15.0 s the wheels claim 2.22 m and 3.15 rad of turning; the gyro saw 0.30 rad (9% of it) and the attitude spanned 7.33 deg. Feeding the EKF a zero-velocity update instead of the wheels' claim.
[wheel_slip_node.py-4] [WARN] [1788369898.662310312] [regolith_wheel_slip]: WHEEL SLIP #7 cleared - over the last 5.0 s the wheels claimed 0.00 rad of turning and the gyro corroborated nan% of it. Phantom distance kept out of the EKF so far: 4.20 m.
[wheel_slip_node.py-4] [WARN] [1788369898.755697146] [regolith_wheel_slip]: WHEEL SLIP #8: over the last 15.0 s the wheels claim 2.33 m and 2.55 rad of turning; the gyro saw 0.23 rad (9% of it) and the attitude spanned 13.54 deg. Feeding the EKF a zero-velocity update instead of the wheels' claim.
[wheel_slip_node.py-4] [WARN] [1788369905.636384437] [regolith_wheel_slip]: WHEEL SLIP #8 cleared - over the last 5.0 s the wheels claimed 0.00 rad of turning and the gyro corroborated nan% of it. Phantom distance kept out of the EKF so far: 4.60 m.
[wheel_slip_node.py-4] [WARN] [1788369905.736207649] [regolith_wheel_slip]: WHEEL SLIP #9: over the last 15.0 s the wheels claim 2.46 m and 1.94 rad of turning; the gyro saw 0.17 rad (9% of it) and the attitude spanned 14.82 deg. Feeding the EKF a zero-velocity update instead of the wheels' claim.
[wheel_slip_node.py-4] [WARN] [1788369915.287051171] [regolith_wheel_slip]: WHEEL SLIP #9 cleared - over the last 5.0 s the wheels claimed 0.15 rad of turning and the gyro corroborated 77% of it. Phantom distance kept out of the EKF so far: 4.89 m.
[wheel_slip_node.py-4] [WARN] [1788369915.381410829] [regolith_wheel_slip]: WHEEL SLIP #10: over the last 15.0 s the wheels claim 2.51 m and 1.49 rad of turning; the gyro saw 0.21 rad (14% of it) and the attitude spanned 14.82 deg. Feeding the EKF a zero-velocity update instead of the wheels' claim.
[wheel_slip_node.py-4] [WARN] [1788369925.103236219] [regolith_wheel_slip]: WHEEL SLIP #10 cleared - over the last 5.0 s the wheels claimed 0.76 rad of turning and the gyro corroborated 92% of it. Phantom distance kept out of the EKF so far: 4.89 m.
[pure_pursuit_node-9] [INFO] [1788369933.301430930] [regolith_pure_pursuit]: Recovery finished - resuming path following
[flip_recovery_node.py-10] [WARN] [1788369933.363186770] [regolith_flip_recovery]: STUCK RECOVERY #5 (escalation level 2, triggered by onboard estimate; 0 ground-truth / 5 onboard-estimate / 0 wheel-slip triggers so far). Escape maneuver: reversed 0.20 m/s for 10.0s, then turned left at 0.50 rad/s for 5.0s (sim time, exact - driven by the sim clock directly, not an RTF-estimated wall-clock sleep; RTF over this window measured 0.21x real time, logged for comparison only). A real rover's FDIR could do the same - this is not a simulated teleport.
[planner_node-8] [WARN] [1788369933.364807474] [regolith_planner]: Current-position cell (114, 84) is lethal (drift, or a keep-out zone this rover marked itself) - planning from the nearest free cell (114, 85) instead
[planner_node-8] [INFO] [1788369933.382162000] [regolith_planner]: Planned path: 33 waypoints, start=(114, 85) goal=(86, 60)
[flip_recovery_node.py-10] [WARN] [1788369938.964486804] [regolith_flip_recovery]: STUCK RECOVERY #5 result: onboard estimate moved 0.01 m during the maneuver - STILL WEDGED (2/5 escapes have freed the rover so far) [scoring only: ground truth moved 1.90 m - THE ROVERS VERDICT IS WRONG]
[pure_pursuit_node-9] [INFO] [1788369968.953239212] [regolith_pure_pursuit]: Recovery node has taken over /cmd_vel - pausing path following
[costmap_node-7] [WARN] [1788369968.961269039] [regolith_costmap]: Hazard #6 marked at (-34.75, -10.65): 13 cells lethal (1.2 m + 0.3 m rover radius). The rover got wedged here; the planner will route around it from now on.
[pure_pursuit_node-9] [INFO] [1788370042.704729669] [regolith_pure_pursuit]: Recovery finished - resuming path following
[flip_recovery_node.py-10] [WARN] [1788370042.765663156] [regolith_flip_recovery]: STUCK RECOVERY #6 (escalation level 3, triggered by onboard estimate; 0 ground-truth / 6 onboard-estimate / 0 wheel-slip triggers so far). Escape maneuver: reversed 0.20 m/s for 10.0s, then turned right at 0.50 rad/s for 6.5s (sim time, exact - driven by the sim clock directly, not an RTF-estimated wall-clock sleep; RTF over this window measured 0.21x real time, logged for comparison only). A real rover's FDIR could do the same - this is not a simulated teleport.
[planner_node-8] [INFO] [1788370042.796012515] [regolith_planner]: Planned path: 36 waypoints, start=(113, 87) goal=(86, 60)
[flip_recovery_node.py-10] [WARN] [1788370047.933049867] [regolith_flip_recovery]: STUCK RECOVERY #6 result: onboard estimate moved 1.96 m during the maneuver - FREED (3/6 escapes have freed the rover so far) [scoring only: ground truth moved 1.92 m]
[wheel_slip_node.py-4] [WARN] [1788370392.738852403] [regolith_wheel_slip]: WHEEL SLIP #11: over the last 15.0 s the wheels claim 1.01 m and 4.50 rad of turning; the gyro saw 0.65 rad (14% of it) and the attitude spanned 6.27 deg. Feeding the EKF a zero-velocity update instead of the wheels' claim.
[pure_pursuit_node-9] [INFO] [1788370405.680979807] [regolith_pure_pursuit]: Recovery node has taken over /cmd_vel - pausing path following
[costmap_node-7] [WARN] [1788370405.689958647] [regolith_costmap]: Hazard #7 marked at (-38.58, -13.12): 13 cells lethal (1.2 m + 0.3 m rover radius). The rover got wedged here; the planner will route around it from now on.
[wheel_slip_node.py-4] [WARN] [1788370427.384694229] [regolith_wheel_slip]: WHEEL SLIP #11 cleared - over the last 5.0 s the wheels claimed 0.16 rad of turning and the gyro corroborated 15% of it. Phantom distance kept out of the EKF so far: 6.01 m.
[wheel_slip_node.py-4] [WARN] [1788370427.475430376] [regolith_wheel_slip]: WHEEL SLIP #12: over the last 15.0 s the wheels claim 1.60 m and 3.16 rad of turning; the gyro saw 0.40 rad (13% of it) and the attitude spanned 4.58 deg. Feeding the EKF a zero-velocity update instead of the wheels' claim.
[wheel_slip_node.py-4] [WARN] [1788370434.369397164] [regolith_wheel_slip]: WHEEL SLIP #12 cleared - over the last 5.0 s the wheels claimed 0.00 rad of turning and the gyro corroborated nan% of it. Phantom distance kept out of the EKF so far: 6.41 m.
[wheel_slip_node.py-4] [WARN] [1788370434.455309604] [regolith_wheel_slip]: WHEEL SLIP #13: over the last 15.0 s the wheels claim 1.83 m and 2.55 rad of turning; the gyro saw 0.33 rad (13% of it) and the attitude spanned 4.58 deg. Feeding the EKF a zero-velocity update instead of the wheels' claim.
[wheel_slip_node.py-4] [WARN] [1788370443.219022499] [regolith_wheel_slip]: WHEEL SLIP #13 cleared - over the last 5.0 s the wheels claimed 0.00 rad of turning and the gyro corroborated nan% of it. Phantom distance kept out of the EKF so far: 6.81 m.
[wheel_slip_node.py-4] [WARN] [1788370443.312399979] [regolith_wheel_slip]: WHEEL SLIP #14: over the last 15.0 s the wheels claim 2.10 m and 1.94 rad of turning; the gyro saw 0.25 rad (13% of it) and the attitude spanned 3.30 deg. Feeding the EKF a zero-velocity update instead of the wheels' claim.
[wheel_slip_node.py-4] [WARN] [1788370452.381688907] [regolith_wheel_slip]: WHEEL SLIP #14 cleared - over the last 5.0 s the wheels claimed 0.15 rad of turning and the gyro corroborated 84% of it. Phantom distance kept out of the EKF so far: 7.11 m.
[pure_pursuit_node-9] [INFO] [1788370482.447184597] [regolith_pure_pursuit]: Recovery finished - resuming path following
[flip_recovery_node.py-10] [WARN] [1788370482.508854974] [regolith_flip_recovery]: STUCK RECOVERY #7 (escalation level 4, triggered by onboard estimate; 0 ground-truth / 7 onboard-estimate / 0 wheel-slip triggers so far). Escape maneuver: reversed 0.20 m/s for 10.0s, then turned left at 0.50 rad/s for 8.0s (sim time, exact - driven by the sim clock directly, not an RTF-estimated wall-clock sleep; RTF over this window measured 0.23x real time, logged for comparison only). A real rover's FDIR could do the same - this is not a simulated teleport.
[planner_node-8] [WARN] [1788370482.510726712] [regolith_planner]: Current-position cell (112, 79) is lethal (drift, or a keep-out zone this rover marked itself) - planning from the nearest free cell (112, 80) instead
[planner_node-8] [INFO] [1788370482.523761234] [regolith_planner]: Planned path: 27 waypoints, start=(112, 80) goal=(86, 60)
[flip_recovery_node.py-10] [WARN] [1788370488.076002886] [regolith_flip_recovery]: STUCK RECOVERY #7 result: onboard estimate moved 0.01 m during the maneuver - STILL WEDGED (3/7 escapes have freed the rover so far) [scoring only: ground truth moved 2.02 m - THE ROVERS VERDICT IS WRONG]
[wheel_slip_node.py-4] [WARN] [1788370642.303999527] [regolith_wheel_slip]: WHEEL SLIP #15: over the last 15.0 s the wheels claim 1.09 m and 1.87 rad of turning; the gyro saw 0.27 rad (14% of it) and the attitude spanned 9.93 deg. Feeding the EKF a zero-velocity update instead of the wheels' claim.
[pure_pursuit_node-9] [INFO] [1788370654.214177009] [regolith_pure_pursuit]: Recovery node has taken over /cmd_vel - pausing path following
[costmap_node-7] [WARN] [1788370654.221855917] [regolith_costmap]: Hazard #8 marked at (-38.96, -15.39): 13 cells lethal (1.2 m + 0.3 m rover radius). The rover got wedged here; the planner will route around it from now on.
[wheel_slip_node.py-4] [WARN] [1788370675.382473378] [regolith_wheel_slip]: WHEEL SLIP #15 cleared - over the last 5.0 s the wheels claimed 0.16 rad of turning and the gyro corroborated 17% of it. Phantom distance kept out of the EKF so far: 8.19 m.
[wheel_slip_node.py-4] [WARN] [1788370673.132575685] [regolith_wheel_slip]: WHEEL SLIP #16: over the last 15.0 s the wheels claim 1.56 m and 2.84 rad of turning; the gyro saw 0.29 rad (10% of it) and the attitude spanned 9.17 deg. Feeding the EKF a zero-velocity update instead of the wheels' claim.
[wheel_slip_node.py-4] [WARN] [1788370682.009188475] [regolith_wheel_slip]: WHEEL SLIP #16 cleared - over the last 5.0 s the wheels claimed 0.00 rad of turning and the gyro corroborated nan% of it. Phantom distance kept out of the EKF so far: 8.59 m.
[wheel_slip_node.py-4] [WARN] [1788370682.111565184] [regolith_wheel_slip]: WHEEL SLIP #17: over the last 15.0 s the wheels claim 1.81 m and 2.49 rad of turning; the gyro saw 0.13 rad (5% of it) and the attitude spanned 7.20 deg. Feeding the EKF a zero-velocity update instead of the wheels' claim.
[wheel_slip_node.py-4] [WARN] [1788370691.038682499] [regolith_wheel_slip]: WHEEL SLIP #17 cleared - over the last 5.0 s the wheels claimed 0.00 rad of turning and the gyro corroborated nan% of it. Phantom distance kept out of the EKF so far: 8.99 m.
[wheel_slip_node.py-4] [WARN] [1788370691.139088307] [regolith_wheel_slip]: WHEEL SLIP #18: over the last 15.0 s the wheels claim 2.09 m and 1.93 rad of turning; the gyro saw 0.12 rad (6% of it) and the attitude spanned 7.14 deg. Feeding the EKF a zero-velocity update instead of the wheels' claim.
[wheel_slip_node.py-4] [WARN] [1788370700.364969621] [regolith_wheel_slip]: WHEEL SLIP #18 cleared - over the last 5.0 s the wheels claimed 0.15 rad of turning and the gyro corroborated 91% of it. Phantom distance kept out of the EKF so far: 9.29 m.
[pure_pursuit_node-9] [INFO] [1788370731.329375172] [regolith_pure_pursuit]: Recovery finished - resuming path following
[flip_recovery_node.py-10] [WARN] [1788370731.390410960] [regolith_flip_recovery]: STUCK RECOVERY #8 (escalation level 5, triggered by onboard estimate; 0 ground-truth / 8 onboard-estimate / 0 wheel-slip triggers so far). Escape maneuver: reversed 0.20 m/s for 10.0s, then turned right at 0.50 rad/s for 8.0s (sim time, exact - driven by the sim clock directly, not an RTF-estimated wall-clock sleep; RTF over this window measured 0.22x real time, logged for comparison only). A real rover's FDIR could do the same - this is not a simulated teleport.
[planner_node-8] [WARN] [1788370731.392089767] [regolith_planner]: Current-position cell (109, 78) is lethal (drift, or a keep-out zone this rover marked itself) - planning from the nearest free cell (109, 76) instead
[planner_node-8] [INFO] [1788370731.399539316] [regolith_planner]: Planned path: 24 waypoints, start=(109, 76) goal=(86, 60)
[flip_recovery_node.py-10] [WARN] [1788370734.354219541] [regolith_flip_recovery]: STUCK RECOVERY #8 result: onboard estimate moved 0.01 m during the maneuver - STILL WEDGED (3/8 escapes have freed the rover so far) [scoring only: ground truth moved 2.04 m - THE ROVERS VERDICT IS WRONG]
[wheel_slip_node.py-4] [WARN] [1788371010.635248569] [regolith_wheel_slip]: WHEEL SLIP #19: over the last 15.0 s the wheels claim 1.39 m and 3.07 rad of turning; the gyro saw 0.44 rad (14% of it) and the attitude spanned 17.58 deg. Feeding the EKF a zero-velocity update instead of the wheels' claim.
[pure_pursuit_node-9] [INFO] [1788371023.656548072] [regolith_pure_pursuit]: Recovery node has taken over /cmd_vel - pausing path following
[costmap_node-7] [WARN] [1788371023.664466691] [regolith_costmap]: Hazard #9 marked at (-43.94, -18.73): 13 cells lethal (1.2 m + 0.3 m rover radius). The rover got wedged here; the planner will route around it from now on.
[wheel_slip_node.py-4] [WARN] [1788371040.336856218] [regolith_wheel_slip]: WHEEL SLIP #19 cleared - over the last 5.0 s the wheels claimed 0.16 rad of turning and the gyro corroborated 12% of it. Phantom distance kept out of the EKF so far: 10.38 m.
[wheel_slip_node.py-4] [WARN] [1788371040.419486825] [regolith_wheel_slip]: WHEEL SLIP #20: over the last 15.0 s the wheels claim 1.60 m and 3.16 rad of turning; the gyro saw 0.06 rad (2% of it) and the attitude spanned 15.32 deg. Feeding the EKF a zero-velocity update instead of the wheels' claim.
[wheel_slip_node.py-4] [WARN] [1788371048.699181335] [regolith_wheel_slip]: WHEEL SLIP #20 cleared - over the last 5.0 s the wheels claimed 0.00 rad of turning and the gyro corroborated nan% of it. Phantom distance kept out of the EKF so far: 10.78 m.
[wheel_slip_node.py-4] [WARN] [1788371048.787557731] [regolith_wheel_slip]: WHEEL SLIP #21: over the last 15.0 s the wheels claim 1.85 m and 2.55 rad of turning; the gyro saw 0.04 rad (2% of it) and the attitude spanned 15.32 deg. Feeding the EKF a zero-velocity update instead of the wheels' claim.
[wheel_slip_node.py-4] [WARN] [1788371057.699644514] [regolith_wheel_slip]: WHEEL SLIP #21 cleared - over the last 5.0 s the wheels claimed 0.00 rad of turning and the gyro corroborated nan% of it. Phantom distance kept out of the EKF so far: 11.18 m.
[wheel_slip_node.py-4] [WARN] [1788371057.778675357] [regolith_wheel_slip]: WHEEL SLIP #22: over the last 15.0 s the wheels claim 2.11 m and 1.94 rad of turning; the gyro saw 0.04 rad (2% of it) and the attitude spanned 15.32 deg. Feeding the EKF a zero-velocity update instead of the wheels' claim.
[wheel_slip_node.py-4] [WARN] [1788371064.277203711] [regolith_wheel_slip]: WHEEL SLIP #22 cleared - over the last 5.0 s the wheels claimed 0.15 rad of turning and the gyro corroborated 69% of it. Phantom distance kept out of the EKF so far: 11.47 m.
[wheel_slip_node.py-4] [WARN] [1788371064.369950205] [regolith_wheel_slip]: WHEEL SLIP #23: over the last 15.0 s the wheels claim 2.27 m and 1.49 rad of turning; the gyro saw 0.15 rad (10% of it) and the attitude spanned 15.32 deg. Feeding the EKF a zero-velocity update instead of the wheels' claim.
[wheel_slip_node.py-4] [WARN] [1788371072.968323760] [regolith_wheel_slip]: WHEEL SLIP #23 cleared - over the last 5.0 s the wheels claimed 0.76 rad of turning and the gyro corroborated 73% of it. Phantom distance kept out of the EKF so far: 11.47 m.
[pure_pursuit_node-9] [INFO] [1788371093.258401750] [regolith_pure_pursuit]: Recovery finished - resuming path following
[flip_recovery_node.py-10] [WARN] [1788371093.319536821] [regolith_flip_recovery]: STUCK RECOVERY #9 (escalation level 6, triggered by onboard estimate; 0 ground-truth / 9 onboard-estimate / 0 wheel-slip triggers so far). Escape maneuver: reversed 0.20 m/s for 10.0s, then turned left at 0.50 rad/s for 8.0s (sim time, exact - driven by the sim clock directly, not an RTF-estimated wall-clock sleep; RTF over this window measured 0.23x real time, logged for comparison only). A real rover's FDIR could do the same - this is not a simulated teleport.
[planner_node-8] [WARN] [1788371093.321253801] [regolith_planner]: Current-position cell (104, 72) is lethal (drift, or a keep-out zone this rover marked itself) - planning from the nearest free cell (103, 73) instead
[planner_node-8] [INFO] [1788371093.324969570] [regolith_planner]: Planned path: 18 waypoints, start=(103, 73) goal=(86, 60)
[flip_recovery_node.py-10] [WARN] [1788371098.575224991] [regolith_flip_recovery]: STUCK RECOVERY #9 result: onboard estimate moved 0.01 m during the maneuver - STILL WEDGED (3/9 escapes have freed the rover so far) [scoring only: ground truth moved 1.99 m - THE ROVERS VERDICT IS WRONG]
[wheel_slip_node.py-4] [WARN] [1788371175.731303488] [regolith_wheel_slip]: WHEEL SLIP #24: over the last 15.0 s the wheels claim 1.08 m and 1.42 rad of turning; the gyro saw 0.21 rad (14% of it) and the attitude spanned 5.94 deg. Feeding the EKF a zero-velocity update instead of the wheels' claim.
[pure_pursuit_node-9] [INFO] [1788371187.051150326] [regolith_pure_pursuit]: Recovery node has taken over /cmd_vel - pausing path following
[costmap_node-7] [WARN] [1788371187.059450171] [regolith_costmap]: Hazard #10 marked at (-43.39, -20.33): 13 cells lethal (1.2 m + 0.3 m rover radius). The rover got wedged here; the planner will route around it from now on.
[wheel_slip_node.py-4] [WARN] [1788371207.096203257] [regolith_wheel_slip]: WHEEL SLIP #24 cleared - over the last 5.0 s the wheels claimed 0.16 rad of turning and the gyro corroborated 12% of it. Phantom distance kept out of the EKF so far: 12.59 m.
[wheel_slip_node.py-4] [WARN] [1788371207.175704851] [regolith_wheel_slip]: WHEEL SLIP #25: over the last 15.0 s the wheels claim 1.58 m and 2.39 rad of turning; the gyro saw 0.23 rad (9% of it) and the attitude spanned 5.94 deg. Feeding the EKF a zero-velocity update instead of the wheels' claim.
[wheel_slip_node.py-4] [WARN] [1788371213.319987743] [regolith_wheel_slip]: WHEEL SLIP #25 cleared - over the last 5.0 s the wheels claimed 0.00 rad of turning and the gyro corroborated nan% of it. Phantom distance kept out of the EKF so far: 12.99 m.
[wheel_slip_node.py-4] [WARN] [1788371213.405666490] [regolith_wheel_slip]: WHEEL SLIP #26: over the last 15.0 s the wheels claim 1.82 m and 2.37 rad of turning; the gyro saw 0.15 rad (6% of it) and the attitude spanned 5.94 deg. Feeding the EKF a zero-velocity update instead of the wheels' claim.
[wheel_slip_node.py-4] [WARN] [1788371222.106578488] [regolith_wheel_slip]: WHEEL SLIP #26 cleared - over the last 5.0 s the wheels claimed 0.00 rad of turning and the gyro corroborated nan% of it. Phantom distance kept out of the EKF so far: 13.39 m.
[wheel_slip_node.py-4] [WARN] [1788371222.197964156] [regolith_wheel_slip]: WHEEL SLIP #27: over the last 15.0 s the wheels claim 2.10 m and 1.94 rad of turning; the gyro saw 0.12 rad (6% of it) and the attitude spanned 4.21 deg. Feeding the EKF a zero-velocity update instead of the wheels' claim.
[wheel_slip_node.py-4] [WARN] [1788371231.260289993] [regolith_wheel_slip]: WHEEL SLIP #27 cleared - over the last 5.0 s the wheels claimed 0.15 rad of turning and the gyro corroborated 64% of it. Phantom distance kept out of the EKF so far: 13.69 m.
[wheel_slip_node.py-4] [WARN] [1788371231.374547086] [regolith_wheel_slip]: WHEEL SLIP #28: over the last 15.0 s the wheels claim 2.29 m and 1.49 rad of turning; the gyro saw 0.17 rad (11% of it) and the attitude spanned 6.82 deg. Feeding the EKF a zero-velocity update instead of the wheels' claim.
[wheel_slip_node.py-4] [WARN] [1788371240.321329833] [regolith_wheel_slip]: WHEEL SLIP #28 cleared - over the last 5.0 s the wheels claimed 0.76 rad of turning and the gyro corroborated 64% of it. Phantom distance kept out of the EKF so far: 13.69 m.
[pure_pursuit_node-9] [INFO] [1788371261.422459200] [regolith_pure_pursuit]: Recovery finished - resuming path following
[flip_recovery_node.py-10] [WARN] [1788371261.484008894] [regolith_flip_recovery]: STUCK RECOVERY #10 (escalation level 7, triggered by onboard estimate; 0 ground-truth / 10 onboard-estimate / 0 wheel-slip triggers so far). Escape maneuver: reversed 0.20 m/s for 10.0s, then turned right at 0.50 rad/s for 8.0s (sim time, exact - driven by the sim clock directly, not an RTF-estimated wall-clock sleep; RTF over this window measured 0.23x real time, logged for comparison only). A real rover's FDIR could do the same - this is not a simulated teleport.
[planner_node-8] [WARN] [1788371261.485683555] [regolith_planner]: Current-position cell (103, 72) is lethal (drift, or a keep-out zone this rover marked itself) - planning from the nearest free cell (103, 73) instead
[planner_node-8] [INFO] [1788371261.490203692] [regolith_planner]: Planned path: 18 waypoints, start=(103, 73) goal=(86, 60)
[flip_recovery_node.py-10] [WARN] [1788371266.686986487] [regolith_flip_recovery]: STUCK RECOVERY #10 result: onboard estimate moved 0.01 m during the maneuver - STILL WEDGED (3/10 escapes have freed the rover so far) [scoring only: ground truth moved 2.10 m - THE ROVERS VERDICT IS WRONG]
[pure_pursuit_node-9] [INFO] [1788371292.217990584] [regolith_pure_pursuit]: Recovery node has taken over /cmd_vel - pausing path following
[costmap_node-7] [WARN] [1788371292.228313223] [regolith_costmap]: Hazard #11 marked at (-43.47, -20.31): 13 cells lethal (1.2 m + 0.3 m rover radius). The rover got wedged here; the planner will route around it from now on.
[pure_pursuit_node-9] [INFO] [1788371360.876930301] [regolith_pure_pursuit]: Recovery finished - resuming path following
[flip_recovery_node.py-10] [WARN] [1788371360.938307882] [regolith_flip_recovery]: STUCK RECOVERY #11 (escalation level 8, triggered by onboard estimate; 0 ground-truth / 11 onboard-estimate / 0 wheel-slip triggers so far). Escape maneuver: reversed 0.20 m/s for 10.0s, then turned left at 0.50 rad/s for 8.0s (sim time, exact - driven by the sim clock directly, not an RTF-estimated wall-clock sleep; RTF over this window measured 0.25x real time, logged for comparison only). A real rover's FDIR could do the same - this is not a simulated teleport.
[planner_node-8] [WARN] [1788371360.939837857] [regolith_planner]: Current-position cell (105, 72) is lethal (drift, or a keep-out zone this rover marked itself) - planning from the nearest free cell (105, 73) instead
[planner_node-8] [INFO] [1788371360.945742998] [regolith_planner]: Planned path: 20 waypoints, start=(105, 73) goal=(86, 60)
[flip_recovery_node.py-10] [WARN] [1788371363.266048463] [regolith_flip_recovery]: STUCK RECOVERY #11 result: onboard estimate moved 2.00 m during the maneuver - FREED (4/11 escapes have freed the rover so far) [scoring only: ground truth moved 2.06 m]
[wheel_slip_node.py-4] [WARN] [1788371418.415453237] [regolith_wheel_slip]: WHEEL SLIP #29: over the last 15.0 s the wheels claim 0.75 m and 4.41 rad of turning; the gyro saw 0.63 rad (14% of it) and the attitude spanned 32.77 deg. Feeding the EKF a zero-velocity update instead of the wheels' claim.
[pure_pursuit_node-9] [INFO] [1788371429.561388372] [regolith_pure_pursuit]: Recovery node has taken over /cmd_vel - pausing path following
[costmap_node-7] [WARN] [1788371429.567884283] [regolith_costmap]: Hazard #12 marked at (-41.63, -18.16): 13 cells lethal (1.2 m + 0.3 m rover radius). The rover got wedged here; the planner will route around it from now on.
[wheel_slip_node.py-4] [WARN] [1788371448.824333283] [regolith_wheel_slip]: WHEEL SLIP #29 cleared - over the last 5.0 s the wheels claimed 0.16 rad of turning and the gyro corroborated 15% of it. Phantom distance kept out of the EKF so far: 14.79 m.
[wheel_slip_node.py-4] [WARN] [1788371448.904655289] [regolith_wheel_slip]: WHEEL SLIP #30: over the last 15.0 s the wheels claim 1.60 m and 3.16 rad of turning; the gyro saw 0.14 rad (4% of it) and the attitude spanned 8.02 deg. Feeding the EKF a zero-velocity update instead of the wheels' claim.
[wheel_slip_node.py-4] [WARN] [1788371454.679133175] [regolith_wheel_slip]: WHEEL SLIP #30 cleared - over the last 5.0 s the wheels claimed 0.00 rad of turning and the gyro corroborated nan% of it. Phantom distance kept out of the EKF so far: 15.19 m.
[wheel_slip_node.py-4] [WARN] [1788371454.757995753] [regolith_wheel_slip]: WHEEL SLIP #31: over the last 15.0 s the wheels claim 1.86 m and 2.55 rad of turning; the gyro saw 0.08 rad (3% of it) and the attitude spanned 6.95 deg. Feeding the EKF a zero-velocity update instead of the wheels' claim.
[wheel_slip_node.py-4] [WARN] [1788371462.902033061] [regolith_wheel_slip]: WHEEL SLIP #31 cleared - over the last 5.0 s the wheels claimed 0.00 rad of turning and the gyro corroborated nan% of it. Phantom distance kept out of the EKF so far: 15.59 m.
[wheel_slip_node.py-4] [WARN] [1788371462.987095835] [regolith_wheel_slip]: WHEEL SLIP #32: over the last 15.0 s the wheels claim 2.12 m and 1.94 rad of turning; the gyro saw 0.05 rad (3% of it) and the attitude spanned 6.95 deg. Feeding the EKF a zero-velocity update instead of the wheels' claim.
[wheel_slip_node.py-4] [WARN] [1788371471.593854397] [regolith_wheel_slip]: WHEEL SLIP #32 cleared - over the last 5.0 s the wheels claimed 0.15 rad of turning and the gyro corroborated 71% of it. Phantom distance kept out of the EKF so far: 15.88 m.
[wheel_slip_node.py-4] [WARN] [1788371471.678893530] [regolith_wheel_slip]: WHEEL SLIP #33: over the last 15.0 s the wheels claim 2.28 m and 1.49 rad of turning; the gyro saw 0.16 rad (10% of it) and the attitude spanned 8.62 deg. Feeding the EKF a zero-velocity update instead of the wheels' claim.
[wheel_slip_node.py-4] [WARN] [1788371480.017299280] [regolith_wheel_slip]: WHEEL SLIP #33 cleared - over the last 5.0 s the wheels claimed 0.76 rad of turning and the gyro corroborated 68% of it. Phantom distance kept out of the EKF so far: 15.88 m.
[pure_pursuit_node-9] [INFO] [1788371499.388650378] [regolith_pure_pursuit]: Recovery finished - resuming path following
[flip_recovery_node.py-10] [WARN] [1788371499.449615121] [regolith_flip_recovery]: STUCK RECOVERY #12 (escalation level 9, triggered by onboard estimate; 0 ground-truth / 12 onboard-estimate / 0 wheel-slip triggers so far). Escape maneuver: reversed 0.20 m/s for 10.0s, then turned right at 0.50 rad/s for 8.0s (sim time, exact - driven by the sim clock directly, not an RTF-estimated wall-clock sleep; RTF over this window measured 0.24x real time, logged for comparison only). A real rover's FDIR could do the same - this is not a simulated teleport.
[planner_node-8] [WARN] [1788371499.451410296] [regolith_planner]: Current-position cell (105, 73) is lethal (drift, or a keep-out zone this rover marked itself) - planning from the nearest free cell (106, 73) instead
[planner_node-8] [INFO] [1788371499.456777246] [regolith_planner]: Planned path: 24 waypoints, start=(106, 73) goal=(86, 60)
[flip_recovery_node.py-10] [WARN] [1788371504.326593698] [regolith_flip_recovery]: STUCK RECOVERY #12 result: onboard estimate moved 0.01 m during the maneuver - STILL WEDGED (4/12 escapes have freed the rover so far) [scoring only: ground truth moved 2.01 m - THE ROVERS VERDICT IS WRONG]
[pure_pursuit_node-9] [INFO] [1788372096.207236506] [regolith_pure_pursuit]: Goal reached (within 0.35 m of the commanded goal)
