[INFO] [launch]: All log files can be found below /home/balazs/.ros/log/2026-08-22-15-45-55-780571-DESKTOP-IE5MOME-97626
[INFO] [launch]: Default logging verbosity is set to INFO
[hello_moon.launch] Using ROS_DOMAIN_ID=27 (isolated DDS domain for this launch - see PROGRESS.md)
[INFO] [ruby $(which gz) sim-1]: process started with pid [97691]
[INFO] [robot_state_publisher-2]: process started with pid [97693]
[INFO] [parameter_bridge-3]: process started with pid [97696]
[INFO] [wheel_slip_node.py-4]: process started with pid [97698]
[INFO] [sensor_covariance_relay.py-5]: process started with pid [97701]
[INFO] [ekf_node-6]: process started with pid [97703]
[INFO] [costmap_node-7]: process started with pid [97705]
[INFO] [planner_node-8]: process started with pid [97707]
[INFO] [pure_pursuit_node-9]: process started with pid [97709]
[INFO] [flip_recovery_node.py-10]: process started with pid [97711]
[INFO] [mission_markers_node.py-11]: process started with pid [97715]
[robot_state_publisher-2] [INFO] [1787409957.533568009] [robot_state_publisher]: got segment base_link
[robot_state_publisher-2] [INFO] [1787409957.533777123] [robot_state_publisher]: got segment camera_link
[robot_state_publisher-2] [INFO] [1787409957.533800699] [robot_state_publisher]: got segment chassis
[robot_state_publisher-2] [INFO] [1787409957.533809912] [robot_state_publisher]: got segment front_left_wheel
[robot_state_publisher-2] [INFO] [1787409957.533817902] [robot_state_publisher]: got segment front_right_wheel
[robot_state_publisher-2] [INFO] [1787409957.533825849] [robot_state_publisher]: got segment imu_link
[robot_state_publisher-2] [INFO] [1787409957.533833657] [robot_state_publisher]: got segment rear_left_wheel
[robot_state_publisher-2] [INFO] [1787409957.533843488] [robot_state_publisher]: got segment rear_right_wheel
[parameter_bridge-3] [INFO] [1787409957.556164148] [ros_gz_bridge]: Creating GZ->ROS Bridge: [/clock (gz.msgs.Clock) -> /clock (rosgraph_msgs/msg/Clock)] (Lazy 0)
[parameter_bridge-3] [INFO] [1787409957.557813730] [ros_gz_bridge]: Creating GZ->ROS Bridge: [/cmd_vel (gz.msgs.Twist) -> /cmd_vel (geometry_msgs/msg/Twist)] (Lazy 0)
[parameter_bridge-3] [INFO] [1787409957.560083481] [ros_gz_bridge]: Creating ROS->GZ Bridge: [/cmd_vel (geometry_msgs/msg/Twist) -> /cmd_vel (gz.msgs.Twist)] (Lazy 0)
[parameter_bridge-3] [INFO] [1787409957.561119097] [ros_gz_bridge]: Creating GZ->ROS Bridge: [/odometry (gz.msgs.Odometry) -> /odometry (nav_msgs/msg/Odometry)] (Lazy 0)
[parameter_bridge-3] [INFO] [1787409957.563216542] [ros_gz_bridge]: Creating ROS->GZ Bridge: [/odometry (nav_msgs/msg/Odometry) -> /odometry (gz.msgs.Odometry)] (Lazy 0)
[parameter_bridge-3] [INFO] [1787409957.564493072] [ros_gz_bridge]: Creating GZ->ROS Bridge: [/camera (gz.msgs.Image) -> /camera (sensor_msgs/msg/Image)] (Lazy 0)
[parameter_bridge-3] [INFO] [1787409957.566525195] [ros_gz_bridge]: Creating ROS->GZ Bridge: [/camera (sensor_msgs/msg/Image) -> /camera (gz.msgs.Image)] (Lazy 0)
[parameter_bridge-3] [INFO] [1787409957.567673539] [ros_gz_bridge]: Creating GZ->ROS Bridge: [/camera_info (gz.msgs.CameraInfo) -> /camera_info (sensor_msgs/msg/CameraInfo)] (Lazy 0)
[parameter_bridge-3] [INFO] [1787409957.568784455] [ros_gz_bridge]: Creating ROS->GZ Bridge: [/camera_info (sensor_msgs/msg/CameraInfo) -> /camera_info (gz.msgs.CameraInfo)] (Lazy 0)
[parameter_bridge-3] [INFO] [1787409957.569523463] [ros_gz_bridge]: Creating GZ->ROS Bridge: [/depth_camera (gz.msgs.Image) -> /depth_camera (sensor_msgs/msg/Image)] (Lazy 0)
[parameter_bridge-3] [INFO] [1787409957.570174053] [ros_gz_bridge]: Creating ROS->GZ Bridge: [/depth_camera (sensor_msgs/msg/Image) -> /depth_camera (gz.msgs.Image)] (Lazy 0)
[parameter_bridge-3] [INFO] [1787409957.571109080] [ros_gz_bridge]: Creating GZ->ROS Bridge: [/imu (gz.msgs.IMU) -> /imu (sensor_msgs/msg/Imu)] (Lazy 0)
[parameter_bridge-3] [INFO] [1787409957.572512018] [ros_gz_bridge]: Creating ROS->GZ Bridge: [/imu (sensor_msgs/msg/Imu) -> /imu (gz.msgs.IMU)] (Lazy 0)
[parameter_bridge-3] [INFO] [1787409957.573739216] [ros_gz_bridge]: Creating GZ->ROS Bridge: [/world/regolith_moon/model/rover/joint_state (gz.msgs.Model) -> /world/regolith_moon/model/rover/joint_state (sensor_msgs/msg/JointState)] (Lazy 0)
[parameter_bridge-3] [INFO] [1787409957.574951414] [ros_gz_bridge]: Creating ROS->GZ Bridge: [/world/regolith_moon/model/rover/joint_state (sensor_msgs/msg/JointState) -> /world/regolith_moon/model/rover/joint_state (gz.msgs.Model)] (Lazy 0)
[parameter_bridge-3] [INFO] [1787409957.576066352] [ros_gz_bridge]: Creating GZ->ROS Bridge: [/model/rover/pose (gz.msgs.Pose) -> /model/rover/pose (geometry_msgs/msg/PoseStamped)] (Lazy 0)
[flip_recovery_node.py-10] [INFO] [1787409957.928012970] [regolith_flip_recovery]: Flip/stuck recovery armed (simulated set_pose backstop for flips, straight-line cmd_vel override for stuck-but-upright)
[wheel_slip_node.py-4] [INFO] [1787409957.956455301] [regolith_wheel_slip]: Wheel-slip ZUPT armed: /odom -> /odom/gated (onboard signals only - wheel odometry and IMU, never ground truth). legacy_rigid_body_signature=True [A/B LEVER: retired signature 2 re-enabled]
[costmap_node-7] [INFO] [1787409958.001698469] [regolith_costmap]: Published costmap: 256x256 cells at 0.781 m/cell
[mission_markers_node.py-11] [INFO] [1787409958.015952966] [regolith_mission_markers]: Mission markers active - start at (0.0, 0.0), Gazebo flags on, RViz on /mission_markers
[planner_node-8] [WARN] [1787409961.940181061] [regolith_planner]: No costmap or current pose yet - ignoring goal
[planner_node-8] [INFO] [1787409971.977226937] [regolith_planner]: Planned path: 82 waypoints, start=(128, 127) goal=(152, 50)
[parameter_bridge-3] [INFO] [1787409972.554094529] [ros_gz_bridge]: Passing message from ROS geometry_msgs/msg/Twist to Gazebo gz.msgs.Twist (showing msg only once per type)
[costmap_node-7] [WARN] [1787409985.553404324] [regolith_costmap]: Hazard #1 marked at (0.58, 0.55): 13 cells lethal (1.2 m + 0.3 m rover radius). The rover got wedged here; the planner will route around it from now on.
[pure_pursuit_node-9] [INFO] [1787409985.566546025] [regolith_pure_pursuit]: Recovery node has taken over /cmd_vel - pausing path following
[pure_pursuit_node-9] [INFO] [1787410000.599843774] [regolith_pure_pursuit]: Recovery finished - resuming path following
[flip_recovery_node.py-10] [WARN] [1787410000.660764950] [regolith_flip_recovery]: STUCK RECOVERY #1 (escalation level 0, triggered by ground truth; 1 ground-truth / 0 onboard triggers so far). Escape maneuver: reversed 0.20 m/s for 3.0s, then turned left at 0.50 rad/s for 2.0s (sim time, at a measured 0.29x real time). A real rover's FDIR could do the same - this is not a simulated teleport.
[planner_node-8] [WARN] [1787410000.662441507] [regolith_planner]: Current-position cell (127, 127) is lethal (drift, or a keep-out zone this rover marked itself) - planning from the nearest free cell (126, 127) instead
[flip_recovery_node.py-10] [WARN] [1787410000.668217847] [regolith_flip_recovery]: STUCK RECOVERY #1 result: ground truth moved 0.01 m during the maneuver - STILL WEDGED (0/1 escapes have freed the rover so far)
[planner_node-8] [INFO] [1787410000.718287234] [regolith_planner]: Planned path: 82 waypoints, start=(126, 127) goal=(152, 50)
[pure_pursuit_node-9] [WARN] [1787410032.840470775] [regolith_pure_pursuit]: Stalled for 8s - stopping and replanning
[planner_node-8] [WARN] [1787410032.841892719] [regolith_planner]: Current-position cell (127, 127) is lethal (drift, or a keep-out zone this rover marked itself) - planning from the nearest free cell (126, 127) instead
[planner_node-8] [INFO] [1787410032.898006421] [regolith_planner]: Planned path: 82 waypoints, start=(126, 127) goal=(152, 50)
[pure_pursuit_node-9] [INFO] [1787410033.762822386] [regolith_pure_pursuit]: Recovery node has taken over /cmd_vel - pausing path following
[costmap_node-7] [WARN] [1787410033.769688137] [regolith_costmap]: Hazard #2 marked at (-1.15, -0.28): 13 cells lethal (1.2 m + 0.3 m rover radius). The rover got wedged here; the planner will route around it from now on.
[pure_pursuit_node-9] [INFO] [1787410033.770050365] [regolith_pure_pursuit]: Costmap changed (a new keep-out zone) - restoring the replan budget: the route being retried is not the one that already failed
[pure_pursuit_node-9] [INFO] [1787410071.336100143] [regolith_pure_pursuit]: Recovery finished - resuming path following
[flip_recovery_node.py-10] [WARN] [1787410071.396992233] [regolith_flip_recovery]: STUCK RECOVERY #2 (escalation level 1, triggered by ground truth; 2 ground-truth / 0 onboard triggers so far). Escape maneuver: reversed 0.20 m/s for 6.0s, then turned right at 0.50 rad/s for 3.5s (sim time, at a measured 0.24x real time). A real rover's FDIR could do the same - this is not a simulated teleport.
[planner_node-8] [WARN] [1787410071.398442246] [regolith_planner]: Current-position cell (127, 129) is lethal (drift, or a keep-out zone this rover marked itself) - planning from the nearest free cell (126, 129) instead
[planner_node-8] [INFO] [1787410071.472138472] [regolith_planner]: Planned path: 84 waypoints, start=(126, 129) goal=(152, 50)
[flip_recovery_node.py-10] [WARN] [1787410076.298425858] [regolith_flip_recovery]: STUCK RECOVERY #2 result: ground truth moved 1.26 m during the maneuver - FREED (1/2 escapes have freed the rover so far)
[pure_pursuit_node-9] [INFO] [1787410083.402634191] [regolith_pure_pursuit]: Recovery node has taken over /cmd_vel - pausing path following
[costmap_node-7] [WARN] [1787410083.409976896] [regolith_costmap]: Hazard #3 marked at (0.09, -0.27): 13 cells lethal (1.2 m + 0.3 m rover radius). The rover got wedged here; the planner will route around it from now on.
[pure_pursuit_node-9] [INFO] [1787410142.248954024] [regolith_pure_pursuit]: Recovery finished - resuming path following
[flip_recovery_node.py-10] [WARN] [1787410142.309597058] [regolith_flip_recovery]: STUCK RECOVERY #3 (escalation level 2, triggered by ground truth; 3 ground-truth / 0 onboard triggers so far). Escape maneuver: reversed 0.20 m/s for 10.0s, then turned left at 0.50 rad/s for 5.0s (sim time, at a measured 0.24x real time). A real rover's FDIR could do the same - this is not a simulated teleport.
[planner_node-8] [INFO] [1787410142.373804694] [regolith_planner]: Planned path: 86 waypoints, start=(126, 131) goal=(152, 50)
[flip_recovery_node.py-10] [WARN] [1787410146.882484664] [regolith_flip_recovery]: STUCK RECOVERY #3 result: ground truth moved 2.01 m during the maneuver - FREED (2/3 escapes have freed the rover so far)
[wheel_slip_node.py-4] [WARN] [1787410431.850868998] [regolith_wheel_slip]: WHEEL SLIP #1: over the last 15.0 s the wheels claim 2.78 m and 0.00 rad of turning; the gyro saw 0.00 rad (103% of it) and the attitude spanned 0.44 deg. Feeding the EKF a zero-velocity update instead of the wheels' claim.
[pure_pursuit_node-9] [INFO] [1787410451.185484719] [regolith_pure_pursuit]: Recovery node has taken over /cmd_vel - pausing path following
[costmap_node-7] [WARN] [1787410451.191599542] [regolith_costmap]: Hazard #4 marked at (-9.89, -2.73): 13 cells lethal (1.2 m + 0.3 m rover radius). The rover got wedged here; the planner will route around it from now on.
[wheel_slip_node.py-4] [WARN] [1787410490.847977590] [regolith_wheel_slip]: WHEEL SLIP #1 cleared - over the last 5.0 s the wheels claimed 0.01 rad of turning and the gyro corroborated 52% of it. Phantom distance kept out of the EKF so far: 2.97 m.
[wheel_slip_node.py-4] [WARN] [1787410490.930073554] [regolith_wheel_slip]: WHEEL SLIP #2: over the last 15.0 s the wheels claim 2.88 m and 0.01 rad of turning; the gyro saw 0.01 rad (53% of it) and the attitude spanned 0.36 deg. Feeding the EKF a zero-velocity update instead of the wheels' claim.
[wheel_slip_node.py-4] [WARN] [1787410499.123472475] [regolith_wheel_slip]: WHEEL SLIP #2 cleared - over the last 5.0 s the wheels claimed 0.60 rad of turning and the gyro corroborated 76% of it. Phantom distance kept out of the EKF so far: 2.97 m.
[pure_pursuit_node-9] [INFO] [1787410515.023473225] [regolith_pure_pursuit]: Recovery finished - resuming path following
[flip_recovery_node.py-10] [WARN] [1787410515.084634335] [regolith_flip_recovery]: STUCK RECOVERY #4 (escalation level 3, triggered by wheel slip (onboard); 3 ground-truth / 1 onboard triggers so far). Escape maneuver: reversed 0.20 m/s for 10.0s, then turned right at 0.50 rad/s for 6.5s (sim time, at a measured 0.24x real time). A real rover's FDIR could do the same - this is not a simulated teleport.
[planner_node-8] [WARN] [1787410515.086208434] [regolith_planner]: Current-position cell (124, 116) is lethal (drift, or a keep-out zone this rover marked itself) - planning from the nearest free cell (123, 117) instead
[planner_node-8] [INFO] [1787410515.129510884] [regolith_planner]: Planned path: 72 waypoints, start=(123, 117) goal=(152, 50)
[flip_recovery_node.py-10] [WARN] [1787410519.418263643] [regolith_flip_recovery]: STUCK RECOVERY #4 result: ground truth moved 2.07 m during the maneuver - FREED (3/4 escapes have freed the rover so far)
[pure_pursuit_node-9] [INFO] [1787410536.973914593] [regolith_pure_pursuit]: Recovery node has taken over /cmd_vel - pausing path following
[costmap_node-7] [WARN] [1787410536.981020753] [regolith_costmap]: Hazard #5 marked at (-9.87, -2.53): 13 cells lethal (1.2 m + 0.3 m rover radius). The rover got wedged here; the planner will route around it from now on.
[pure_pursuit_node-9] [INFO] [1787410606.277409607] [regolith_pure_pursuit]: Recovery finished - resuming path following
[flip_recovery_node.py-10] [WARN] [1787410606.337787946] [regolith_flip_recovery]: STUCK RECOVERY #5 (escalation level 4, triggered by ground truth; 4 ground-truth / 1 onboard triggers so far). Escape maneuver: reversed 0.20 m/s for 10.0s, then turned left at 0.50 rad/s for 8.0s (sim time, at a measured 0.25x real time). A real rover's FDIR could do the same - this is not a simulated teleport.
[planner_node-8] [INFO] [1787410606.397484634] [regolith_planner]: Planned path: 73 waypoints, start=(123, 118) goal=(152, 50)
[flip_recovery_node.py-10] [WARN] [1787410610.841323001] [regolith_flip_recovery]: STUCK RECOVERY #5 result: ground truth moved 2.11 m during the maneuver - FREED (4/5 escapes have freed the rover so far)
[ruby $(which gz) sim-1] NodeShared::Publish() Error: Interrupted system call
[pure_pursuit_node-9] [INFO] [1787412043.826138680] [regolith_pure_pursuit]: Goal reached (within 0.35 m of the commanded goal)
