[INFO] [launch]: All log files can be found below /home/balazs/.ros/log/2026-08-22-04-49-08-654494-DESKTOP-IE5MOME-78453
[INFO] [launch]: Default logging verbosity is set to INFO
[hello_moon.launch] Using ROS_DOMAIN_ID=3 (isolated DDS domain for this launch - see PROGRESS.md)
[INFO] [ruby $(which gz) sim-1]: process started with pid [78497]
[INFO] [robot_state_publisher-2]: process started with pid [78499]
[INFO] [parameter_bridge-3]: process started with pid [78502]
[INFO] [wheel_slip_node.py-4]: process started with pid [78504]
[INFO] [sensor_covariance_relay.py-5]: process started with pid [78507]
[INFO] [ekf_node-6]: process started with pid [78509]
[INFO] [costmap_node-7]: process started with pid [78511]
[INFO] [planner_node-8]: process started with pid [78513]
[INFO] [pure_pursuit_node-9]: process started with pid [78515]
[INFO] [flip_recovery_node.py-10]: process started with pid [78517]
[INFO] [mission_markers_node.py-11]: process started with pid [78519]
[parameter_bridge-3] [INFO] [1787370550.188321561] [ros_gz_bridge]: Creating GZ->ROS Bridge: [/clock (gz.msgs.Clock) -> /clock (rosgraph_msgs/msg/Clock)] (Lazy 0)
[parameter_bridge-3] [INFO] [1787370550.190273256] [ros_gz_bridge]: Creating GZ->ROS Bridge: [/cmd_vel (gz.msgs.Twist) -> /cmd_vel (geometry_msgs/msg/Twist)] (Lazy 0)
[parameter_bridge-3] [INFO] [1787370550.193127379] [ros_gz_bridge]: Creating ROS->GZ Bridge: [/cmd_vel (geometry_msgs/msg/Twist) -> /cmd_vel (gz.msgs.Twist)] (Lazy 0)
[parameter_bridge-3] [INFO] [1787370550.194766404] [ros_gz_bridge]: Creating GZ->ROS Bridge: [/odometry (gz.msgs.Odometry) -> /odometry (nav_msgs/msg/Odometry)] (Lazy 0)
[parameter_bridge-3] [INFO] [1787370550.197167370] [ros_gz_bridge]: Creating ROS->GZ Bridge: [/odometry (nav_msgs/msg/Odometry) -> /odometry (gz.msgs.Odometry)] (Lazy 0)
[parameter_bridge-3] [INFO] [1787370550.198236639] [ros_gz_bridge]: Creating GZ->ROS Bridge: [/camera (gz.msgs.Image) -> /camera (sensor_msgs/msg/Image)] (Lazy 0)
[robot_state_publisher-2] [INFO] [1787370550.200659531] [robot_state_publisher]: got segment base_link
[robot_state_publisher-2] [INFO] [1787370550.200829246] [robot_state_publisher]: got segment camera_link
[robot_state_publisher-2] [INFO] [1787370550.200846521] [robot_state_publisher]: got segment chassis
[robot_state_publisher-2] [INFO] [1787370550.200853889] [robot_state_publisher]: got segment front_left_wheel
[robot_state_publisher-2] [INFO] [1787370550.200860385] [robot_state_publisher]: got segment front_right_wheel
[robot_state_publisher-2] [INFO] [1787370550.200866441] [robot_state_publisher]: got segment imu_link
[robot_state_publisher-2] [INFO] [1787370550.200873473] [robot_state_publisher]: got segment rear_left_wheel
[robot_state_publisher-2] [INFO] [1787370550.200880389] [robot_state_publisher]: got segment rear_right_wheel
[parameter_bridge-3] [INFO] [1787370550.201776097] [ros_gz_bridge]: Creating ROS->GZ Bridge: [/camera (sensor_msgs/msg/Image) -> /camera (gz.msgs.Image)] (Lazy 0)
[parameter_bridge-3] [INFO] [1787370550.202974749] [ros_gz_bridge]: Creating GZ->ROS Bridge: [/camera_info (gz.msgs.CameraInfo) -> /camera_info (sensor_msgs/msg/CameraInfo)] (Lazy 0)
[parameter_bridge-3] [INFO] [1787370550.204304844] [ros_gz_bridge]: Creating ROS->GZ Bridge: [/camera_info (sensor_msgs/msg/CameraInfo) -> /camera_info (gz.msgs.CameraInfo)] (Lazy 0)
[parameter_bridge-3] [INFO] [1787370550.205428698] [ros_gz_bridge]: Creating GZ->ROS Bridge: [/depth_camera (gz.msgs.Image) -> /depth_camera (sensor_msgs/msg/Image)] (Lazy 0)
[parameter_bridge-3] [INFO] [1787370550.206336637] [ros_gz_bridge]: Creating ROS->GZ Bridge: [/depth_camera (sensor_msgs/msg/Image) -> /depth_camera (gz.msgs.Image)] (Lazy 0)
[parameter_bridge-3] [INFO] [1787370550.207129623] [ros_gz_bridge]: Creating GZ->ROS Bridge: [/imu (gz.msgs.IMU) -> /imu (sensor_msgs/msg/Imu)] (Lazy 0)
[parameter_bridge-3] [INFO] [1787370550.208082313] [ros_gz_bridge]: Creating ROS->GZ Bridge: [/imu (sensor_msgs/msg/Imu) -> /imu (gz.msgs.IMU)] (Lazy 0)
[parameter_bridge-3] [INFO] [1787370550.208837538] [ros_gz_bridge]: Creating GZ->ROS Bridge: [/world/regolith_moon/model/rover/joint_state (gz.msgs.Model) -> /world/regolith_moon/model/rover/joint_state (sensor_msgs/msg/JointState)] (Lazy 0)
[parameter_bridge-3] [INFO] [1787370550.209955735] [ros_gz_bridge]: Creating ROS->GZ Bridge: [/world/regolith_moon/model/rover/joint_state (sensor_msgs/msg/JointState) -> /world/regolith_moon/model/rover/joint_state (gz.msgs.Model)] (Lazy 0)
[parameter_bridge-3] [INFO] [1787370550.211021373] [ros_gz_bridge]: Creating GZ->ROS Bridge: [/model/rover/pose (gz.msgs.Pose) -> /model/rover/pose (geometry_msgs/msg/PoseStamped)] (Lazy 0)
[wheel_slip_node.py-4] [INFO] [1787370550.688011850] [regolith_wheel_slip]: Wheel-slip ZUPT armed: /odom -> /odom/gated (onboard signals only - wheel odometry and IMU, never ground truth). legacy_rigid_body_signature=True [A/B LEVER: retired signature 2 re-enabled]
[flip_recovery_node.py-10] [INFO] [1787370550.693754615] [regolith_flip_recovery]: Flip/stuck recovery armed (simulated set_pose backstop for flips, straight-line cmd_vel override for stuck-but-upright)
[costmap_node-7] [INFO] [1787370550.762042487] [regolith_costmap]: Published costmap: 256x256 cells at 0.781 m/cell
[mission_markers_node.py-11] [INFO] [1787370550.763927957] [regolith_mission_markers]: Mission markers active - start at (0.0, 0.0), Gazebo flags on, RViz on /mission_markers
[planner_node-8] [WARN] [1787370554.777487023] [regolith_planner]: No costmap or current pose yet - ignoring goal
[planner_node-8] [INFO] [1787370563.819345573] [regolith_planner]: Planned path: 82 waypoints, start=(128, 127) goal=(152, 50)
[parameter_bridge-3] [INFO] [1787370563.959524951] [ros_gz_bridge]: Passing message from ROS geometry_msgs/msg/Twist to Gazebo gz.msgs.Twist (showing msg only once per type)
[costmap_node-7] [WARN] [1787370576.457857258] [regolith_costmap]: Hazard #1 marked at (0.54, 0.59): 13 cells lethal (1.2 m + 0.3 m rover radius). The rover got wedged here; the planner will route around it from now on.
[pure_pursuit_node-9] [INFO] [1787370576.470381100] [regolith_pure_pursuit]: Recovery node has taken over /cmd_vel - pausing path following
[pure_pursuit_node-9] [INFO] [1787370591.212953530] [regolith_pure_pursuit]: Recovery finished - resuming path following
[flip_recovery_node.py-10] [WARN] [1787370591.273754307] [regolith_flip_recovery]: STUCK RECOVERY #1 (escalation level 0, triggered by ground truth; 1 ground-truth / 0 onboard triggers so far). Escape maneuver: reversed 0.20 m/s for 3.0s, then turned left at 0.50 rad/s for 2.0s (sim time, at a measured 0.31x real time). A real rover's FDIR could do the same - this is not a simulated teleport.
[planner_node-8] [WARN] [1787370591.275018788] [regolith_planner]: Current-position cell (127, 127) is lethal (drift, or a keep-out zone this rover marked itself) - planning from the nearest free cell (126, 127) instead
[flip_recovery_node.py-10] [WARN] [1787370591.277544235] [regolith_flip_recovery]: STUCK RECOVERY #1 result: ground truth moved 0.53 m during the maneuver - FREED (1/1 escapes have freed the rover so far)
[planner_node-8] [INFO] [1787370591.329034411] [regolith_planner]: Planned path: 82 waypoints, start=(126, 127) goal=(152, 50)
[pure_pursuit_node-9] [WARN] [1787370619.634546048] [regolith_pure_pursuit]: Stalled for 8s - stopping and replanning
[planner_node-8] [WARN] [1787370619.635748276] [regolith_planner]: Current-position cell (127, 127) is lethal (drift, or a keep-out zone this rover marked itself) - planning from the nearest free cell (126, 127) instead
[planner_node-8] [INFO] [1787370619.688632682] [regolith_planner]: Planned path: 82 waypoints, start=(126, 127) goal=(152, 50)
[wheel_slip_node.py-4] [WARN] [1787370800.879807906] [regolith_wheel_slip]: WHEEL SLIP #1: over the last 15.0 s the wheels claim 2.77 m and 0.02 rad of turning; the gyro saw 0.01 rad (41% of it) and the attitude spanned 0.43 deg. Feeding the EKF a zero-velocity update instead of the wheels' claim.
[pure_pursuit_node-9] [INFO] [1787370819.185114141] [regolith_pure_pursuit]: Recovery node has taken over /cmd_vel - pausing path following
[costmap_node-7] [WARN] [1787370819.193310816] [regolith_costmap]: Hazard #2 marked at (-9.78, -1.17): 13 cells lethal (1.2 m + 0.3 m rover radius). The rover got wedged here; the planner will route around it from now on.
[pure_pursuit_node-9] [INFO] [1787370819.193544229] [regolith_pure_pursuit]: Costmap changed (a new keep-out zone) - restoring the replan budget: the route being retried is not the one that already failed
[wheel_slip_node.py-4] [WARN] [1787370840.185846108] [regolith_wheel_slip]: WHEEL SLIP #1 cleared - over the last 5.0 s the wheels claimed 0.02 rad of turning and the gyro corroborated 26% of it. Phantom distance kept out of the EKF so far: 2.11 m.
[wheel_slip_node.py-4] [WARN] [1787370840.256593970] [regolith_wheel_slip]: WHEEL SLIP #2: over the last 15.0 s the wheels claim 2.81 m and 0.02 rad of turning; the gyro saw 0.01 rad (27% of it) and the attitude spanned 0.37 deg. Feeding the EKF a zero-velocity update instead of the wheels' claim.
[wheel_slip_node.py-4] [WARN] [1787370847.437625445] [regolith_wheel_slip]: WHEEL SLIP #2 cleared - over the last 5.0 s the wheels claimed 0.62 rad of turning and the gyro corroborated 46% of it. Phantom distance kept out of the EKF so far: 2.11 m.
[pure_pursuit_node-9] [INFO] [1787370852.113780306] [regolith_pure_pursuit]: Recovery finished - resuming path following
[flip_recovery_node.py-10] [WARN] [1787370852.174511736] [regolith_flip_recovery]: STUCK RECOVERY #2 (escalation level 1, triggered by wheel slip (onboard); 1 ground-truth / 1 onboard triggers so far). Escape maneuver: reversed 0.20 m/s for 6.0s, then turned right at 0.50 rad/s for 3.5s (sim time, at a measured 0.28x real time). A real rover's FDIR could do the same - this is not a simulated teleport.
[planner_node-8] [WARN] [1787370852.175745997] [regolith_planner]: Current-position cell (126, 116) is lethal (drift, or a keep-out zone this rover marked itself) - planning from the nearest free cell (125, 117) instead
[planner_node-8] [INFO] [1787370852.218541442] [regolith_planner]: Planned path: 72 waypoints, start=(125, 117) goal=(152, 50)
[flip_recovery_node.py-10] [WARN] [1787370856.236223308] [regolith_flip_recovery]: STUCK RECOVERY #2 result: ground truth moved 1.02 m during the maneuver - FREED (2/2 escapes have freed the rover so far)
[pure_pursuit_node-9] [WARN] [1787370880.334637893] [regolith_pure_pursuit]: Stalled for 8s - stopping and replanning
[planner_node-8] [WARN] [1787370880.335769830] [regolith_planner]: Current-position cell (126, 116) is lethal (drift, or a keep-out zone this rover marked itself) - planning from the nearest free cell (125, 117) instead
[planner_node-8] [INFO] [1787370880.393815244] [regolith_planner]: Planned path: 72 waypoints, start=(125, 117) goal=(152, 50)
[ruby $(which gz) sim-1] NodeShared::Publish() Error: Interrupted system call
[wheel_slip_node.py-4] [WARN] [1787372090.194077749] [regolith_wheel_slip]: WHEEL SLIP #3: over the last 15.0 s the wheels claim 0.89 m and 4.50 rad of turning; the gyro saw 0.65 rad (14% of it) and the attitude spanned 6.72 deg. Feeding the EKF a zero-velocity update instead of the wheels' claim.
[pure_pursuit_node-9] [WARN] [1787372103.347932063] [regolith_pure_pursuit]: Stalled for 8s - stopping and replanning
[planner_node-8] [INFO] [1787372103.352567894] [regolith_planner]: Planned path: 13 waypoints, start=(141, 58) goal=(152, 50)
[pure_pursuit_node-9] [INFO] [1787372107.311392434] [regolith_pure_pursuit]: Recovery node has taken over /cmd_vel - pausing path following
[costmap_node-7] [WARN] [1787372107.319335547] [regolith_costmap]: Hazard #3 marked at (-55.28, 10.62): 13 cells lethal (1.2 m + 0.3 m rover radius). The rover got wedged here; the planner will route around it from now on.
[pure_pursuit_node-9] [INFO] [1787372107.319584180] [regolith_pure_pursuit]: Costmap changed (a new keep-out zone) - restoring the replan budget: the route being retried is not the one that already failed
[wheel_slip_node.py-4] [WARN] [1787372120.187694521] [regolith_wheel_slip]: WHEEL SLIP #3 cleared - over the last 5.0 s the wheels claimed 0.55 rad of turning and the gyro corroborated 25% of it. Phantom distance kept out of the EKF so far: 3.04 m.
[pure_pursuit_node-9] [INFO] [1787372124.644173214] [regolith_pure_pursuit]: Recovery finished - resuming path following
[flip_recovery_node.py-10] [WARN] [1787372124.705188315] [regolith_flip_recovery]: STUCK RECOVERY #3 (escalation level 0, triggered by wheel slip (onboard); 1 ground-truth / 2 onboard triggers so far). Escape maneuver: reversed 0.20 m/s for 3.0s, then turned left at 0.50 rad/s for 2.0s (sim time, at a measured 0.27x real time). A real rover's FDIR could do the same - this is not a simulated teleport.
[planner_node-8] [WARN] [1787372124.707026033] [regolith_planner]: Current-position cell (141, 58) is lethal (drift, or a keep-out zone this rover marked itself) - planning from the nearest free cell (140, 59) instead
[planner_node-8] [INFO] [1787372124.712449922] [regolith_planner]: Planned path: 17 waypoints, start=(140, 59) goal=(152, 50)
[flip_recovery_node.py-10] [WARN] [1787372128.950879544] [regolith_flip_recovery]: STUCK RECOVERY #3 result: ground truth moved 0.60 m during the maneuver - FREED (3/3 escapes have freed the rover so far)
[pure_pursuit_node-9] [INFO] [1787372198.048414028] [regolith_pure_pursuit]: Recovery node has taken over /cmd_vel - pausing path following
[costmap_node-7] [WARN] [1787372198.055625394] [regolith_costmap]: Hazard #4 marked at (-56.11, 9.90): 13 cells lethal (1.2 m + 0.3 m rover radius). The rover got wedged here; the planner will route around it from now on.
[pure_pursuit_node-9] [INFO] [1787372232.296308542] [regolith_pure_pursuit]: Recovery finished - resuming path following
[flip_recovery_node.py-10] [WARN] [1787372232.356825768] [regolith_flip_recovery]: STUCK RECOVERY #4 (escalation level 1, triggered by ground truth; 2 ground-truth / 2 onboard triggers so far). Escape maneuver: reversed 0.20 m/s for 6.0s, then turned right at 0.50 rad/s for 3.5s (sim time, at a measured 0.27x real time). A real rover's FDIR could do the same - this is not a simulated teleport.
[planner_node-8] [WARN] [1787372232.358442067] [regolith_planner]: Current-position cell (140, 58) is lethal (drift, or a keep-out zone this rover marked itself) - planning from the nearest free cell (139, 58) instead
[planner_node-8] [INFO] [1787372232.365296219] [regolith_planner]: Planned path: 18 waypoints, start=(139, 58) goal=(152, 50)
[flip_recovery_node.py-10] [WARN] [1787372236.728340289] [regolith_flip_recovery]: STUCK RECOVERY #4 result: ground truth moved 1.28 m during the maneuver - FREED (4/4 escapes have freed the rover so far)
[pure_pursuit_node-9] [INFO] [1787372244.717522446] [regolith_pure_pursuit]: Recovery node has taken over /cmd_vel - pausing path following
[costmap_node-7] [WARN] [1787372244.724440826] [regolith_costmap]: Hazard #5 marked at (-54.86, 9.86): 13 cells lethal (1.2 m + 0.3 m rover radius). The rover got wedged here; the planner will route around it from now on.
[pure_pursuit_node-9] [INFO] [1787372296.571555014] [regolith_pure_pursuit]: Recovery finished - resuming path following
[flip_recovery_node.py-10] [WARN] [1787372296.631952876] [regolith_flip_recovery]: STUCK RECOVERY #5 (escalation level 2, triggered by ground truth; 3 ground-truth / 2 onboard triggers so far). Escape maneuver: reversed 0.20 m/s for 10.0s, then turned left at 0.50 rad/s for 5.0s (sim time, at a measured 0.27x real time). A real rover's FDIR could do the same - this is not a simulated teleport.
[planner_node-8] [INFO] [1787372296.639888980] [regolith_planner]: Planned path: 21 waypoints, start=(139, 61) goal=(152, 50)
[flip_recovery_node.py-10] [WARN] [1787372300.935667136] [regolith_flip_recovery]: STUCK RECOVERY #5 result: ground truth moved 1.99 m during the maneuver - FREED (5/5 escapes have freed the rover so far)
[ruby $(which gz) sim-1] NodeShared::Publish() Error: Interrupted system call
[pure_pursuit_node-9] [INFO] [1787372769.964929580] [regolith_pure_pursuit]: Recovery node has taken over /cmd_vel - pausing path following
[costmap_node-7] [WARN] [1787372769.971659557] [regolith_costmap]: Hazard #6 marked at (-60.51, 19.03): 13 cells lethal (1.2 m + 0.3 m rover radius). The rover got wedged here; the planner will route around it from now on.
[pure_pursuit_node-9] [INFO] [1787372787.324305629] [regolith_pure_pursuit]: Recovery finished - resuming path following
[flip_recovery_node.py-10] [WARN] [1787372787.384530137] [regolith_flip_recovery]: STUCK RECOVERY #6 (escalation level 0, triggered by ground truth; 4 ground-truth / 2 onboard triggers so far). Escape maneuver: reversed 0.20 m/s for 3.0s, then turned left at 0.50 rad/s for 2.0s (sim time, at a measured 0.27x real time). A real rover's FDIR could do the same - this is not a simulated teleport.
[planner_node-8] [WARN] [1787372787.386125333] [regolith_planner]: Goal cell (152, 50) is lethal (obstacle or too-steep slope) - pick another goal
[flip_recovery_node.py-10] [WARN] [1787372791.733553226] [regolith_flip_recovery]: STUCK RECOVERY #6 result: ground truth moved 0.56 m during the maneuver - FREED (6/6 escapes have freed the rover so far)
[pure_pursuit_node-9] [INFO] [1787372851.252636468] [regolith_pure_pursuit]: Recovery node has taken over /cmd_vel - pausing path following
[costmap_node-7] [WARN] [1787372851.260318214] [regolith_costmap]: Hazard #7 marked at (-60.90, 19.61): 13 cells lethal (1.2 m + 0.3 m rover radius). The rover got wedged here; the planner will route around it from now on.
[pure_pursuit_node-9] [INFO] [1787372885.250468422] [regolith_pure_pursuit]: Recovery finished - resuming path following
[flip_recovery_node.py-10] [WARN] [1787372885.311119506] [regolith_flip_recovery]: STUCK RECOVERY #7 (escalation level 1, triggered by ground truth; 5 ground-truth / 2 onboard triggers so far). Escape maneuver: reversed 0.20 m/s for 6.0s, then turned right at 0.50 rad/s for 3.5s (sim time, at a measured 0.27x real time). A real rover's FDIR could do the same - this is not a simulated teleport.
[planner_node-8] [WARN] [1787372885.312819333] [regolith_planner]: Goal cell (152, 50) is lethal (obstacle or too-steep slope) - pick another goal
[flip_recovery_node.py-10] [WARN] [1787372889.697650005] [regolith_flip_recovery]: STUCK RECOVERY #7 result: ground truth moved 1.16 m during the maneuver - FREED (7/7 escapes have freed the rover so far)
[pure_pursuit_node-9] [INFO] [1787372948.682039402] [regolith_pure_pursuit]: Goal reached (within 0.35 m of the commanded goal)
