[INFO] [launch]: All log files can be found below /home/balazs/.ros/log/2026-09-14-18-14-25-922970-DESKTOP-IE5MOME-9381
[INFO] [launch]: Default logging verbosity is set to INFO
[hello_moon.launch] Using ROS_DOMAIN_ID=8 (isolated DDS domain for this launch - see PROGRESS.md)
[hello_moon.launch] TERRAIN-RELATIVE NAVIGATION ENABLED - the EKF is fused with an absolute position fix matched from IMU attitude against the a-priori DEM. No ground truth is read, so runs with this on ARE milestone results. Replayed through 25 recorded runs it cuts final EKF error from 2.97 m to 0.71 m median, but a replay is not a run - see PROGRESS.md before reading anything into a single result.
[hello_moon.launch] A-PRIORI DEM DEGRADED: posts 0.0 m, noise 0.0 m, registration shift 1.0 m (seed 1). This run's localisation numbers are NOT perfect-map numbers.
[INFO] [ruby $(which gz) sim-1]: process started with pid [9425]
[INFO] [robot_state_publisher-2]: process started with pid [9427]
[INFO] [parameter_bridge-3]: process started with pid [9430]
[INFO] [wheel_slip_node.py-4]: process started with pid [9433]
[INFO] [terrain_relative_node.py-5]: process started with pid [9435]
[INFO] [sensor_covariance_relay.py-6]: process started with pid [9437]
[INFO] [ekf_node-7]: process started with pid [9439]
[INFO] [costmap_node-8]: process started with pid [9441]
[INFO] [planner_node-9]: process started with pid [9443]
[INFO] [pure_pursuit_node-10]: process started with pid [9445]
[INFO] [flip_recovery_node.py-11]: process started with pid [9447]
[INFO] [mission_markers_node.py-12]: process started with pid [9449]
[parameter_bridge-3] [INFO] [1789402467.544183863] [ros_gz_bridge]: Creating GZ->ROS Bridge: [/clock (gz.msgs.Clock) -> /clock (rosgraph_msgs/msg/Clock)] (Lazy 0)
[parameter_bridge-3] [INFO] [1789402467.545350565] [ros_gz_bridge]: Creating GZ->ROS Bridge: [/cmd_vel (gz.msgs.Twist) -> /cmd_vel (geometry_msgs/msg/Twist)] (Lazy 0)
[parameter_bridge-3] [INFO] [1789402467.546989587] [ros_gz_bridge]: Creating ROS->GZ Bridge: [/cmd_vel (geometry_msgs/msg/Twist) -> /cmd_vel (gz.msgs.Twist)] (Lazy 0)
[parameter_bridge-3] [INFO] [1789402467.547866023] [ros_gz_bridge]: Creating GZ->ROS Bridge: [/odometry (gz.msgs.Odometry) -> /odometry (nav_msgs/msg/Odometry)] (Lazy 0)
[parameter_bridge-3] [INFO] [1789402467.549572470] [ros_gz_bridge]: Creating ROS->GZ Bridge: [/odometry (nav_msgs/msg/Odometry) -> /odometry (gz.msgs.Odometry)] (Lazy 0)
[parameter_bridge-3] [INFO] [1789402467.550477540] [ros_gz_bridge]: Creating GZ->ROS Bridge: [/camera (gz.msgs.Image) -> /camera (sensor_msgs/msg/Image)] (Lazy 0)
[parameter_bridge-3] [INFO] [1789402467.552431281] [ros_gz_bridge]: Creating ROS->GZ Bridge: [/camera (sensor_msgs/msg/Image) -> /camera (gz.msgs.Image)] (Lazy 0)
[robot_state_publisher-2] [INFO] [1789402467.552587890] [robot_state_publisher]: got segment base_link
[robot_state_publisher-2] [INFO] [1789402467.552805896] [robot_state_publisher]: got segment camera_link
[robot_state_publisher-2] [INFO] [1789402467.552822007] [robot_state_publisher]: got segment chassis
[robot_state_publisher-2] [INFO] [1789402467.552829366] [robot_state_publisher]: got segment front_left_wheel
[robot_state_publisher-2] [INFO] [1789402467.552835860] [robot_state_publisher]: got segment front_right_wheel
[robot_state_publisher-2] [INFO] [1789402467.552842849] [robot_state_publisher]: got segment imu_link
[robot_state_publisher-2] [INFO] [1789402467.552849596] [robot_state_publisher]: got segment rear_left_wheel
[robot_state_publisher-2] [INFO] [1789402467.552856026] [robot_state_publisher]: got segment rear_right_wheel
[parameter_bridge-3] [INFO] [1789402467.553607390] [ros_gz_bridge]: Creating GZ->ROS Bridge: [/camera_info (gz.msgs.CameraInfo) -> /camera_info (sensor_msgs/msg/CameraInfo)] (Lazy 0)
[parameter_bridge-3] [INFO] [1789402467.555127157] [ros_gz_bridge]: Creating ROS->GZ Bridge: [/camera_info (sensor_msgs/msg/CameraInfo) -> /camera_info (gz.msgs.CameraInfo)] (Lazy 0)
[parameter_bridge-3] [INFO] [1789402467.556263947] [ros_gz_bridge]: Creating GZ->ROS Bridge: [/depth_camera (gz.msgs.Image) -> /depth_camera (sensor_msgs/msg/Image)] (Lazy 0)
[parameter_bridge-3] [INFO] [1789402467.556850360] [ros_gz_bridge]: Creating ROS->GZ Bridge: [/depth_camera (sensor_msgs/msg/Image) -> /depth_camera (gz.msgs.Image)] (Lazy 0)
[parameter_bridge-3] [INFO] [1789402467.557885887] [ros_gz_bridge]: Creating GZ->ROS Bridge: [/imu (gz.msgs.IMU) -> /imu (sensor_msgs/msg/Imu)] (Lazy 0)
[parameter_bridge-3] [INFO] [1789402467.558753865] [ros_gz_bridge]: Creating ROS->GZ Bridge: [/imu (sensor_msgs/msg/Imu) -> /imu (gz.msgs.IMU)] (Lazy 0)
[parameter_bridge-3] [INFO] [1789402467.559536977] [ros_gz_bridge]: Creating GZ->ROS Bridge: [/world/regolith_moon/model/rover/joint_state (gz.msgs.Model) -> /world/regolith_moon/model/rover/joint_state (sensor_msgs/msg/JointState)] (Lazy 0)
[parameter_bridge-3] [INFO] [1789402467.560358383] [ros_gz_bridge]: Creating ROS->GZ Bridge: [/world/regolith_moon/model/rover/joint_state (sensor_msgs/msg/JointState) -> /world/regolith_moon/model/rover/joint_state (gz.msgs.Model)] (Lazy 0)
[parameter_bridge-3] [INFO] [1789402467.561106548] [ros_gz_bridge]: Creating GZ->ROS Bridge: [/model/rover/pose (gz.msgs.Pose) -> /model/rover/pose (geometry_msgs/msg/PoseStamped)] (Lazy 0)
[wheel_slip_node.py-4] [INFO] [1789402467.991381484] [regolith_wheel_slip]: Wheel-slip ZUPT armed: /odom -> /odom/gated (onboard signals only - wheel odometry and IMU, never ground truth). legacy_rigid_body_signature=False
[flip_recovery_node.py-11] [INFO] [1789402468.047723680] [regolith_flip_recovery]: Flip/stuck recovery armed (simulated set_pose backstop for flips, straight-line cmd_vel override for stuck-but-upright). Detection uses GROUND TRUTH - a simulation oracle; see onboard_only for the hardware-runnable path.
[mission_markers_node.py-12] [INFO] [1789402468.104609484] [regolith_mission_markers]: Mission markers active - start at (0.0, 0.0), Gazebo flags on, RViz on /mission_markers
[terrain_relative_node.py-5] [WARN] [1789402468.111994421] [regolith_terrain_relative]: A-PRIORI DEM DELIBERATELY DEGRADED: posts 0.00 m (native 0.39 m), elevation noise 0.00 m sigma -> 0.000 m realised rms (seed 1), registration shift 1.00 m on both axes.
[costmap_node-8] [INFO] [1789402468.123982863] [regolith_costmap]: Published costmap: 256x256 cells at 0.781 m/cell
[terrain_relative_node.py-5] [INFO] [1789402468.146314380] [regolith_terrain_relative]: Terrain-relative navigation active: 15 m window, fixing at 1.0 Hz, +-6 m search at 0.25 m, DEM 0.391 m/px from /home/balazs/.cache/regolith/worlds/seed_7/manifest.json. Onboard sensors only - no ground truth is read by this node.
[planner_node-9] [WARN] [1789402472.051706506] [regolith_planner]: No costmap or current pose yet - ignoring goal
[planner_node-9] [INFO] [1789402481.118583283] [regolith_planner]: Planned path: 103 waypoints, start=(128, 128) goal=(52, 73)
[parameter_bridge-3] [INFO] [1789402481.157548256] [ros_gz_bridge]: Passing message from ROS geometry_msgs/msg/Twist to Gazebo gz.msgs.Twist (showing msg only once per type)
[costmap_node-8] [WARN] [1789402494.961914577] [regolith_costmap]: Hazard #1 marked at (0.64, -0.48): 13 cells lethal (1.2 m + 0.3 m rover radius). The rover got wedged here; the planner will route around it from now on.
[pure_pursuit_node-10] [INFO] [1789402494.974247748] [regolith_pure_pursuit]: Recovery node has taken over /cmd_vel - pausing path following
[pure_pursuit_node-10] [INFO] [1789402513.847324247] [regolith_pure_pursuit]: Recovery finished - resuming path following
[flip_recovery_node.py-11] [WARN] [1789402513.908111156] [regolith_flip_recovery]: STUCK RECOVERY #1 (escalation level 0, triggered by ground truth; 1 ground-truth / 0 onboard-estimate / 0 wheel-slip triggers so far). Escape maneuver: reversed 0.20 m/s for 3.0s, then turned left at 0.50 rad/s for 2.0s (sim time, exact - driven by the sim clock directly, not an RTF-estimated wall-clock sleep; RTF over this window measured 0.24x real time, logged for comparison only). A real rover's FDIR could do the same - this is not a simulated teleport.
[planner_node-9] [WARN] [1789402513.910884999] [regolith_planner]: Current-position cell (128, 127) is lethal (drift, or a keep-out zone this rover marked itself) - planning from the nearest free cell (128, 126) instead
[planner_node-9] [INFO] [1789402513.990109287] [regolith_planner]: Planned path: 103 waypoints, start=(128, 126) goal=(52, 73)
[flip_recovery_node.py-11] [WARN] [1789402518.878604020] [regolith_flip_recovery]: STUCK RECOVERY #1 result: ground truth moved 0.61 m during the maneuver - FREED (1/1 escapes have freed the rover so far)
[pure_pursuit_node-10] [WARN] [1789402547.499977914] [regolith_pure_pursuit]: Stalled for 8s - stopping and replanning
[planner_node-9] [WARN] [1789402547.501441142] [regolith_planner]: Current-position cell (128, 127) is lethal (drift, or a keep-out zone this rover marked itself) - planning from the nearest free cell (128, 126) instead
[planner_node-9] [INFO] [1789402547.592936701] [regolith_planner]: Planned path: 103 waypoints, start=(128, 126) goal=(52, 73)
[terrain_relative_node.py-5] [INFO] [1789402737.825797887] [regolith_terrain_relative]: Terrain fix held: first window, offset (+1.18, +1.19), margin 3.37 - waiting for an independent window to confirm
[terrain_relative_node.py-5] [INFO] [1789402742.528346141] [regolith_terrain_relative]: Terrain correction #1 at 7.8 m travelled: (+0.35, +0.35) m, margin 3.40, 39 samples, 2 poses published (rejected so far: 0 ambiguous, 0 inconsistent)
[terrain_relative_node.py-5] [INFO] [1789402865.685972658] [regolith_terrain_relative]: Terrain correction #6 at 13.4 m travelled: (+0.05, +0.06) m, margin 2.80, 66 samples, 32 poses published (rejected so far: 0 ambiguous, 0 inconsistent)
[terrain_relative_node.py-5] [INFO] [1789402912.522743081] [regolith_terrain_relative]: Terrain fix rejected: disagrees with the previous window by 1.64 m (> 1.50); offset now (-0.01, +0.07), was (+1.18, +1.19)
[terrain_relative_node.py-5] [INFO] [1789403000.605612243] [regolith_terrain_relative]: Terrain correction #11 at 19.2 m travelled: (-0.09, -0.02) m, margin 2.27, 74 samples, 64 poses published (rejected so far: 0 ambiguous, 1 inconsistent)
[terrain_relative_node.py-5] [INFO] [1789403129.614153367] [regolith_terrain_relative]: Terrain correction #16 at 25.0 m travelled: (-0.12, -0.03) m, margin 2.72, 74 samples, 94 poses published (rejected so far: 0 ambiguous, 1 inconsistent)
[terrain_relative_node.py-5] [INFO] [1789403180.710310510] [regolith_terrain_relative]: Terrain fix rejected: margin 1.98 < 2.00 - this stretch of terrain does not determine position (74 samples over 15 m)
[terrain_relative_node.py-5] [INFO] [1789403260.095544921] [regolith_terrain_relative]: Terrain fix rejected: margin 1.96 < 2.00 - this stretch of terrain does not determine position (74 samples over 15 m)
[terrain_relative_node.py-5] [INFO] [1789403293.536574321] [regolith_terrain_relative]: Terrain fix rejected: margin 1.85 < 2.00 - this stretch of terrain does not determine position (74 samples over 15 m)
[terrain_relative_node.py-5] [INFO] [1789403325.469695049] [regolith_terrain_relative]: Terrain fix rejected: margin 1.84 < 2.00 - this stretch of terrain does not determine position (74 samples over 15 m)
[terrain_relative_node.py-5] [INFO] [1789403358.519836998] [regolith_terrain_relative]: Terrain fix rejected: margin 1.69 < 2.00 - this stretch of terrain does not determine position (74 samples over 15 m)
[terrain_relative_node.py-5] [INFO] [1789403391.231847191] [regolith_terrain_relative]: Terrain fix rejected: margin 1.75 < 2.00 - this stretch of terrain does not determine position (74 samples over 15 m)
[terrain_relative_node.py-5] [INFO] [1789403424.813433010] [regolith_terrain_relative]: Terrain fix rejected: margin 1.73 < 2.00 - this stretch of terrain does not determine position (74 samples over 15 m)
[terrain_relative_node.py-5] [INFO] [1789403455.279276979] [regolith_terrain_relative]: Terrain fix rejected: margin 1.82 < 2.00 - this stretch of terrain does not determine position (74 samples over 15 m)
[terrain_relative_node.py-5] [INFO] [1789403487.214695961] [regolith_terrain_relative]: Terrain fix rejected: margin 1.94 < 2.00 - this stretch of terrain does not determine position (74 samples over 15 m)
[terrain_relative_node.py-5] [INFO] [1789403499.347020521] [regolith_terrain_relative]: Terrain correction #21 at 42.0 m travelled: (-0.17, -0.47) m, margin 2.02, 74 samples, 183 poses published (rejected so far: 59 ambiguous, 1 inconsistent)
[terrain_relative_node.py-5] [INFO] [1789403523.391982989] [regolith_terrain_relative]: Terrain fix rejected: margin 1.97 < 2.00 - this stretch of terrain does not determine position (74 samples over 15 m)
[terrain_relative_node.py-5] [INFO] [1789403636.349905953] [regolith_terrain_relative]: Terrain correction #26 at 48.1 m travelled: (-0.06, +0.07) m, margin 2.58, 74 samples, 215 poses published (rejected so far: 61 ambiguous, 1 inconsistent)
[terrain_relative_node.py-5] [INFO] [1789403761.498300770] [regolith_terrain_relative]: Terrain correction #31 at 53.6 m travelled: (+0.15, +0.04) m, margin 3.48, 74 samples, 245 poses published (rejected so far: 61 ambiguous, 1 inconsistent)
[terrain_relative_node.py-5] [INFO] [1789403883.208705731] [regolith_terrain_relative]: Terrain correction #36 at 59.2 m travelled: (+0.12, +0.05) m, margin 2.08, 74 samples, 275 poses published (rejected so far: 61 ambiguous, 1 inconsistent)
[terrain_relative_node.py-5] [INFO] [1789404030.071349337] [regolith_terrain_relative]: Terrain fix rejected: margin 1.85 < 2.00 - this stretch of terrain does not determine position (74 samples over 15 m)
[terrain_relative_node.py-5] [INFO] [1789404064.105117382] [regolith_terrain_relative]: Terrain fix rejected: margin 1.84 < 2.00 - this stretch of terrain does not determine position (74 samples over 15 m)
[terrain_relative_node.py-5] [INFO] [1789404098.664243953] [regolith_terrain_relative]: Terrain fix rejected: margin 1.87 < 2.00 - this stretch of terrain does not determine position (74 samples over 15 m)
[terrain_relative_node.py-5] [INFO] [1789404129.179462931] [regolith_terrain_relative]: Terrain fix rejected: margin 1.86 < 2.00 - this stretch of terrain does not determine position (74 samples over 15 m)
[terrain_relative_node.py-5] [INFO] [1789404161.320786990] [regolith_terrain_relative]: Terrain fix rejected: margin 1.86 < 2.00 - this stretch of terrain does not determine position (74 samples over 15 m)
[terrain_relative_node.py-5] [INFO] [1789404193.096566823] [regolith_terrain_relative]: Terrain fix rejected: margin 1.89 < 2.00 - this stretch of terrain does not determine position (74 samples over 15 m)
[terrain_relative_node.py-5] [INFO] [1789404225.521119313] [regolith_terrain_relative]: Terrain correction #41 at 73.1 m travelled: (-0.04, -0.50) m, margin 2.14, 74 samples, 358 poses published (rejected so far: 107 ambiguous, 1 inconsistent)
[terrain_relative_node.py-5] [INFO] [1789404432.906629582] [regolith_terrain_relative]: Terrain correction #46 at 78.3 m travelled: (-0.15, +0.01) m, margin 2.45, 75 samples, 405 poses published (rejected so far: 107 ambiguous, 1 inconsistent)
[terrain_relative_node.py-5] [INFO] [1789404487.846896507] [regolith_terrain_relative]: Terrain fix rejected: disagrees with the previous window by 3.17 m (> 1.50); offset now (+0.68, +2.08), was (-0.04, -1.00)
[terrain_relative_node.py-5] [INFO] [1789404583.096588878] [regolith_terrain_relative]: Terrain correction #51 at 83.7 m travelled: (+0.16, +0.47) m, margin 3.00, 75 samples, 441 poses published (rejected so far: 107 ambiguous, 2 inconsistent)
[terrain_relative_node.py-5] [INFO] [1789404702.728765083] [regolith_terrain_relative]: Terrain fix rejected: disagrees with the previous window by 2.42 m (> 1.50); offset now (-0.01, -0.23), was (+0.68, +2.08)
[terrain_relative_node.py-5] [INFO] [1789404733.926768740] [regolith_terrain_relative]: Terrain correction #56 at 89.2 m travelled: (+0.03, -0.05) m, margin 2.69, 75 samples, 475 poses published (rejected so far: 107 ambiguous, 3 inconsistent)
[pure_pursuit_node-10] [INFO] [1789404765.651820598] [regolith_pure_pursuit]: Goal reached (within 0.33 m of the commanded goal)
