[INFO] [launch]: All log files can be found below /home/balazs/.ros/log/2026-09-02-16-05-39-574189-DESKTOP-IE5MOME-46363
[INFO] [launch]: Default logging verbosity is set to INFO
[hello_moon.launch] Using ROS_DOMAIN_ID=3 (isolated DDS domain for this launch - see PROGRESS.md)
[INFO] [ruby $(which gz) sim-1]: process started with pid [46407]
[INFO] [robot_state_publisher-2]: process started with pid [46409]
[INFO] [parameter_bridge-3]: process started with pid [46412]
[INFO] [wheel_slip_node.py-4]: process started with pid [46415]
[INFO] [sensor_covariance_relay.py-5]: process started with pid [46417]
[INFO] [ekf_node-6]: process started with pid [46419]
[INFO] [costmap_node-7]: process started with pid [46421]
[INFO] [planner_node-8]: process started with pid [46423]
[INFO] [pure_pursuit_node-9]: process started with pid [46425]
[INFO] [flip_recovery_node.py-10]: process started with pid [46427]
[INFO] [mission_markers_node.py-11]: process started with pid [46429]
[robot_state_publisher-2] [INFO] [1788361541.493520485] [robot_state_publisher]: got segment base_link
[robot_state_publisher-2] [INFO] [1788361541.494178623] [robot_state_publisher]: got segment camera_link
[robot_state_publisher-2] [INFO] [1788361541.494195318] [robot_state_publisher]: got segment chassis
[robot_state_publisher-2] [INFO] [1788361541.494201014] [robot_state_publisher]: got segment front_left_wheel
[robot_state_publisher-2] [INFO] [1788361541.494205750] [robot_state_publisher]: got segment front_right_wheel
[robot_state_publisher-2] [INFO] [1788361541.494210102] [robot_state_publisher]: got segment imu_link
[robot_state_publisher-2] [INFO] [1788361541.494214519] [robot_state_publisher]: got segment rear_left_wheel
[robot_state_publisher-2] [INFO] [1788361541.494223202] [robot_state_publisher]: got segment rear_right_wheel
[parameter_bridge-3] [INFO] [1788361541.502821556] [ros_gz_bridge]: Creating GZ->ROS Bridge: [/clock (gz.msgs.Clock) -> /clock (rosgraph_msgs/msg/Clock)] (Lazy 0)
[parameter_bridge-3] [INFO] [1788361541.505197220] [ros_gz_bridge]: Creating GZ->ROS Bridge: [/cmd_vel (gz.msgs.Twist) -> /cmd_vel (geometry_msgs/msg/Twist)] (Lazy 0)
[parameter_bridge-3] [INFO] [1788361541.508967672] [ros_gz_bridge]: Creating ROS->GZ Bridge: [/cmd_vel (geometry_msgs/msg/Twist) -> /cmd_vel (gz.msgs.Twist)] (Lazy 0)
[parameter_bridge-3] [INFO] [1788361541.511541513] [ros_gz_bridge]: Creating GZ->ROS Bridge: [/odometry (gz.msgs.Odometry) -> /odometry (nav_msgs/msg/Odometry)] (Lazy 0)
[parameter_bridge-3] [INFO] [1788361541.514547079] [ros_gz_bridge]: Creating ROS->GZ Bridge: [/odometry (nav_msgs/msg/Odometry) -> /odometry (gz.msgs.Odometry)] (Lazy 0)
[parameter_bridge-3] [INFO] [1788361541.516540472] [ros_gz_bridge]: Creating GZ->ROS Bridge: [/camera (gz.msgs.Image) -> /camera (sensor_msgs/msg/Image)] (Lazy 0)
[parameter_bridge-3] [INFO] [1788361541.519684670] [ros_gz_bridge]: Creating ROS->GZ Bridge: [/camera (sensor_msgs/msg/Image) -> /camera (gz.msgs.Image)] (Lazy 0)
[parameter_bridge-3] [INFO] [1788361541.521478435] [ros_gz_bridge]: Creating GZ->ROS Bridge: [/camera_info (gz.msgs.CameraInfo) -> /camera_info (sensor_msgs/msg/CameraInfo)] (Lazy 0)
[parameter_bridge-3] [INFO] [1788361541.523475369] [ros_gz_bridge]: Creating ROS->GZ Bridge: [/camera_info (sensor_msgs/msg/CameraInfo) -> /camera_info (gz.msgs.CameraInfo)] (Lazy 0)
[parameter_bridge-3] [INFO] [1788361541.525571018] [ros_gz_bridge]: Creating GZ->ROS Bridge: [/depth_camera (gz.msgs.Image) -> /depth_camera (sensor_msgs/msg/Image)] (Lazy 0)
[parameter_bridge-3] [INFO] [1788361541.526943479] [ros_gz_bridge]: Creating ROS->GZ Bridge: [/depth_camera (sensor_msgs/msg/Image) -> /depth_camera (gz.msgs.Image)] (Lazy 0)
[parameter_bridge-3] [INFO] [1788361541.528023796] [ros_gz_bridge]: Creating GZ->ROS Bridge: [/imu (gz.msgs.IMU) -> /imu (sensor_msgs/msg/Imu)] (Lazy 0)
[parameter_bridge-3] [INFO] [1788361541.529943402] [ros_gz_bridge]: Creating ROS->GZ Bridge: [/imu (sensor_msgs/msg/Imu) -> /imu (gz.msgs.IMU)] (Lazy 0)
[parameter_bridge-3] [INFO] [1788361541.531926874] [ros_gz_bridge]: Creating GZ->ROS Bridge: [/world/regolith_moon/model/rover/joint_state (gz.msgs.Model) -> /world/regolith_moon/model/rover/joint_state (sensor_msgs/msg/JointState)] (Lazy 0)
[parameter_bridge-3] [INFO] [1788361541.533685373] [ros_gz_bridge]: Creating ROS->GZ Bridge: [/world/regolith_moon/model/rover/joint_state (sensor_msgs/msg/JointState) -> /world/regolith_moon/model/rover/joint_state (gz.msgs.Model)] (Lazy 0)
[parameter_bridge-3] [INFO] [1788361541.535784584] [ros_gz_bridge]: Creating GZ->ROS Bridge: [/model/rover/pose (gz.msgs.Pose) -> /model/rover/pose (geometry_msgs/msg/PoseStamped)] (Lazy 0)
[wheel_slip_node.py-4] [INFO] [1788361542.019915610] [regolith_wheel_slip]: Wheel-slip ZUPT armed: /odom -> /odom/gated (onboard signals only - wheel odometry and IMU, never ground truth). legacy_rigid_body_signature=False
[flip_recovery_node.py-10] [INFO] [1788361542.063713435] [regolith_flip_recovery]: Flip/stuck recovery armed ONBOARD-ONLY: detection reads IMU attitude and the EKF estimate, never /ground_truth/pose; a flip halts the mission instead of teleporting. Ground truth is logged beside each verdict for scoring only.
[mission_markers_node.py-11] [INFO] [1788361542.109259432] [regolith_mission_markers]: Mission markers active - start at (0.0, 0.0), Gazebo flags on, RViz on /mission_markers
[costmap_node-7] [INFO] [1788361542.111205639] [regolith_costmap]: Published costmap: 256x256 cells at 0.781 m/cell
[planner_node-8] [WARN] [1788361545.595677030] [regolith_planner]: No costmap or current pose yet - ignoring goal
[planner_node-8] [INFO] [1788361555.666615015] [regolith_planner]: Planned path: 103 waypoints, start=(128, 128) goal=(52, 73)
[parameter_bridge-3] [INFO] [1788361555.695900771] [ros_gz_bridge]: Passing message from ROS geometry_msgs/msg/Twist to Gazebo gz.msgs.Twist (showing msg only once per type)
[costmap_node-7] [WARN] [1788361572.315694708] [regolith_costmap]: Hazard #1 marked at (0.61, -0.52): 13 cells lethal (1.2 m + 0.3 m rover radius). The rover got wedged here; the planner will route around it from now on.
[pure_pursuit_node-9] [INFO] [1788361572.330369954] [regolith_pure_pursuit]: Recovery node has taken over /cmd_vel - pausing path following
[pure_pursuit_node-9] [INFO] [1788361597.922747052] [regolith_pure_pursuit]: Recovery finished - resuming path following
[flip_recovery_node.py-10] [WARN] [1788361597.984978552] [regolith_flip_recovery]: STUCK RECOVERY #1 (escalation level 0, triggered by onboard estimate; 0 ground-truth / 1 onboard-estimate / 0 wheel-slip triggers so far). Escape maneuver: reversed 0.20 m/s for 3.0s, then turned left at 0.50 rad/s for 2.0s (sim time, exact - driven by the sim clock directly, not an RTF-estimated wall-clock sleep; RTF over this window measured 0.19x real time, logged for comparison only). A real rover's FDIR could do the same - this is not a simulated teleport.
[planner_node-8] [WARN] [1788361597.986698628] [regolith_planner]: Current-position cell (128, 127) is lethal (drift, or a keep-out zone this rover marked itself) - planning from the nearest free cell (128, 126) instead
[planner_node-8] [INFO] [1788361598.072855102] [regolith_planner]: Planned path: 103 waypoints, start=(128, 126) goal=(52, 73)
[flip_recovery_node.py-10] [WARN] [1788361604.387729881] [regolith_flip_recovery]: STUCK RECOVERY #1 result: onboard estimate moved 0.60 m during the maneuver - FREED (1/1 escapes have freed the rover so far) [scoring only: ground truth moved 0.60 m]
[pure_pursuit_node-9] [INFO] [1788361638.360896716] [regolith_pure_pursuit]: Recovery node has taken over /cmd_vel - pausing path following
[costmap_node-7] [WARN] [1788361638.370026413] [regolith_costmap]: Hazard #2 marked at (-0.79, -0.30): 13 cells lethal (1.2 m + 0.3 m rover radius). The rover got wedged here; the planner will route around it from now on.
[pure_pursuit_node-9] [INFO] [1788361687.964172230] [regolith_pure_pursuit]: Recovery finished - resuming path following
[flip_recovery_node.py-10] [WARN] [1788361688.025811727] [regolith_flip_recovery]: STUCK RECOVERY #2 (escalation level 1, triggered by onboard estimate; 0 ground-truth / 2 onboard-estimate / 0 wheel-slip triggers so far). Escape maneuver: reversed 0.20 m/s for 6.0s, then turned right at 0.50 rad/s for 3.5s (sim time, exact - driven by the sim clock directly, not an RTF-estimated wall-clock sleep; RTF over this window measured 0.19x real time, logged for comparison only). A real rover's FDIR could do the same - this is not a simulated teleport.
[planner_node-8] [WARN] [1788361688.028157172] [regolith_planner]: Current-position cell (129, 128) is lethal (drift, or a keep-out zone this rover marked itself) - planning from the nearest free cell (129, 127) instead
[planner_node-8] [INFO] [1788361688.145214138] [regolith_planner]: Planned path: 106 waypoints, start=(129, 127) goal=(52, 73)
[flip_recovery_node.py-10] [WARN] [1788361691.646038586] [regolith_flip_recovery]: STUCK RECOVERY #2 result: onboard estimate moved 1.16 m during the maneuver - FREED (2/2 escapes have freed the rover so far) [scoring only: ground truth moved 1.21 m]
[wheel_slip_node.py-4] [WARN] [1788362920.619296131] [regolith_wheel_slip]: WHEEL SLIP #1: over the last 15.0 s the wheels claim 2.67 m and 2.09 rad of turning; the gyro saw 0.30 rad (14% of it) and the attitude spanned 10.53 deg. Feeding the EKF a zero-velocity update instead of the wheels' claim.
[pure_pursuit_node-9] [INFO] [1788362938.533767217] [regolith_pure_pursuit]: Recovery node has taken over /cmd_vel - pausing path following
[costmap_node-7] [WARN] [1788362938.542446718] [regolith_costmap]: Hazard #3 marked at (-11.09, -38.15): 13 cells lethal (1.2 m + 0.3 m rover radius). The rover got wedged here; the planner will route around it from now on.
[wheel_slip_node.py-4] [WARN] [1788362955.358661596] [regolith_wheel_slip]: WHEEL SLIP #1 cleared - over the last 5.0 s the wheels claimed 0.59 rad of turning and the gyro corroborated 26% of it. Phantom distance kept out of the EKF so far: 1.07 m.
[wheel_slip_node.py-4] [WARN] [1788362955.470912563] [regolith_wheel_slip]: WHEEL SLIP #2: over the last 15.0 s the wheels claim 2.41 m and 3.06 rad of turning; the gyro saw 0.35 rad (11% of it) and the attitude spanned 6.34 deg. Feeding the EKF a zero-velocity update instead of the wheels' claim.
[pure_pursuit_node-9] [INFO] [1788362963.444811351] [regolith_pure_pursuit]: Recovery finished - resuming path following
[flip_recovery_node.py-10] [WARN] [1788362963.506377443] [regolith_flip_recovery]: STUCK RECOVERY #3 (escalation level 0, triggered by onboard estimate; 0 ground-truth / 3 onboard-estimate / 0 wheel-slip triggers so far). Escape maneuver: reversed 0.20 m/s for 3.0s, then turned left at 0.50 rad/s for 2.0s (sim time, exact - driven by the sim clock directly, not an RTF-estimated wall-clock sleep; RTF over this window measured 0.18x real time, logged for comparison only). A real rover's FDIR could do the same - this is not a simulated teleport.
[planner_node-8] [WARN] [1788362963.508218873] [regolith_planner]: Current-position cell (80, 114) is lethal (drift, or a keep-out zone this rover marked itself) - planning from the nearest free cell (80, 115) instead
[planner_node-8] [INFO] [1788362963.543264523] [regolith_planner]: Planned path: 55 waypoints, start=(80, 115) goal=(52, 73)
[wheel_slip_node.py-4] [WARN] [1788362967.015737573] [regolith_wheel_slip]: WHEEL SLIP #2 cleared - over the last 5.0 s the wheels claimed 0.72 rad of turning and the gyro corroborated 87% of it. Phantom distance kept out of the EKF so far: 1.10 m.
[flip_recovery_node.py-10] [WARN] [1788362970.116028580] [regolith_flip_recovery]: STUCK RECOVERY #3 result: onboard estimate moved 0.04 m during the maneuver - STILL WEDGED (2/3 escapes have freed the rover so far) [scoring only: ground truth moved 0.49 m - THE ROVERS VERDICT IS WRONG]
[wheel_slip_node.py-4] [WARN] [1788363141.801207426] [regolith_wheel_slip]: WHEEL SLIP #3: over the last 15.0 s the wheels claim 1.13 m and 1.22 rad of turning; the gyro saw 0.18 rad (14% of it) and the attitude spanned 5.90 deg. Feeding the EKF a zero-velocity update instead of the wheels' claim.
[ruby $(which gz) sim-1] NodeShared::Publish() Error: Interrupted system call
[pure_pursuit_node-9] [INFO] [1788363156.010737935] [regolith_pure_pursuit]: Recovery node has taken over /cmd_vel - pausing path following
[costmap_node-7] [WARN] [1788363156.019017434] [regolith_costmap]: Hazard #4 marked at (-11.67, -40.41): 13 cells lethal (1.2 m + 0.3 m rover radius). The rover got wedged here; the planner will route around it from now on.
[wheel_slip_node.py-4] [WARN] [1788363180.850917511] [regolith_wheel_slip]: WHEEL SLIP #3 cleared - over the last 5.0 s the wheels claimed 0.17 rad of turning and the gyro corroborated 8% of it. Phantom distance kept out of the EKF so far: 2.18 m.
[wheel_slip_node.py-4] [WARN] [1788363180.955518010] [regolith_wheel_slip]: WHEEL SLIP #4: over the last 15.0 s the wheels claim 1.61 m and 2.04 rad of turning; the gyro saw 0.12 rad (6% of it) and the attitude spanned 8.05 deg. Feeding the EKF a zero-velocity update instead of the wheels' claim.
[wheel_slip_node.py-4] [WARN] [1788363189.376919326] [regolith_wheel_slip]: WHEEL SLIP #4 cleared - over the last 5.0 s the wheels claimed 0.13 rad of turning and the gyro corroborated 70% of it. Phantom distance kept out of the EKF so far: 2.49 m.
[wheel_slip_node.py-4] [WARN] [1788363189.480058454] [regolith_wheel_slip]: WHEEL SLIP #5: over the last 15.0 s the wheels claim 1.75 m and 2.11 rad of turning; the gyro saw 0.22 rad (10% of it) and the attitude spanned 8.40 deg. Feeding the EKF a zero-velocity update instead of the wheels' claim.
[wheel_slip_node.py-4] [WARN] [1788363201.270028087] [regolith_wheel_slip]: WHEEL SLIP #5 cleared - over the last 5.0 s the wheels claimed 0.74 rad of turning and the gyro corroborated 73% of it. Phantom distance kept out of the EKF so far: 2.49 m.
[pure_pursuit_node-9] [INFO] [1788363206.055861889] [regolith_pure_pursuit]: Recovery finished - resuming path following
[flip_recovery_node.py-10] [WARN] [1788363206.117363634] [regolith_flip_recovery]: STUCK RECOVERY #4 (escalation level 1, triggered by onboard estimate; 0 ground-truth / 4 onboard-estimate / 0 wheel-slip triggers so far). Escape maneuver: reversed 0.20 m/s for 6.0s, then turned right at 0.50 rad/s for 3.5s (sim time, exact - driven by the sim clock directly, not an RTF-estimated wall-clock sleep; RTF over this window measured 0.17x real time, logged for comparison only). A real rover's FDIR could do the same - this is not a simulated teleport.
[planner_node-8] [WARN] [1788363206.119065986] [regolith_planner]: Current-position cell (77, 113) is lethal (drift, or a keep-out zone this rover marked itself) - planning from the nearest free cell (77, 111) instead
[planner_node-8] [INFO] [1788363206.147536100] [regolith_planner]: Planned path: 52 waypoints, start=(77, 111) goal=(52, 73)
[flip_recovery_node.py-10] [WARN] [1788363212.081604656] [regolith_flip_recovery]: STUCK RECOVERY #4 result: onboard estimate moved 0.06 m during the maneuver - STILL WEDGED (2/4 escapes have freed the rover so far) [scoring only: ground truth moved 1.14 m - THE ROVERS VERDICT IS WRONG]
[ruby $(which gz) sim-1] NodeShared::Publish() Error: Interrupted system call
[pure_pursuit_node-9] [INFO] [1788364545.922008794] [regolith_pure_pursuit]: Goal reached (within 0.34 m of the commanded goal)
