[INFO] [launch]: All log files can be found below /home/balazs/.ros/log/2026-08-31-01-28-29-940205-DESKTOP-IE5MOME-26387
[INFO] [launch]: Default logging verbosity is set to INFO
[hello_moon.launch] Using ROS_DOMAIN_ID=84 (isolated DDS domain for this launch - see PROGRESS.md)
[hello_moon.launch] TERRAIN-RELATIVE NAVIGATION ENABLED - the EKF is fused with an absolute position fix matched from IMU attitude against the a-priori DEM. No ground truth is read, so runs with this on ARE milestone results. Replayed through 25 recorded runs it cuts final EKF error from 2.97 m to 0.71 m median, but a replay is not a run - see PROGRESS.md before reading anything into a single result.
[INFO] [ruby $(which gz) sim-1]: process started with pid [26431]
[INFO] [robot_state_publisher-2]: process started with pid [26433]
[INFO] [parameter_bridge-3]: process started with pid [26436]
[INFO] [wheel_slip_node.py-4]: process started with pid [26438]
[INFO] [terrain_relative_node.py-5]: process started with pid [26441]
[INFO] [sensor_covariance_relay.py-6]: process started with pid [26443]
[INFO] [ekf_node-7]: process started with pid [26445]
[INFO] [costmap_node-8]: process started with pid [26447]
[INFO] [planner_node-9]: process started with pid [26449]
[INFO] [pure_pursuit_node-10]: process started with pid [26451]
[INFO] [flip_recovery_node.py-11]: process started with pid [26453]
[INFO] [mission_markers_node.py-12]: process started with pid [26455]
[parameter_bridge-3] [INFO] [1788136111.610195310] [ros_gz_bridge]: Creating GZ->ROS Bridge: [/clock (gz.msgs.Clock) -> /clock (rosgraph_msgs/msg/Clock)] (Lazy 0)
[parameter_bridge-3] [INFO] [1788136111.612536481] [ros_gz_bridge]: Creating GZ->ROS Bridge: [/cmd_vel (gz.msgs.Twist) -> /cmd_vel (geometry_msgs/msg/Twist)] (Lazy 0)
[parameter_bridge-3] [INFO] [1788136111.615640919] [ros_gz_bridge]: Creating ROS->GZ Bridge: [/cmd_vel (geometry_msgs/msg/Twist) -> /cmd_vel (gz.msgs.Twist)] (Lazy 0)
[parameter_bridge-3] [INFO] [1788136111.617119689] [ros_gz_bridge]: Creating GZ->ROS Bridge: [/odometry (gz.msgs.Odometry) -> /odometry (nav_msgs/msg/Odometry)] (Lazy 0)
[parameter_bridge-3] [INFO] [1788136111.620310784] [ros_gz_bridge]: Creating ROS->GZ Bridge: [/odometry (nav_msgs/msg/Odometry) -> /odometry (gz.msgs.Odometry)] (Lazy 0)
[parameter_bridge-3] [INFO] [1788136111.622118803] [ros_gz_bridge]: Creating GZ->ROS Bridge: [/camera (gz.msgs.Image) -> /camera (sensor_msgs/msg/Image)] (Lazy 0)
[parameter_bridge-3] [INFO] [1788136111.624756532] [ros_gz_bridge]: Creating ROS->GZ Bridge: [/camera (sensor_msgs/msg/Image) -> /camera (gz.msgs.Image)] (Lazy 0)
[parameter_bridge-3] [INFO] [1788136111.626309861] [ros_gz_bridge]: Creating GZ->ROS Bridge: [/camera_info (gz.msgs.CameraInfo) -> /camera_info (sensor_msgs/msg/CameraInfo)] (Lazy 0)
[robot_state_publisher-2] [INFO] [1788136111.626961247] [robot_state_publisher]: got segment base_link
[robot_state_publisher-2] [INFO] [1788136111.627101668] [robot_state_publisher]: got segment camera_link
[robot_state_publisher-2] [INFO] [1788136111.627113582] [robot_state_publisher]: got segment chassis
[robot_state_publisher-2] [INFO] [1788136111.627119106] [robot_state_publisher]: got segment front_left_wheel
[robot_state_publisher-2] [INFO] [1788136111.627124164] [robot_state_publisher]: got segment front_right_wheel
[robot_state_publisher-2] [INFO] [1788136111.627128973] [robot_state_publisher]: got segment imu_link
[robot_state_publisher-2] [INFO] [1788136111.627133576] [robot_state_publisher]: got segment rear_left_wheel
[robot_state_publisher-2] [INFO] [1788136111.627138255] [robot_state_publisher]: got segment rear_right_wheel
[parameter_bridge-3] [INFO] [1788136111.628071585] [ros_gz_bridge]: Creating ROS->GZ Bridge: [/camera_info (sensor_msgs/msg/CameraInfo) -> /camera_info (gz.msgs.CameraInfo)] (Lazy 0)
[parameter_bridge-3] [INFO] [1788136111.629592866] [ros_gz_bridge]: Creating GZ->ROS Bridge: [/depth_camera (gz.msgs.Image) -> /depth_camera (sensor_msgs/msg/Image)] (Lazy 0)
[parameter_bridge-3] [INFO] [1788136111.630940099] [ros_gz_bridge]: Creating ROS->GZ Bridge: [/depth_camera (sensor_msgs/msg/Image) -> /depth_camera (gz.msgs.Image)] (Lazy 0)
[parameter_bridge-3] [INFO] [1788136111.631905717] [ros_gz_bridge]: Creating GZ->ROS Bridge: [/imu (gz.msgs.IMU) -> /imu (sensor_msgs/msg/Imu)] (Lazy 0)
[parameter_bridge-3] [INFO] [1788136111.633489416] [ros_gz_bridge]: Creating ROS->GZ Bridge: [/imu (sensor_msgs/msg/Imu) -> /imu (gz.msgs.IMU)] (Lazy 0)
[parameter_bridge-3] [INFO] [1788136111.634796161] [ros_gz_bridge]: Creating GZ->ROS Bridge: [/world/regolith_moon/model/rover/joint_state (gz.msgs.Model) -> /world/regolith_moon/model/rover/joint_state (sensor_msgs/msg/JointState)] (Lazy 0)
[parameter_bridge-3] [INFO] [1788136111.636534924] [ros_gz_bridge]: Creating ROS->GZ Bridge: [/world/regolith_moon/model/rover/joint_state (sensor_msgs/msg/JointState) -> /world/regolith_moon/model/rover/joint_state (gz.msgs.Model)] (Lazy 0)
[parameter_bridge-3] [INFO] [1788136111.637757741] [ros_gz_bridge]: Creating GZ->ROS Bridge: [/model/rover/pose (gz.msgs.Pose) -> /model/rover/pose (geometry_msgs/msg/PoseStamped)] (Lazy 0)
[flip_recovery_node.py-11] [INFO] [1788136112.156904279] [regolith_flip_recovery]: Flip/stuck recovery armed (simulated set_pose backstop for flips, straight-line cmd_vel override for stuck-but-upright)
[wheel_slip_node.py-4] [INFO] [1788136112.197694308] [regolith_wheel_slip]: Wheel-slip ZUPT armed: /odom -> /odom/gated (onboard signals only - wheel odometry and IMU, never ground truth). legacy_rigid_body_signature=False
[costmap_node-8] [INFO] [1788136112.279418139] [regolith_costmap]: Published costmap: 256x256 cells at 0.781 m/cell
[mission_markers_node.py-12] [INFO] [1788136112.283005063] [regolith_mission_markers]: Mission markers active - start at (0.0, 0.0), Gazebo flags on, RViz on /mission_markers
[terrain_relative_node.py-5] [INFO] [1788136112.306864254] [regolith_terrain_relative]: Terrain-relative navigation active: 15 m window, fixing at 1.0 Hz, +-6 m search at 0.25 m, DEM 0.391 m/px from /home/balazs/.cache/regolith/worlds/seed_123/manifest.json. Onboard sensors only - no ground truth is read by this node.
[planner_node-9] [WARN] [1788136116.144746975] [regolith_planner]: No costmap or current pose yet - ignoring goal
[planner_node-9] [INFO] [1788136126.197459515] [regolith_planner]: Planned path: 73 waypoints, start=(127, 128) goal=(86, 60)
[parameter_bridge-3] [INFO] [1788136126.409229530] [ros_gz_bridge]: Passing message from ROS geometry_msgs/msg/Twist to Gazebo gz.msgs.Twist (showing msg only once per type)
[pure_pursuit_node-10] [WARN] [1788136160.263967935] [regolith_pure_pursuit]: Stalled for 8s - stopping and replanning
[planner_node-9] [INFO] [1788136160.340654288] [regolith_planner]: Planned path: 73 waypoints, start=(127, 128) goal=(86, 60)
[terrain_relative_node.py-5] [INFO] [1788136341.862587639] [regolith_terrain_relative]: Terrain fix held: first window, offset (-0.46, -0.17), margin 3.51 - waiting for an independent window to confirm
[terrain_relative_node.py-5] [INFO] [1788136344.188680159] [regolith_terrain_relative]: Terrain correction #1 at 7.9 m travelled: (-0.48, -0.13) m, margin 3.55, 39 samples, 2 poses published (rejected so far: 0 ambiguous, 0 inconsistent)
[terrain_relative_node.py-5] [INFO] [1788136524.786957747] [regolith_terrain_relative]: Terrain correction #6 at 13.1 m travelled: (-0.02, +0.09) m, margin 3.51, 65 samples, 45 poses published (rejected so far: 0 ambiguous, 0 inconsistent)
[terrain_relative_node.py-5] [INFO] [1788136684.325116584] [regolith_terrain_relative]: Terrain correction #11 at 18.6 m travelled: (-0.05, +0.02) m, margin 4.35, 74 samples, 84 poses published (rejected so far: 0 ambiguous, 0 inconsistent)
[terrain_relative_node.py-5] [INFO] [1788136756.746084423] [regolith_terrain_relative]: Terrain fix rejected: margin 1.78 < 2.00 - this stretch of terrain does not determine position (74 samples over 15 m)
[terrain_relative_node.py-5] [INFO] [1788136789.437549027] [regolith_terrain_relative]: Terrain fix rejected: margin 1.48 < 2.00 - this stretch of terrain does not determine position (74 samples over 15 m)
[terrain_relative_node.py-5] [INFO] [1788136822.259738851] [regolith_terrain_relative]: Terrain fix rejected: margin 1.56 < 2.00 - this stretch of terrain does not determine position (74 samples over 15 m)
[terrain_relative_node.py-5] [INFO] [1788136855.343304238] [regolith_terrain_relative]: Terrain fix rejected: margin 1.73 < 2.00 - this stretch of terrain does not determine position (74 samples over 15 m)
[terrain_relative_node.py-5] [INFO] [1788136888.140713239] [regolith_terrain_relative]: Terrain correction #14 at 27.5 m travelled: (+0.50, -0.07) m, margin 2.00, 74 samples, 134 poses published (rejected so far: 32 ambiguous, 0 inconsistent)
[terrain_relative_node.py-5] [INFO] [1788136911.952714810] [regolith_terrain_relative]: Terrain fix rejected: margin 1.99 < 2.00 - this stretch of terrain does not determine position (74 samples over 15 m)
[terrain_relative_node.py-5] [INFO] [1788136944.492912453] [regolith_terrain_relative]: Terrain fix rejected: margin 1.75 < 2.00 - this stretch of terrain does not determine position (74 samples over 15 m)
[terrain_relative_node.py-5] [INFO] [1788136977.410000893] [regolith_terrain_relative]: Terrain fix rejected: margin 1.72 < 2.00 - this stretch of terrain does not determine position (74 samples over 15 m)
[wheel_slip_node.py-4] [WARN] [1788136987.378183031] [regolith_wheel_slip]: WHEEL SLIP #1: over the last 15.0 s the wheels claim 2.51 m and 1.90 rad of turning; the gyro saw 0.28 rad (14% of it) and the attitude spanned 10.05 deg. Feeding the EKF a zero-velocity update instead of the wheels' claim.
[pure_pursuit_node-10] [INFO] [1788137007.295523722] [regolith_pure_pursuit]: Recovery node has taken over /cmd_vel - pausing path following
[pure_pursuit_node-10] [INFO] [1788137007.304027766] [regolith_pure_pursuit]: Costmap changed (a new keep-out zone) - restoring the replan budget: the route being retried is not the one that already failed
[costmap_node-8] [WARN] [1788137007.304153362] [regolith_costmap]: Hazard #1 marked at (-28.87, -7.84): 13 cells lethal (1.2 m + 0.3 m rover radius). The rover got wedged here; the planner will route around it from now on.
[terrain_relative_node.py-5] [INFO] [1788137009.977935511] [regolith_terrain_relative]: Terrain fix rejected: margin 1.49 < 2.00 - this stretch of terrain does not determine position (74 samples over 15 m)
[wheel_slip_node.py-4] [WARN] [1788137020.705174925] [regolith_wheel_slip]: WHEEL SLIP #1 cleared - over the last 5.0 s the wheels claimed 0.39 rad of turning and the gyro corroborated 25% of it. Phantom distance kept out of the EKF so far: 1.44 m.
[wheel_slip_node.py-4] [WARN] [1788137020.796015179] [regolith_wheel_slip]: WHEEL SLIP #2: over the last 15.0 s the wheels claim 2.46 m and 2.08 rad of turning; the gyro saw 0.18 rad (8% of it) and the attitude spanned 17.09 deg. Feeding the EKF a zero-velocity update instead of the wheels' claim.
[pure_pursuit_node-10] [INFO] [1788137026.704178571] [regolith_pure_pursuit]: Recovery finished - resuming path following
[flip_recovery_node.py-11] [WARN] [1788137026.765804562] [regolith_flip_recovery]: STUCK RECOVERY #1 (escalation level 0, triggered by wheel slip (onboard); 0 ground-truth / 1 onboard triggers so far). Escape maneuver: reversed 0.20 m/s for 3.0s, then turned left at 0.50 rad/s for 2.0s (sim time, exact - driven by the sim clock directly, not an RTF-estimated wall-clock sleep; RTF over this window measured 0.23x real time, logged for comparison only). A real rover's FDIR could do the same - this is not a simulated teleport.
[planner_node-9] [WARN] [1788137026.767615654] [regolith_planner]: Current-position cell (118, 91) is lethal (drift, or a keep-out zone this rover marked itself) - planning from the nearest free cell (119, 90) instead
[planner_node-9] [INFO] [1788137026.790024262] [regolith_planner]: Planned path: 35 waypoints, start=(119, 90) goal=(86, 60)
[wheel_slip_node.py-4] [WARN] [1788137029.883790002] [regolith_wheel_slip]: WHEEL SLIP #2 cleared - over the last 5.0 s the wheels claimed 0.65 rad of turning and the gyro corroborated 76% of it. Phantom distance kept out of the EKF so far: 1.44 m.
[flip_recovery_node.py-11] [WARN] [1788137032.509835247] [regolith_flip_recovery]: STUCK RECOVERY #1 result: ground truth moved 0.57 m during the maneuver - FREED (1/1 escapes have freed the rover so far)
[terrain_relative_node.py-5] [INFO] [1788137043.307621142] [regolith_terrain_relative]: Terrain fix rejected: margin 1.65 < 2.00 - this stretch of terrain does not determine position (74 samples over 15 m)
[terrain_relative_node.py-5] [INFO] [1788137076.022459631] [regolith_terrain_relative]: Terrain fix rejected: margin 1.80 < 2.00 - this stretch of terrain does not determine position (74 samples over 15 m)
[terrain_relative_node.py-5] [INFO] [1788137108.584502938] [regolith_terrain_relative]: Terrain fix rejected: margin 1.89 < 2.00 - this stretch of terrain does not determine position (74 samples over 15 m)
[wheel_slip_node.py-4] [WARN] [1788137139.015539559] [regolith_wheel_slip]: WHEEL SLIP #3: over the last 15.0 s the wheels claim 1.08 m and 2.35 rad of turning; the gyro saw 0.34 rad (14% of it) and the attitude spanned 4.85 deg. Feeding the EKF a zero-velocity update instead of the wheels' claim.
[terrain_relative_node.py-5] [INFO] [1788137142.725338587] [regolith_terrain_relative]: Terrain fix rejected: margin 1.88 < 2.00 - this stretch of terrain does not determine position (74 samples over 15 m)
[pure_pursuit_node-10] [INFO] [1788137161.163592976] [regolith_pure_pursuit]: Recovery node has taken over /cmd_vel - pausing path following
[costmap_node-8] [WARN] [1788137161.171208215] [regolith_costmap]: Hazard #2 marked at (-30.86, -8.48): 13 cells lethal (1.2 m + 0.3 m rover radius). The rover got wedged here; the planner will route around it from now on.
[terrain_relative_node.py-5] [INFO] [1788137175.407950573] [regolith_terrain_relative]: Terrain fix rejected: margin 1.90 < 2.00 - this stretch of terrain does not determine position (74 samples over 15 m)
[wheel_slip_node.py-4] [WARN] [1788137176.069450384] [regolith_wheel_slip]: WHEEL SLIP #3 cleared - over the last 5.0 s the wheels claimed 0.16 rad of turning and the gyro corroborated 23% of it. Phantom distance kept out of the EKF so far: 2.56 m.
[wheel_slip_node.py-4] [WARN] [1788137176.156590385] [regolith_wheel_slip]: WHEEL SLIP #4: over the last 15.0 s the wheels claim 1.55 m and 1.61 rad of turning; the gyro saw 0.18 rad (11% of it) and the attitude spanned 5.35 deg. Feeding the EKF a zero-velocity update instead of the wheels' claim.
[wheel_slip_node.py-4] [WARN] [1788137185.000770475] [regolith_wheel_slip]: WHEEL SLIP #4 cleared - over the last 5.0 s the wheels claimed 0.00 rad of turning and the gyro corroborated nan% of it. Phantom distance kept out of the EKF so far: 2.96 m.
[wheel_slip_node.py-4] [WARN] [1788137185.087730302] [regolith_wheel_slip]: WHEEL SLIP #5: over the last 15.0 s the wheels claim 1.81 m and 1.25 rad of turning; the gyro saw 0.17 rad (13% of it) and the attitude spanned 8.98 deg. Feeding the EKF a zero-velocity update instead of the wheels' claim.
[wheel_slip_node.py-4] [WARN] [1788137193.956723073] [regolith_wheel_slip]: WHEEL SLIP #5 cleared - over the last 5.0 s the wheels claimed 0.54 rad of turning and the gyro corroborated 67% of it. Phantom distance kept out of the EKF so far: 2.99 m.
[pure_pursuit_node-10] [INFO] [1788137197.984148494] [regolith_pure_pursuit]: Recovery finished - resuming path following
[flip_recovery_node.py-11] [WARN] [1788137198.045588647] [regolith_flip_recovery]: STUCK RECOVERY #2 (escalation level 1, triggered by wheel slip (onboard); 0 ground-truth / 2 onboard triggers so far). Escape maneuver: reversed 0.20 m/s for 6.0s, then turned right at 0.50 rad/s for 3.5s (sim time, exact - driven by the sim clock directly, not an RTF-estimated wall-clock sleep; RTF over this window measured 0.23x real time, logged for comparison only). A real rover's FDIR could do the same - this is not a simulated teleport.
[planner_node-9] [WARN] [1788137198.047091274] [regolith_planner]: Current-position cell (117, 89) is lethal (drift, or a keep-out zone this rover marked itself) - planning from the nearest free cell (115, 89) instead
[planner_node-9] [INFO] [1788137198.065996627] [regolith_planner]: Planned path: 34 waypoints, start=(115, 89) goal=(86, 60)
[flip_recovery_node.py-11] [WARN] [1788137203.005226017] [regolith_flip_recovery]: STUCK RECOVERY #2 result: ground truth moved 1.17 m during the maneuver - FREED (2/2 escapes have freed the rover so far)
[terrain_relative_node.py-5] [INFO] [1788137208.289630315] [regolith_terrain_relative]: Terrain fix rejected: margin 1.85 < 2.00 - this stretch of terrain does not determine position (74 samples over 15 m)
[terrain_relative_node.py-5] [INFO] [1788137241.059186511] [regolith_terrain_relative]: Terrain fix rejected: margin 1.96 < 2.00 - this stretch of terrain does not determine position (74 samples over 15 m)
[terrain_relative_node.py-5] [INFO] [1788137273.772830094] [regolith_terrain_relative]: Terrain fix rejected: margin 1.92 < 2.00 - this stretch of terrain does not determine position (74 samples over 15 m)
[wheel_slip_node.py-4] [WARN] [1788137281.755905777] [regolith_wheel_slip]: WHEEL SLIP #6: over the last 15.0 s the wheels claim 1.03 m and 3.38 rad of turning; the gyro saw 0.49 rad (14% of it) and the attitude spanned 21.68 deg. Feeding the EKF a zero-velocity update instead of the wheels' claim.
[pure_pursuit_node-10] [INFO] [1788137301.925975389] [regolith_pure_pursuit]: Recovery node has taken over /cmd_vel - pausing path following
[costmap_node-8] [WARN] [1788137301.933186086] [regolith_costmap]: Hazard #3 marked at (-30.43, -9.36): 13 cells lethal (1.2 m + 0.3 m rover radius). The rover got wedged here; the planner will route around it from now on.
[terrain_relative_node.py-5] [INFO] [1788137306.339730019] [regolith_terrain_relative]: Terrain fix rejected: margin 1.86 < 2.00 - this stretch of terrain does not determine position (74 samples over 15 m)
[wheel_slip_node.py-4] [WARN] [1788137318.763801370] [regolith_wheel_slip]: WHEEL SLIP #6 cleared - over the last 5.0 s the wheels claimed 0.16 rad of turning and the gyro corroborated 9% of it. Phantom distance kept out of the EKF so far: 4.19 m.
[wheel_slip_node.py-4] [WARN] [1788137318.850152552] [regolith_wheel_slip]: WHEEL SLIP #7: over the last 15.0 s the wheels claim 1.57 m and 2.49 rad of turning; the gyro saw 0.05 rad (2% of it) and the attitude spanned 1.81 deg. Feeding the EKF a zero-velocity update instead of the wheels' claim.
[wheel_slip_node.py-4] [WARN] [1788137327.624672576] [regolith_wheel_slip]: WHEEL SLIP #7 cleared - over the last 5.0 s the wheels claimed 0.00 rad of turning and the gyro corroborated nan% of it. Phantom distance kept out of the EKF so far: 4.59 m.
[wheel_slip_node.py-4] [WARN] [1788137327.711442295] [regolith_wheel_slip]: WHEEL SLIP #8: over the last 15.0 s the wheels claim 1.83 m and 2.03 rad of turning; the gyro saw 0.04 rad (2% of it) and the attitude spanned 1.81 deg. Feeding the EKF a zero-velocity update instead of the wheels' claim.
[wheel_slip_node.py-4] [WARN] [1788137336.580439407] [regolith_wheel_slip]: WHEEL SLIP #8 cleared - over the last 5.0 s the wheels claimed 0.00 rad of turning and the gyro corroborated nan% of it. Phantom distance kept out of the EKF so far: 4.99 m.
[wheel_slip_node.py-4] [WARN] [1788137336.673253158] [regolith_wheel_slip]: WHEEL SLIP #9: over the last 15.0 s the wheels claim 2.10 m and 1.56 rad of turning; the gyro saw 0.03 rad (2% of it) and the attitude spanned 1.74 deg. Feeding the EKF a zero-velocity update instead of the wheels' claim.
[terrain_relative_node.py-5] [INFO] [1788137338.959772585] [regolith_terrain_relative]: Terrain fix rejected: margin 1.80 < 2.00 - this stretch of terrain does not determine position (74 samples over 15 m)
[wheel_slip_node.py-4] [WARN] [1788137345.536876479] [regolith_wheel_slip]: WHEEL SLIP #9 cleared - over the last 5.0 s the wheels claimed 0.09 rad of turning and the gyro corroborated 56% of it. Phantom distance kept out of the EKF so far: 5.33 m.
[wheel_slip_node.py-4] [WARN] [1788137345.626713464] [regolith_wheel_slip]: WHEEL SLIP #10: over the last 15.0 s the wheels claim 2.30 m and 1.18 rad of turning; the gyro saw 0.08 rad (7% of it) and the attitude spanned 3.40 deg. Feeding the EKF a zero-velocity update instead of the wheels' claim.
[wheel_slip_node.py-4] [WARN] [1788137351.840696997] [regolith_wheel_slip]: WHEEL SLIP #10 cleared - over the last 5.0 s the wheels claimed 0.70 rad of turning and the gyro corroborated 86% of it. Phantom distance kept out of the EKF so far: 5.33 m.
[pure_pursuit_node-10] [INFO] [1788137362.842464235] [regolith_pure_pursuit]: Recovery finished - resuming path following
[flip_recovery_node.py-11] [WARN] [1788137362.902836982] [regolith_flip_recovery]: STUCK RECOVERY #3 (escalation level 2, triggered by wheel slip (onboard); 0 ground-truth / 3 onboard triggers so far). Escape maneuver: reversed 0.20 m/s for 10.0s, then turned left at 0.50 rad/s for 5.0s (sim time, exact - driven by the sim clock directly, not an RTF-estimated wall-clock sleep; RTF over this window measured 0.23x real time, logged for comparison only). A real rover's FDIR could do the same - this is not a simulated teleport.
[planner_node-9] [WARN] [1788137362.904212404] [regolith_planner]: Current-position cell (118, 90) is lethal (drift, or a keep-out zone this rover marked itself) - planning from the nearest free cell (119, 90) instead
[planner_node-9] [INFO] [1788137362.927989962] [regolith_planner]: Planned path: 37 waypoints, start=(119, 90) goal=(86, 60)
[flip_recovery_node.py-11] [WARN] [1788137368.352256533] [regolith_flip_recovery]: STUCK RECOVERY #3 result: ground truth moved 1.99 m during the maneuver - FREED (3/3 escapes have freed the rover so far)
[terrain_relative_node.py-5] [INFO] [1788137372.022767912] [regolith_terrain_relative]: Terrain fix rejected: margin 1.81 < 2.00 - this stretch of terrain does not determine position (74 samples over 15 m)
[terrain_relative_node.py-5] [INFO] [1788137405.711564368] [regolith_terrain_relative]: Terrain fix rejected: margin 1.81 < 2.00 - this stretch of terrain does not determine position (74 samples over 15 m)
[terrain_relative_node.py-5] [INFO] [1788137435.830842595] [regolith_terrain_relative]: Terrain fix rejected: margin 1.80 < 2.00 - this stretch of terrain does not determine position (74 samples over 15 m)
[terrain_relative_node.py-5] [INFO] [1788137468.646887850] [regolith_terrain_relative]: Terrain fix rejected: margin 1.83 < 2.00 - this stretch of terrain does not determine position (74 samples over 15 m)
[terrain_relative_node.py-5] [INFO] [1788137501.462031027] [regolith_terrain_relative]: Terrain fix rejected: margin 1.88 < 2.00 - this stretch of terrain does not determine position (74 samples over 15 m)
[terrain_relative_node.py-5] [INFO] [1788137534.467878855] [regolith_terrain_relative]: Terrain fix rejected: margin 1.90 < 2.00 - this stretch of terrain does not determine position (74 samples over 15 m)
[terrain_relative_node.py-5] [INFO] [1788137567.286580328] [regolith_terrain_relative]: Terrain fix rejected: margin 1.82 < 2.00 - this stretch of terrain does not determine position (74 samples over 15 m)
[terrain_relative_node.py-5] [INFO] [1788137600.134779428] [regolith_terrain_relative]: Terrain fix rejected: margin 1.96 < 2.00 - this stretch of terrain does not determine position (75 samples over 15 m)
[terrain_relative_node.py-5] [INFO] [1788137609.168473355] [regolith_terrain_relative]: Terrain correction #16 at 45.0 m travelled: (+0.13, +0.48) m, margin 2.02, 75 samples, 311 poses published (rejected so far: 197 ambiguous, 0 inconsistent)
[terrain_relative_node.py-5] [INFO] [1788137633.203753139] [regolith_terrain_relative]: Terrain fix rejected: margin 1.96 < 2.00 - this stretch of terrain does not determine position (75 samples over 15 m)
[terrain_relative_node.py-5] [INFO] [1788137666.082775049] [regolith_terrain_relative]: Terrain fix rejected: margin 1.74 < 2.00 - this stretch of terrain does not determine position (75 samples over 15 m)
[wheel_slip_node.py-4] [WARN] [1788137691.640376911] [regolith_wheel_slip]: WHEEL SLIP #11: over the last 15.0 s the wheels claim 2.01 m and 4.04 rad of turning; the gyro saw 0.59 rad (14% of it) and the attitude spanned 26.13 deg. Feeding the EKF a zero-velocity update instead of the wheels' claim.
[terrain_relative_node.py-5] [INFO] [1788137698.854967782] [regolith_terrain_relative]: Terrain fix rejected: margin 1.63 < 2.00 - this stretch of terrain does not determine position (75 samples over 15 m)
[pure_pursuit_node-10] [INFO] [1788137711.002305404] [regolith_pure_pursuit]: Recovery node has taken over /cmd_vel - pausing path following
[costmap_node-8] [WARN] [1788137711.010185841] [regolith_costmap]: Hazard #4 marked at (-36.43, -10.41): 13 cells lethal (1.2 m + 0.3 m rover radius). The rover got wedged here; the planner will route around it from now on.
[terrain_relative_node.py-5] [INFO] [1788137731.204752254] [regolith_terrain_relative]: Terrain fix rejected: margin 1.80 < 2.00 - this stretch of terrain does not determine position (75 samples over 15 m)
[wheel_slip_node.py-4] [WARN] [1788137731.352413549] [regolith_wheel_slip]: WHEEL SLIP #11 cleared - over the last 5.0 s the wheels claimed 0.16 rad of turning and the gyro corroborated 9% of it. Phantom distance kept out of the EKF so far: 6.70 m.
[wheel_slip_node.py-4] [WARN] [1788137731.439279248] [regolith_wheel_slip]: WHEEL SLIP #12: over the last 15.0 s the wheels claim 1.94 m and 3.16 rad of turning; the gyro saw 0.13 rad (4% of it) and the attitude spanned 21.13 deg. Feeding the EKF a zero-velocity update instead of the wheels' claim.
[wheel_slip_node.py-4] [WARN] [1788137737.497168153] [regolith_wheel_slip]: WHEEL SLIP #12 cleared - over the last 5.0 s the wheels claimed 0.00 rad of turning and the gyro corroborated nan% of it. Phantom distance kept out of the EKF so far: 7.10 m.
[wheel_slip_node.py-4] [WARN] [1788137737.581798806] [regolith_wheel_slip]: WHEEL SLIP #13: over the last 15.0 s the wheels claim 2.11 m and 2.55 rad of turning; the gyro saw 0.06 rad (2% of it) and the attitude spanned 21.34 deg. Feeding the EKF a zero-velocity update instead of the wheels' claim.
[wheel_slip_node.py-4] [WARN] [1788137746.429564384] [regolith_wheel_slip]: WHEEL SLIP #13 cleared - over the last 5.0 s the wheels claimed 0.00 rad of turning and the gyro corroborated nan% of it. Phantom distance kept out of the EKF so far: 7.50 m.
[wheel_slip_node.py-4] [WARN] [1788137746.515811734] [regolith_wheel_slip]: WHEEL SLIP #14: over the last 15.0 s the wheels claim 2.31 m and 1.94 rad of turning; the gyro saw 0.03 rad (2% of it) and the attitude spanned 21.34 deg. Feeding the EKF a zero-velocity update instead of the wheels' claim.
[wheel_slip_node.py-4] [WARN] [1788137755.449264403] [regolith_wheel_slip]: WHEEL SLIP #14 cleared - over the last 5.0 s the wheels claimed 0.15 rad of turning and the gyro corroborated 66% of it. Phantom distance kept out of the EKF so far: 7.79 m.
[wheel_slip_node.py-4] [WARN] [1788137755.536977114] [regolith_wheel_slip]: WHEEL SLIP #15: over the last 15.0 s the wheels claim 2.41 m and 1.49 rad of turning; the gyro saw 0.13 rad (9% of it) and the attitude spanned 21.34 deg. Feeding the EKF a zero-velocity update instead of the wheels' claim.
[wheel_slip_node.py-4] [WARN] [1788137761.692569715] [regolith_wheel_slip]: WHEEL SLIP #15 cleared - over the last 5.0 s the wheels claimed 0.76 rad of turning and the gyro corroborated 66% of it. Phantom distance kept out of the EKF so far: 7.79 m.
[terrain_relative_node.py-5] [INFO] [1788137765.601141704] [regolith_terrain_relative]: Terrain fix rejected: margin 1.93 < 2.00 - this stretch of terrain does not determine position (75 samples over 15 m)
[pure_pursuit_node-10] [INFO] [1788137778.394073284] [regolith_pure_pursuit]: Recovery finished - resuming path following
[flip_recovery_node.py-11] [WARN] [1788137778.456231387] [regolith_flip_recovery]: STUCK RECOVERY #4 (escalation level 3, triggered by wheel slip (onboard); 0 ground-truth / 4 onboard triggers so far). Escape maneuver: reversed 0.20 m/s for 10.0s, then turned right at 0.50 rad/s for 6.5s (sim time, exact - driven by the sim clock directly, not an RTF-estimated wall-clock sleep; RTF over this window measured 0.23x real time, logged for comparison only). A real rover's FDIR could do the same - this is not a simulated teleport.
[planner_node-9] [INFO] [1788137778.476179499] [regolith_planner]: Planned path: 31 waypoints, start=(116, 83) goal=(86, 60)
[flip_recovery_node.py-11] [WARN] [1788137783.419679229] [regolith_flip_recovery]: STUCK RECOVERY #4 result: ground truth moved 1.95 m during the maneuver - FREED (4/4 escapes have freed the rover so far)
[terrain_relative_node.py-5] [INFO] [1788137798.449692203] [regolith_terrain_relative]: Terrain fix rejected: margin 1.93 < 2.00 - this stretch of terrain does not determine position (75 samples over 15 m)
[terrain_relative_node.py-5] [INFO] [1788137831.042003068] [regolith_terrain_relative]: Terrain correction #17 at 51.3 m travelled: (+0.06, +0.50) m, margin 2.03, 75 samples, 366 poses published (rejected so far: 246 ambiguous, 0 inconsistent)
[pure_pursuit_node-10] [INFO] [1788137849.579209239] [regolith_pure_pursuit]: Recovery node has taken over /cmd_vel - pausing path following
[costmap_node-8] [WARN] [1788137849.587904029] [regolith_costmap]: Hazard #5 marked at (-34.82, -11.04): 13 cells lethal (1.2 m + 0.3 m rover radius). The rover got wedged here; the planner will route around it from now on.
[terrain_relative_node.py-5] [INFO] [1788137863.609219457] [regolith_terrain_relative]: Terrain fix rejected: margin 1.91 < 2.00 - this stretch of terrain does not determine position (74 samples over 15 m)
[terrain_relative_node.py-5] [INFO] [1788137896.242544665] [regolith_terrain_relative]: Terrain fix rejected: margin 1.89 < 2.00 - this stretch of terrain does not determine position (74 samples over 15 m)
[pure_pursuit_node-10] [INFO] [1788137923.542680929] [regolith_pure_pursuit]: Recovery finished - resuming path following
[flip_recovery_node.py-11] [WARN] [1788137923.604013084] [regolith_flip_recovery]: STUCK RECOVERY #5 (escalation level 4, triggered by ground truth; 1 ground-truth / 4 onboard triggers so far). Escape maneuver: reversed 0.20 m/s for 10.0s, then turned left at 0.50 rad/s for 8.0s (sim time, exact - driven by the sim clock directly, not an RTF-estimated wall-clock sleep; RTF over this window measured 0.23x real time, logged for comparison only). A real rover's FDIR could do the same - this is not a simulated teleport.
[planner_node-9] [INFO] [1788137923.625719065] [regolith_planner]: Planned path: 35 waypoints, start=(117, 84) goal=(86, 60)
[flip_recovery_node.py-11] [WARN] [1788137929.024133478] [regolith_flip_recovery]: STUCK RECOVERY #5 result: ground truth moved 2.00 m during the maneuver - FREED (5/5 escapes have freed the rover so far)
[terrain_relative_node.py-5] [INFO] [1788137929.061790424] [regolith_terrain_relative]: Terrain fix rejected: margin 1.89 < 2.00 - this stretch of terrain does not determine position (74 samples over 15 m)
[pure_pursuit_node-10] [INFO] [1788137957.039420418] [regolith_pure_pursuit]: Recovery node has taken over /cmd_vel - pausing path following
[costmap_node-8] [WARN] [1788137957.047608171] [regolith_costmap]: Hazard #6 marked at (-34.27, -8.89): 13 cells lethal (1.2 m + 0.3 m rover radius). The rover got wedged here; the planner will route around it from now on.
[terrain_relative_node.py-5] [INFO] [1788137962.410910740] [regolith_terrain_relative]: Terrain fix rejected: margin 1.89 < 2.00 - this stretch of terrain does not determine position (75 samples over 15 m)
[terrain_relative_node.py-5] [INFO] [1788137995.060647703] [regolith_terrain_relative]: Terrain fix rejected: margin 1.91 < 2.00 - this stretch of terrain does not determine position (75 samples over 15 m)
[terrain_relative_node.py-5] [INFO] [1788138027.617283027] [regolith_terrain_relative]: Terrain fix rejected: margin 1.92 < 2.00 - this stretch of terrain does not determine position (75 samples over 15 m)
[pure_pursuit_node-10] [INFO] [1788138028.466936237] [regolith_pure_pursuit]: Recovery finished - resuming path following
[flip_recovery_node.py-11] [WARN] [1788138028.527853395] [regolith_flip_recovery]: STUCK RECOVERY #6 (escalation level 5, triggered by ground truth; 2 ground-truth / 4 onboard triggers so far). Escape maneuver: reversed 0.20 m/s for 10.0s, then turned right at 0.50 rad/s for 8.0s (sim time, exact - driven by the sim clock directly, not an RTF-estimated wall-clock sleep; RTF over this window measured 0.23x real time, logged for comparison only). A real rover's FDIR could do the same - this is not a simulated teleport.
[planner_node-9] [INFO] [1788138028.546804023] [regolith_planner]: Planned path: 35 waypoints, start=(120, 84) goal=(86, 60)
[flip_recovery_node.py-11] [WARN] [1788138033.910774047] [regolith_flip_recovery]: STUCK RECOVERY #6 result: ground truth moved 2.06 m during the maneuver - FREED (6/6 escapes have freed the rover so far)
[terrain_relative_node.py-5] [INFO] [1788138058.065155402] [regolith_terrain_relative]: Terrain fix rejected: margin 1.95 < 2.00 - this stretch of terrain does not determine position (75 samples over 15 m)
[terrain_relative_node.py-5] [INFO] [1788138090.505531723] [regolith_terrain_relative]: Terrain fix rejected: margin 1.95 < 2.00 - this stretch of terrain does not determine position (74 samples over 15 m)
[terrain_relative_node.py-5] [INFO] [1788138123.047168229] [regolith_terrain_relative]: Terrain fix rejected: margin 1.94 < 2.00 - this stretch of terrain does not determine position (74 samples over 15 m)
[terrain_relative_node.py-5] [INFO] [1788138155.965932958] [regolith_terrain_relative]: Terrain fix rejected: margin 1.93 < 2.00 - this stretch of terrain does not determine position (74 samples over 15 m)
[terrain_relative_node.py-5] [INFO] [1788138169.337469563] [regolith_terrain_relative]: Terrain correction #18 at 61.1 m travelled: (+0.01, +0.50) m, margin 2.01, 74 samples, 449 poses published (rejected so far: 321 ambiguous, 0 inconsistent)
[terrain_relative_node.py-5] [INFO] [1788138192.889385376] [regolith_terrain_relative]: Terrain fix rejected: margin 1.89 < 2.00 - this stretch of terrain does not determine position (74 samples over 15 m)
[terrain_relative_node.py-5] [INFO] [1788138235.385002567] [regolith_terrain_relative]: Terrain fix rejected: margin 1.94 < 2.00 - this stretch of terrain does not determine position (74 samples over 15 m)
[terrain_relative_node.py-5] [INFO] [1788138301.956671897] [regolith_terrain_relative]: Terrain correction #22 at 66.3 m travelled: (-0.29, +0.40) m, margin 2.18, 74 samples, 482 poses published (rejected so far: 326 ambiguous, 0 inconsistent)
[terrain_relative_node.py-5] [INFO] [1788138461.114250013] [regolith_terrain_relative]: Terrain fix rejected: disagrees with the previous window by 2.71 m (> 1.50); offset now (+0.23, +0.31), was (-1.25, +2.58)
[terrain_relative_node.py-5] [INFO] [1788138465.575335136] [regolith_terrain_relative]: Terrain correction #27 at 71.8 m travelled: (+0.16, +0.25) m, margin 2.41, 74 samples, 522 poses published (rejected so far: 326 ambiguous, 1 inconsistent)
[terrain_relative_node.py-5] [INFO] [1788138583.525997939] [regolith_terrain_relative]: Terrain fix rejected: margin 1.79 < 2.00 - this stretch of terrain does not determine position (74 samples over 15 m)
[terrain_relative_node.py-5] [INFO] [1788138616.685225045] [regolith_terrain_relative]: Terrain fix rejected: margin 1.80 < 2.00 - this stretch of terrain does not determine position (74 samples over 15 m)
[terrain_relative_node.py-5] [INFO] [1788138649.548153718] [regolith_terrain_relative]: Terrain fix rejected: margin 1.87 < 2.00 - this stretch of terrain does not determine position (74 samples over 15 m)
[terrain_relative_node.py-5] [INFO] [1788138673.494019421] [regolith_terrain_relative]: Terrain correction #30 at 77.7 m travelled: (-0.18, +0.46) m, margin 2.04, 74 samples, 573 poses published (rejected so far: 348 ambiguous, 1 inconsistent)
[terrain_relative_node.py-5] [INFO] [1788138834.866743488] [regolith_terrain_relative]: Terrain correction #35 at 83.2 m travelled: (+0.01, +0.12) m, margin 2.79, 75 samples, 613 poses published (rejected so far: 348 ambiguous, 1 inconsistent)
[terrain_relative_node.py-5] [INFO] [1788138964.326041276] [regolith_terrain_relative]: Terrain correction #40 at 88.9 m travelled: (+0.50, +0.00) m, margin 5.27, 74 samples, 644 poses published (rejected so far: 348 ambiguous, 1 inconsistent)
[pure_pursuit_node-10] [INFO] [1788139063.684880888] [regolith_pure_pursuit]: Goal reached (within 0.33 m of the commanded goal)
