[INFO] [launch]: All log files can be found below /home/balazs/.ros/log/2026-09-02-16-56-04-741058-DESKTOP-IE5MOME-46926
[INFO] [launch]: Default logging verbosity is set to INFO
[hello_moon.launch] Using ROS_DOMAIN_ID=75 (isolated DDS domain for this launch - see PROGRESS.md)
[INFO] [ruby $(which gz) sim-1]: process started with pid [46970]
[INFO] [robot_state_publisher-2]: process started with pid [46972]
[INFO] [parameter_bridge-3]: process started with pid [46975]
[INFO] [wheel_slip_node.py-4]: process started with pid [46977]
[INFO] [sensor_covariance_relay.py-5]: process started with pid [46980]
[INFO] [ekf_node-6]: process started with pid [46982]
[INFO] [costmap_node-7]: process started with pid [46984]
[INFO] [planner_node-8]: process started with pid [46986]
[INFO] [pure_pursuit_node-9]: process started with pid [46988]
[INFO] [flip_recovery_node.py-10]: process started with pid [46990]
[INFO] [mission_markers_node.py-11]: process started with pid [46992]
[parameter_bridge-3] [INFO] [1788364564.267009318] [ros_gz_bridge]: Creating GZ->ROS Bridge: [/clock (gz.msgs.Clock) -> /clock (rosgraph_msgs/msg/Clock)] (Lazy 0)
[parameter_bridge-3] [INFO] [1788364564.268993069] [ros_gz_bridge]: Creating GZ->ROS Bridge: [/cmd_vel (gz.msgs.Twist) -> /cmd_vel (geometry_msgs/msg/Twist)] (Lazy 0)
[parameter_bridge-3] [INFO] [1788364564.272615075] [ros_gz_bridge]: Creating ROS->GZ Bridge: [/cmd_vel (geometry_msgs/msg/Twist) -> /cmd_vel (gz.msgs.Twist)] (Lazy 0)
[parameter_bridge-3] [INFO] [1788364564.274722329] [ros_gz_bridge]: Creating GZ->ROS Bridge: [/odometry (gz.msgs.Odometry) -> /odometry (nav_msgs/msg/Odometry)] (Lazy 0)
[parameter_bridge-3] [INFO] [1788364564.277670983] [ros_gz_bridge]: Creating ROS->GZ Bridge: [/odometry (nav_msgs/msg/Odometry) -> /odometry (gz.msgs.Odometry)] (Lazy 0)
[parameter_bridge-3] [INFO] [1788364564.279237632] [ros_gz_bridge]: Creating GZ->ROS Bridge: [/camera (gz.msgs.Image) -> /camera (sensor_msgs/msg/Image)] (Lazy 0)
[robot_state_publisher-2] [INFO] [1788364564.280207166] [robot_state_publisher]: got segment base_link
[robot_state_publisher-2] [INFO] [1788364564.280407281] [robot_state_publisher]: got segment camera_link
[robot_state_publisher-2] [INFO] [1788364564.280423819] [robot_state_publisher]: got segment chassis
[robot_state_publisher-2] [INFO] [1788364564.280431879] [robot_state_publisher]: got segment front_left_wheel
[robot_state_publisher-2] [INFO] [1788364564.280439660] [robot_state_publisher]: got segment front_right_wheel
[robot_state_publisher-2] [INFO] [1788364564.280447077] [robot_state_publisher]: got segment imu_link
[robot_state_publisher-2] [INFO] [1788364564.280454676] [robot_state_publisher]: got segment rear_left_wheel
[robot_state_publisher-2] [INFO] [1788364564.280462415] [robot_state_publisher]: got segment rear_right_wheel
[parameter_bridge-3] [INFO] [1788364564.281749201] [ros_gz_bridge]: Creating ROS->GZ Bridge: [/camera (sensor_msgs/msg/Image) -> /camera (gz.msgs.Image)] (Lazy 0)
[parameter_bridge-3] [INFO] [1788364564.282874558] [ros_gz_bridge]: Creating GZ->ROS Bridge: [/camera_info (gz.msgs.CameraInfo) -> /camera_info (sensor_msgs/msg/CameraInfo)] (Lazy 0)
[parameter_bridge-3] [INFO] [1788364564.284392472] [ros_gz_bridge]: Creating ROS->GZ Bridge: [/camera_info (sensor_msgs/msg/CameraInfo) -> /camera_info (gz.msgs.CameraInfo)] (Lazy 0)
[parameter_bridge-3] [INFO] [1788364564.285597625] [ros_gz_bridge]: Creating GZ->ROS Bridge: [/depth_camera (gz.msgs.Image) -> /depth_camera (sensor_msgs/msg/Image)] (Lazy 0)
[parameter_bridge-3] [INFO] [1788364564.287079533] [ros_gz_bridge]: Creating ROS->GZ Bridge: [/depth_camera (sensor_msgs/msg/Image) -> /depth_camera (gz.msgs.Image)] (Lazy 0)
[parameter_bridge-3] [INFO] [1788364564.288617736] [ros_gz_bridge]: Creating GZ->ROS Bridge: [/imu (gz.msgs.IMU) -> /imu (sensor_msgs/msg/Imu)] (Lazy 0)
[parameter_bridge-3] [INFO] [1788364564.290152006] [ros_gz_bridge]: Creating ROS->GZ Bridge: [/imu (sensor_msgs/msg/Imu) -> /imu (gz.msgs.IMU)] (Lazy 0)
[parameter_bridge-3] [INFO] [1788364564.291402914] [ros_gz_bridge]: Creating GZ->ROS Bridge: [/world/regolith_moon/model/rover/joint_state (gz.msgs.Model) -> /world/regolith_moon/model/rover/joint_state (sensor_msgs/msg/JointState)] (Lazy 0)
[parameter_bridge-3] [INFO] [1788364564.293752287] [ros_gz_bridge]: Creating ROS->GZ Bridge: [/world/regolith_moon/model/rover/joint_state (sensor_msgs/msg/JointState) -> /world/regolith_moon/model/rover/joint_state (gz.msgs.Model)] (Lazy 0)
[parameter_bridge-3] [INFO] [1788364564.295417188] [ros_gz_bridge]: Creating GZ->ROS Bridge: [/model/rover/pose (gz.msgs.Pose) -> /model/rover/pose (geometry_msgs/msg/PoseStamped)] (Lazy 0)
[wheel_slip_node.py-4] [INFO] [1788364564.799338295] [regolith_wheel_slip]: Wheel-slip ZUPT armed: /odom -> /odom/gated (onboard signals only - wheel odometry and IMU, never ground truth). legacy_rigid_body_signature=False
[flip_recovery_node.py-10] [INFO] [1788364564.800944343] [regolith_flip_recovery]: Flip/stuck recovery armed (simulated set_pose backstop for flips, straight-line cmd_vel override for stuck-but-upright). Detection uses GROUND TRUTH - a simulation oracle; see onboard_only for the hardware-runnable path.
[mission_markers_node.py-11] [INFO] [1788364564.865882209] [regolith_mission_markers]: Mission markers active - start at (0.0, 0.0), Gazebo flags on, RViz on /mission_markers
[costmap_node-7] [INFO] [1788364564.880517651] [regolith_costmap]: Published costmap: 256x256 cells at 0.781 m/cell
[planner_node-8] [WARN] [1788364568.680201604] [regolith_planner]: No costmap or current pose yet - ignoring goal
[planner_node-8] [INFO] [1788364578.732708103] [regolith_planner]: Planned path: 73 waypoints, start=(127, 128) goal=(86, 60)
[parameter_bridge-3] [INFO] [1788364579.122524879] [ros_gz_bridge]: Passing message from ROS geometry_msgs/msg/Twist to Gazebo gz.msgs.Twist (showing msg only once per type)
[pure_pursuit_node-9] [WARN] [1788364615.412161730] [regolith_pure_pursuit]: Stalled for 8s - stopping and replanning
[planner_node-8] [INFO] [1788364615.502815252] [regolith_planner]: Planned path: 73 waypoints, start=(127, 128) goal=(86, 60)
[wheel_slip_node.py-4] [WARN] [1788365409.134242060] [regolith_wheel_slip]: WHEEL SLIP #1: over the last 15.0 s the wheels claim 2.40 m and 2.55 rad of turning; the gyro saw 0.37 rad (14% of it) and the attitude spanned 12.58 deg. Feeding the EKF a zero-velocity update instead of the wheels' claim.
[pure_pursuit_node-9] [INFO] [1788365432.012507240] [regolith_pure_pursuit]: Recovery node has taken over /cmd_vel - pausing path following
[pure_pursuit_node-9] [INFO] [1788365432.026636629] [regolith_pure_pursuit]: Costmap changed (a new keep-out zone) - restoring the replan budget: the route being retried is not the one that already failed
[costmap_node-7] [WARN] [1788365432.029802182] [regolith_costmap]: Hazard #1 marked at (-28.39, -7.52): 13 cells lethal (1.2 m + 0.3 m rover radius). The rover got wedged here; the planner will route around it from now on.
[wheel_slip_node.py-4] [WARN] [1788365447.469245597] [regolith_wheel_slip]: WHEEL SLIP #1 cleared - over the last 5.0 s the wheels claimed 0.39 rad of turning and the gyro corroborated 26% of it. Phantom distance kept out of the EKF so far: 1.45 m.
[wheel_slip_node.py-4] [WARN] [1788365447.570610545] [regolith_wheel_slip]: WHEEL SLIP #2: over the last 15.0 s the wheels claim 2.44 m and 2.04 rad of turning; the gyro saw 0.17 rad (8% of it) and the attitude spanned 15.70 deg. Feeding the EKF a zero-velocity update instead of the wheels' claim.
[pure_pursuit_node-9] [INFO] [1788365453.506427954] [regolith_pure_pursuit]: Recovery finished - resuming path following
[flip_recovery_node.py-10] [WARN] [1788365453.571283585] [regolith_flip_recovery]: STUCK RECOVERY #1 (escalation level 0, triggered by wheel slip (onboard); 0 ground-truth / 0 onboard-estimate / 1 wheel-slip triggers so far). Escape maneuver: reversed 0.20 m/s for 3.0s, then turned left at 0.50 rad/s for 2.0s (sim time, exact - driven by the sim clock directly, not an RTF-estimated wall-clock sleep; RTF over this window measured 0.23x real time, logged for comparison only). A real rover's FDIR could do the same - this is not a simulated teleport.
[planner_node-8] [WARN] [1788365453.577288378] [regolith_planner]: Current-position cell (118, 92) is lethal (drift, or a keep-out zone this rover marked itself) - planning from the nearest free cell (117, 93) instead
[planner_node-8] [INFO] [1788365453.612367194] [regolith_planner]: Planned path: 38 waypoints, start=(117, 93) goal=(86, 60)
[wheel_slip_node.py-4] [WARN] [1788365456.460062773] [regolith_wheel_slip]: WHEEL SLIP #2 cleared - over the last 5.0 s the wheels claimed 0.73 rad of turning and the gyro corroborated 78% of it. Phantom distance kept out of the EKF so far: 1.48 m.
[flip_recovery_node.py-10] [WARN] [1788365458.700409736] [regolith_flip_recovery]: STUCK RECOVERY #1 result: ground truth moved 0.53 m during the maneuver - FREED (1/1 escapes have freed the rover so far)
[pure_pursuit_node-9] [INFO] [1788365489.804711320] [regolith_pure_pursuit]: Recovery node has taken over /cmd_vel - pausing path following
[costmap_node-7] [WARN] [1788365489.812484759] [regolith_costmap]: Hazard #2 marked at (-27.93, -8.41): 13 cells lethal (1.2 m + 0.3 m rover radius). The rover got wedged here; the planner will route around it from now on.
[pure_pursuit_node-9] [INFO] [1788365529.193458425] [regolith_pure_pursuit]: Recovery finished - resuming path following
[flip_recovery_node.py-10] [WARN] [1788365529.254723556] [regolith_flip_recovery]: STUCK RECOVERY #2 (escalation level 1, triggered by ground truth; 1 ground-truth / 0 onboard-estimate / 1 wheel-slip triggers so far). Escape maneuver: reversed 0.20 m/s for 6.0s, then turned right at 0.50 rad/s for 3.5s (sim time, exact - driven by the sim clock directly, not an RTF-estimated wall-clock sleep; RTF over this window measured 0.22x real time, logged for comparison only). A real rover's FDIR could do the same - this is not a simulated teleport.
[planner_node-8] [WARN] [1788365529.256032804] [regolith_planner]: Current-position cell (119, 92) is lethal (drift, or a keep-out zone this rover marked itself) - planning from the nearest free cell (119, 93) instead
[planner_node-8] [INFO] [1788365529.284957709] [regolith_planner]: Planned path: 38 waypoints, start=(119, 93) goal=(86, 60)
[flip_recovery_node.py-10] [WARN] [1788365534.347492455] [regolith_flip_recovery]: STUCK RECOVERY #2 result: ground truth moved 1.21 m during the maneuver - FREED (2/2 escapes have freed the rover so far)
[wheel_slip_node.py-4] [WARN] [1788365754.194443653] [regolith_wheel_slip]: WHEEL SLIP #3: over the last 15.0 s the wheels claim 1.66 m and 2.06 rad of turning; the gyro saw 0.30 rad (14% of it) and the attitude spanned 12.00 deg. Feeding the EKF a zero-velocity update instead of the wheels' claim.
[pure_pursuit_node-9] [INFO] [1788365778.453441302] [regolith_pure_pursuit]: Recovery node has taken over /cmd_vel - pausing path following
[costmap_node-7] [WARN] [1788365778.463917237] [regolith_costmap]: Hazard #3 marked at (-32.01, -8.23): 13 cells lethal (1.2 m + 0.3 m rover radius). The rover got wedged here; the planner will route around it from now on.
[wheel_slip_node.py-4] [WARN] [1788365798.167990050] [regolith_wheel_slip]: WHEEL SLIP #3 cleared - over the last 5.0 s the wheels claimed 0.17 rad of turning and the gyro corroborated 10% of it. Phantom distance kept out of the EKF so far: 3.05 m.
[wheel_slip_node.py-4] [WARN] [1788365798.282486536] [regolith_wheel_slip]: WHEEL SLIP #4: over the last 15.0 s the wheels claim 2.32 m and 3.16 rad of turning; the gyro saw 0.06 rad (2% of it) and the attitude spanned 2.20 deg. Feeding the EKF a zero-velocity update instead of the wheels' claim.
[wheel_slip_node.py-4] [WARN] [1788365808.195307144] [regolith_wheel_slip]: WHEEL SLIP #4 cleared - over the last 5.0 s the wheels claimed 0.00 rad of turning and the gyro corroborated nan% of it. Phantom distance kept out of the EKF so far: 3.45 m.
[wheel_slip_node.py-4] [WARN] [1788365808.299511607] [regolith_wheel_slip]: WHEEL SLIP #5: over the last 15.0 s the wheels claim 2.42 m and 2.55 rad of turning; the gyro saw 0.04 rad (2% of it) and the attitude spanned 2.20 deg. Feeding the EKF a zero-velocity update instead of the wheels' claim.
[wheel_slip_node.py-4] [WARN] [1788365817.892809721] [regolith_wheel_slip]: WHEEL SLIP #5 cleared - over the last 5.0 s the wheels claimed 0.00 rad of turning and the gyro corroborated nan% of it. Phantom distance kept out of the EKF so far: 3.85 m.
[wheel_slip_node.py-4] [WARN] [1788365817.982760161] [regolith_wheel_slip]: WHEEL SLIP #6: over the last 15.0 s the wheels claim 2.54 m and 1.95 rad of turning; the gyro saw 0.03 rad (2% of it) and the attitude spanned 1.84 deg. Feeding the EKF a zero-velocity update instead of the wheels' claim.
[wheel_slip_node.py-4] [WARN] [1788365824.607348049] [regolith_wheel_slip]: WHEEL SLIP #6 cleared - over the last 5.0 s the wheels claimed 0.14 rad of turning and the gyro corroborated 69% of it. Phantom distance kept out of the EKF so far: 4.15 m.
[wheel_slip_node.py-4] [WARN] [1788365824.713313723] [regolith_wheel_slip]: WHEEL SLIP #7: over the last 15.0 s the wheels claim 2.57 m and 1.49 rad of turning; the gyro saw 0.13 rad (8% of it) and the attitude spanned 7.32 deg. Feeding the EKF a zero-velocity update instead of the wheels' claim.
[wheel_slip_node.py-4] [WARN] [1788365834.423431160] [regolith_wheel_slip]: WHEEL SLIP #7 cleared - over the last 5.0 s the wheels claimed 0.75 rad of turning and the gyro corroborated 86% of it. Phantom distance kept out of the EKF so far: 4.15 m.
[pure_pursuit_node-9] [INFO] [1788365845.463099593] [regolith_pure_pursuit]: Recovery finished - resuming path following
[flip_recovery_node.py-10] [WARN] [1788365845.525342425] [regolith_flip_recovery]: STUCK RECOVERY #3 (escalation level 2, triggered by wheel slip (onboard); 1 ground-truth / 0 onboard-estimate / 2 wheel-slip triggers so far). Escape maneuver: reversed 0.20 m/s for 10.0s, then turned left at 0.50 rad/s for 5.0s (sim time, exact - driven by the sim clock directly, not an RTF-estimated wall-clock sleep; RTF over this window measured 0.21x real time, logged for comparison only). A real rover's FDIR could do the same - this is not a simulated teleport.
[planner_node-8] [WARN] [1788365845.527682435] [regolith_planner]: Current-position cell (117, 87) is lethal (drift, or a keep-out zone this rover marked itself) - planning from the nearest free cell (115, 86) instead
[planner_node-8] [INFO] [1788365845.554883583] [regolith_planner]: Planned path: 31 waypoints, start=(115, 86) goal=(86, 60)
[flip_recovery_node.py-10] [WARN] [1788365850.223731940] [regolith_flip_recovery]: STUCK RECOVERY #3 result: ground truth moved 1.95 m during the maneuver - FREED (3/3 escapes have freed the rover so far)
[pure_pursuit_node-9] [INFO] [1788365958.579021495] [regolith_pure_pursuit]: Recovery node has taken over /cmd_vel - pausing path following
[costmap_node-7] [WARN] [1788365958.587678538] [regolith_costmap]: Hazard #4 marked at (-33.02, -9.68): 13 cells lethal (1.2 m + 0.3 m rover radius). The rover got wedged here; the planner will route around it from now on.
[pure_pursuit_node-9] [INFO] [1788366031.644330922] [regolith_pure_pursuit]: Recovery finished - resuming path following
[flip_recovery_node.py-10] [WARN] [1788366031.705127071] [regolith_flip_recovery]: STUCK RECOVERY #4 (escalation level 3, triggered by ground truth; 2 ground-truth / 0 onboard-estimate / 2 wheel-slip triggers so far). Escape maneuver: reversed 0.20 m/s for 10.0s, then turned right at 0.50 rad/s for 6.5s (sim time, exact - driven by the sim clock directly, not an RTF-estimated wall-clock sleep; RTF over this window measured 0.21x real time, logged for comparison only). A real rover's FDIR could do the same - this is not a simulated teleport.
[planner_node-8] [WARN] [1788366031.706646546] [regolith_planner]: Current-position cell (118, 88) is lethal (drift, or a keep-out zone this rover marked itself) - planning from the nearest free cell (119, 88) instead
[planner_node-8] [INFO] [1788366031.728355598] [regolith_planner]: Planned path: 36 waypoints, start=(119, 88) goal=(86, 60)
[flip_recovery_node.py-10] [WARN] [1788366036.807195508] [regolith_flip_recovery]: STUCK RECOVERY #4 result: ground truth moved 1.94 m during the maneuver - FREED (4/4 escapes have freed the rover so far)
[wheel_slip_node.py-4] [WARN] [1788366313.086125370] [regolith_wheel_slip]: WHEEL SLIP #8: over the last 15.0 s the wheels claim 1.78 m and 3.75 rad of turning; the gyro saw 0.54 rad (14% of it) and the attitude spanned 16.28 deg. Feeding the EKF a zero-velocity update instead of the wheels' claim.
[pure_pursuit_node-9] [INFO] [1788366332.556580287] [regolith_pure_pursuit]: Recovery node has taken over /cmd_vel - pausing path following
[costmap_node-7] [WARN] [1788366332.563947853] [regolith_costmap]: Hazard #5 marked at (-37.21, -10.66): 13 cells lethal (1.2 m + 0.3 m rover radius). The rover got wedged here; the planner will route around it from now on.
[wheel_slip_node.py-4] [WARN] [1788366353.066757032] [regolith_wheel_slip]: WHEEL SLIP #8 cleared - over the last 5.0 s the wheels claimed 0.16 rad of turning and the gyro corroborated 8% of it. Phantom distance kept out of the EKF so far: 5.56 m.
[wheel_slip_node.py-4] [WARN] [1788366353.144020098] [regolith_wheel_slip]: WHEEL SLIP #9: over the last 15.0 s the wheels claim 2.08 m and 3.16 rad of turning; the gyro saw 0.16 rad (5% of it) and the attitude spanned 6.89 deg. Feeding the EKF a zero-velocity update instead of the wheels' claim.
[wheel_slip_node.py-4] [WARN] [1788366358.880935290] [regolith_wheel_slip]: WHEEL SLIP #9 cleared - over the last 5.0 s the wheels claimed 0.00 rad of turning and the gyro corroborated nan% of it. Phantom distance kept out of the EKF so far: 5.96 m.
[wheel_slip_node.py-4] [WARN] [1788366358.963217024] [regolith_wheel_slip]: WHEEL SLIP #10: over the last 15.0 s the wheels claim 2.21 m and 2.55 rad of turning; the gyro saw 0.16 rad (6% of it) and the attitude spanned 11.53 deg. Feeding the EKF a zero-velocity update instead of the wheels' claim.
[wheel_slip_node.py-4] [WARN] [1788366368.192567478] [regolith_wheel_slip]: WHEEL SLIP #10 cleared - over the last 5.0 s the wheels claimed 0.00 rad of turning and the gyro corroborated nan% of it. Phantom distance kept out of the EKF so far: 6.36 m.
[wheel_slip_node.py-4] [WARN] [1788366368.272353272] [regolith_wheel_slip]: WHEEL SLIP #11: over the last 15.0 s the wheels claim 2.36 m and 1.94 rad of turning; the gyro saw 0.08 rad (4% of it) and the attitude spanned 11.53 deg. Feeding the EKF a zero-velocity update instead of the wheels' claim.
[wheel_slip_node.py-4] [WARN] [1788366377.694815462] [regolith_wheel_slip]: WHEEL SLIP #11 cleared - over the last 5.0 s the wheels claimed 0.15 rad of turning and the gyro corroborated 82% of it. Phantom distance kept out of the EKF so far: 6.65 m.
[wheel_slip_node.py-4] [WARN] [1788366377.808304015] [regolith_wheel_slip]: WHEEL SLIP #12: over the last 15.0 s the wheels claim 2.43 m and 1.49 rad of turning; the gyro saw 0.18 rad (12% of it) and the attitude spanned 11.53 deg. Feeding the EKF a zero-velocity update instead of the wheels' claim.
[wheel_slip_node.py-4] [WARN] [1788366389.231538486] [regolith_wheel_slip]: WHEEL SLIP #12 cleared - over the last 5.0 s the wheels claimed 0.76 rad of turning and the gyro corroborated 97% of it. Phantom distance kept out of the EKF so far: 6.65 m.
[pure_pursuit_node-9] [INFO] [1788366415.438560348] [regolith_pure_pursuit]: Recovery finished - resuming path following
[flip_recovery_node.py-10] [WARN] [1788366415.499723211] [regolith_flip_recovery]: STUCK RECOVERY #5 (escalation level 4, triggered by wheel slip (onboard); 2 ground-truth / 0 onboard-estimate / 3 wheel-slip triggers so far). Escape maneuver: reversed 0.20 m/s for 10.0s, then turned left at 0.50 rad/s for 8.0s (sim time, exact - driven by the sim clock directly, not an RTF-estimated wall-clock sleep; RTF over this window measured 0.18x real time, logged for comparison only). A real rover's FDIR could do the same - this is not a simulated teleport.
[planner_node-8] [WARN] [1788366415.502751277] [regolith_planner]: Current-position cell (114, 81) is lethal (drift, or a keep-out zone this rover marked itself) - planning from the nearest free cell (113, 82) instead
[planner_node-8] [INFO] [1788366415.519576755] [regolith_planner]: Planned path: 28 waypoints, start=(113, 82) goal=(86, 60)
[flip_recovery_node.py-10] [WARN] [1788366419.272422226] [regolith_flip_recovery]: STUCK RECOVERY #5 result: ground truth moved 1.94 m during the maneuver - FREED (5/5 escapes have freed the rover so far)
[pure_pursuit_node-9] [INFO] [1788366484.608257762] [regolith_pure_pursuit]: Recovery node has taken over /cmd_vel - pausing path following
[costmap_node-7] [WARN] [1788366484.618203814] [regolith_costmap]: Hazard #6 marked at (-36.72, -11.92): 13 cells lethal (1.2 m + 0.3 m rover radius). The rover got wedged here; the planner will route around it from now on.
[pure_pursuit_node-9] [INFO] [1788366571.285845535] [regolith_pure_pursuit]: Recovery finished - resuming path following
[flip_recovery_node.py-10] [WARN] [1788366571.347142873] [regolith_flip_recovery]: STUCK RECOVERY #6 (escalation level 5, triggered by ground truth; 3 ground-truth / 0 onboard-estimate / 3 wheel-slip triggers so far). Escape maneuver: reversed 0.20 m/s for 10.0s, then turned right at 0.50 rad/s for 8.0s (sim time, exact - driven by the sim clock directly, not an RTF-estimated wall-clock sleep; RTF over this window measured 0.19x real time, logged for comparison only). A real rover's FDIR could do the same - this is not a simulated teleport.
[planner_node-8] [INFO] [1788366571.369246122] [regolith_planner]: Planned path: 33 waypoints, start=(116, 81) goal=(86, 60)
[flip_recovery_node.py-10] [WARN] [1788366577.417036108] [regolith_flip_recovery]: STUCK RECOVERY #6 result: ground truth moved 2.12 m during the maneuver - FREED (6/6 escapes have freed the rover so far)
[wheel_slip_node.py-4] [WARN] [1788366869.611631808] [regolith_wheel_slip]: WHEEL SLIP #13: over the last 15.0 s the wheels claim 1.67 m and 3.23 rad of turning; the gyro saw 0.46 rad (14% of it) and the attitude spanned 19.13 deg. Feeding the EKF a zero-velocity update instead of the wheels' claim.
[pure_pursuit_node-9] [INFO] [1788366882.271460192] [regolith_pure_pursuit]: Recovery node has taken over /cmd_vel - pausing path following
[costmap_node-7] [WARN] [1788366882.283856308] [regolith_costmap]: Hazard #7 marked at (-42.68, -13.13): 13 cells lethal (1.2 m + 0.3 m rover radius). The rover got wedged here; the planner will route around it from now on.
[wheel_slip_node.py-4] [WARN] [1788366906.220681195] [regolith_wheel_slip]: WHEEL SLIP #13 cleared - over the last 5.0 s the wheels claimed 0.17 rad of turning and the gyro corroborated 13% of it. Phantom distance kept out of the EKF so far: 7.78 m.
[wheel_slip_node.py-4] [WARN] [1788366906.320525787] [regolith_wheel_slip]: WHEEL SLIP #14: over the last 15.0 s the wheels claim 1.82 m and 3.15 rad of turning; the gyro saw 0.07 rad (2% of it) and the attitude spanned 14.24 deg. Feeding the EKF a zero-velocity update instead of the wheels' claim.
[wheel_slip_node.py-4] [WARN] [1788366914.130335393] [regolith_wheel_slip]: WHEEL SLIP #14 cleared - over the last 5.0 s the wheels claimed 0.00 rad of turning and the gyro corroborated nan% of it. Phantom distance kept out of the EKF so far: 8.18 m.
[wheel_slip_node.py-4] [WARN] [1788366914.230509715] [regolith_wheel_slip]: WHEEL SLIP #15: over the last 15.0 s the wheels claim 2.02 m and 2.55 rad of turning; the gyro saw 0.05 rad (2% of it) and the attitude spanned 14.24 deg. Feeding the EKF a zero-velocity update instead of the wheels' claim.
[wheel_slip_node.py-4] [WARN] [1788366924.326944117] [regolith_wheel_slip]: WHEEL SLIP #15 cleared - over the last 5.0 s the wheels claimed 0.00 rad of turning and the gyro corroborated nan% of it. Phantom distance kept out of the EKF so far: 8.58 m.
[wheel_slip_node.py-4] [WARN] [1788366924.431653576] [regolith_wheel_slip]: WHEEL SLIP #16: over the last 15.0 s the wheels claim 2.24 m and 1.95 rad of turning; the gyro saw 0.05 rad (2% of it) and the attitude spanned 14.24 deg. Feeding the EKF a zero-velocity update instead of the wheels' claim.
[wheel_slip_node.py-4] [WARN] [1788366935.464418175] [regolith_wheel_slip]: WHEEL SLIP #16 cleared - over the last 5.0 s the wheels claimed 0.14 rad of turning and the gyro corroborated 65% of it. Phantom distance kept out of the EKF so far: 8.88 m.
[wheel_slip_node.py-4] [WARN] [1788366935.580097114] [regolith_wheel_slip]: WHEEL SLIP #17: over the last 15.0 s the wheels claim 2.36 m and 1.49 rad of turning; the gyro saw 0.14 rad (9% of it) and the attitude spanned 14.24 deg. Feeding the EKF a zero-velocity update instead of the wheels' claim.
[wheel_slip_node.py-4] [WARN] [1788366943.826030443] [regolith_wheel_slip]: WHEEL SLIP #17 cleared - over the last 5.0 s the wheels claimed 0.75 rad of turning and the gyro corroborated 77% of it. Phantom distance kept out of the EKF so far: 8.88 m.
[pure_pursuit_node-9] [INFO] [1788366971.232983891] [regolith_pure_pursuit]: Recovery finished - resuming path following
[flip_recovery_node.py-10] [WARN] [1788366971.294287160] [regolith_flip_recovery]: STUCK RECOVERY #7 (escalation level 6, triggered by ground truth; 4 ground-truth / 0 onboard-estimate / 3 wheel-slip triggers so far). Escape maneuver: reversed 0.20 m/s for 10.0s, then turned left at 0.50 rad/s for 8.0s (sim time, exact - driven by the sim clock directly, not an RTF-estimated wall-clock sleep; RTF over this window measured 0.19x real time, logged for comparison only). A real rover's FDIR could do the same - this is not a simulated teleport.
[planner_node-8] [WARN] [1788366971.296561469] [regolith_planner]: Current-position cell (111, 74) is lethal (drift, or a keep-out zone this rover marked itself) - planning from the nearest free cell (110, 75) instead
[planner_node-8] [INFO] [1788366971.306527439] [regolith_planner]: Planned path: 25 waypoints, start=(110, 75) goal=(86, 60)
[flip_recovery_node.py-10] [WARN] [1788366975.324369559] [regolith_flip_recovery]: STUCK RECOVERY #7 result: ground truth moved 1.97 m during the maneuver - FREED (7/7 escapes have freed the rover so far)
[pure_pursuit_node-9] [INFO] [1788367044.213575433] [regolith_pure_pursuit]: Recovery node has taken over /cmd_vel - pausing path following
[costmap_node-7] [WARN] [1788367044.224537098] [regolith_costmap]: Hazard #8 marked at (-42.14, -14.45): 13 cells lethal (1.2 m + 0.3 m rover radius). The rover got wedged here; the planner will route around it from now on.
[wheel_slip_node.py-4] [WARN] [1788367073.249795292] [regolith_wheel_slip]: WHEEL SLIP #18: over the last 15.0 s the wheels claim 1.90 m and 1.04 rad of turning; the gyro saw 0.15 rad (14% of it) and the attitude spanned 5.34 deg. Feeding the EKF a zero-velocity update instead of the wheels' claim.
[wheel_slip_node.py-4] [WARN] [1788367082.965446905] [regolith_wheel_slip]: WHEEL SLIP #18 cleared - over the last 5.0 s the wheels claimed 0.00 rad of turning and the gyro corroborated nan% of it. Phantom distance kept out of the EKF so far: 9.28 m.
[wheel_slip_node.py-4] [WARN] [1788367083.057361868] [regolith_wheel_slip]: WHEEL SLIP #19: over the last 15.0 s the wheels claim 2.14 m and 1.03 rad of turning; the gyro saw 0.14 rad (14% of it) and the attitude spanned 5.34 deg. Feeding the EKF a zero-velocity update instead of the wheels' claim.
[wheel_slip_node.py-4] [WARN] [1788367091.779031570] [regolith_wheel_slip]: WHEEL SLIP #19 cleared - over the last 5.0 s the wheels claimed 0.14 rad of turning and the gyro corroborated 65% of it. Phantom distance kept out of the EKF so far: 9.58 m.
[pure_pursuit_node-9] [INFO] [1788367119.498841397] [regolith_pure_pursuit]: Recovery finished - resuming path following
[flip_recovery_node.py-10] [WARN] [1788367119.559604651] [regolith_flip_recovery]: STUCK RECOVERY #8 (escalation level 7, triggered by ground truth; 5 ground-truth / 0 onboard-estimate / 3 wheel-slip triggers so far). Escape maneuver: reversed 0.20 m/s for 10.0s, then turned right at 0.50 rad/s for 8.0s (sim time, exact - driven by the sim clock directly, not an RTF-estimated wall-clock sleep; RTF over this window measured 0.22x real time, logged for comparison only). A real rover's FDIR could do the same - this is not a simulated teleport.
[planner_node-8] [WARN] [1788367119.560987655] [regolith_planner]: Current-position cell (112, 74) is lethal (drift, or a keep-out zone this rover marked itself) - planning from the nearest free cell (112, 75) instead
[planner_node-8] [INFO] [1788367119.571155899] [regolith_planner]: Planned path: 27 waypoints, start=(112, 75) goal=(86, 60)
[flip_recovery_node.py-10] [WARN] [1788367124.718612653] [regolith_flip_recovery]: STUCK RECOVERY #8 result: ground truth moved 2.10 m during the maneuver - FREED (8/8 escapes have freed the rover so far)
[pure_pursuit_node-9] [WARN] [1788367152.238183279] [regolith_pure_pursuit]: Stalled for 8s - stopping and replanning
[planner_node-8] [WARN] [1788367152.242119960] [regolith_planner]: Current-position cell (112, 74) is lethal (drift, or a keep-out zone this rover marked itself) - planning from the nearest free cell (112, 75) instead
[planner_node-8] [INFO] [1788367152.252703356] [regolith_planner]: Planned path: 27 waypoints, start=(112, 75) goal=(86, 60)
[pure_pursuit_node-9] [INFO] [1788367158.949999626] [regolith_pure_pursuit]: Recovery node has taken over /cmd_vel - pausing path following
[costmap_node-7] [WARN] [1788367158.958575108] [regolith_costmap]: Hazard #9 marked at (-41.77, -13.17): 13 cells lethal (1.2 m + 0.3 m rover radius). The rover got wedged here; the planner will route around it from now on.
[pure_pursuit_node-9] [INFO] [1788367158.958959012] [regolith_pure_pursuit]: Costmap changed (a new keep-out zone) - restoring the replan budget: the route being retried is not the one that already failed
[pure_pursuit_node-9] [INFO] [1788367233.131287214] [regolith_pure_pursuit]: Recovery finished - resuming path following
[flip_recovery_node.py-10] [WARN] [1788367233.191729730] [regolith_flip_recovery]: STUCK RECOVERY #9 (escalation level 8, triggered by ground truth; 6 ground-truth / 0 onboard-estimate / 3 wheel-slip triggers so far). Escape maneuver: reversed 0.20 m/s for 10.0s, then turned left at 0.50 rad/s for 8.0s (sim time, exact - driven by the sim clock directly, not an RTF-estimated wall-clock sleep; RTF over this window measured 0.23x real time, logged for comparison only). A real rover's FDIR could do the same - this is not a simulated teleport.
[planner_node-8] [INFO] [1788367233.205762322] [regolith_planner]: Planned path: 30 waypoints, start=(114, 73) goal=(86, 60)
[flip_recovery_node.py-10] [WARN] [1788367238.454393778] [regolith_flip_recovery]: STUCK RECOVERY #9 result: ground truth moved 2.10 m during the maneuver - FREED (9/9 escapes have freed the rover so far)
[wheel_slip_node.py-4] [WARN] [1788367299.964230281] [regolith_wheel_slip]: WHEEL SLIP #20: over the last 15.0 s the wheels claim 1.13 m and 4.50 rad of turning; the gyro saw 0.65 rad (14% of it) and the attitude spanned 33.05 deg. Feeding the EKF a zero-velocity update instead of the wheels' claim.
[pure_pursuit_node-9] [INFO] [1788367316.661746666] [regolith_pure_pursuit]: Recovery node has taken over /cmd_vel - pausing path following
[costmap_node-7] [WARN] [1788367316.669464880] [regolith_costmap]: Hazard #10 marked at (-40.54, -11.10): 13 cells lethal (1.2 m + 0.3 m rover radius). The rover got wedged here; the planner will route around it from now on.
[wheel_slip_node.py-4] [WARN] [1788367336.208386977] [regolith_wheel_slip]: WHEEL SLIP #20 cleared - over the last 5.0 s the wheels claimed 0.17 rad of turning and the gyro corroborated 20% of it. Phantom distance kept out of the EKF so far: 10.74 m.
[wheel_slip_node.py-4] [WARN] [1788367336.297575730] [regolith_wheel_slip]: WHEEL SLIP #21: over the last 15.0 s the wheels claim 1.69 m and 3.16 rad of turning; the gyro saw 0.29 rad (9% of it) and the attitude spanned 7.19 deg. Feeding the EKF a zero-velocity update instead of the wheels' claim.
[wheel_slip_node.py-4] [WARN] [1788367345.575659173] [regolith_wheel_slip]: WHEEL SLIP #21 cleared - over the last 5.0 s the wheels claimed 0.00 rad of turning and the gyro corroborated nan% of it. Phantom distance kept out of the EKF so far: 11.14 m.
[wheel_slip_node.py-4] [WARN] [1788367345.675097352] [regolith_wheel_slip]: WHEEL SLIP #22: over the last 15.0 s the wheels claim 1.92 m and 2.55 rad of turning; the gyro saw 0.26 rad (10% of it) and the attitude spanned 5.82 deg. Feeding the EKF a zero-velocity update instead of the wheels' claim.
[wheel_slip_node.py-4] [WARN] [1788367355.416594760] [regolith_wheel_slip]: WHEEL SLIP #22 cleared - over the last 5.0 s the wheels claimed 0.00 rad of turning and the gyro corroborated nan% of it. Phantom distance kept out of the EKF so far: 11.54 m.
[wheel_slip_node.py-4] [WARN] [1788367355.503390194] [regolith_wheel_slip]: WHEEL SLIP #23: over the last 15.0 s the wheels claim 2.15 m and 1.95 rad of turning; the gyro saw 0.23 rad (12% of it) and the attitude spanned 5.82 deg. Feeding the EKF a zero-velocity update instead of the wheels' claim.
[wheel_slip_node.py-4] [WARN] [1788367362.328917830] [regolith_wheel_slip]: WHEEL SLIP #23 cleared - over the last 5.0 s the wheels claimed 0.14 rad of turning and the gyro corroborated 70% of it. Phantom distance kept out of the EKF so far: 11.83 m.
[pure_pursuit_node-9] [INFO] [1788367393.943849245] [regolith_pure_pursuit]: Recovery finished - resuming path following
[flip_recovery_node.py-10] [WARN] [1788367394.004249424] [regolith_flip_recovery]: STUCK RECOVERY #10 (escalation level 9, triggered by ground truth; 7 ground-truth / 0 onboard-estimate / 3 wheel-slip triggers so far). Escape maneuver: reversed 0.20 m/s for 10.0s, then turned right at 0.50 rad/s for 8.0s (sim time, exact - driven by the sim clock directly, not an RTF-estimated wall-clock sleep; RTF over this window measured 0.22x real time, logged for comparison only). A real rover's FDIR could do the same - this is not a simulated teleport.
[planner_node-8] [WARN] [1788367394.006182245] [regolith_planner]: Current-position cell (114, 75) is lethal (drift, or a keep-out zone this rover marked itself) - planning from the nearest free cell (114, 74) instead
[planner_node-8] [INFO] [1788367394.020625228] [regolith_planner]: Planned path: 41 waypoints, start=(114, 74) goal=(86, 60)
[flip_recovery_node.py-10] [WARN] [1788367399.971155808] [regolith_flip_recovery]: STUCK RECOVERY #10 result: ground truth moved 1.96 m during the maneuver - FREED (10/10 escapes have freed the rover so far)
[pure_pursuit_node-9] [WARN] [1788367431.315845234] [regolith_pure_pursuit]: Stalled for 8s - stopping and replanning
[planner_node-8] [WARN] [1788367431.317414916] [regolith_planner]: Current-position cell (114, 75) is lethal (drift, or a keep-out zone this rover marked itself) - planning from the nearest free cell (114, 74) instead
[planner_node-8] [INFO] [1788367431.337626735] [regolith_planner]: Planned path: 41 waypoints, start=(114, 74) goal=(86, 60)
[pure_pursuit_node-9] [INFO] [1788368394.167639949] [regolith_pure_pursuit]: Goal reached (within 0.34 m of the commanded goal)
